HG_10650 	KwBe	KwDe	KwSh
HG_13700 	CrAm	CuOl	KwBe	KwDe	KwPi	KwSh
HG_17123 	CuOl	KwBe	KwDe	KwPi	KwSh
HG_17090 	CrAm	KwBe	KwDe	KwPi
HG_15122 	CrAm	CuOl	KwBe	KwDe	KwPi	KwSh
HG_17059 	CrAm	KwBe	KwDe	KwPi	KwSh
HG_15058 	CrAm	CuOl	KwBe	KwDe	KwPi	KwSh
HG_20065 	KwBe	KwDe	KwPi	KwSh
HG_15194 	CrAm	KwBe	KwDe	KwPi
HG_15227 	CrAm	CuOl	KwBe	KwDe	KwPi	KwSh
HG_11876 	CrAm	KwBe	KwDe	KwPi	KwSh
HG_23989 	KwBe	KwDe	KwPi
HG_16940 	CuOl	KwBe	KwDe	KwPi	KwSh
HG_17177 	CrAm	KwBe	KwDe	KwPi	KwSh
HG_20047 	CrAm	KwBe	KwDe	KwPi
HG_15176 	CrAm	CuOl	KwBe	KwDe	KwPi	KwSh
HG_15209 	CrAm	CuOl	KwBe	KwDe	KwPi	KwSh
HG_20183 	CrAm	KwBe	KwDe	KwPi
HG_12738 	CrAm	KwBe	KwDe	KwPi	KwSh
HG_17105 	CrAm	KwBe	KwDe	KwPi	KwSh
HG_24080 	KwBe	KwDe	KwSh
HG_17000 	CrAm	KwBe	KwDe	KwPi	KwSh
HG_17072 	CrAm	KwBe	KwDe	KwPi	KwSh
HG_15104 	CrAm	CuOl	KwBe	KwDe	KwPi	KwSh
HG_15071 	CrAm	CuOl	KwBe	KwDe	KwPi	KwSh
HG_20111 	KwBe	KwDe	KwPi	KwSh
HG_15240 	CrAm	CuOl	KwBe	KwDe	KwPi	KwSh
HG_16994 	CrAm	KwBe	KwDe	KwPi	KwSh
HG_14993 	CrAm	KwBe	KwDe	KwPi	KwSh
HG_16922 	CuOl	KwBe	KwDe	KwPi
HG_17054 	CrAm	KwBe	KwDe	KwPi	KwSh
HG_15053 	CrAm	CuOl	KwBe	KwDe	KwPi	KwSh
HG_20060 	CrAm	KwBe	KwDe	KwPi
HG_15222 	CrAm	CuOl	KwBe	KwDe	KwPi	KwSh
HG_8163 	CrAm	CuOl	KwBe	KwDe	KwPi	KwSh
HG_17159 	CrAm	KwBe	KwDe	KwPi	KwSh
HG_15158 	CrAm	CuOl	KwBe	KwDe	KwPi	KwSh
HG_20165 	KwBe	KwDe	KwPi	KwSh
HG_12751 	KwBe	KwDe	KwPi	KwSh
HG_23984 	KwBe	KwDe	KwPi
HG_16976 	CrAm	KwBe	KwDe	KwPi	KwSh
HG_14975 	CrAm	CuOl	KwBe	KwDe	KwPi	KwSh
HG_24044 	KwBe	KwDe	KwPi
HG_13718 	CrAm	CuOl	KwBe	KwDe	KwPi	KwSh
HG_20147 	KwBe	KwDe	KwPi
HG_12733 	KwBe	KwDe	KwPi
HG_17100 	CrAm	KwBe	KwDe	KwPi	KwSh
HG_17036 	CrAm	KwBe	KwDe	KwPi	KwSh
HG_7169 	CuOl	KwDe	KwSh
HG_15035 	CrAm	CuOl	KwBe	KwDe	KwPi	KwSh
HG_17172 	CrAm	KwBe	KwDe	KwPi	KwSh
HG_20042 	KwBe	KwDe	KwPi	KwSh
HG_15171 	CrAm	KwBe	KwDe	KwPi	KwSh
HG_15204 	CrAm	CuOl	KwBe	KwDe	KwPi	KwSh
HG_20211 	CrAm	KwBe	KwPi	KwSh
HG_23966 	CuOl	KwDe	KwSh
HG_8946 	CrAm	KwBe	KwDe	KwPi
HG_16958 	CuOl	KwBe	KwDe	KwPi	KwSh
HG_14957 	CrAm	CuOl	KwBe	KwDe	KwPi	KwSh
HG_17154 	CrAm	KwBe	KwDe	KwPi	KwSh
HG_20024 	KwBe	KwDe	KwPi	KwSh
HG_15153 	CrAm	CuOl	KwBe	KwDe	KwPi	KwSh
HG_24162 	KwBe	KwPi	KwSh
HG_24098 	KwBe	KwDe	KwPi
HG_15089 	CrAm	KwBe	KwDe	KwPi	KwSh
HG_20160 	KwBe	KwDe	KwPi	KwSh
HG_20096 	KwBe	KwDe	KwPi	KwSh
HG_20129 	KwBe	KwDe	KwPi
HG_12715 	CrAm	KwBe	KwDe	KwPi	KwSh
HG_17018 	CrAm	KwBe	KwDe	KwPi	KwSh
HG_15017 	CrAm	CuOl	KwBe	KwDe	KwPi	KwSh
HG_13731 	KwBe	KwDe	KwPi	KwSh
HG_23948 	KwBe	KwDe	KwPi
HG_14939 	CrAm	CuOl	KwBe	KwDe	KwPi	KwSh
HG_16971 	CrAm	KwBe	KwDe	KwPi	KwSh
HG_14970 	CrAm	CuOl	KwBe	KwDe	KwPi	KwSh
HG_24008 	KwBe	KwDe	KwPi
HG_17031 	CrAm	KwBe	KwDe	KwPi	KwSh
HG_15030 	CrAm	CuOl	KwBe	KwDe	KwPi	KwSh
HG_17136 	CrAm	KwBe	KwDe	KwPi	KwSh
HG_15135 	CrAm	CuOl	KwBe	KwDe	KwPi	KwSh
HG_20142 	KwBe	KwDe	KwPi	KwSh
HG_20078 	KwBe	KwDe	KwPi
HG_8956 	CrAm	CuOl	KwBe	KwDe	KwPi	KwSh
HG_23961 	KwBe	KwDe	KwPi
HG_16953 	CuOl	KwBe	KwDe	KwPi	KwSh
HG_14952 	CrAm	CuOl	KwBe	KwDe	KwPi	KwSh
HG_24126 	KwBe	KwDe	KwPi
HG_15189 	CrAm	CuOl	KwBe	KwDe	KwPi	KwSh
HG_20196 	KwBe	KwDe	KwPi	KwSh
HG_17013 	CrAm	KwBe	KwDe	KwPi	KwSh
HG_24021 	KwBe	KwDe	KwPi
HG_17118 	CrAm	KwBe	KwDe	KwPi	KwSh
HG_17085 	CrAm	KwBe	KwDe	KwPi	KwSh
HG_24093 	KwBe	KwDe	KwPi
HG_15117 	CrAm	CuOl	KwBe	KwDe	KwPi	KwSh
HG_14542 	CrAm	KwBe	KwDe	KwPi	KwSh
HG_20124 	CrAm	CuOl	KwDe	KwSh
HG_10645 	CrAm	KwBe	KwDe	KwPi
HG_15084 	CrAm	CuOl	KwBe	KwDe	KwPi	KwSh
HG_20091 	KwBe	KwDe	KwPi	KwSh
HG_16935 	CrAm	KwBe	KwDe	KwPi	KwSh
HG_15130 	CrAm	CuOl	KwBe	KwDe	KwPi	KwSh
HG_17067 	CrAm	KwBe	KwDe	KwPi	KwSh
HG_24075 	KwBe	KwDe	KwPi
HG_15066 	CrAm	CuOl	KwBe	KwDe	KwPi	KwSh
HG_20073 	CrAm	KwBe	KwDe	KwPi
HG_13749 	CrAm	CuOl	KwBe	KwDe	KwPi	KwSh
HG_20106 	CrAm	KwBe	KwDe	KwPi
HG_15235 	CrAm	CuOl	KwBe	KwDe	KwPi	KwSh
HG_20178 	KwBe	KwDe	KwPi	KwSh
HG_24003 	KwBe	KwDe	KwPi
HG_11233 	CrAm	KwBe	KwDe	KwPi	KwSh
HG_16989 	CrAm	KwBe	KwDe	KwPi	KwSh
HG_23997 	KwBe	KwDe	KwPi
HG_14988 	CrAm	CuOl	KwBe	KwDe	KwPi	KwSh
HG_12746 	CrAm	KwBe	KwDe	KwPi	KwSh
HG_24121 	KwBe	KwDe	KwPi
HG_17049 	CrAm	KwBe	KwDe	KwPi	KwSh
HG_24057 	KwBe	KwDe	KwPi
HG_17185 	CrAm	CuOl	KwBe	KwPi	KwSh
HG_17080 	CrAm	KwBe	KwDe	KwPi	KwSh
HG_17113 	CuOl	KwBe	KwDe	KwPi	KwSh
HG_15112 	CrAm	CuOl	KwBe	KwDe	KwPi	KwSh
HG_15048 	CrAm	CuOl	KwBe	KwDe	KwPi	KwSh
HG_20055 	CrAm	KwBe	KwDe	KwPi
HG_15184 	CrAm	CuOl	KwBe	KwDe	KwPi	KwSh
HG_15217 	KwBe	KwDe	KwPi	KwSh
HG_20191 	CrAm	KwBe	KwDe	KwPi
HG_23979 	KwBe	KwDe	KwPi
HG_20037 	CuOl	KwBe	KwDe	KwPi
HG_15166 	CrAm	CuOl	KwBe	KwDe	KwPi	KwSh
HG_20173 	KwBe	KwDe	KwPi	KwSh
HG_20206 	CrAm	CuOl	KwBe
HG_16930 	CrAm	KwBe	KwDe	KwPi	KwSh
HG_17062 	CrAm	KwBe	KwDe	KwPi	KwSh
HG_24103 	KwBe	KwDe	KwPi
HG_24039 	KwBe	KwDe	KwPi
HG_20101 	KwBe	KwDe	KwPi	KwSh
HG_13744 	CrAm	CuOl	KwBe	KwDe	KwPi	KwSh
HG_17167 	CuOl	KwBe	KwDe	KwPi	KwSh
HG_15061 	CrAm	CuOl	KwBe	KwDe	KwPi	KwSh
HG_15230 	CrAm	CuOl	KwBe	KwDe	KwPi	KwSh
HG_16984 	CrAm	KwBe	KwDe	KwPi	KwSh
HG_23992 	KwBe	KwDe	KwPi
HG_14983 	CrAm	CuOl	KwBe	KwDe	KwPi	KwSh
HG_17149 	CrAm	KwBe	KwDe	KwPi	KwSh
HG_17044 	CrAm	KwBe	KwDe	KwPi	KwSh
HG_24052 	KwBe	KwDe	KwPi
HG_15043 	CrAm	CuOl	KwBe	KwDe	KwPi	KwSh
HG_17180 	CrAm	KwBe	KwDe	KwPi	KwSh
HG_20050 	KwBe	KwDe	KwPi	KwSh
HG_13726 	KwBe	KwDe	KwPi
HG_15212 	CrAm	CuOl	KwBe	KwDe	KwPi	KwSh
HG_20019 	CrAm	KwBe	KwDe	KwPi
HG_15148 	CrAm	CuOl	KwBe	KwDe	KwPi	KwSh
HG_20155 	KwBe	KwDe	KwPi
HG_11861 	CrAm	CuOl	KwBe	KwDe	KwPi	KwSh
HG_12741 	CrAm	KwDe	KwPi	KwSh
HG_9499 	KwBe	KwDe	KwSh
HG_16966 	CrAm	KwBe	KwDe	KwPi	KwSh
HG_14965 	CrAm	CuOl	KwBe	KwDe	KwPi	KwSh
HG_17026 	CrAm	KwBe	KwDe	KwPi	KwSh
HG_17162 	CrAm	KwBe	KwDe	KwPi	KwSh
HG_13708 	CrAm	KwBe	KwDe	KwPi	KwSh
HG_17098 	CrAm	KwBe	KwDe	KwPi	KwSh
HG_20137 	KwBe	KwDe	KwPi	KwSh
HG_15025 	CrAm	CuOl	KwBe	KwDe	KwPi	KwSh
HG_20032 	CrAm	KwBe	KwDe	KwSh
HG_15161 	CrAm	CuOl	KwBe	KwDe	KwPi	KwSh
HG_15097 	CrAm	CuOl	KwBe	KwDe	KwPi	KwSh
HG_20201 	KwBe	KwDe	KwPi	KwSh
HG_16948 	CrAm	KwBe	KwDe	KwPi	KwSh
HG_23956 	KwBe	KwDe	KwPi
HG_24016 	KwBe	KwDe	KwPi
HG_14947 	CrAm	CuOl	KwBe	KwDe	KwPi	KwSh
HG_20014 	KwBe	KwDe	KwPi	KwSh
HG_16369 	CrAm	KwBe	KwDe	KwPi	KwSh
HG_15143 	CrAm	CuOl	KwBe	KwDe	KwPi	KwSh
HG_15079 	CrAm	KwBe	KwDe	KwPi	KwSh
HG_20150 	KwBe	KwDe	KwPi	KwSh
HG_20086 	KwBe	KwDe	KwPi	KwSh
HG_20119 	KwBe	KwDe	KwPi	KwSh
HG_15248 	CrAm	CuOl	KwBe	KwDe	KwPi	KwSh
HG_17008 	KwBe	KwDe	KwPi	KwSh
HG_15007 	CrAm	CuOl	KwBe	KwDe	KwPi	KwSh
HG_13721 	CrAm	CuOl	KwBe	KwDe	KwPi	KwSh
HG_17144 	CrAm	KwBe	KwDe	KwPi	KwSh
HG_10020 	CrAm	CuOl	KwBe	KwDe	KwPi	KwSh
HG_16961 	CrAm	KwBe	KwDe	KwPi	KwSh
HG_14929 	CrAm	CuOl	KwBe	KwDe	KwPi	KwSh
HG_14960 	CrAm	CuOl	KwBe	KwDe	KwPi	KwSh
HG_17126 	CrAm	KwBe	KwDe	KwPi	KwSh
HG_17021 	CrAm	KwBe	KwDe	KwPi	KwSh
HG_15020 	CrAm	KwBe	KwDe	KwPi	KwSh
HG_17093 	CrAm	KwBe	KwDe	KwPi	KwSh
HG_15125 	CrAm	CuOl	KwBe	KwDe	KwPi	KwSh
HG_15092 	CrAm	CuOl	KwBe	KwDe	KwPi	KwSh
HG_15197 	CrAm	CuOl	KwBe	KwDe	KwPi	KwSh
HG_16943 	CrAm	KwBe	KwDe	KwPi	KwSh
HG_24011 	KwBe	KwDe	KwPi
HG_14942 	CrAm	CuOl	KwBe	KwDe	KwPi	KwSh
HG_17108 	CrAm	KwBe	KwDe	KwPi	KwSh
HG_24116 	KwBe	KwDe	KwPi
HG_24083 	KwBe	KwDe	KwPi
HG_13757 	CrAm	KwBe	KwDe	KwPi	KwSh
HG_15179 	CrAm	CuOl	KwBe	KwDe	KwPi	KwSh
HG_20186 	CrAm	KwBe	KwDe
HG_17003 	CrAm	KwBe	KwDe	KwPi	KwSh
HG_17075 	CrAm	KwBe	KwDe	KwPi	KwSh
HG_15107 	CrAm	CuOl	KwBe	KwDe	KwPi	KwSh
HG_20114 	KwBe	KwDe	KwPi	KwSh
HG_15243 	CrAm	CuOl	KwBe	KwDe	KwPi	KwSh
HG_15002 	CrAm	CuOl	KwBe	KwDe	KwPi	KwSh
HG_15074 	CrAm	CuOl	KwBe	KwDe	KwPi	KwSh
HG_20081 	KwBe	KwDe	KwPi	KwSh
HG_16997 	CrAm	KwBe	KwDe	KwPi	KwSh
HG_9349 	CrAm	CuOl	KwBe	KwDe	KwPi	KwSh
HG_16925 	CrAm	KwBe	KwDe	KwPi	KwSh
HG_14996 	CrAm	CuOl	KwBe	KwDe	KwPi	KwSh
HG_13739 	CrAm	KwBe	KwDe	KwPi	KwSh
HG_15120 	CrAm	CuOl	KwBe	KwDe	KwPi	KwSh
HG_17057 	CrAm	KwBe	KwDe	KwPi	KwSh
HG_14514 	CrAm	CuOl	KwBe	KwDe	KwPi	KwSh
HG_15225 	CrAm	CuOl	KwBe	KwDe	KwPi	KwSh
HG_15192 	CrAm	CuOl	KwBe	KwDe	KwPi	KwSh
HG_11874 	CrAm	CuOl	KwBe	KwDe	KwPi	KwSh
HG_20168 	KwBe	KwDe	KwPi	KwSh
HG_12754 	CrAm	CuOl	KwBe	KwDe	KwPi	KwSh
HG_17121 	KwBe	KwDe	KwPi
HG_23987 	KwBe	KwDe	KwPi
HG_16979 	CrAm	KwBe	KwDe	KwPi	KwSh
HG_24047 	KwBe	KwDe	KwPi
HG_14978 	CrAm	CuOl	KwBe	KwDe	KwPi	KwSh
HG_17103 	CrAm	KwBe	KwDe	KwPi	KwSh
HG_24111 	CrAm	KwBe	KwDe
HG_8151 	CrAm	CuOl	KwBe	KwDe	KwPi	KwSh
HG_17039 	CrAm	KwBe	KwDe	KwPi	KwSh
HG_13752 	KwBe	KwDe	KwPi	KwSh
HG_17175 	CrAm	KwBe	KwDe	KwPi	KwSh
HG_15207 	CuOl	KwBe	KwDe	KwPi
HG_20214 	KwBe	KwPi	KwSh
HG_17070 	CrAm	KwBe	KwDe	KwPi	KwSh
HG_15102 	CrAm	KwBe	KwDe	KwPi	KwSh
HG_15038 	CrAm	CuOl	KwBe	KwDe	KwPi	KwSh
HG_20045 	KwBe	KwDe	KwPi
HG_15174 	CrAm	CuOl	KwBe	KwDe	KwPi	KwSh
HG_20181 	KwBe	KwDe	KwPi	KwSh
HG_16992 	CrAm	KwBe	KwDe	KwPi	KwSh
HG_24029 	KwBe	KwDe	KwPi
HG_15156 	CrAm	CuOl	KwBe	KwDe	KwPi	KwSh
HG_20163 	CuOl	KwBe	KwDe	KwPi
HG_20099 	KwBe	KwDe	KwPi	KwSh
HG_17052 	CrAm	KwBe	KwDe	KwPi	KwSh
HG_24060 	KwDe	KwPi	KwSh
HG_14991 	CrAm	CuOl	KwBe	KwDe	KwPi	KwSh
HG_15220 	CrAm	CuOl	KwBe	KwDe	KwPi	KwSh
HG_17157 	CrAm	KwBe	KwDe	KwPi	KwSh
HG_20027 	KwBe	KwDe	KwPi	KwSh
HG_15051 	CrAm	CuOl	KwBe	KwDe	KwPi	KwSh
HG_23982 	KwBe	KwDe	KwPi
HG_16974 	CrAm	KwBe	KwDe	KwPi	KwSh
HG_24147 	KwBe	KwPi	KwSh
HG_24042 	KwBe	KwDe	KwPi
HG_14973 	CrAm	CuOl	KwBe	KwDe	KwPi	KwSh
HG_17139 	CrAm	KwBe	KwDe	KwPi	KwSh
HG_17034 	CrAm	KwBe	KwDe	KwPi	KwSh
HG_15033 	CrAm	CuOl	KwBe	KwDe	KwPi	KwSh
HG_17170 	KwBe	KwDe	KwPi	KwSh
HG_20040 	KwBe	KwDe	KwPi	KwSh
HG_15202 	CrAm	CuOl	KwBe	KwDe	KwPi	KwSh
HG_15138 	CrAm	CuOl	KwBe	KwDe	KwPi	KwSh
HG_20145 	KwBe	KwDe	KwPi	KwSh
HG_12731 	KwBe	KwDe	KwPi
HG_23964 	KwBe	KwDe	KwSh
HG_16956 	CrAm	KwBe	KwDe	KwPi	KwSh
HG_24129 	KwBe	KwDe	KwPi
HG_20199 	KwBe	KwDe	KwPi	KwSh
HG_17016 	CrAm	CuOl	KwBe	KwDe	KwPi
HG_24024 	KwBe	KwDe	KwPi
HG_14955 	CrAm	CuOl	KwBe	KwDe	KwPi	KwSh
HG_17152 	CrAm	KwBe	KwDe	KwPi	KwSh
HG_17088 	CrAm	KwBe	KwDe	KwPi	KwSh
HG_15087 	CrAm	CuOl	KwBe	KwDe	KwPi	KwSh
HG_20127 	KwBe	KwDe	KwPi	KwSh
HG_20094 	CrAm	KwBe	KwDe	KwPi
HG_15015 	CrAm	CuOl	KwBe	KwDe	KwPi	KwSh
HG_20022 	CuOl	KwBe	KwDe	KwPi
HG_15151 	CrAm	CuOl	KwBe	KwDe	KwPi	KwSh
HG_23946 	CuOl	KwDe	KwSh
HG_16938 	KwBe	KwDe	KwPi
HG_24078 	KwBe	KwDe	KwPi
HG_24006 	KwBe	KwDe	KwPi
HG_14937 	CrAm	CuOl	KwBe	KwDe	KwPi	KwSh
HG_15069 	CrAm	CuOl	KwBe	KwDe	KwPi	KwSh
HG_20140 	KwBe	KwDe	KwPi	KwSh
HG_20076 	KwBe	KwDe	KwPi	KwSh
HG_20109 	KwBe	KwDe	KwPi	KwSh
HG_15238 	CrAm	KwBe	KwDe	KwSh
HG_13711 	CrAm	CuOl	KwBe	KwDe	KwPi	KwSh
HG_17134 	CrAm	KwBe	KwDe	KwPi	KwSh
HG_15133 	CrAm	CuOl	KwBe	KwDe	KwPi	KwSh
HG_24124 	KwBe	KwDe	KwPi
HG_16951 	CuOl	KwBe	KwDe	KwPi	KwSh
HG_14950 	CrAm	CuOl	KwBe	KwDe	KwPi	KwSh
HG_12749 	CrAm	KwBe	KwDe	KwPi	KwSh
HG_16372 	CuOl	KwBe	KwDe	KwPi	KwSh
HG_17116 	KwBe	KwDe	KwPi
HG_24091 	KwBe	KwDe	KwPi
HG_20058 	CrAm	KwBe	KwDe	KwPi
HG_11869 	CrAm	KwBe	KwDe	KwSh
HG_15010 	CrAm	CuOl	KwBe	KwDe	KwPi	KwSh
HG_17083 	CrAm	KwBe	KwDe	KwPi	KwSh
HG_15115 	CrAm	CuOl	KwBe	KwDe	KwPi	KwSh
HG_15082 	CrAm	CuOl	KwBe	KwDe	KwPi	KwSh
HG_20122 	KwBe	KwDe	KwPi	KwSh
HG_15187 	CrAm	CuOl	KwBe	KwDe	KwPi	KwSh
HG_20194 	KwBe	KwDe	KwPi	KwSh
HG_17011 	CuOl	KwBe	KwDe	KwPi	KwSh
HG_16933 	CrAm	KwBe	KwDe	KwPi	KwSh
HG_24106 	KwBe	KwDe	KwSh
HG_20176 	CrAm	KwBe	KwDe	KwPi
HG_24001 	KwBe	KwDe	KwPi
HG_14932 	CrAm	CuOl	KwBe	KwDe	KwPi	KwSh
HG_17065 	CrAm	KwBe	KwDe	KwPi	KwSh
HG_24073 	KwBe	KwDe	KwPi
HG_15064 	CrAm	CuOl	KwBe	KwDe	KwPi	KwSh
HG_14522 	CrAm	CuOl	KwBe	KwDe	KwPi	KwSh
HG_20104 	CrAm	KwBe	KwDe	KwPi
HG_15233 	CrAm	CuOl	KwBe	KwDe	KwPi	KwSh
HG_15169 	CrAm	CuOl	KwBe	KwDe	KwPi	KwSh
HG_11231 	KwBe	KwDe	KwPi	KwSh
HG_10215 	KwBe	KwDe	KwPi
HG_23995 	KwBe	KwDe	KwPi
HG_16987 	KwBe	KwDe	KwPi
HG_24055 	KwBe	KwDe	KwPi
HG_14986 	CrAm	CuOl	KwBe	KwDe	KwPi	KwSh
HG_9219 	CuOl	KwBe	KwDe	KwPi	KwSh
HG_17047 	CrAm	KwBe	KwDe	KwPi	KwSh
HG_15046 	CrAm	CuOl	KwBe	KwDe	KwPi	KwSh
HG_17183 	CrAm	KwBe	KwDe	KwPi	KwSh
HG_20053 	KwBe	KwDe	KwPi	KwSh
HG_15182 	CrAm	CuOl	KwBe	KwDe	KwPi	KwSh
HG_15215 	CrAm	CuOl	KwBe	KwDe	KwPi	KwSh
HG_20158 	KwBe	KwDe	KwPi	KwSh
HG_13319 	KwBe	KwDe	KwPi	KwSh
HG_17111 	CrAm	KwBe	KwDe	KwPi	KwSh
HG_15110 	CrAm	CuOl	KwBe	KwDe	KwPi	KwSh
HG_23977 	KwBe	KwDe	KwPi
HG_16969 	CrAm	KwBe	KwDe	KwPi	KwSh
HG_24101 	KwBe	KwDe	KwPi
HG_17029 	CrAm	KwBe	KwDe	KwPi	KwSh
HG_14968 	CrAm	CuOl	KwBe	KwDe	KwPi	KwSh
HG_15028 	CrAm	CuOl	KwBe	KwDe	KwPi	KwSh
HG_17165 	CrAm	CuOl	KwBe	KwDe	KwPi
HG_20035 	KwBe	KwDe	KwPi	KwSh
HG_20204 	KwBe	KwDe	KwPi	KwSh
HG_13742 	CrAm	CuOl	KwBe	KwDe	KwPi	KwSh
HG_24037 	KwBe	KwDe	KwSh
HG_17060 	CrAm	KwBe	KwDe	KwPi	KwSh
HG_15164 	KwBe	KwDe	KwPi	KwSh
HG_20171 	KwBe	KwDe	KwPi
HG_23959 	KwBe	KwDe	KwPi
HG_23990 	KwBe	KwDe	KwPi
HG_16982 	CrAm	KwBe	KwDe	KwPi	KwSh
HG_24019 	KwBe	KwDe	KwPi
HG_20153 	KwBe	KwDe	KwPi	KwSh
HG_20089 	KwBe	KwDe	KwPi	KwSh
HG_17042 	CrAm	KwBe	KwDe	KwPi	KwSh
HG_24050 	KwBe	KwDe	KwPi
HG_14981 	CrAm	CuOl	KwBe	KwDe	KwPi	KwSh
HG_15041 	CrAm	CuOl	KwBe	KwDe	KwPi	KwSh
HG_13724 	KwBe	KwDe	KwPi	KwSh
HG_15210 	CrAm	CuOl	KwBe	KwDe	KwPi	KwSh
HG_17147 	CrAm	KwBe	KwDe	KwPi	KwSh
HG_20017 	KwBe	KwDe	KwPi
HG_15146 	CrAm	CuOl	KwBe	KwDe	KwPi	KwSh
HG_23972 	KwBe	KwDe	KwPi
HG_16964 	CrAm	KwBe	KwDe	KwPi	KwSh
HG_24032 	KwDe	KwPi	KwSh
HG_14963 	CrAm	CuOl	KwBe	KwDe	KwPi	KwSh
HG_13706 	CrAm	CuOl	KwBe	KwDe	KwPi	KwSh
HG_17096 	CrAm	KwBe	KwDe	KwPi	KwSh
HG_17129 	CuOl	KwBe	KwDe	KwPi	KwSh
HG_20135 	KwBe	KwDe	KwPi	KwSh
HG_15023 	CrAm	CuOl	KwBe	KwDe	KwPi	KwSh
HG_17160 	CrAm	KwBe	KwDe	KwPi	KwSh
HG_20030 	CrAm	KwBe	KwDe	KwPi
HG_15095 	CrAm	CuOl	KwBe	KwDe	KwPi	KwSh
HG_15128 	CrAm	CuOl	KwBe	KwDe	KwPi	KwSh
HG_12721 	CrAm	CuOl	KwBe	KwDe	KwPi	KwSh
HG_10656 	KwBe	KwDe	KwPi
HG_17024 	CuOl	KwBe	KwDe	KwPi	KwSh
HG_23954 	KwBe	KwDe	KwPi
HG_16946 	CrAm	KwBe	KwDe	KwPi	KwSh
HG_24119 	KwBe	KwDe	KwPi
HG_20189 	KwBe	KwDe	KwPi	KwSh
HG_17006 	CrAm	KwBe	KwDe	KwPi	KwSh
HG_24014 	KwBe	KwDe	KwPi
HG_14945 	CrAm	CuOl	KwBe	KwDe	KwPi	KwSh
HG_15005 	CrAm	CuOl	KwBe	KwDe	KwPi	KwSh
HG_17142 	KwBe	KwDe	KwPi	KwSh
HG_20012 	KwBe	KwDe	KwPi	KwSh
HG_16367 	CrAm	KwBe	KwDe	KwPi
HG_17078 	CrAm	CuOl	KwBe	KwDe	KwPi
HG_24086 	KwBe	KwDe	KwPi
HG_15077 	KwBe	KwDe	KwPi	KwSh
HG_20117 	CrAm	KwBe	KwDe	KwPi
HG_20084 	KwBe	KwDe	KwPi
HG_15246 	CrAm	CuOl	KwBe	KwDe	KwPi	KwSh
HG_15141 	CrAm	CuOl	KwBe	KwDe	KwPi	KwSh
HG_14999 	CrAm	CuOl	KwBe	KwDe	KwPi	KwSh
HG_8943 	CrAm	KwBe	KwDe	KwPi	KwSh
HG_16928 	KwBe	KwDe	KwPi
HG_24068 	KwBe	KwDe	KwPi
HG_14517 	CrAm	KwBe	KwDe	KwPi
HG_14927 	CrAm	CuOl	KwBe	KwDe	KwPi	KwSh
HG_15059 	CrAm	CuOl	KwBe	KwDe	KwPi	KwSh
HG_15228 	CrAm	CuOl	KwBe	KwDe	KwPi	KwSh
HG_15195 	CrAm	CuOl	KwBe	KwDe	KwPi	KwSh
HG_11226 	CrAm	CuOl	KwBe	KwDe	KwPi	KwSh
HG_13701 	CrAm	CuOl	KwBe	KwDe	KwPi	KwSh
HG_17091 	CrAm	KwBe	KwDe	KwPi	KwSh
HG_17124 	CrAm	KwBe	KwDe	KwPi	KwSh
HG_15123 	CrAm	CuOl	KwBe	KwDe	KwPi	KwSh
HG_15090 	CrAm	CuOl	KwBe	KwDe	KwPi	KwSh
HG_24114 	KwBe	KwDe	KwPi
HG_16941 	CrAm	KwBe	KwDe	KwPi	KwSh
HG_14940 	KwBe	KwDe	KwPi
HG_12739 	KwBe	KwDe	KwPi
HG_17106 	CrAm	KwBe	KwDe	KwPi	KwSh
HG_17073 	KwBe	KwDe	KwPi
HG_24081 	CrAm	KwBe	KwDe
HG_15105 	CrAm	CuOl	KwBe	KwDe	KwPi	KwSh
HG_20112 	KwBe	KwDe	KwPi
HG_13755 	CrAm	KwBe	KwDe	KwPi
HG_17178 	CrAm	KwBe	KwDe	KwPi	KwSh
HG_20048 	CrAm	KwBe	KwDe	KwPi
HG_15177 	CrAm	CuOl	KwBe	KwDe	KwPi	KwSh
HG_20184 	CrAm	KwDe	KwPi	KwSh
HG_11859 	CrAm	KwBe	KwDe	KwPi
HG_15000 	CrAm	CuOl	KwBe	KwDe	KwPi	KwSh
HG_15072 	CrAm	CuOl	KwBe	KwDe	KwPi	KwSh
HG_15241 	CrAm	CuOl	KwBe	KwDe	KwPi	KwSh
HG_17001 	CrAm	KwBe	KwDe	KwPi	KwSh
HG_8953 	KwBe	KwDe	KwPi	KwSh
HG_16923 	CrAm	KwBe	KwDe	KwPi
HG_16995 	CrAm	KwBe	KwDe	KwPi	KwSh
HG_14994 	CrAm	CuOl	KwBe	KwDe	KwPi	KwSh
HG_11872 	KwBe	KwDe	KwPi
HG_20166 	KwBe	KwDe	KwPi	KwSh
HG_17055 	CrAm	KwBe	KwDe	KwPi	KwSh
HG_15054 	CrAm	CuOl	KwBe	KwDe	KwPi	KwSh
HG_20061 	KwBe	KwDe	KwPi	KwSh
HG_15223 	CrAm	CuOl	KwBe	KwDe	KwPi	KwSh
HG_15190 	CrAm	CuOl	KwBe	KwDe	KwPi	KwSh
HG_15159 	CrAm	KwBe	KwDe	KwPi	KwSh
HG_18737 	CrAm	CuOl	KwSh
HG_23985 	KwBe	KwDe	KwPi
HG_14976 	CrAm	CuOl	KwBe	KwDe	KwPi	KwSh
HG_16977 	CrAm	KwBe	KwDe	KwPi	KwSh
HG_24045 	KwBe	KwDe	KwPi
HG_13719 	CrAm	CuOl	KwBe	KwDe	KwPi	KwSh
HG_20148 	CuOl	KwBe	KwDe	KwSh
HG_17037 	CrAm	KwBe	KwDe	KwPi	KwSh
HG_15036 	CrAm	CuOl	KwBe	KwDe	KwPi	KwSh
HG_13750 	CrAm	KwBe	KwDe	KwPi
HG_17173 	CrAm	KwBe	KwDe	KwPi	KwSh
HG_20043 	KwBe	KwDe	KwPi	KwSh
HG_15205 	CrAm	CuOl	KwBe	KwDe	KwPi	KwSh
HG_15172 	CrAm	CuOl	KwBe	KwDe	KwPi	KwSh
HG_12734 	KwBe	KwDe	KwPi
HG_17101 	CrAm	KwBe	KwDe	KwPi
HG_15100 	CrAm	KwBe	KwDe	KwPi
HG_23967 	KwBe	KwDe	KwSh
HG_16959 	CrAm	KwBe	KwDe	KwPi	KwSh
HG_14958 	CrAm	CuOl	KwBe	KwDe	KwPi	KwSh
HG_24099 	KwBe	KwDe	KwPi
HG_12716 	KwBe	KwDe	KwPi
HG_16990 	CrAm	KwBe	KwDe	KwPi	KwSh
HG_17050 	CrAm	KwBe	KwDe	KwPi	KwSh
HG_17019 	CrAm	KwBe	KwDe	KwPi	KwSh
HG_24027 	KwBe	KwDe	KwPi
HG_15018 	CrAm	CuOl	KwBe	KwDe	KwPi	KwSh
HG_17155 	CrAm	KwBe	KwDe	KwPi	KwSh
HG_20025 	KwBe	KwDe	KwPi	KwSh
HG_24163 	KwBe	KwPi	KwSh
HG_15154 	CrAm	CuOl	KwBe	KwDe	KwPi	KwSh
HG_20161 	CrAm	KwBe	KwDe	KwPi
HG_20097 	KwBe	KwDe	KwPi	KwSh
HG_10441 	CrAm	CuOl	KwBe	KwDe	KwPi	KwSh
HG_9486 	CrAm	CuOl	KwDe	KwPi	KwSh
HG_23949 	KwBe	KwDe	KwPi
HG_23980 	KwBe	KwDe	KwPi
HG_16972 	CrAm	KwBe	KwDe	KwPi	KwSh
HG_14971 	CrAm	KwBe	KwDe	KwPi	KwSh
HG_20143 	KwBe	KwDe	KwPi	KwSh
HG_20079 	CrAm	KwBe	KwDe	KwPi
HG_17032 	CrAm	CuOl	KwBe	KwDe	KwSh
HG_15031 	CrAm	KwBe	KwDe	KwPi	KwSh
HG_13714 	CrAm	KwBe	KwDe	KwPi	KwSh
HG_15200 	CrAm	CuOl	KwBe	KwDe	KwPi	KwSh
HG_17137 	CrAm	KwBe	KwDe	KwPi	KwSh
HG_15136 	CrAm	CuOl	KwBe	KwDe	KwPi	KwSh
HG_23962 	KwBe	KwDe	KwPi
HG_16375 	CrAm	KwBe	KwDe	KwPi	KwSh
HG_17014 	CrAm	KwBe	KwDe	KwPi	KwSh
HG_17119 	CrAm	KwBe	KwDe	KwPi	KwSh
HG_24127 	KwBe	KwDe	KwPi
HG_15118 	CrAm	CuOl	KwBe	KwDe	KwPi	KwSh
HG_20125 	KwBe	KwDe	KwPi	KwSh
HG_14543 	CrAm	CuOl	KwBe	KwDe	KwPi	KwSh
HG_17086 	CrAm	KwBe	KwDe	KwPi	KwSh
HG_14479 	CrAm	CuOl	KwBe	KwDe	KwPi	KwSh
HG_20197 	KwBe	KwDe	KwPi	KwSh
HG_16954 	CrAm	KwBe	KwDe	KwPi	KwSh
HG_14953 	CrAm	CuOl	KwBe	KwDe	KwPi	KwSh
HG_17150 	CrAm	KwBe	KwDe	KwPi	KwSh
HG_20020 	KwBe	KwDe	KwPi
HG_15085 	CrAm	CuOl	KwBe	KwDe	KwPi	KwSh
HG_20092 	KwBe	KwDe	KwPi
HG_15013 	CrAm	CuOl	KwBe	KwDe	KwPi	KwSh
HG_16936 	CrAm	KwBe	KwDe	KwPi	KwSh
HG_14935 	CrAm	CuOl	KwBe	KwDe	KwPi	KwSh
HG_24076 	KwBe	KwDe	KwPi
HG_20179 	CrAm	KwBe	KwDe	KwPi
HG_24004 	KwDe	KwPi	KwSh
HG_17132 	CrAm	KwBe	KwDe	KwPi	KwSh
HG_15131 	CrAm	CuOl	KwBe	KwDe	KwPi	KwSh
HG_17068 	CrAm	KwBe	KwDe	KwPi	KwSh
HG_15067 	CrAm	CuOl	KwBe	KwDe	KwPi	KwSh
HG_20074 	KwBe	KwDe	KwPi	KwSh
HG_20107 	CrAm	KwBe	KwDe	KwPi
HG_15236 	CrAm	KwBe	KwDe	KwPi	KwSh
HG_23998 	KwBe	KwDe	KwPi
HG_24058 	KwBe	KwDe	KwSh
HG_14989 	CrAm	CuOl	KwBe	KwDe	KwPi	KwSh
HG_17186 	CrAm	CuOl	KwBe	KwPi	KwSh
HG_13699 	KwBe	KwDe	KwPi
HG_15218 	CrAm	CuOl	KwBe	KwDe	KwPi	KwSh
HG_11867 	CrAm	CuOl	KwBe	KwDe	KwPi	KwSh
HG_17114 	CrAm	KwBe	KwDe	KwPi	KwSh
HG_24122 	KwBe	KwDe	KwPi
HG_20120 	CrAm	KwBe	KwDe	KwPi
HG_20056 	KwBe	KwDe	KwPi	KwSh
HG_15185 	CrAm	CuOl	KwBe	KwDe	KwPi	KwSh
HG_20192 	KwBe	KwDe	KwPi	KwSh
HG_17081 	CrAm	KwBe	KwDe	KwPi	KwSh
HG_15113 	CrAm	CuOl	KwBe	KwDe	KwPi	KwSh
HG_15080 	CrAm	CuOl	KwBe	KwDe	KwPi	KwSh
HG_15049 	CrAm	CuOl	KwBe	KwDe	KwPi	KwSh
HG_10231 	CrAm	KwBe	KwPi	KwSh
HG_24071 	KwBe	KwDe	KwSh
HG_24104 	KwBe	KwDe	KwPi
HG_13745 	CrAm	CuOl	KwBe	KwDe	KwPi	KwSh
HG_17168 	CrAm	KwBe	KwDe	KwPi	KwSh
HG_20207 	CrAm	KwBe	KwPi	KwSh
HG_16931 	CrAm	KwBe	KwDe	KwPi	KwSh
HG_14930 	CrAm	CuOl	KwBe	KwDe	KwPi	KwSh
HG_17063 	CrAm	KwBe	KwDe	KwPi	KwSh
HG_20102 	KwBe	KwDe	KwPi	KwSh
HG_15231 	KwBe	KwDe	KwPi
HG_20038 	CrAm	KwBe	KwDe	KwPi
HG_15167 	CrAm	KwBe	KwDe	KwPi	KwSh
HG_15062 	CrAm	CuOl	KwBe	KwDe	KwPi	KwSh
HG_16985 	KwBe	KwDe	KwPi
HG_23993 	KwBe	KwDe	KwPi
HG_24053 	KwBe	KwDe	KwSh
HG_14984 	CrAm	KwBe	KwDe	KwPi	KwSh
HG_13727 	CrAm	KwBe	KwDe	KwPi	KwSh
HG_20156 	KwBe	KwDe	KwPi	KwSh
HG_12742 	CrAm	KwBe	KwDe	KwPi
HG_17045 	CrAm	KwBe	KwDe	KwPi	KwSh
HG_15044 	CrAm	CuOl	KwBe	KwDe	KwPi	KwSh
HG_17181 	CrAm	KwBe	KwDe	KwPi	KwSh
HG_20051 	KwBe	KwDe	KwPi
HG_15180 	CrAm	KwBe	KwDe	KwPi	KwSh
HG_15213 	CrAm	CuOl	KwBe	KwDe	KwPi	KwSh
HG_15149 	CrAm	CuOl	KwBe	KwDe	KwPi	KwSh
HG_16967 	CrAm	KwBe	KwDe	KwPi	KwSh
HG_23975 	KwBe	KwDe	KwPi
HG_24035 	KwBe	KwDe	KwPi
HG_14966 	CrAm	KwBe	KwDe	KwPi	KwSh
HG_17163 	CrAm	KwBe	KwDe	KwPi	KwSh
HG_17099 	CuOl	KwBe	KwDe	KwPi	KwSh
HG_15098 	CrAm	CuOl	KwBe	KwDe	KwPi	KwSh
HG_20202 	KwBe	KwDe	KwPi
HG_20138 	KwBe	KwDe	KwPi
HG_12724 	KwDe	KwPi	KwSh
HG_17027 	CrAm	KwBe	KwDe	KwPi	KwSh
HG_20033 	CuOl	KwBe	KwDe	KwPi
HG_15162 	CrAm	CuOl	KwBe	KwDe	KwPi	KwSh
HG_23957 	CrAm	KwBe	KwDe
HG_16980 	CrAm	KwBe	KwDe	KwPi	KwSh
HG_24017 	KwBe	KwDe	KwPi
HG_14948 	CrAm	CuOl	KwBe	KwDe	KwPi	KwSh
HG_24153 	KwBe	KwPi	KwSh
HG_24089 	KwBe	KwDe	KwPi
HG_17040 	CrAm	KwBe	KwDe	KwPi	KwSh
HG_17009 	CrAm	CuOl	KwBe	KwDe	KwPi
HG_15008 	CrAm	CuOl	KwBe	KwDe	KwPi	KwSh
HG_13722 	CrAm	CuOl	KwBe	KwDe	KwPi	KwSh
HG_17145 	CrAm	KwBe	KwDe	KwPi	KwSh
HG_20015 	KwBe	KwDe	KwPi	KwSh
HG_20151 	CuOl	KwBe	KwDe	KwPi
HG_20087 	CrAm	KwBe	KwDe	KwPi
HG_15249 	CrAm	CuOl	KwBe	KwDe	KwPi	KwSh
HG_18658 	KwBe	KwDe	KwPi	KwSh
HG_16962 	CrAm	KwBe	KwDe	KwPi	KwSh
HG_23970 	KwBe	KwDe	KwPi
HG_24135 	CrAm	KwBe	KwPi
HG_24030 	KwBe	KwDe	KwPi
HG_14961 	CrAm	CuOl	KwBe	KwDe	KwPi	KwSh
HG_13704 	KwBe	KwDe	KwPi	KwSh
HG_15198 	CrAm	CuOl	KwBe	KwDe	KwPi	KwSh
HG_17022 	CuOl	KwBe	KwDe	KwPi	KwSh
HG_15021 	CrAm	CuOl	KwBe	KwDe	KwPi	KwSh
HG_17094 	CrAm	KwBe	KwDe	KwPi	KwSh
HG_15126 	CrAm	CuOl	KwBe	KwDe	KwPi	KwSh
HG_15093 	CrAm	CuOl	KwBe	KwDe	KwPi	KwSh
HG_24117 	KwDe	KwPi	KwSh
HG_16944 	CrAm	KwBe	KwDe	KwPi	KwSh
HG_23952 	KwBe	KwDe	KwPi
HG_17140 	CrAm	KwBe	KwDe	KwPi	KwSh
HG_17076 	KwBe	KwDe	KwSh
HG_17109 	CrAm	KwBe	KwDe	KwPi	KwSh
HG_15075 	CrAm	CuOl	KwBe	KwDe	KwPi	KwSh
HG_15108 	CrAm	CuOl	KwBe	KwDe	KwPi	KwSh
HG_20115 	CrAm	KwBe	KwDe	KwPi
HG_13758 	CrAm	CuOl	KwBe	KwDe	KwPi	KwSh
HG_20082 	KwBe	KwDe	KwPi	KwSh
HG_15244 	CrAm	CuOl	KwBe	KwDe	KwPi	KwSh
HG_24084 	KwBe	KwDe	KwPi
HG_20187 	CrAm	KwBe	KwDe	KwPi
HG_7695 	CrAm	KwBe	KwDe	KwPi	KwSh
HG_17004 	CuOl	KwBe	KwDe	KwPi	KwSh
HG_24012 	KwBe	KwDe	KwPi
HG_14943 	CrAm	CuOl	KwBe	KwDe	KwPi	KwSh
HG_20010 	KwBe	KwDe	KwPi	KwSh
HG_15003 	CrAm	CuOl	KwBe	KwDe	KwPi	KwSh
HG_16926 	KwBe	KwDe	KwPi	KwSh
HG_16998 	KwBe	KwDe	KwPi
HG_14925 	CrAm	CuOl	KwBe	KwDe	KwPi	KwSh
HG_24066 	KwBe	KwDe	KwPi
HG_14997 	CrAm	CuOl	KwBe	KwDe	KwPi	KwSh
HG_13297 	CrAm	CuOl	KwBe	KwDe	KwPi	KwSh
HG_12755 	CrAm	KwBe	KwPi	KwSh
HG_17122 	CrAm	KwBe	KwDe	KwPi	KwSh
HG_15121 	CrAm	CuOl	KwBe	KwDe	KwPi	KwSh
HG_17058 	CrAm	KwBe	KwDe	KwPi	KwSh
HG_15057 	CrAm	CuOl	KwBe	KwDe	KwPi	KwSh
HG_14482 	CrAm	CuOl	KwBe	KwDe	KwPi	KwSh
HG_15193 	CrAm	CuOl	KwBe	KwDe	KwPi	KwSh
HG_11224 	CuOl	KwBe	KwDe	KwPi	KwSh
HG_11875 	CrAm	KwBe	KwDe	KwPi
HG_20169 	KwBe	KwDe	KwPi
HG_23988 	KwBe	KwDe	KwPi
HG_24048 	KwBe	KwDe	KwPi
HG_14979 	CrAm	CuOl	KwBe	KwDe	KwPi	KwSh
HG_17176 	CrAm	KwBe	KwDe	KwPi	KwSh
HG_20046 	KwBe	KwDe	KwPi	KwSh
HG_15208 	CrAm	KwBe	KwDe	KwPi	KwSh
HG_17104 	CrAm	CuOl	KwBe	KwDe	KwSh
HG_15039 	CrAm	CuOl	KwBe	KwDe	KwPi	KwSh
HG_13753 	KwBe	KwDe	KwPi
HG_15175 	CrAm	CuOl	KwBe	KwDe	KwPi	KwSh
HG_20182 	KwBe	KwDe	KwPi
HG_13279 	CrAm	CuOl	KwBe	KwDe	KwPi	KwSh
HG_17071 	CrAm	KwBe	KwDe	KwPi	KwSh
HG_15070 	CrAm	CuOl	KwBe	KwDe	KwPi	KwSh
HG_15103 	CrAm	KwBe	KwDe	KwPi	KwSh
HG_20110 	KwBe	KwDe	KwPi	KwSh
HG_16993 	CrAm	KwBe	KwDe	KwPi	KwSh
HG_17053 	KwBe	KwDe	KwPi
HG_24061 	KwBe	KwDe	KwPi
HG_14992 	CrAm	CuOl	KwBe	KwDe	KwPi	KwSh
HG_15052 	CrAm	CuOl	KwBe	KwDe	KwPi	KwSh
HG_14510 	CrAm	KwBe	KwDe	KwPi	KwSh
HG_15221 	CrAm	CuOl	KwBe	KwDe	KwPi	KwSh
HG_17158 	CrAm	KwBe	KwDe	KwPi	KwSh
HG_20028 	KwBe	KwDe	KwPi	KwSh
HG_15157 	CrAm	CuOl	KwBe	KwDe	KwPi	KwSh
HG_11870 	CrAm	KwBe	KwDe	KwPi	KwSh
HG_20164 	KwBe	KwDe	KwPi	KwSh
HG_9835 	CrAm	KwBe	KwDe	KwPi	KwSh
HG_24389 	CrAm	CuOl	KwSh
HG_16975 	CrAm	KwBe	KwDe	KwPi	KwSh
HG_24043 	KwBe	KwDe	KwPi
HG_14974 	CrAm	CuOl	KwBe	KwDe	KwPi
HG_13717 	CrAm	CuOl	KwBe	KwDe	KwPi	KwSh
HG_13307 	CrAm	CuOl	KwBe	KwDe	KwPi	KwSh
HG_17035 	CrAm	KwBe	KwDe	KwPi	KwSh
HG_15034 	CrAm	KwBe	KwDe	KwPi	KwSh
HG_17171 	CrAm	KwBe	KwDe	KwPi	KwSh
HG_20041 	KwBe	KwDe	KwPi	KwSh
HG_15203 	CrAm	CuOl	KwBe	KwDe	KwPi	KwSh
HG_15170 	CrAm	CuOl	KwBe	KwDe	KwPi	KwSh
HG_15139 	CrAm	CuOl	KwBe	KwDe	KwPi	KwSh
HG_20210 	CrAm	CuOl	KwBe	KwSh
HG_20146 	KwBe	KwDe	KwPi	KwSh
HG_16957 	CrAm	KwBe	KwDe	KwPi	KwSh
HG_17153 	CrAm	KwBe	KwDe	KwPi	KwSh
HG_20023 	KwBe	KwDe	KwPi	KwSh
HG_17089 	CrAm	KwBe	KwDe	KwPi	KwSh
HG_15088 	CuOl	KwBe	KwDe	KwPi	KwSh
HG_24097 	KwBe	KwDe	KwPi
HG_20128 	KwBe	KwDe	KwPi	KwSh
HG_20095 	CrAm	KwBe	KwDe
HG_14956 	CrAm	CuOl	KwBe	KwDe	KwPi	KwSh
HG_24025 	CrAm	KwBe	KwDe
HG_15016 	CrAm	CuOl	KwBe	KwDe	KwPi	KwSh
HG_17017 	CrAm	KwBe	KwDe	KwPi	KwSh
HG_15152 	CrAm	CuOl	KwBe	KwDe	KwPi	KwSh
HG_23947 	KwBe	KwDe	KwPi
HG_16939 	CrAm	KwBe	KwDe	KwPi	KwSh
HG_16970 	CrAm	KwBe	KwDe	KwPi	KwSh
HG_24007 	KwBe	KwDe	KwPi
HG_14938 	CrAm	CuOl	KwBe	KwDe	KwPi	KwSh
HG_8703 	KwBe	KwDe	KwPi
HG_24079 	KwBe	KwDe	KwPi
HG_17030 	CrAm	KwBe	KwDe	KwPi	KwSh
HG_13712 	KwBe	KwDe	KwSh
HG_17135 	CrAm	KwBe	KwDe	KwPi	KwSh
HG_15134 	CrAm	CuOl	KwBe	KwDe	KwPi	KwSh
HG_20141 	KwBe	KwDe	KwPi	KwSh
HG_20077 	KwBe	KwDe	KwPi
HG_15239 	CrAm	CuOl	KwBe	KwDe	KwPi	KwSh
HG_9484 	KwBe	KwDe	KwPi	KwSh
HG_8939 	CrAm	KwBe	KwDe	KwPi
HG_23960 	KwBe	KwDe	KwPi
HG_16952 	CrAm	KwBe	KwDe	KwPi	KwSh
HG_24125 	KwDe	KwPi	KwSh
HG_17189 	CrAm	CuOl	KwBe	KwPi	KwSh
HG_15188 	CrAm	CuOl	KwBe	KwDe	KwPi	KwSh
HG_24020 	KwBe	KwDe	KwPi
HG_14951 	CrAm	CuOl	KwBe	KwDe	KwPi	KwSh
HG_17084 	CrAm	KwBe	KwDe	KwPi	KwSh
HG_17117 	CrAm	KwBe	KwDe	KwPi	KwSh
HG_17012 	CrAm	KwBe	KwDe	KwPi	KwSh
HG_15011 	CrAm	CuOl	KwBe	KwDe	KwPi	KwSh
HG_15083 	CrAm	CuOl	KwBe	KwDe	KwPi
HG_15116 	CrAm	CuOl	KwBe	KwDe	KwPi	KwSh
HG_20123 	CrAm	KwBe	KwDe	KwPi
HG_20090 	KwBe	KwDe	KwPi	KwSh
HG_7024 	KwBe	KwDe	KwPi
HG_24107 	CrAm	KwBe	KwDe
HG_16934 	CrAm	KwBe	KwDe	KwPi	KwSh
HG_17066 	CrAm	KwBe	KwDe	KwPi	KwSh
HG_24074 	KwBe	KwDe	KwPi
HG_15065 	CrAm	CuOl	KwBe	KwDe	KwPi	KwSh
HG_20105 	KwBe	KwDe	KwPi	KwSh
HG_13748 	CrAm	CuOl	KwBe	KwDe	KwPi	KwSh
HG_15234 	CrAm	CuOl	KwBe	KwDe	KwPi	KwSh
HG_20177 	KwBe	KwDe	KwPi
HG_24002 	KwBe	KwDe	KwPi
HG_14933 	CrAm	CuOl	KwBe	KwDe	KwPi	KwSh
HG_17130 	CrAm	KwBe	KwDe	KwPi	KwSh
HG_11232 	CrAm	KwBe	KwDe	KwPi	KwSh
HG_23996 	KwBe	KwDe	KwPi
HG_16988 	KwBe	KwDe	KwPi
HG_14987 	CrAm	CuOl	KwBe	KwDe	KwPi	KwSh
HG_24120 	KwBe	KwDe	KwPi
HG_17048 	CrAm	KwBe	KwDe	KwPi	KwSh
HG_24056 	KwBe	KwDe	KwPi
HG_20159 	KwBe	KwDe	KwPi	KwSh
HG_12745 	CrAm	KwBe	KwDe	KwPi	KwSh
HG_17112 	KwBe	KwDe	KwPi
HG_15111 	CrAm	CuOl	KwBe	KwDe	KwPi	KwSh
HG_15047 	KwBe	KwDe	KwSh
HG_17184 	CrAm	CuOl	KwBe	KwDe	KwPi
HG_20054 	KwBe	KwDe	KwPi	KwSh
HG_15183 	CrAm	CuOl	KwBe	KwDe	KwPi	KwSh
HG_15216 	CrAm	CuOl	KwBe	KwDe	KwPi	KwSh
HG_20190 	KwBe	KwDe	KwPi
HG_23978 	KwBe	KwDe	KwPi
HG_14969 	CrAm	CuOl	KwBe	KwDe	KwPi	KwSh
HG_17166 	CrAm	KwBe	KwDe	KwPi	KwSh
HG_20036 	KwBe	KwDe	KwPi	KwSh
HG_15165 	CrAm	CuOl	KwBe	KwDe	KwPi	KwSh
HG_20205 	KwBe	KwDe	KwPi	KwSh
HG_20172 	KwBe	KwDe	KwPi	KwSh
HG_12727 	CrAm	KwBe	KwDe	KwPi	KwSh
HG_17061 	CrAm	KwBe	KwDe	KwPi	KwSh
HG_24102 	KwBe	KwDe	KwPi
HG_15029 	CrAm	CuOl	KwBe	KwDe	KwPi	KwSh
HG_15060 	CrAm	CuOl	KwBe	KwDe	KwPi	KwSh
HG_20100 	CrAm	KwBe	KwDe	KwPi
HG_23991 	KwBe	KwDe	KwPi
HG_8274 	CuOl	KwBe	KwDe	KwPi	KwSh
HG_16983 	CrAm	KwBe	KwDe	KwPi	KwSh
HG_14982 	CrAm	CuOl	KwBe	KwDe	KwPi	KwSh
HG_17043 	CuOl	KwBe	KwDe	KwPi	KwSh
HG_24051 	KwBe	KwDe	KwPi
HG_15042 	CrAm	CuOl	KwBe	KwDe	KwPi	KwSh
HG_13725 	CrAm	CuOl	KwBe	KwDe	KwPi	KwSh
HG_15211 	CrAm	CuOl	KwBe	KwDe	KwPi	KwSh
HG_17148 	CrAm	KwBe	KwDe	KwPi	KwSh
HG_20018 	KwBe	KwDe	KwPi	KwSh
HG_15147 	CrAm	CuOl	KwBe	KwDe	KwPi	KwSh
HG_11860 	CrAm	CuOl	KwBe	KwDe	KwPi	KwSh
HG_20154 	KwBe	KwDe	KwPi	KwSh
HG_12740 	KwBe	KwDe	KwSh
HG_23973 	KwBe	KwDe	KwPi
HG_16965 	CrAm	KwBe	KwDe	KwPi	KwSh
HG_14964 	CrAm	CuOl	KwBe	KwDe	KwPi	KwSh
HG_24033 	KwBe	KwDe	KwPi
HG_17097 	CrAm	CuOl	KwDe	KwPi	KwSh
HG_15129 	CrAm	CuOl	KwBe	KwDe	KwPi	KwSh
HG_20136 	KwBe	KwDe	KwPi	KwSh
HG_12722 	KwBe	KwDe	KwPi
HG_7503 	KwBe	KwDe	KwPi	KwSh
HG_15024 	CrAm	CuOl	KwBe	KwDe	KwPi	KwSh
HG_17161 	CrAm	KwBe	KwDe	KwPi	KwSh
HG_20031 	KwBe	KwDe	KwPi	KwSh
HG_15160 	CrAm	CuOl	KwBe	KwDe	KwPi	KwSh
HG_15096 	CrAm	CuOl	KwBe	KwDe	KwPi	KwSh
HG_20200 	CrAm	KwBe	KwDe	KwPi
HG_23955 	KwBe	KwDe	KwPi
HG_24087 	KwBe	KwDe	KwSh
HG_16947 	CrAm	KwBe	KwDe	KwPi	KwSh
HG_14946 	CrAm	CuOl	KwBe	KwDe	KwPi	KwSh
HG_15142 	CrAm	KwBe	KwDe	KwPi	KwSh
HG_17079 	CrAm	KwBe	KwDe	KwPi	KwSh
HG_15078 	CrAm	CuOl	KwBe	KwDe	KwPi	KwSh
HG_20118 	CrAm	KwBe	KwDe	KwPi
HG_15247 	CrAm	CuOl	KwBe	KwDe	KwPi	KwSh
HG_17007 	CrAm	KwBe	KwDe	KwPi	KwSh
HG_15006 	CrAm	CuOl	KwBe	KwDe	KwPi	KwSh
HG_13720 	CrAm	CuOl	KwBe	KwDe	KwPi	KwSh
HG_17143 	CrAm	KwBe	KwDe	KwPi	KwSh
HG_20013 	KwBe	KwDe	KwPi	KwSh
HG_9844 	KwBe	KwDe	KwPi
HG_16929 	CrAm	KwBe	KwDe	KwPi	KwSh
HG_14928 	KwBe	KwDe	KwPi
HG_24069 	KwBe	KwDe	KwPi
HG_16960 	CrAm	KwBe	KwDe	KwPi	KwSh
HG_14518 	CrAm	CuOl	KwBe	KwDe	KwPi	KwSh
HG_17020 	CrAm	KwBe	KwDe	KwPi	KwSh
HG_13702 	CrAm	KwBe	KwDe	KwPi	KwSh
HG_17125 	CrAm	KwBe	KwDe	KwPi	KwSh
HG_17092 	CrAm	KwBe	KwDe	KwPi	KwSh
HG_15124 	CrAm	CuOl	KwBe	KwDe	KwPi	KwSh
HG_15091 	CrAm	CuOl	KwBe	KwDe	KwPi	KwSh
HG_20067 	CrAm	KwBe	KwDe	KwPi
HG_15229 	CrAm	KwBe	KwDe	KwPi	KwSh
HG_15196 	KwBe	KwDe	KwPi	KwSh
HG_9483 	CrAm	KwBe	KwDe	KwPi	KwSh
HG_23950 	KwBe	KwDe	KwPi
HG_16942 	CrAm	KwBe	KwDe	KwPi	KwSh
HG_14941 	CuOl	KwBe	KwDe	KwSh
HG_4292 	CrAm	CuOl	KwBe	KwDe	KwPi	KwSh
HG_16299 	CuOl	KwBe	KwDe	KwPi	KwSh
HG_24115 	KwBe	KwDe	KwPi
HG_24082 	KwBe	KwDe	KwPi
HG_15178 	CrAm	CuOl	KwBe	KwDe	KwPi	KwSh
HG_20185 	CuOl	KwBe	KwDe	KwPi
HG_17002 	CrAm	KwBe	KwDe	KwPi	KwSh
HG_24010 	KwBe	KwDe	KwPi
HG_17107 	CrAm	KwBe	KwDe	KwPi	KwSh
HG_17074 	CrAm	KwBe	KwDe	KwPi	KwSh
HG_15106 	CrAm	CuOl	KwBe	KwDe	KwPi	KwSh
HG_20113 	KwBe	KwDe	KwPi	KwSh
HG_13756 	CrAm	CuOl	KwBe	KwDe	KwPi	KwSh
HG_20049 	CrAm	KwBe	KwDe	KwPi
HG_15001 	CrAm	CuOl	KwBe	KwDe	KwPi	KwSh
HG_10224 	CrAm	CuOl	KwBe	KwDe	KwPi	KwSh
HG_15073 	CrAm	CuOl	KwBe	KwDe	KwPi	KwSh
HG_20080 	KwBe	KwDe	KwPi	KwSh
HG_15242 	CrAm	CuOl	KwBe	KwDe	KwPi	KwSh
HG_16996 	CrAm	KwBe	KwDe	KwPi	KwSh
HG_24064 	KwBe	KwDe	KwPi
HG_14995 	CrAm	CuOl	KwBe	KwDe	KwPi	KwSh
HG_16924 	CrAm	KwBe	KwDe	KwPi	KwSh
HG_17056 	CrAm	KwBe	KwDe	KwPi	KwSh
HG_15055 	CrAm	CuOl	KwBe	KwDe	KwPi	KwSh
HG_20062 	KwBe	KwDe	KwPi	KwSh
HG_15224 	CrAm	KwBe	KwDe	KwPi	KwSh
HG_15191 	CrAm	CuOl	KwBe	KwDe	KwPi	KwSh
HG_11873 	KwBe	KwDe	KwPi
HG_20167 	KwBe	KwDe	KwPi
HG_17120 	CrAm	KwBe	KwDe	KwPi	KwSh
HG_16345 	CuOl	KwBe	KwDe	KwPi	KwSh
HG_8948 	CuOl	KwBe	KwDe	KwPi	KwSh
HG_16978 	CrAm	KwBe	KwDe	KwPi	KwSh
HG_23986 	KwBe	KwDe	KwPi
HG_24046 	KwBe	KwDe	KwPi
HG_14977 	CrAm	CuOl	KwBe	KwDe	KwPi	KwSh
HG_24110 	KwBe	KwDe	KwPi
HG_17038 	CrAm	KwBe	KwDe	KwPi	KwSh
HG_13751 	CrAm	CuOl	KwBe	KwDe	KwPi	KwSh
HG_17174 	CrAm	KwBe	KwDe	KwPi	KwSh
HG_15206 	CrAm	KwBe	KwDe	KwPi	KwSh
HG_20213 	CrAm	KwBe	KwPi	KwSh
HG_20149 	KwBe	KwDe	KwPi	KwSh
HG_17102 	CrAm	KwBe	KwDe	KwPi	KwSh
HG_15101 	CrAm	CuOl	KwBe	KwDe	KwPi	KwSh
HG_15037 	CrAm	CuOl	KwBe	KwDe	KwPi	KwSh
HG_20044 	KwBe	KwDe	KwPi	KwSh
HG_15173 	CrAm	CuOl	KwBe	KwDe	KwPi	KwSh
HG_20180 	KwBe	KwDe	KwPi	KwSh
HG_23968 	KwBe	KwDe	KwPi
HG_16991 	KwBe	KwDe	KwPi
HG_24028 	KwBe	KwDe	KwPi
HG_14959 	CrAm	CuOl	KwBe	KwDe	KwPi	KwSh
HG_24164 	CrAm	KwBe	KwPi
HG_15155 	CrAm	CuOl	KwBe	KwDe	KwPi	KwSh
HG_20162 	CrAm	KwBe	KwDe	KwPi
HG_12379 	CrAm	CuOl	KwBe	KwDe	KwPi	KwSh
HG_20098 	KwBe	KwDe	KwPi	KwSh
HG_12717 	CuOl	KwBe	KwDe	KwPi	KwSh
HG_16340 	CrAm	KwBe	KwDe	KwPi	KwSh
HG_17051 	CrAm	KwBe	KwDe	KwPi	KwSh
HG_14990 	CrAm	CuOl	KwBe	KwDe	KwPi	KwSh
HG_15019 	CrAm	CuOl	KwBe	KwDe	KwPi	KwSh
HG_13733 	CrAm	CuOl	KwBe	KwDe	KwPi	KwSh
HG_17156 	CrAm	KwBe	KwDe	KwPi	KwSh
HG_20026 	KwBe	KwDe	KwPi	KwSh
HG_15050 	CuOl	KwBe	KwDe	KwPi	KwSh
HG_16973 	CrAm	KwBe	KwDe	KwPi	KwSh
HG_23981 	KwBe	KwDe	KwPi
HG_24041 	KwBe	KwDe	KwPi
HG_14972 	CrAm	CuOl	KwBe	KwDe	KwPi	KwSh
HG_13715 	CrAm	KwBe	KwDe	KwPi
HG_17138 	CrAm	KwBe	KwDe	KwPi	KwSh
HG_17033 	CrAm	KwBe	KwDe	KwPi	KwSh
HG_15032 	CrAm	CuOl	KwBe	KwDe	KwPi	KwSh
HG_15201 	CrAm	CuOl	KwBe	KwDe	KwPi	KwSh
HG_15137 	CrAm	CuOl	KwBe	KwDe	KwPi	KwSh
HG_20144 	KwBe	KwDe	KwPi
HG_16322 	KwBe	KwDe	KwPi	KwSh
HG_16955 	CrAm	KwBe	KwDe	KwPi	KwSh
HG_23963 	KwBe	KwDe	KwSh
HG_20198 	KwBe	KwDe	KwPi	KwSh
HG_17015 	CrAm	KwBe	KwDe	KwPi	KwSh
HG_24023 	KwBe	KwDe	KwPi
HG_14954 	CrAm	CuOl	KwBe	KwDe	KwPi	KwSh
HG_17087 	CrAm	KwBe	KwDe	KwPi	KwSh
HG_24095 	CrAm	KwDe	KwPi
HG_15119 	CrAm	CuOl	KwBe	KwDe	KwPi	KwSh
HG_24128 	KwBe	KwDe	KwPi
HG_20126 	KwBe	KwDe	KwPi
HG_15014 	CrAm	CuOl	KwBe	KwDe	KwPi	KwSh
HG_20021 	KwBe	KwDe	KwPi	KwSh
HG_15150 	CrAm	CuOl	KwBe	KwDe	KwPi	KwSh
HG_15086 	CrAm	CuOl	KwBe	KwDe	KwPi	KwSh
HG_20093 	CrAm	KwBe	KwDe	KwPi
HG_16937 	CuOl	KwBe	KwDe	KwPi	KwSh
HG_24077 	KwBe	KwDe	KwPi
HG_24005 	KwBe	KwDe	KwPi
HG_14936 	CrAm	KwBe	KwDe	KwPi	KwSh
HG_17069 	KwBe	KwDe	KwPi
HG_15068 	CrAm	CuOl	KwBe	KwDe	KwPi	KwSh
HG_20108 	KwBe	KwDe	KwPi	KwSh
HG_20075 	KwBe	KwDe	KwPi	KwSh
HG_15237 	CrAm	CuOl	KwBe	KwDe	KwPi	KwSh
HG_13710 	CrAm	CuOl	KwBe	KwDe	KwPi	KwSh
HG_17133 	CrAm	KwBe	KwDe	KwPi	KwSh
HG_15132 	CrAm	CuOl	KwBe	KwDe	KwPi	KwSh
HG_24059 	KwBe	KwDe	KwSh
HG_16950 	CrAm	KwBe	KwDe	KwPi	KwSh
HG_17115 	CrAm	KwBe	KwDe	KwPi	KwSh
HG_24090 	KwBe	KwDe	KwPi
HG_24123 	KwBe	KwDe	KwPi
HG_17187 	CrAm	KwBe	KwSh
HG_15219 	CrAm	CuOl	KwBe	KwDe	KwPi	KwSh
HG_17010 	KwDe	KwPi	KwSh
HG_17082 	CrAm	KwBe	KwDe	KwPi	KwSh
HG_15081 	CrAm	CuOl	KwBe	KwDe	KwPi	KwSh
HG_15114 	CrAm	CuOl	KwBe	KwDe	KwPi	KwSh
HG_20121 	KwBe	KwDe	KwPi	KwSh
HG_15250 	CrAm	CuOl	KwBe	KwDe	KwPi	KwSh
HG_20057 	KwBe	KwDe	KwPi
HG_15186 	CrAm	CuOl	KwBe	KwDe	KwPi	KwSh
HG_20193 	CrAm	KwBe	KwDe	KwPi
HG_9224 	KwBe	KwDe	KwPi	KwSh
HG_16932 	CrAm	CuOl	KwBe	KwDe	KwPi
HG_15168 	CrAm	CuOl	KwBe	KwDe	KwPi	KwSh
HG_20208 	CrAm	KwBe	KwPi	KwSh
HG_14931 	CrAm	CuOl	KwBe	KwDe	KwPi	KwSh
HG_24000 	KwBe	KwDe	KwPi
HG_17064 	CrAm	KwBe	KwDe	KwPi	KwSh
HG_24105 	CrAm	KwBe	KwDe
HG_24072 	KwBe	KwDe	KwPi
HG_20103 	KwBe	KwDe	KwPi	KwSh
HG_15232 	KwBe	KwDe	KwPi
HG_17169 	CrAm	KwBe	KwDe	KwPi	KwSh
HG_20039 	KwBe	KwDe	KwPi
HG_15063 	CrAm	CuOl	KwBe	KwDe	KwPi	KwSh
HG_20070 	KwBe	KwDe	KwPi	KwSh
HG_23994 	KwBe	KwDe	KwPi
HG_16986 	CrAm	KwBe	KwDe	KwPi	KwSh
HG_14985 	CrAm	CuOl	KwBe	KwDe	KwPi	KwSh
HG_13728 	KwBe	KwDe	KwPi	KwSh
HG_17046 	CrAm	KwBe	KwDe	KwPi	KwSh
HG_15045 	CrAm	CuOl	KwBe	KwDe	KwPi	KwSh
HG_17182 	CrAm	KwBe	KwDe	KwPi	KwSh
HG_20052 	KwBe	KwDe	KwPi	KwSh
HG_15181 	CrAm	CuOl	KwBe	KwDe	KwPi	KwSh
HG_15214 	CrAm	CuOl	KwBe	KwDe	KwPi	KwSh
HG_11863 	CuOl	KwBe	KwDe	KwPi
HG_20157 	KwBe	KwDe	KwPi	KwSh
HG_16968 	CrAm	KwBe	KwDe	KwPi	KwSh
HG_18695 	CuOl	KwDe	KwPi
HG_24036 	KwBe	KwDe	KwPi
HG_14967 	CrAm	CuOl	KwBe	KwDe	KwPi	KwSh
HG_24100 	KwBe	KwDe	KwPi
HG_17028 	CrAm	KwBe	KwDe	KwPi	KwSh
HG_13741 	CrAm	KwBe	KwDe	KwPi	KwSh
HG_17164 	CrAm	KwBe	KwDe	KwPi	KwSh
HG_20034 	KwBe	KwDe	KwPi
HG_15099 	CrAm	CuOl	KwBe	KwDe	KwPi	KwSh
HG_20203 	KwBe	KwDe	KwPi	KwSh
HG_20139 	KwBe	KwDe	KwPi	KwSh
HG_15027 	CrAm	CuOl	KwBe	KwDe	KwPi	KwSh
HG_15163 	CrAm	CuOl	KwBe	KwDe	KwPi	KwSh
HG_20170 	KwBe	KwDe	KwPi	KwSh
HG_23958 	KwBe	KwDe	KwPi
HG_16981 	CrAm	KwBe	KwDe	KwPi	KwSh
HG_24018 	KwBe	KwDe	KwPi
HG_14949 	CrAm	CuOl	KwBe	KwDe	KwPi	KwSh
HG_20152 	KwBe	KwDe	KwSh
HG_20088 	CrAm	KwBe	KwDe	KwPi
HG_17041 	KwBe	KwDe	KwPi
HG_14980 	CrAm	CuOl	KwBe	KwDe	KwPi	KwSh
HG_15009 	CrAm	CuOl	KwBe	KwDe	KwPi	KwSh
HG_17146 	CrAm	KwBe	KwDe	KwPi	KwSh
HG_15145 	CrAm	CuOl	KwBe	KwDe	KwPi	KwSh
HG_15040 	CrAm	CuOl	KwBe	KwDe	KwPi	KwSh
HG_16963 	CrAm	KwBe	KwDe	KwPi	KwSh
HG_24031 	KwBe	KwDe	KwPi
HG_14962 	CrAm	KwBe	KwDe	KwPi	KwSh
HG_13705 	CrAm	CuOl	KwBe	KwDe	KwPi	KwSh
HG_17128 	KwBe	KwDe	KwPi
HG_15199 	CrAm	CuOl	KwBe	KwDe	KwPi	KwSh
HG_15022 	CrAm	CuOl	KwBe	KwDe	KwPi	KwSh
HG_17095 	CrAm	KwBe	KwDe	KwPi	KwSh
HG_15127 	CrAm	CuOl	KwBe	KwDe	KwPi	KwSh
HG_15094 	CrAm	CuOl	KwBe	KwDe	KwPi	KwSh
HG_20134 	CrAm	KwBe	KwDe	KwSh
HG_17023 	CrAm	KwBe	KwDe	KwPi	KwSh
HG_23953 	KwBe	KwDe	KwPi
HG_16945 	CuOl	KwBe	KwDe	KwPi	KwSh
HG_24118 	KwBe	KwDe	KwPi
HG_20188 	CrAm	KwBe	KwDe	KwPi
HG_17005 	CuOl	KwBe	KwDe	KwPi	KwSh
HG_24013 	KwBe	KwDe	KwPi
HG_14944 	CrAm	CuOl	KwBe	KwDe	KwPi	KwSh
HG_15004 	CrAm	CuOl	KwBe	KwDe	KwPi	KwSh
HG_17141 	CrAm	KwBe	KwDe	KwPi	KwSh
HG_20011 	KwBe	KwDe	KwPi	KwSh
HG_17077 	KwBe	KwDe	KwSh
HG_15076 	CrAm	CuOl	KwBe	KwDe	KwPi	KwSh
HG_15109 	CrAm	CuOl	KwBe	KwDe	KwPi	KwSh
HG_20083 	KwBe	KwDe	KwPi	KwSh
HG_20116 	KwBe	KwDe	KwPi	KwSh
HG_15245 	CrAm	CuOl	KwBe	KwDe	KwPi	KwSh
HG_15140 	KwBe	KwDe	KwPi	KwSh
HG_14998 	CrAm	CuOl	KwBe	KwDe	KwPi	KwSh
HG_16927 	CrAm	KwBe	KwDe	KwPi	KwSh
HG_16999 	CrAm	KwBe	KwDe	KwPi	KwSh
HG_24067 	KwBe	KwDe	KwPi
HG_14926 	CrAm	CuOl	KwBe	KwDe	KwPi	KwSh
