HG_6982	
DaQue_KZT73437.1	
HG_3688	
DaQue_KZT69422.1	
MaJap_WFD38016.1	
HG_5752	
DaQue_KZT70585.1	DaQue_KZT70656.1	
HG_7681	
DaQue_KZT67700.1	
HG_4258	
DaQue_KZT73969.1	
MaJap_WFD37860.1	
HG_3333	
DaQue_KZT74790.1	
MaJap_WFD39284.1	
HG_6410	
DaQue_KZT73816.1	
HG_9088	
DaQue_KZT74051.1	
HG_4887	
DaQue_KZT66789.1	DaQue_KZT69466.1	DaQue_KZT69467.1	
HG_5004	
DaQue_KZT75034.1	
HG_4120	
DaQue_KZT74326.1	
MaJap_WFD40836.1	
HG_11976	
DaQue_KZT69870.1	
HG_5498	
DaQue_KZT64213.1	DaQue_KZT64214.1	DaQue_KZT68325.1	DaQue_KZT71939.1	DaQue_KZT71943.1	DaQue_KZT73288.1	DaQue_KZT74093.1	
HG_6605	
DaQue_KZT64874.1	
HG_1414	
DaQue_KZT65437.1	DaQue_KZT65479.1	DaQue_KZT65790.1	DaQue_KZT65795.1	
HG_6156	
DaQue_KZT66972.1	
HG_4727	
DaQue_KZT68316.1	
MaJap_WFD39105.1	
HG_3070	
DaQue_KZT72584.1	
HG_2349	
DaQue_KZT65425.1	DaQue_KZT67111.1	DaQue_KZT67117.1	
HG_5555	
DaQue_KZT65490.1	
MaJap_WFD39279.1	
HG_121	
DaQue_KZT63112.1	DaQue_KZT64349.1	DaQue_KZT64370.1	DaQue_KZT65386.1	DaQue_KZT66692.1	DaQue_KZT67453.1	DaQue_KZT68037.1	DaQue_KZT68040.1	DaQue_KZT71773.1	DaQue_KZT71778.1	DaQue_KZT71785.1	DaQue_KZT71788.1	DaQue_KZT71791.1	DaQue_KZT71792.1	DaQue_KZT71838.1	
MaJap_WFD37183.1	MaJap_WFD38257.1	MaJap_WFD39822.1	
HG_9516	
DaQue_KZT73993.1	
HG_4237	
DaQue_KZT64358.1	DaQue_KZT69732.1	DaQue_KZT70056.1	DaQue_KZT72497.1	DaQue_KZT72501.1	
MaJap_WFD41252.1	
HG_5153	
DaQue_KZT74816.1	
HG_3894	
DaQue_KZT72173.1	
MaJap_WFD39456.1	
HG_4181	
DaQue_KZT66020.1	
MaJap_WFD39615.1	
HG_4052	
DaQue_KZT72933.1	
MaJap_WFD37498.1	
HG_245	
DaQue_KZT63926.1	DaQue_KZT66118.1	DaQue_KZT70789.1	DaQue_KZT70790.1	DaQue_KZT70799.1	DaQue_KZT70800.1	DaQue_KZT70801.1	DaQue_KZT70802.1	
HG_3812	
DaQue_KZT71616.1	
MaJap_WFD37962.1	
HG_6449	
DaQue_KZT63970.1	
HG_4593	
DaQue_KZT64198.1	DaQue_KZT64202.1	
MaJap_WFD39961.1	
HG_4964	
DaQue_KZT69008.1	
HG_5122	
DaQue_KZT63305.1	DaQue_KZT71262.1	DaQue_KZT74695.1	DaQue_KZT74711.1	
HG_6852	
DaQue_KZT66123.1	DaQue_KZT66134.1	DaQue_KZT67929.1	DaQue_KZT69320.1	
HG_73	
DaQue_KZT63105.1	DaQue_KZT65512.1	DaQue_KZT65518.1	DaQue_KZT65768.1	DaQue_KZT69027.1	DaQue_KZT73857.1	DaQue_KZT74348.1	
HG_6635	
DaQue_KZT67172.1	
HG_5317	
DaQue_KZT73530.1	DaQue_KZT73550.1	
HG_8347	
DaQue_KZT68470.1	
HG_7158	
DaQue_KZT70070.1	
MaJap_WFD40035.1	
HG_3461	
DaQue_KZT65104.1	
HG_476	
DaQue_KZT69507.1	
HG_6686	
DaQue_KZT68254.1	
HG_5415	
DaQue_KZT64257.1	DaQue_KZT64260.1	DaQue_KZT67059.1	DaQue_KZT67060.1	DaQue_KZT67061.1	DaQue_KZT67064.1	DaQue_KZT67328.1	DaQue_KZT67342.1	DaQue_KZT68041.1	
HG_4484	
DaQue_KZT64679.1	DaQue_KZT64751.1	DaQue_KZT68064.1	DaQue_KZT68551.1	DaQue_KZT68572.1	DaQue_KZT68642.1	DaQue_KZT70601.1	DaQue_KZT74402.1	
HG_7690	
DaQue_KZT71254.1	
MaJap_WFD39471.1	
HG_6331	
DaQue_KZT65998.1	
HG_9361	
DaQue_KZT65074.1	
HG_4902	
DaQue_KZT69759.1	
HG_640	
DaQue_KZT63567.1	DaQue_KZT66041.1	DaQue_KZT66296.1	DaQue_KZT72989.1	
HG_6960	
DaQue_KZT63907.1	
HG_3949	
DaQue_KZT73742.1	
HG_10179	
DaQue_KZT72968.1	
HG_6165	
DaQue_KZT71745.1	
HG_4824	
DaQue_KZT72096.1	
HG_43	
DaQue_KZT63864.1	DaQue_KZT65954.1	DaQue_KZT70895.1	DaQue_KZT70901.1	DaQue_KZT71777.1	DaQue_KZT71787.1	DaQue_KZT71819.1	DaQue_KZT71821.1	DaQue_KZT71841.1	DaQue_KZT72450.1	DaQue_KZT74573.1	DaQue_KZT74585.1	DaQue_KZT74586.1	DaQue_KZT74587.1	DaQue_KZT74588.1	DaQue_KZT74589.1	DaQue_KZT74590.1	DaQue_KZT74591.1	DaQue_KZT74592.1	DaQue_KZT74593.1	
HG_8100	
DaQue_KZT65808.1	DaQue_KZT67480.1	DaQue_KZT70580.1	DaQue_KZT72437.1	DaQue_KZT74525.1	DaQue_KZT75038.1	
HG_5476	
DaQue_KZT75134.1	
MaJap_WFD37846.1	
HG_838	
DaQue_KZT63052.1	DaQue_KZT63609.1	DaQue_KZT64287.1	DaQue_KZT64992.1	DaQue_KZT67470.1	DaQue_KZT67473.1	DaQue_KZT68718.1	DaQue_KZT72870.1	DaQue_KZT73364.1	
HG_8465	
DaQue_KZT72798.1	
HG_4158	
DaQue_KZT64643.1	DaQue_KZT69504.1	
HG_3362	
DaQue_KZT65579.1	
MaJap_WFD40346.1	
HG_3918	
DaQue_KZT63825.1	
HG_306	
DaQue_KZT73036.1	DaQue_KZT74885.1	
HG_6351	
DaQue_KZT69657.1	
HG_5574	
DaQue_KZT65831.1	
MaJap_WFD37572.1	
HG_127	
DaQue_KZT64693.1	DaQue_KZT65427.1	DaQue_KZT65429.1	DaQue_KZT65430.1	DaQue_KZT66610.1	DaQue_KZT66613.1	DaQue_KZT74598.1	
HG_4385	
DaQue_KZT66883.1	
HG_4561	
DaQue_KZT65853.1	DaQue_KZT73035.1	
HG_4297	
DaQue_KZT67104.1	DaQue_KZT70030.1	DaQue_KZT70696.1	
HG_11974	
DaQue_KZT71476.1	
HG_7069	
DaQue_KZT69073.1	
HG_6958	
DaQue_KZT70985.1	
MaJap_WFD39459.1	
HG_4715	
DaQue_KZT73044.1	
HG_8073	
DaQue_KZT74736.1	
HG_3743	
DaQue_KZT66338.1	
MaJap_WFD37396.1	
HG_9369	
DaQue_KZT72552.1	
HG_3470	
DaQue_KZT70830.1	
MaJap_WFD38406.1	
HG_4008	
DaQue_KZT73640.1	
HG_693	
DaQue_KZT65397.1	
HG_996	
DaQue_KZT64432.1	DaQue_KZT64433.1	DaQue_KZT70099.1	DaQue_KZT74804.1	
HG_6195	
DaQue_KZT69309.1	DaQue_KZT70640.1	DaQue_KZT70641.1	
HG_6154	
DaQue_KZT66854.1	
HG_8171	
DaQue_KZT70092.1	
HG_11951	
DaQue_KZT74370.1	
HG_3577	
DaQue_KZT66489.1	
MaJap_WFD40985.1	
HG_6478	
DaQue_KZT66790.1	
HG_10187	
DaQue_KZT72924.1	
HG_521	
DaQue_KZT68301.1	DaQue_KZT68302.1	DaQue_KZT68305.1	
HG_9514	
DaQue_KZT67670.1	
HG_701	
DaQue_KZT67386.1	DaQue_KZT67387.1	DaQue_KZT69380.1	DaQue_KZT69383.1	
HG_5789	
DaQue_KZT73337.1	
HG_4993	
DaQue_KZT69261.1	
MaJap_WFD40726.1	
HG_7007	
DaQue_KZT71502.1	
HG_5965	
DaQue_KZT70963.1	
HG_4952	
DaQue_KZT74625.1	
HG_9477	
DaQue_KZT72771.1	
HG_5129	
DaQue_KZT65664.1	
HG_8464	
DaQue_KZT66048.1	
HG_11969	
DaQue_KZT69841.1	
HG_7492	
DaQue_KZT72109.1	
HG_11285	
DaQue_KZT68972.1	
HG_6262	
DaQue_KZT68937.1	
HG_8876	
DaQue_KZT72440.1	
HG_4745	
DaQue_KZT65617.1	
HG_5485	
DaQue_KZT63465.1	DaQue_KZT69556.1	DaQue_KZT73688.1	DaQue_KZT73689.1	DaQue_KZT73690.1	
HG_5790	
DaQue_KZT68126.1	
HG_8691	
DaQue_KZT71886.1	
HG_393	
DaQue_KZT65249.1	DaQue_KZT65250.1	DaQue_KZT65252.1	DaQue_KZT66070.1	
HG_8474	
DaQue_KZT72157.1	
HG_4302	
DaQue_KZT70230.1	
HG_9858	
DaQue_KZT74394.1	
HG_1508	
DaQue_KZT63813.1	
MaJap_WFD37980.1	
HG_5	
DaQue_KZT64716.1	DaQue_KZT64789.1	DaQue_KZT66303.1	DaQue_KZT66441.1	DaQue_KZT66444.1	DaQue_KZT66511.1	DaQue_KZT66768.1	DaQue_KZT66772.1	DaQue_KZT66829.1	DaQue_KZT66837.1	DaQue_KZT66840.1	DaQue_KZT66841.1	DaQue_KZT66957.1	DaQue_KZT67723.1	DaQue_KZT67952.1	DaQue_KZT68558.1	DaQue_KZT68576.1	DaQue_KZT68579.1	DaQue_KZT68589.1	DaQue_KZT69355.1	DaQue_KZT69356.1	DaQue_KZT69358.1	DaQue_KZT69359.1	DaQue_KZT69364.1	DaQue_KZT69365.1	DaQue_KZT69366.1	DaQue_KZT69367.1	DaQue_KZT69368.1	DaQue_KZT69370.1	DaQue_KZT69371.1	DaQue_KZT69372.1	DaQue_KZT69377.1	DaQue_KZT69378.1	DaQue_KZT69382.1	DaQue_KZT69384.1	DaQue_KZT69389.1	DaQue_KZT69390.1	DaQue_KZT69391.1	DaQue_KZT69394.1	DaQue_KZT69742.1	DaQue_KZT69855.1	DaQue_KZT69861.1	DaQue_KZT70606.1	DaQue_KZT70836.1	DaQue_KZT71079.1	DaQue_KZT71135.1	DaQue_KZT71990.1	DaQue_KZT72683.1	DaQue_KZT72684.1	DaQue_KZT72767.1	DaQue_KZT73493.1	DaQue_KZT74723.1	DaQue_KZT75151.1	
HG_8072	
DaQue_KZT74463.1	
MaJap_WFD38421.1	
HG_10246	
DaQue_KZT64985.1	
HG_7920	
DaQue_KZT69983.1	DaQue_KZT69984.1	
HG_2424	
DaQue_KZT67006.1	DaQue_KZT74040.1	
HG_4353	
DaQue_KZT72575.1	
HG_7125	
DaQue_KZT66816.1	
HG_5093	
DaQue_KZT69605.1	
MaJap_WFD40734.1	
HG_4812	
DaQue_KZT63549.1	DaQue_KZT74439.1	
HG_3711	
DaQue_KZT74516.1	
MaJap_WFD40157.1	
HG_7930	
DaQue_KZT68125.1	
HG_4451	
DaQue_KZT74053.1	DaQue_KZT74513.1	
HG_7311	
DaQue_KZT73851.1	
HG_3174	
DaQue_KZT65471.1	
MaJap_WFD39242.1	
HG_10190	
DaQue_KZT68449.1	
HG_6889	
DaQue_KZT73965.1	
HG_4951	
DaQue_KZT68856.1	
HG_5062	
DaQue_KZT67449.1	
MaJap_WFD38565.1	
HG_6446	
DaQue_KZT69591.1	DaQue_KZT72531.1	
HG_11293	
DaQue_KZT63285.1	
HG_6622	
DaQue_KZT73573.1	
HG_632	
DaQue_KZT63388.1	DaQue_KZT63834.1	DaQue_KZT64883.1	DaQue_KZT64886.1	
HG_5345	
DaQue_KZT64241.1	
HG_8463	
DaQue_KZT66353.1	
HG_5304	
DaQue_KZT71409.1	
HG_7274	
DaQue_KZT69721.1	
HG_7491	
DaQue_KZT74101.1	
MaJap_WFD37318.1	
HG_88	
DaQue_KZT63310.1	DaQue_KZT63311.1	DaQue_KZT63744.1	DaQue_KZT63748.1	DaQue_KZT64885.1	DaQue_KZT64995.1	DaQue_KZT65693.1	DaQue_KZT67182.1	DaQue_KZT67567.1	DaQue_KZT67847.1	DaQue_KZT67848.1	DaQue_KZT67855.1	DaQue_KZT67857.1	DaQue_KZT67858.1	DaQue_KZT67859.1	DaQue_KZT67863.1	DaQue_KZT68314.1	DaQue_KZT69316.1	DaQue_KZT69319.1	DaQue_KZT69327.1	DaQue_KZT69330.1	DaQue_KZT69331.1	DaQue_KZT69333.1	DaQue_KZT70354.1	DaQue_KZT71170.1	DaQue_KZT72299.1	DaQue_KZT73905.1	DaQue_KZT74689.1	DaQue_KZT74690.1	
HG_6132	
DaQue_KZT72548.1	
HG_7774	
DaQue_KZT73026.1	
HG_3596	
DaQue_KZT69268.1	
MaJap_WFD37802.1	
HG_5443	
DaQue_KZT65749.1	DaQue_KZT65756.1	
HG_5179	
DaQue_KZT70959.1	
HG_1400	
DaQue_KZT67129.1	
MaJap_WFD38745.1	
HG_5402	
DaQue_KZT74507.1	
HG_8473	
DaQue_KZT65393.1	
MaJap_WFD41049.1	
HG_3282	
DaQue_KZT69420.1	
MaJap_WFD41295.1	
HG_3370	
DaQue_KZT71580.1	
MaJap_WFD39996.1	
HG_3709	
DaQue_KZT70107.1	
HG_7928	
DaQue_KZT74557.1	DaQue_KZT74567.1	
HG_9857	
DaQue_KZT72984.1	
HG_4883	
DaQue_KZT73168.1	
HG_1419	
DaQue_KZT68306.1	DaQue_KZT70987.1	
HG_17	
DaQue_KZT66191.1	DaQue_KZT66196.1	DaQue_KZT66201.1	DaQue_KZT68358.1	DaQue_KZT73602.1	DaQue_KZT73809.1	DaQue_KZT74931.1	DaQue_KZT74982.1	
HG_5019	
DaQue_KZT74969.1	
MaJap_WFD40972.1	
HG_8266	
DaQue_KZT69176.1	
MaJap_WFD37834.1	
HG_3719	
DaQue_KZT74195.1	
MaJap_WFD38467.1	
HG_4440	
DaQue_KZT68621.1	
HG_10185	
DaQue_KZT74265.1	
HG_6240	
DaQue_KZT71475.1	
HG_5092	
DaQue_KZT69435.1	
HG_5180	
DaQue_KZT64926.1	DaQue_KZT67878.1	DaQue_KZT67882.1	DaQue_KZT67885.1	DaQue_KZT70527.1	
HG_3880	
DaQue_KZT70470.1	
HG_4418	
DaQue_KZT72044.1	DaQue_KZT72045.1	DaQue_KZT72046.1	
HG_7448	
DaQue_KZT65083.1	DaQue_KZT65084.1	
HG_71	
DaQue_KZT67521.1	DaQue_KZT67522.1	DaQue_KZT67523.1	DaQue_KZT70587.1	DaQue_KZT70588.1	DaQue_KZT70590.1	
HG_5334	
DaQue_KZT65400.1	DaQue_KZT66467.1	DaQue_KZT66955.1	DaQue_KZT67962.1	DaQue_KZT67977.1	
HG_5158	
DaQue_KZT73945.1	
HG_3946	
DaQue_KZT67446.1	
HG_5205	
DaQue_KZT71540.1	
HG_7392	
DaQue_KZT63491.1	
HG_3905	
DaQue_KZT74193.1	
MaJap_WFD40388.1	
HG_6888	
DaQue_KZT74731.1	
MaJap_WFD40502.1	
HG_6806	
DaQue_KZT66277.1	
MaJap_WFD38736.1	
HG_10267	
DaQue_KZT73297.1	
HG_7329	
DaQue_KZT68106.1	
HG_4372	
DaQue_KZT64579.1	
MaJap_WFD40720.1	
HG_4928	
DaQue_KZT67011.1	DaQue_KZT67012.1	DaQue_KZT68900.1	
HG_11949	
DaQue_KZT70377.1	
HG_4243	
DaQue_KZT63561.1	DaQue_KZT63563.1	DaQue_KZT67579.1	DaQue_KZT68650.1	
MaJap_WFD39187.1	
HG_4067	
DaQue_KZT73211.1	
MaJap_WFD40975.1	
HG_2767	
DaQue_KZT64065.1	DaQue_KZT68809.1	
HG_3271	
DaQue_KZT64204.1	DaQue_KZT64352.1	DaQue_KZT65344.1	DaQue_KZT65499.1	DaQue_KZT66608.1	DaQue_KZT68356.1	DaQue_KZT68898.1	DaQue_KZT70518.1	DaQue_KZT70896.1	DaQue_KZT72858.1	DaQue_KZT73657.1	
HG_8698	
DaQue_KZT69959.1	
MaJap_WFD38837.1	
HG_334	
DaQue_KZT66544.1	DaQue_KZT71737.1	
HG_6672	
DaQue_KZT66794.1	
HG_6543	
DaQue_KZT65039.1	
HG_10600	
DaQue_KZT69397.1	
HG_5983	
DaQue_KZT66474.1	
MaJap_WFD37767.1	
HG_4970	
DaQue_KZT69162.1	
HG_23	
DaQue_KZT64524.1	DaQue_KZT64786.1	DaQue_KZT66093.1	DaQue_KZT67572.1	DaQue_KZT69973.1	DaQue_KZT70598.1	DaQue_KZT70599.1	DaQue_KZT72300.1	DaQue_KZT72304.1	DaQue_KZT73242.1	DaQue_KZT73268.1	DaQue_KZT73287.1	DaQue_KZT73294.1	DaQue_KZT73374.1	DaQue_KZT73525.1	
HG_7871	
DaQue_KZT65716.1	
HG_3218	
DaQue_KZT63454.1	
MaJap_WFD40905.1	
HG_6600	
DaQue_KZT64050.1	
HG_4480	
DaQue_KZT66051.1	
HG_4222	
DaQue_KZT74151.1	
HG_10208	
DaQue_KZT71304.1	
HG_4892	
DaQue_KZT72082.1	
HG_7488	
DaQue_KZT67371.1	
HG_11278	
DaQue_KZT67343.1	
HG_6346	
DaQue_KZT67549.1	
HG_5286	
DaQue_KZT70152.1	
HG_4490	
DaQue_KZT69300.1	
MaJap_WFD40385.1	
HG_5204	
DaQue_KZT69066.1	
HG_3986	
DaQue_KZT70984.1	
MaJap_WFD39536.1	
HG_8099	
DaQue_KZT70520.1	
HG_7906	
DaQue_KZT72901.1	
MaJap_WFD39779.1	
HG_6629	
DaQue_KZT67902.1	
MaJap_WFD38211.1	
HG_4773	
DaQue_KZT72385.1	DaQue_KZT72386.1	
HG_4861	
DaQue_KZT68889.1	
HG_7328	
DaQue_KZT73948.1	
HG_4025	
DaQue_KZT73966.1	
MaJap_WFD37556.1	
HG_3609	
DaQue_KZT68674.1	
MaJap_WFD39005.1	
HG_4783	
DaQue_KZT65179.1	DaQue_KZT69055.1	
HG_4654	
DaQue_KZT69345.1	DaQue_KZT69346.1	DaQue_KZT75148.1	
HG_3600	
DaQue_KZT72882.1	
HG_388	
DaQue_KZT63114.1	DaQue_KZT63506.1	DaQue_KZT63507.1	DaQue_KZT63508.1	DaQue_KZT63774.1	DaQue_KZT63775.1	DaQue_KZT64504.1	DaQue_KZT64505.1	DaQue_KZT65730.1	DaQue_KZT68377.1	DaQue_KZT68378.1	DaQue_KZT70621.1	DaQue_KZT70622.1	
HG_4381	
DaQue_KZT67479.1	
HG_3965	
DaQue_KZT64422.1	
MaJap_WFD37715.1	
HG_4252	
DaQue_KZT69264.1	
HG_3836	
DaQue_KZT64514.1	
HG_4535	
DaQue_KZT72372.1	
HG_52	
DaQue_KZT64089.1	DaQue_KZT67001.1	DaQue_KZT69534.1	DaQue_KZT70499.1	
HG_8449	
DaQue_KZT73531.1	
HG_10698	
DaQue_KZT71490.1	
HG_9236	
DaQue_KZT68261.1	
HG_781	
DaQue_KZT63704.1	DaQue_KZT63843.1	DaQue_KZT64311.1	DaQue_KZT65099.1	DaQue_KZT66133.1	DaQue_KZT68639.1	DaQue_KZT68640.1	DaQue_KZT68643.1	
HG_11286	
DaQue_KZT71824.1	
HG_4133	
DaQue_KZT70851.1	
HG_4045	
DaQue_KZT68088.1	
MaJap_WFD38236.1	
HG_75	
DaQue_KZT65253.1	DaQue_KZT70700.1	DaQue_KZT71369.1	
HG_855	
DaQue_KZT63650.1	DaQue_KZT65213.1	DaQue_KZT67007.1	DaQue_KZT67013.1	DaQue_KZT67016.1	DaQue_KZT67036.1	DaQue_KZT67618.1	DaQue_KZT70706.1	DaQue_KZT71790.1	DaQue_KZT74620.1	DaQue_KZT74813.1	
HG_9519	
DaQue_KZT70586.1	
HG_4369	
DaQue_KZT75097.1	
MaJap_WFD41270.1	
HG_3661	
DaQue_KZT64049.1	DaQue_KZT64253.1	DaQue_KZT65132.1	DaQue_KZT65133.1	DaQue_KZT65134.1	DaQue_KZT68307.1	DaQue_KZT68313.1	
HG_93	
DaQue_KZT63346.1	DaQue_KZT66300.1	DaQue_KZT68872.1	DaQue_KZT70000.1	DaQue_KZT70541.1	DaQue_KZT73185.1	DaQue_KZT73191.1	DaQue_KZT73708.1	DaQue_KZT73709.1	
HG_6386	
DaQue_KZT70319.1	
HG_9199	
DaQue_KZT74290.1	
HG_6345	
DaQue_KZT63951.1	DaQue_KZT64069.1	DaQue_KZT70037.1	
MaJap_WFD38304.1	
HG_5590	
DaQue_KZT72355.1	
MaJap_WFD38941.1	MaJap_WFD38942.1	
HG_9246	
DaQue_KZT67025.1	
HG_4360	
DaQue_KZT72874.1	
HG_4272	
DaQue_KZT68545.1	DaQue_KZT71814.1	
HG_267	
DaQue_KZT63197.1	DaQue_KZT63925.1	DaQue_KZT64209.1	DaQue_KZT64750.1	DaQue_KZT65264.1	DaQue_KZT66102.1	DaQue_KZT66113.1	DaQue_KZT68719.1	DaQue_KZT68720.1	DaQue_KZT68721.1	DaQue_KZT68722.1	DaQue_KZT69520.1	DaQue_KZT70427.1	
HG_7905	
DaQue_KZT66021.1	
MaJap_WFD40130.1	
HG_11965	
DaQue_KZT71504.1	
HG_6933	
DaQue_KZT64222.1	
MaJap_WFD37452.1	
HG_6160	
DaQue_KZT72330.1	
HG_4379	
DaQue_KZT75080.1	
MaJap_WFD37724.1	
HG_3630	
DaQue_KZT73405.1	
MaJap_WFD41355.1	
HG_7456	
DaQue_KZT70416.1	DaQue_KZT71124.1	
HG_1808	
DaQue_KZT69678.1	
HG_10703	
DaQue_KZT70764.1	
HG_10260	
DaQue_KZT70075.1	
HG_6170	
DaQue_KZT69273.1	
HG_6509	
DaQue_KZT67870.1	
HG_7013	
DaQue_KZT64278.1	
MaJap_WFD38498.1	
HG_7683	
DaQue_KZT72129.1	
HG_4389	
DaQue_KZT72191.1	DaQue_KZT72745.1	
HG_3552	
DaQue_KZT64996.1	
MaJap_WFD37164.1	
HG_5047	
DaQue_KZT64610.1	
HG_5006	
DaQue_KZT64336.1	DaQue_KZT64339.1	DaQue_KZT64593.1	DaQue_KZT69428.1	
HG_4075	
DaQue_KZT66565.1	
HG_9854	
DaQue_KZT67431.1	
HG_63	
DaQue_KZT64334.1	DaQue_KZT64337.1	DaQue_KZT65405.1	DaQue_KZT65757.1	DaQue_KZT67099.1	DaQue_KZT72452.1	DaQue_KZT72456.1	DaQue_KZT73820.1	
HG_4487	
DaQue_KZT72832.1	
HG_4317	
DaQue_KZT72774.1	
HG_11978	
DaQue_KZT73413.1	
HG_6680	
DaQue_KZT65231.1	
HG_915	
DaQue_KZT64796.1	DaQue_KZT65024.1	
HG_5233	
DaQue_KZT69669.1	DaQue_KZT69689.1	DaQue_KZT73982.1	
HG_376	
DaQue_KZT64019.1	
HG_3974	
DaQue_KZT67689.1	
MaJap_WFD37211.1	
HG_4044	
DaQue_KZT66033.1	
MaJap_WFD37856.1	
HG_7033	
DaQue_KZT66138.1	DaQue_KZT67166.1	DaQue_KZT72032.1	DaQue_KZT72512.1	DaQue_KZT74088.1	
HG_130	
DaQue_KZT64818.1	DaQue_KZT64819.1	
HG_11973	
DaQue_KZT71498.1	
HG_10442	
DaQue_KZT66934.1	
HG_4956	
DaQue_KZT69442.1	
HG_786	
DaQue_KZT64513.1	
MaJap_WFD37771.1	
HG_1241	
DaQue_KZT65852.1	
MaJap_WFD37159.1	
HG_10939	
DaQue_KZT65909.1	
HG_11271	
DaQue_KZT72056.1	
HG_843	
DaQue_KZT63476.1	DaQue_KZT63885.1	DaQue_KZT68879.1	DaQue_KZT72469.1	
HG_4208	
DaQue_KZT72782.1	
MaJap_WFD39775.1	
HG_5341	
DaQue_KZT74945.1	
HG_4837	
DaQue_KZT68448.1	
MaJap_WFD39733.1	
HG_6813	
DaQue_KZT70589.1	
HG_5577	
DaQue_KZT64941.1	DaQue_KZT68581.1	DaQue_KZT69395.1	DaQue_KZT72980.1	
HG_8478	
DaQue_KZT72017.1	
MaJap_WFD39628.1	
HG_7770	
DaQue_KZT66992.1	
HG_721	
DaQue_KZT63110.1	
HG_3463	
DaQue_KZT73548.1	
MaJap_WFD38544.1	
HG_11932	
DaQue_KZT73006.1	
HG_8978	
DaQue_KZT75061.1	
HG_1003	
DaQue_KZT64335.1	DaQue_KZT68172.1	DaQue_KZT72230.1	
MaJap_WFD38154.1	
HG_8164	
DaQue_KZT66506.1	
HG_6688	
DaQue_KZT71586.1	
MaJap_WFD40357.1	
HG_74	
DaQue_KZT64160.1	DaQue_KZT64520.1	DaQue_KZT64534.1	DaQue_KZT64731.1	DaQue_KZT64741.1	DaQue_KZT66292.1	DaQue_KZT66420.1	DaQue_KZT67195.1	DaQue_KZT67881.1	DaQue_KZT68273.1	DaQue_KZT70275.1	DaQue_KZT71191.1	DaQue_KZT71192.1	DaQue_KZT72439.1	DaQue_KZT72728.1	DaQue_KZT74104.1	DaQue_KZT74487.1	DaQue_KZT74488.1	DaQue_KZT74490.1	DaQue_KZT74526.1	
HG_9853	
DaQue_KZT71602.1	
HG_8711	
DaQue_KZT74997.1	
HG_3690	
DaQue_KZT68096.1	
MaJap_WFD41271.1	
HG_10268	
DaQue_KZT64107.1	
HG_7475	
DaQue_KZT67793.1	
HG_11284	
DaQue_KZT74377.1	
HG_7299	
DaQue_KZT68171.1	DaQue_KZT68844.1	
HG_97	
DaQue_KZT63182.1	DaQue_KZT64155.1	DaQue_KZT64157.1	DaQue_KZT71212.1	DaQue_KZT71225.1	
HG_1054	
DaQue_KZT70127.1	DaQue_KZT70341.1	DaQue_KZT71913.1	DaQue_KZT71916.1	DaQue_KZT71920.1	DaQue_KZT71922.1	DaQue_KZT71923.1	DaQue_KZT71925.1	
HG_8174	
DaQue_KZT74962.1	
HG_10691	
DaQue_KZT68321.1	
HG_6616	
DaQue_KZT72284.1	
MaJap_WFD40155.1	
HG_5468	
DaQue_KZT75065.1	
HG_11963	
DaQue_KZT74416.1	
HG_4326	
DaQue_KZT64957.1	
HG_6167	
DaQue_KZT74009.1	
HG_5371	
DaQue_KZT73877.1	
HG_7985	
DaQue_KZT68670.1	
HG_7171	
DaQue_KZT63872.1	DaQue_KZT63873.1	DaQue_KZT64589.1	
MaJap_WFD38475.1	
HG_6796	
DaQue_KZT68659.1	
HG_7	
DaQue_KZT63177.1	DaQue_KZT63568.1	DaQue_KZT65561.1	DaQue_KZT65564.1	DaQue_KZT65777.1	DaQue_KZT65817.1	DaQue_KZT65925.1	DaQue_KZT66064.1	DaQue_KZT66222.1	DaQue_KZT66434.1	DaQue_KZT66438.1	DaQue_KZT67042.1	DaQue_KZT67162.1	DaQue_KZT67593.1	DaQue_KZT67595.1	DaQue_KZT68575.1	DaQue_KZT68903.1	DaQue_KZT69640.1	DaQue_KZT69734.1	DaQue_KZT70266.1	DaQue_KZT70833.1	DaQue_KZT71187.1	DaQue_KZT71190.1	DaQue_KZT71211.1	DaQue_KZT71374.1	DaQue_KZT72293.1	DaQue_KZT73444.1	DaQue_KZT73876.1	DaQue_KZT74147.1	DaQue_KZT74148.1	
HG_21	
DaQue_KZT63068.1	DaQue_KZT63719.1	DaQue_KZT64605.1	DaQue_KZT66413.1	DaQue_KZT66802.1	DaQue_KZT67685.1	DaQue_KZT74261.1	
HG_8467	
DaQue_KZT72438.1	
HG_421	
DaQue_KZT71799.1	
HG_315	
DaQue_KZT64434.1	DaQue_KZT64788.1	DaQue_KZT65539.1	DaQue_KZT66130.1	DaQue_KZT69363.1	DaQue_KZT69830.1	DaQue_KZT69831.1	DaQue_KZT69920.1	DaQue_KZT73096.1	DaQue_KZT73175.1	
HG_4748	
DaQue_KZT67503.1	DaQue_KZT70996.1	
MaJap_WFD39190.1	
HG_4192	
DaQue_KZT71898.1	
MaJap_WFD40696.1	
