HG_12410	AuMel_03489 AuMel_07792 AuMel_08949 AuPul_01197 AuPul_01198 AuPul_08912 AuPul_10463 AuTha_08228
HG_27886	AuMel_03972 AuPul_04159
HG_27919	AuMel_05125 AuPul_10397
HG_27814	AuMel_09286 AuPul_05955
HG_27781	AuMel_08018 AuPul_06398
HG_27950	AuMel_06742 AuPul_03216
HG_22699	AuMel_07838 AuPul_06663 AuTha_01169
HG_22932	AuMel_06608 AuPul_03120 AuTha_05757
HG_22868	AuMel_04531 AuPul_02697 AuTha_06726
HG_18805	AuMel_01173 AuMel_08657 AuPul_01937 AuPul_08403
HG_22763	AuMel_01315 AuPul_03732 AuTha_08840
HG_28010	AuPul_02063 AuTha_08021
HG_27763	AuMel_00895 AuPul_00407
HG_27932	AuMel_05609 AuPul_06784
HG_27868	AuMel_03124 AuPul_08565
HG_22914	AuMel_05965 AuPul_07475 AuTha_04703
HG_22881	AuMel_05046 AuPul_10111 AuTha_09174
HG_27914	AuMel_04883 AuPul_09985
HG_27881	AuMel_03788 AuPul_01424
HG_27986	AuPul_00238 AuTha_06554
HG_22968	AuPul_01768 AuPul_03844 AuTha_08834
HG_28046	AuPul_03878 AuTha_08795
HG_22727	AuMel_08351 AuPul_06026 AuTha_01839
HG_22799	AuMel_02213 AuPul_04751 AuTha_01403
HG_22694	AuMel_01258 AuPul_08479 AuTha_03313
HG_22863	AuMel_04343 AuPul_02663 AuTha_06173
HG_27863	AuMel_03077 AuPul_05026
HG_27968	AuMel_07159 AuPul_08114
HG_22709	AuMel_07933 AuPul_06556 AuTha_09730
HG_22676	AuMel_00589 AuPul_00776 AuTha_02292
HG_22845	AuMel_03576 AuPul_01413 AuTha_03743
HG_22981	AuPul_03561 AuPul_05691 AuTha_05216
HG_18854	AuMel_02432 AuPul_05773 AuPul_05948 AuTha_00611
HG_22740	AuMel_08670 AuPul_02024 AuTha_08096
HG_27845	AuMel_02351 AuPul_05716
HG_22794	AuMel_02127 AuPul_04485 AuTha_01594
HG_22827	AuMel_02990 AuPul_05191 AuTha_00810
HG_22963	AuMel_07695 AuPul_08545 AuPul_08546
HG_28041	AuPul_03614 AuTha_09624
HG_8368	AuMel_00162 AuMel_00592 AuMel_00749 AuMel_02453 AuMel_03158 AuMel_06239 AuMel_06296 AuMel_06331 AuMel_07654 AuPul_00770 AuPul_07507 AuPul_07510 AuPul_08734 AuPul_09428 AuTha_01809 AuTha_02307 AuTha_02600 AuTha_04411
HG_12423	AuMel_01703 AuPul_04216 AuPul_04217 AuPul_04218 AuPul_04219 AuPul_04220 AuTha_08426 AuTha_08427
HG_27827	AuMel_01961 AuPul_04600
HG_27899	AuMel_04380 AuPul_10581
HG_27794	AuMel_08531 AuPul_01810
HG_27963	AuMel_07123 AuPul_00051
HG_22945	AuMel_07017 AuPul_03378 AuTha_05276
HG_18818	AuMel_08153 AuPul_06227 AuTha_02111 AuTha_02112
HG_28095	AuPul_09079 AuTha_07706
HG_22776	AuMel_01673 AuPul_04420 AuTha_01554
HG_22671	AuMel_00513 AuPul_00869 AuTha_03144
HG_16407	AuMel_05119 AuMel_07893 AuPul_05901 AuPul_10391 AuTha_08271
HG_22840	AuMel_03420 AuPul_01526 AuTha_03823
HG_13357	AuMel_08260 AuMel_08261 AuMel_08318 AuPul_06302 AuPul_06303 AuTha_02056 AuTha_02057
HG_27840	AuMel_02309 AuPul_05650
HG_27776	AuMel_07872 AuPul_06418
HG_27809	AuMel_09245 AuPul_05884
HG_27945	AuMel_06382 AuPul_10539
HG_22758	AuMel_09276 AuPul_05919 AuTha_09955
HG_22894	AuMel_05407 AuPul_07803 AuTha_06687
HG_22927	AuMel_06391 AuPul_03004 AuTha_05696
HG_28077	AuPul_07520 AuTha_09295
HG_22822	AuMel_02714 AuPul_05082 AuPul_05144
HG_16525	AuPul_05136 AuPul_06095 AuPul_06440 AuTha_04794 AuTha_08124
HG_16492	AuMel_06655 AuPul_03021 AuPul_03198 AuTha_05734 AuTha_05752
HG_27999	AuPul_00943 AuTha_02855
HG_13370	AuMel_02337 AuMel_02338 AuPul_05694 AuPul_05695 AuPul_05697 AuPul_05698 AuPul_05699
HG_27894	AuMel_04271 AuPul_02808
HG_27927	AuMel_05502 AuPul_07694
HG_27822	AuMel_01604 AuPul_04068
HG_27758	AuMel_00062 AuTha_10001
HG_28059	AuPul_05726 AuTha_07971
HG_22909	AuMel_05845 AuPul_03663 AuTha_08532
HG_22876	AuMel_04751 AuPul_02549 AuTha_00105
HG_18885	AuMel_04890 AuPul_03899 AuPul_09978 AuTha_09007
HG_28090	AuPul_08691 AuTha_06143
HG_22804	AuMel_02356 AuPul_05723 ExVis_KAI1627822.1
HG_22771	AuMel_01552 AuPul_04005 AuTha_08567
HG_22940	AuMel_06911 AuPul_03659 AuTha_05321
HG_16474	AuMel_05282 AuMel_05283 AuMel_05285 AuPul_07845 AuPul_07846
HG_13352	AuMel_07880 AuPul_06409 AuPul_06410 AuPul_06411 AuPul_06630 AuPul_06631 AuTha_01151
HG_27804	AuMel_09218 AuPul_05841
HG_27876	AuMel_03488 AuPul_09559
HG_27909	AuMel_04746 AuPul_02543
HG_27771	AuMel_07761 AuPul_06653
HG_22858	AuMel_04150 AuPul_10754 AuTha_07062
HG_27940	AuMel_05855 AuPul_07137
HG_22922	AuMel_06257 AuPul_05509 AuPul_05511
HG_28000	AuPul_01067 AuTha_02693
HG_28072	AuPul_06900 AuTha_04973
HG_22753	AuMel_07645 AuMel_09233 AuPul_05873
HG_22689	AuMel_01091 AuPul_00282 AuTha_03005
HG_14591	AuMel_02285 AuMel_03997 AuPul_02317 AuPul_05342 AuPul_05924 AuPul_09859
HG_16456	AuMel_03498 AuPul_01544 AuPul_10723 AuTha_01298 AuTha_03894
HG_27858	AuMel_02837 AuPul_04871
HG_27922	AuMel_05286 AuPul_07844
HG_22735	AuMel_08609 AuPul_02197 AuTha_08069
HG_22871	AuMel_04618 AuPul_02379 AuTha_00012
HG_22904	AuMel_05666 AuPul_06754 AuTha_04823
HG_18849	AuMel_02254 AuMel_05392 AuTha_00464 AuTha_09380
HG_28054	AuPul_04780 AuTha_03457
HG_18880	AuMel_04641 AuPul_02436 AuPul_04254 AuPul_04255
HG_12436	AuMel_03345 AuMel_07524 AuPul_07920 AuPul_08111 AuTha_03621 AuTha_05233 AuTha_05309 AuTha_09118
HG_27976	AuMel_07614 AuPul_08600
HG_27904	AuMel_04560 AuPul_02623
HG_27871	AuMel_03273 AuPul_01458
HG_22958	AuMel_07445 AuPul_08739 AuTha_06096
HG_28036	AuPul_02666 AuTha_06169
HG_22717	AuMel_08171 AuPul_06145 AuTha_09637
HG_22853	AuMel_03789 AuPul_01423 AuTha_07241
HG_22789	AuMel_01904 AuPul_04384 AuTha_01694
HG_18862	AuMel_03168 AuMel_05531 AuPul_04790 AuTha_02338
HG_28100	AuPul_09487 AuTha_02540
HG_22684	AuMel_00969 AuPul_08175 AuPul_08176
HG_27853	AuMel_02688 AuPul_04929
HG_27789	AuMel_08338 AuPul_06057
HG_27958	AuMel_07039 AuPul_03560
HG_22835	AuMel_03292 AuPul_01641 AuTha_03811
HG_28018	AuPul_02309 AuTha_08923
HG_22730	AuMel_02251 AuMel_08428 AuPul_09219
HG_22666	AuMel_00289 AuPul_01222 AuPul_01242
HG_27835	AuMel_02207 AuPul_04711
HG_27971	AuMel_07268 AuPul_00256
HG_18898	AuMel_05508 AuPul_02637 AuPul_07696 AuPul_07697
HG_22817	AuMel_02542 AuPul_05532 AuTha_00844
HG_22712	AuMel_07998 AuPul_06627 AuTha_01134
HG_22784	AuMel_01830 AuPul_04200 AuTha_01637
HG_22953	AuMel_07249 AuPul_08129 AuTha_06482
HG_18962	AuPul_08408 AuPul_08412 AuPul_08439 AuTha_05476
HG_13365	AuMel_01919 AuMel_01920 AuMel_01921 AuPul_04642 AuPul_04643 AuTha_01443 AuTha_01444
HG_27817	AuMel_01323 AuTha_08849
HG_27953	AuMel_06913 AuTha_00467
HG_27889	AuMel_04124 AuPul_10862
HG_27784	AuMel_08212 AuPul_06102
HG_22935	AuMel_06758 AuPul_03042 AuTha_05599
HG_18808	AuMel_07764 AuMel_08586 AuPul_08605 AuPul_08607
HG_28013	AuPul_02095 AuTha_07861
HG_28085	AuPul_07858 AuTha_06753
HG_22830	AuMel_03076 AuPul_05027 AuTha_00795
HG_22766	AuMel_01348 AuPul_03777 AuTha_08521
HG_22661	AuMel_00112 AuPul_09488 AuTha_02539
HG_27830	AuMel_02099 AuPul_04579
HG_27766	AuMel_00976 AuPul_00266
HG_27935	AuMel_05639 AuPul_06772
HG_22812	AuMel_02452 AuPul_05629 AuTha_00529
HG_22884	AuMel_05158 AuPul_07993 AuTha_07110
HG_22917	AuMel_06018 AuPul_06966 AuTha_04902
HG_28131	AuTha_04356 ExVis_KAI1629936.1
HG_28067	AuPul_06350 AuTha_09798
HG_18821	AuMel_05155 AuMel_05156 AuMel_08430 AuPul_07996
HG_16410	AuMel_02241 AuMel_02844 AuMel_08126 AuPul_04721 AuPul_06289
HG_27917	AuMel_05122 AuPul_10394
HG_27884	AuMel_03954 AuPul_09638
HG_22697	AuMel_07820 AuPul_06458 AuTha_09929
HG_22866	AuMel_04425 AuPul_02900 AuTha_00203
HG_22930	AuMel_06561 AuPul_03323 AuTha_05446
HG_27930	AuMel_05541 AuTha_07901
HG_27761	AuMel_00861 AuPul_00568
HG_22848	AuMel_03680 AuPul_01440 AuTha_03960
HG_18857	AuMel_02722 AuMel_03506 AuPul_04934 AuTha_03668
HG_22679	AuMel_00744 AuPul_00396 AuTha_01931
HG_22912	AuMel_05923 AuPul_07081 AuTha_02444
HG_22743	AuMel_08769 AuPul_02127 AuTha_07844
HG_14581	AuMel_06298 AuMel_08961 AuPul_07534 AuPul_08900 AuTha_04402 AuTha_06899
HG_27912	AuMel_04832 AuPul_09933
HG_27848	AuMel_02455 AuPul_05581
HG_27984	AuPul_00128 AuTha_06500
HG_18839	AuMel_01518 AuMel_01519 AuPul_03819 AuPul_03821
HG_22725	AuMel_08337 AuPul_06056 AuTha_02055
HG_22692	AuMel_01216 AuPul_08221 AuTha_03176
HG_22797	AuMel_02189 AuMel_04798 AuPul_00031
HG_16428	AuMel_09224 AuMel_09225 AuPul_05848 AuPul_05849 AuPul_05850
HG_7569	AuMel_00249 AuMel_00250 AuMel_02903 AuMel_03003 AuMel_08425 AuMel_08514 AuMel_08515 AuPul_00561 AuPul_00957 AuPul_01780 AuPul_01785 AuPul_01786 AuPul_01788 AuPul_01789 AuPul_01793 AuPul_04101 AuPul_05945 AuPul_05946 AuPul_07683 AuPul_07767 AuTha_03159 AuTha_09964
HG_27797	AuMel_08807 AuPul_02265
HG_27966	AuMel_07152 AuPul_08123
HG_22948	AuMel_07129 AuPul_00158 AuTha_06405
HG_18957	AuPul_06046 AuPul_06047 AuTha_01890 AuTha_01891
HG_27861	AuMel_03035 AuPul_05043
HG_22674	AuMel_00575 AuPul_00886 AuTha_03119
HG_22707	AuMel_07928 AuPul_06561 AuTha_09725
HG_22843	AuMel_03487 AuPul_04738 AuPul_09556
HG_22779	AuMel_01747 AuPul_04261 AuTha_01614
HG_12408	AuMel_05370 AuMel_07754 AuPul_01594 AuPul_02246 AuPul_02373 AuPul_06669 AuTha_01190 AuTha_02641
HG_27843	AuMel_02347 AuPul_05711
HG_27948	AuMel_06643 AuPul_03213
HG_18939	AuPul_02132 AuPul_02133 AuPul_02134 AuTha_09322
HG_22825	AuMel_02834 AuPul_07755 AuTha_00429
HG_22897	AuMel_05545 AuTha_07899 AuTha_09076
HG_22792	AuMel_02074 AuPul_04555 AuTha_01477
HG_22720	AuMel_08271 AuPul_06197 AuTha_01979
HG_16390	AuMel_00782 AuMel_05100 AuPul_00350 AuPul_10275 AuTha_09598
HG_10115	AuMel_07633 AuTha_06057 AuTha_06058 AuTha_06059 AuTha_06060 AuTha_06062 AuTha_06063 AuTha_06064 AuTha_06065 AuTha_06066 AuTha_06069 AuTha_06070
HG_27825	AuMel_01661 AuPul_04165
HG_27792	AuMel_08489 AuPul_01879
HG_27961	AuMel_07112 AuPul_00023
HG_27897	AuMel_04372 AuPul_02913
HG_18888	AuMel_04984 AuPul_10153 AuTha_01902 AuTha_08173
HG_22807	AuMel_02417 AuPul_05639 AuTha_00617
HG_22943	AuMel_06999 AuPul_03364 AuTha_05374
HG_22879	AuMel_05003 AuPul_10028 AuTha_09036
HG_28093	AuPul_08868 AuTha_07507
HG_22702	AuMel_07866 AuPul_06645 AuTha_01192
HG_22774	AuMel_01637 AuPul_04104 AuPul_04105
HG_11628	AuMel_04163 AuMel_09237 AuMel_09238 AuMel_09239 AuPul_02725 AuPul_04664 AuPul_04700 AuPul_05867 AuTha_00120
HG_16477	AuMel_05406 AuPul_07804 AuPul_07807 AuPul_07967 AuTha_09492
HG_27807	AuMel_09236 AuPul_05868
HG_27774	AuMel_07809 AuPul_06422
HG_27943	AuMel_06136 AuPul_07398
HG_27879	AuMel_03682 AuPul_09803
HG_18934	AuPul_00801 AuPul_00802 AuPul_00804 AuTha_02299
HG_22925	AuMel_06365 AuPul_10548 AuTha_05770
HG_28075	AuPul_07272 AuTha_04520
HG_22820	AuMel_02650 AuPul_05249 AuTha_00880
HG_22892	AuMel_05294 AuPul_07848 AuTha_06759
HG_27925	AuMel_05408 AuPul_07802
HG_27820	AuMel_01516 AuPul_03826
HG_22907	AuMel_05816 AuPul_06909 AuTha_04991
HG_27892	AuMel_04245 AuPul_02730
HG_22874	AuMel_04748 AuPul_02170 AuPul_02544
HG_28057	AuPul_05150 AuTha_00946
HG_27979	AuMel_07698 AuPul_08552
HG_27907	AuMel_04728 AuPul_02519
HG_27874	AuMel_03442 AuPul_01568
HG_28103	AuPul_09685 AuTha_04138
HG_22687	AuMel_01073 AuPul_00302 AuTha_09511
HG_22920	AuMel_06202 AuPul_07388 AuTha_04432
HG_22856	AuMel_04096 AuPul_10765 AuTha_07052
HG_22992	AuPul_05871 AuTha_09993 AuTha_09997
HG_28070	AuPul_06832 AuTha_04766
HG_22751	AuMel_09172 AuPul_08264 AuPul_10407
HG_27920	AuMel_05173 AuPul_07907
HG_27856	AuMel_02723 AuPul_04933
HG_27992	AuPul_00518 AuTha_01919
HG_22838	AuMel_03390 AuPul_01677 AuTha_03875
HG_18847	AuMel_02211 AuPul_00030 AuPul_04718 AuPul_07119
HG_22669	AuMel_00485 AuPul_09484 AuTha_02881
HG_22902	AuMel_05611 AuPul_06788 AuTha_04982
HG_28052	AuPul_04435 AuTha_01722
HG_14604	AuMel_03967 AuPul_03463 AuPul_03464 AuPul_04714 AuPul_05881 AuPul_10546
HG_13386	AuMel_05413 AuMel_05417 AuMel_07640 AuMel_07644 AuTha_06053 AuTha_06516 AuTha_07274
HG_27902	AuMel_04452 AuPul_02744
HG_27838	AuMel_02219 AuPul_04749
HG_27974	AuMel_07491 AuPul_08671
HG_22787	AuMel_01860 AuPul_04284 AuTha_08408
HG_22956	AuMel_07361 AuPul_09119 AuTha_07741
HG_22682	AuMel_00951 AuPul_08154 AuTha_02913
HG_22715	AuMel_08022 AuPul_06403 AuTha_08353
HG_22851	AuMel_03719 AuPul_01332 AuTha_03694
HG_16418	AuMel_08882 AuPul_01909 AuPul_02342 AuTha_05957 AuTha_09253
HG_12416	AuMel_02170 AuMel_02747 AuMel_02786 AuMel_07106 AuMel_09075 AuMel_09255 AuPul_05259 AuPul_05373
HG_13368	AuMel_02276 AuPul_01601 AuPul_03221 AuPul_03786 AuPul_06731 AuPul_08522 AuTha_07402
HG_27787	AuMel_08224 AuPul_06082
HG_27956	AuMel_06990 AuPul_03422
HG_22769	AuMel_01521 AuPul_03845 AuPul_04864
HG_27851	AuMel_02557 AuPul_05471
HG_22938	AuMel_06850 AuPul_03247 AuTha_05268
HG_22664	AuMel_00235 AuPul_06290 AuPul_06370
HG_22833	AuMel_03144 AuPul_04823 AuTha_03438
HG_18842	AuMel_01807 AuPul_01838 AuPul_06072 AuTha_09077
HG_13381	AuMel_04339 AuMel_04516 AuPul_02658 AuPul_02678 AuTha_06178 AuTha_06855 AuTha_06866
HG_27769	AuMel_01231 AuPul_08233
HG_27938	AuMel_05772 AuPul_06878
HG_27833	AuMel_02202 AuPul_04708
HG_22782	AuMel_01816 AuPul_04181 AuTha_08743
HG_22815	AuMel_02479 AuPul_05564 AuTha_07307
HG_22951	AuMel_07224 AuPul_00151 AuTha_06345
HG_22887	AuMel_05198 AuPul_10384 AuPul_10385
HG_18824	AuMel_08575 AuMel_08583 AuPul_02146 AuPul_02147
HG_22710	AuMel_07989 AuPul_06486 AuPul_06492
HG_27887	AuMel_03983 AuPul_09823
HG_27815	AuMel_09296 AuPul_07821
HG_27782	AuMel_08051 AuPul_06374
HG_22869	AuMel_04554 AuPul_02752 AuTha_00376
HG_27951	AuMel_06778 AuTha_05404
HG_22933	AuMel_06676 AuPul_03123 AuTha_05691
HG_28011	AuPul_02069 AuTha_07929
HG_13345	AuMel_00118 AuMel_00234 AuMel_00236 AuPul_09463 AuPul_09468 AuPul_09469 AuTha_06983
HG_27764	AuMel_00955 AuPul_08158
HG_27933	AuMel_05613 AuPul_06790
HG_27869	AuMel_03199 AuPul_04763
HG_28065	AuPul_06100 AuTha_01847
HG_22746	AuMel_09015 AuPul_09102 AuTha_07523
HG_22882	AuMel_05049 AuPul_10114 AuTha_09177
HG_22915	AuMel_06002 AuPul_07197 AuTha_04918
HG_22810	AuMel_02440 AuPul_05767 AuTha_00610
HG_14617	AuMel_06301 AuTha_04029 ExVis_KAI1619919.1 ExVis_KAI1621384.1 ExVis_KAI1621743.1 ExVis_KAI1627944.1
HG_16480	AuMel_05657 AuMel_05672 AuPul_06808 AuPul_06809 AuPul_06849
HG_27810	AuMel_09259 AuPul_09845
HG_27882	AuMel_03826 AuPul_01183
HG_27641	AuPul_08193 AuTha_02775
HG_22728	AuMel_08380 AuPul_05990 AuTha_01869
HG_22864	AuMel_04381 AuPul_10579 AuTha_00138
HG_28047	AuPul_04180 AuTha_08744
HG_22695	AuMel_01276 AuPul_08373 AuTha_02433
HG_18801	AuMel_01013 AuMel_05409 AuPul_00619 AuTha_02379
HG_16462	AuMel_04266 AuPul_02813 AuPul_03019 AuPul_10242 AuTha_00347
HG_27969	AuMel_07170 AuPul_08101
HG_27864	AuMel_03096 AuPul_04897
HG_22846	AuMel_03618 AuPul_01438 AuTha_03958
HG_22677	AuMel_00715 AuPul_00634 AuTha_02124
HG_22910	AuMel_05847 AuPul_07124 AuTha_05062
HG_22828	AuMel_03004 AuPul_04956 AuTha_00911
HG_27910	AuMel_04769 AuPul_09972
HG_27846	AuMel_02372 AuPul_05739
HG_22795	AuMel_02130 AuPul_04473 AuTha_01584
HG_28042	AuPul_03662 AuTha_04412
HG_22723	AuMel_08330 AuPul_06310 AuTha_02049
HG_22659	AuMel_00006 AuPul_09252 AuTha_06631
HG_22690	AuMel_01101 AuPul_08330 AuTha_02987
HG_14561	AuMel_01016 AuMel_08393 AuPul_00615 AuPul_01744 AuPul_08454 AuTha_07218
HG_27828	AuMel_01978 AuPul_04441
HG_27964	AuMel_07134 AuPul_00156
HG_27795	AuMel_08664 AuTha_07312
HG_22705	AuMel_07910 AuPul_06597 AuTha_08358
HG_22841	AuMel_03432 AuPul_01560 AuTha_03555
HG_22777	AuMel_01727 AuPul_04237 AuTha_01518
HG_22946	AuMel_07026 AuPul_03609 AuTha_05578
HG_18786	AuMel_00268 AuPul_00975 AuPul_01266 ExVis_KAI1626323.1
HG_28024	AuPul_10261 AuTha_00560
HG_18955	AuPul_05170 AuTha_06340 AuTha_06341 AuTha_06721
HG_22672	AuMel_00520 AuPul_00862 AuTha_02632
HG_27777	AuMel_07886 AuPul_06598
HG_27946	AuMel_06576 AuPul_03074
HG_27841	AuMel_02328 AuPul_05673
HG_28006	AuPul_01699 AuTha_03795
HG_28078	AuPul_07581 AuTha_04956
HG_22823	AuMel_02724 AuPul_05076 AuTha_00657
HG_22759	AuMel_09289 AuPul_09914 AuTha_00036
HG_22928	AuMel_06456 AuPul_10587 AuTha_05504
HG_22895	AuMel_05500 AuPul_07676 AuTha_07076
HG_22790	AuMel_01933 AuPul_03769 AuPul_10295
HG_13371	AuMel_02353 AuMel_05174 AuMel_05675 AuPul_06846 AuPul_07383 AuPul_07908 AuTha_05044
HG_16421	AuMel_09036 AuPul_00219 AuPul_08393 AuTha_03877 AuTha_06431
HG_16493	AuMel_06667 AuPul_03353 AuTha_05562 ExVis_KAI1622361.1 ExVis_KAI1623294.1
HG_27928	AuMel_05506 AuPul_07682
HG_27823	AuMel_01605 AuPul_10316
HG_27759	AuMel_00150 AuPul_09441
HG_27895	AuMel_04367 AuPul_04764
HG_22805	AuMel_02375 AuPul_05583 AuTha_07302
HG_27790	AuMel_08347 AuPul_06023
HG_22877	AuMel_04859 AuPul_10085 AuTha_09048
HG_18886	AuMel_04908 AuMel_04909 AuPul_09989 AuTha_09033
HG_22772	AuMel_01555 AuPul_04017 AuTha_08576
HG_22941	AuMel_06912 AuPul_03660 AuTha_05322
HG_18814	AuMel_05419 AuMel_06656 AuMel_07908 AuTha_05740
HG_22700	AuMel_07848 AuPul_06639 AuTha_01207
HG_28091	AuPul_08746 AuTha_02400
HG_16475	AuMel_05307 AuPul_02359 AuPul_10309 AuTha_09100 AuTha_09412
HG_23001	AuPul_08949 AuTha_02283 AuTha_07739
HG_27877	AuMel_03552 AuPul_01353
HG_27772	AuMel_07795 AuPul_06421
HG_22859	AuMel_04262 AuPul_02816 AuTha_00344
HG_22995	AuPul_07024 AuPul_07026 AuTha_04858
HG_22754	AuMel_02204 AuMel_09240 AuPul_05878
HG_22890	AuMel_05238 AuPul_10120 AuTha_09183
HG_22923	AuMel_06322 AuPul_07568 AuTha_09815
HG_22513	AuMel_03066 AuPul_04994 AuTha_07355
HG_14592	AuMel_02444 AuMel_02449 AuPul_05618 AuPul_05761 AuTha_00530 AuTha_07367
HG_27923	AuMel_05287 AuPul_07843
HG_27859	AuMel_02870 AuPul_05099
HG_27995	AuPul_00632 AuTha_02122
HG_27890	AuMel_04169 AuPul_02718
HG_18881	AuMel_04659 AuPul_02399 AuPul_05184 AuTha_00190
HG_18914	AuMel_06861 AuPul_03231 AuPul_04070 AuTha_05261
HG_28055	AuPul_04784 AuTha_03461
HG_22800	AuMel_02220 AuPul_04748 AuTha_01407
HG_22736	AuMel_08615 AuPul_02202 AuTha_09261
HG_22905	AuMel_05780 AuPul_06868 AuTha_04787
HG_22872	AuMel_04646 AuPul_02428 AuTha_00272
HG_27905	AuMel_04582 AuPul_02527
HG_27977	AuMel_07618 AuPul_08593
HG_27800	AuMel_08881 AuPul_02345
HG_27872	AuMel_03282 AuPul_01625
HG_22959	AuMel_07453 AuPul_08720 AuTha_06104
HG_22718	AuMel_08175 AuPul_06149 AuTha_09641
HG_22854	AuMel_03968 AuPul_09664 AuPul_09824
HG_28101	AuPul_09514 AuTha_02864
HG_22685	AuMel_01006 AuPul_00628 AuTha_02702
HG_14556	AuMel_00590 AuMel_00591 AuPul_00771 AuPul_00775 AuTha_02303 AuTha_02309
HG_27990	AuPul_00418 AuTha_09493
HG_27959	AuMel_07047 AuPul_03681
HG_27854	AuMel_02689 AuPul_04930
HG_28019	AuPul_09954 AuTha_08950
HG_22836	AuMel_03339 AuPul_01478 AuTha_03838
HG_22972	AuPul_10835 AuTha_05939 AuTha_07016
HG_28050	AuPul_04260 AuTha_01613
HG_22731	AuMel_08452 AuPul_01818 AuTha_08008
HG_22667	AuMel_00303 AuPul_00821 AuTha_02714
HG_16434	AuMel_01584 AuPul_04045 AuPul_04046 AuTha_04030 AuTha_05762
HG_27900	AuMel_04383 AuPul_10577
HG_27836	AuMel_02209 AuTha_01395
HG_27972	AuMel_07388 AuPul_09027
HG_22954	AuMel_07264 AuPul_00055 AuTha_06360
HG_18827	AuMel_08715 AuPul_02173 AuPul_02174 AuTha_08137
HG_18899	AuMel_05509 AuPul_07716 AuTha_07073 AuTha_07074
HG_28137	AuTha_05729 ExVis_KAI1619416.1
HG_22818	AuMel_02550 AuPul_05481 AuTha_09372
HG_18794	AuMel_00722 AuPul_00451 AuPul_00453 AuTha_02134
HG_28032	AuPul_10821 AuTha_05255
HG_22713	AuMel_08006 AuPul_06619 AuTha_04935
HG_22680	AuMel_00890 AuPul_00412 AuTha_02287
HG_22785	AuMel_01840 AuPul_04211 AuTha_01861
HG_27818	AuMel_01326 AuTha_00259
HG_27785	AuMel_08218 AuPul_06089
HG_27954	AuMel_06927 AuPul_03622
HG_18809	AuMel_07796 AuMel_08990 AuPul_06430 AuTha_01224
HG_28086	AuPul_07919 AuTha_09107
HG_22662	AuMel_00119 AuMel_07103 AuTha_04589
HG_22831	AuMel_03090 AuPul_04889 AuTha_03455
HG_22767	AuMel_01367 AuPul_03842 AuTha_08509
HG_28014	AuPul_02159 AuTha_08140
HG_27936	AuMel_05668 AuPul_06853
HG_27767	AuMel_01136 AuPul_08322
HG_18894	AuMel_05421 AuPul_07744 AuPul_08726 AuTha_03663
HG_22749	AuMel_09113 AuPul_08048 AuTha_06261
HG_22885	AuMel_05161 AuPul_07990 AuTha_07107
HG_18822	AuMel_08530 AuPul_01809 AuPul_06230 AuTha_08024
HG_22780	AuMel_01787 AuPul_04323 AuTha_08347
HG_27749	AuPul_00587 AuTha_07900
HG_27918	AuMel_05124 AuPul_10396
HG_27813	AuMel_09275 AuPul_05923
HG_22698	AuMel_07822 AuPul_06460 AuTha_01098
HG_22931	AuMel_06593 AuPul_03187 AuTha_05725
HG_28081	AuPul_07792 AuTha_06668
HG_22762	AuMel_09308 AuPul_05936 AuTha_03219
HG_16465	AuMel_04478 AuPul_02852 AuPul_02853 AuPul_02854 AuTha_00360
HG_27762	AuMel_00878 AuPul_00428
HG_27931	AuMel_05569 AuPul_07591
HG_22913	AuMel_05958 AuPul_07466 AuTha_04512
HG_22744	AuMel_08820 AuPul_02299 AuTha_07952
HG_22880	AuMel_05028 AuPul_10156 AuTha_09069
HG_27913	AuMel_04873 AuPul_10015
HG_27849	AuMel_02488 AuTha_08879
HG_27985	AuPul_00215 AuTha_06559
HG_27880	AuMel_03720 AuPul_01330
HG_22798	AuMel_02195 AuPul_09191 AuTha_01347
HG_28045	AuPul_03831 AuTha_08696
HG_22726	AuMel_08346 AuPul_06022 AuTha_01841
HG_22693	AuMel_01237 AuPul_08240 AuTha_09610
HG_22862	AuMel_04311 AuPul_02762 AuTha_00255
HG_13379	AuMel_04019 AuMel_05032 AuMel_05310 AuPul_10096 AuPul_10310 AuTha_08245 AuTha_09104
HG_27798	AuMel_08809 AuPul_02263
HG_27967	AuMel_07157 AuPul_08116
HG_28099	AuPul_09369 ExVis_KAI1621742.1
HG_22949	AuMel_07140 AuPul_00235 AuTha_06425
HG_22675	AuMel_00576 AuPul_00887 AuTha_03118
HG_22708	AuMel_07929 AuPul_06560 AuTha_09726
HG_22844	AuMel_03556 AuPul_09576 AuTha_03654
HG_28027	AuPul_10562 AuTha_04244
HG_11665	AuPul_05483 AuTha_00649 AuTha_00678 AuTha_01927 AuTha_01953 AuTha_04418 AuTha_05451 AuTha_06007 AuTha_09861
HG_16442	AuMel_02343 AuMel_02344 AuPul_05707 AuPul_05708 AuPul_05709
HG_27949	AuMel_06717 AuPul_03480
HG_27844	AuMel_02350 AuPul_05713
HG_27980	AuMel_07710 AuPul_08572
HG_22826	AuMel_02867 AuPul_05096 AuTha_03268
HG_22793	AuMel_02086 AuPul_04567 AuTha_01458
HG_22962	AuMel_07658 AuPul_08711 AuTha_06111
HG_18835	AuMel_09230 AuPul_05854 AuPul_05855 AuPul_08973
HG_28040	AuPul_03500 AuTha_05655
HG_22721	AuMel_08320 AuPul_06053 AuPul_06055
HG_16496	AuMel_06928 AuMel_06929 AuMel_06930 AuPul_03569 AuTha_06751
HG_10493	AuMel_01525 AuMel_03808 AuMel_05629 AuMel_08864 AuPul_01833 AuTha_04004 AuTha_07888 AuTha_07889 AuTha_07890 AuTha_07909 AuTha_07910
HG_27898	AuMel_04376 AuPul_09145
HG_27826	AuMel_01876 AuTha_08398
HG_27793	AuMel_08500 AuPul_01892
HG_27962	AuMel_07122 AuPul_00050
HG_22944	AuMel_07006 AuPul_03368 AuTha_05377
HG_28094	AuPul_08899 AuTha_07630
HG_22808	AuMel_02425 AuPul_05630 AuTha_07295
HG_22775	AuMel_01654 AuPul_04129 AuTha_08468
HG_18784	AuMel_00145 AuMel_00146 AuPul_09289 AuTha_02491
HG_28022	AuPul_10186 AuTha_09156
HG_22703	AuMel_07879 AuPul_06408 AuTha_01152
HG_22670	AuMel_00494 AuPul_00841 AuTha_02889
HG_27808	AuMel_09244 AuPul_05883
HG_27775	AuMel_07824 AuPul_06462
HG_27944	AuMel_06346 AuTha_01350
HG_28109	AuTha_08207 ExVis_KAI1629482.1
HG_28076	AuPul_07338 AuTha_04618
HG_22757	AuMel_07486 AuMel_09254 AuPul_08676
HG_22926	AuMel_06389 AuPul_03006 AuTha_05830
HG_22893	AuMel_05295 AuPul_07849 AuTha_06760
HG_18830	AuMel_09047 AuPul_00204 AuPul_00205 AuTha_06326
HG_28004	AuPul_01579 AuTha_03882
HG_16524	AuPul_04669 AuPul_05865 AuPul_05866 AuPul_08547 ExVis_KAI1624005.1
HG_27893	AuMel_04247 AuPul_02732
HG_27926	AuMel_05459 AuPul_07653
HG_27998	AuPul_00850 AuTha_02604
HG_27757	AuMel_00045 AuPul_09309
HG_28058	AuPul_05674 AuTha_07298
HG_22739	AuMel_08658 AuPul_02009 AuTha_08077
HG_27821	AuMel_01534 AuPul_03880
HG_22908	AuMel_05831 AuPul_07014 AuTha_04740
HG_22803	AuMel_02348 AuPul_05712 AuTha_00571
HG_22770	AuMel_01532 AuPul_03881 AuTha_08741
HG_22875	AuMel_04749 AuPul_02547 AuTha_07170
HG_16401	AuMel_01194 AuMel_03700 AuPul_08196 AuPul_09650 AuTha_05206
HG_27875	AuMel_03447 AuPul_01574
HG_27908	AuMel_04745 AuPul_02542
HG_22688	AuMel_01082 AuPul_00311 AuTha_03009
HG_22921	AuMel_06205 AuPul_07503 AuTha_04457
HG_22993	AuPul_05898 AuPul_08785 AuTha_06071
HG_28104	AuPul_09831 AuTha_04216
HG_22752	AuMel_09205 AuPul_07550 AuTha_04305
HG_27921	AuMel_05243 AuPul_10247
HG_27993	AuPul_00602 AuTha_02373
HG_22734	AuMel_08585 AuPul_02149 AuTha_07876
HG_22903	AuMel_05645 AuPul_06767 AuTha_04922
HG_22839	AuMel_03392 AuPul_10400 AuTha_08243
HG_16437	AuMel_01839 AuPul_04210 AuPul_07736 AuTha_01649 AuTha_09631
HG_22870	AuMel_04584 AuPul_02531 AuTha_00419
HG_14605	AuMel_04010 AuMel_04021 AuPul_03220 AuPul_09895 AuPul_10942 AuTha_01341
HG_27839	AuMel_02243 AuPul_04755
HG_27903	AuMel_04546 AuPul_02869
HG_27870	AuMel_03234 AuPul_01493
HG_27975	AuMel_07539 AuPul_08780
HG_22957	AuMel_07425 AuPul_08880 AuTha_07649
HG_9705	AuMel_04622 AuMel_04772 AuMel_04773 AuMel_04774 AuPul_02565 AuPul_02572 AuPul_02573 AuPul_02574 AuPul_02575 AuPul_02580 AuPul_02581 AuPul_02582 AuTha_00028
HG_28035	AuPul_02546 AuTha_07179
HG_18966	AuPul_09708 AuTha_02808 AuTha_02815 AuTha_02816
HG_22716	AuMel_08116 AuPul_06345 AuTha_09840
HG_22788	AuMel_01870 AuPul_04136 AuTha_08386
HG_22683	AuMel_00968 AuPul_08174 AuTha_01059
HG_22852	AuMel_03723 AuPul_01327 AuTha_05202
HG_16386	AuMel_00580 AuMel_05544 AuPul_00614 AuPul_09695 AuTha_07898
HG_27852	AuMel_02637 AuPul_05378
HG_27788	AuMel_08326 AuPul_01978
HG_27957	AuMel_07000 AuPul_03365
HG_22939	AuMel_06910 AuPul_03620 AuTha_05588
HG_28017	AuPul_02304 AuTha_07947
HG_28089	AuPul_08483 AuTha_09457
HG_22834	AuMel_03288 AuPul_01617 AuTha_08810
HG_22665	AuMel_00261 AuMel_00262 AuPul_00945
HG_14600	AuMel_03504 AuMel_03505 AuPul_01512 AuTha_03549 AuTha_03550 AuTha_03551
HG_13382	AuMel_04357 AuPul_02528 AuPul_02927 AuPul_02928 AuPul_10555 AuTha_00479 AuTha_00480
HG_27939	AuMel_05786 AuPul_06864
HG_27834	AuMel_02205 AuPul_04710
HG_22888	AuMel_05207 AuPul_10362 AuTha_09072
HG_27970	AuMel_07186 AuPul_00075
HG_22711	AuMel_07997 AuPul_06628 AuTha_01123
HG_22783	AuMel_01821 AuPul_04190 AuTha_08777
HG_22816	AuMel_02512 AuPul_05494 AuTha_09572
HG_22952	AuMel_07242 AuPul_08138 AuTha_06483
HG_27816	AuMel_09301 AuPul_05914
HG_27888	AuMel_04015 AuPul_10282
HG_27783	AuMel_08135 AuPul_06205
HG_27952	AuMel_06864 AuPul_03226
HG_18879	AuMel_04561 AuMel_04657 AuPul_02624 AuTha_00254
HG_22934	AuMel_06702 AuPul_03494 AuTha_05785
HG_28012	AuPul_02081 AuTha_08072
HG_22765	AuMel_01344 AuPul_03788 AuTha_08697
HG_22660	AuMel_00044 AuPul_09310 AuTha_02483
HG_16468	AuMel_04762 AuMel_04763 AuMel_04764 AuPul_01271 AuPul_02564
HG_27765	AuMel_00961 AuPul_08165
HG_27934	AuMel_05638 AuPul_06773
HG_22578	AuMel_00203 AuPul_09387 ExVis_KAI1628956.1
HG_22747	AuMel_09057 AuPul_00085 AuTha_06310
HG_22916	AuMel_06014 AuPul_06970 AuTha_04906
HG_28066	AuPul_06138 AuTha_09733
HG_22811	AuMel_02447 AuTha_01315 AuTha_02814
HG_27883	AuMel_03906 AuPul_09622
HG_27916	AuMel_05089 AuPul_10293
HG_27811	AuMel_09264 AuPul_05888
HG_18907	AuMel_06375 AuMel_06376 AuPul_04596 AuTha_05769
HG_28048	AuPul_04183 AuTha_08794
HG_22729	AuMel_08422 AuMel_08423 AuPul_01775
HG_22865	AuMel_04400 AuPul_10601 AuTha_06838
HG_22760	AuMel_09298 AuPul_05941 AuTha_08345
HG_18802	AuMel_01014 AuPul_00617 AuTha_02405 ExVis_KAI1622556.1
HG_27865	AuMel_03107 AuPul_04849
HG_27760	AuMel_00795 AuPul_00549
HG_22847	AuMel_03674 AuPul_09519 AuTha_03672
HG_18920	AuMel_07266 AuPul_05973 AuTha_06339 AuTha_08708
HG_22742	AuMel_08724 AuPul_02236 AuTha_09298
HG_22678	AuMel_00741 AuPul_00399 AuTha_01928
HG_27911	AuMel_04831 AuPul_09934
HG_27847	AuMel_02411 AuPul_05610
HG_27983	AuPul_00124 AuTha_06505
HG_22829	AuMel_03068 AuPul_04991 AuTha_07353
HG_22965	AuPul_00576 AuTha_02341 AuTha_02343
HG_22724	AuMel_08334 AuPul_06306 AuTha_02052
HG_22860	AuMel_04268 AuPul_02811 AuTha_00349
HG_22796	AuMel_02133 AuPul_04477 AuTha_01588
HG_28043	AuPul_03730 AuTha_01319
HG_16427	AuMel_09216 AuPul_05839 AuPul_08099 AuPul_08786 AuPul_10075
HG_16394	AuMel_00879 AuPul_00434 AuPul_00435 AuPul_06932 AuPul_08568
HG_27829	AuMel_01985 AuPul_04448
HG_27965	AuMel_07151 AuPul_00245
HG_22947	AuMel_07100 AuPul_10297 AuTha_06004
HG_27796	AuMel_08700 AuPul_02193
HG_18851	AuMel_02292 AuPul_01834 AuPul_05506 AuTha_00853
HG_28097	AuPul_09258 AuTha_02380
HG_22842	AuMel_03485 AuPul_09553 AuTha_04150
HG_22778	AuMel_01736 AuPul_04246 AuTha_01499
HG_22673	AuMel_00554 AuPul_00914 AuTha_03093
HG_16409	AuMel_08027 AuMel_08216 AuPul_06094 AuPul_06395 AuTha_01853
HG_27842	AuMel_02332 AuPul_05679
HG_22929	AuMel_06466 AuPul_02991 AuTha_05711
HG_22824	AuMel_02737 AuPul_05268 AuPul_10894
HG_22960	AuMel_07530 AuPul_08623 AuTha_00441
HG_22896	AuMel_05507 AuPul_07698 AuPul_07715
HG_18938	AuPul_01679 AuPul_05148 AuPul_06696 AuTha_00948
HG_22791	AuMel_01941 AuPul_04623 AuTha_01746
HG_27929	AuMel_05528 AuTha_02518
HG_27896	AuMel_04369 AuTha_04345
HG_27824	AuMel_01606 AuPul_04072
HG_22806	AuMel_02376 AuPul_05584 AuTha_07366
HG_22942	AuMel_06982 AuPul_03413 AuTha_05357
HG_27791	AuMel_08420 AuTha_00579
HG_22878	AuMel_04977 AuMel_06985 AuPul_03416
HG_28092	AuPul_08754 AuTha_06117
HG_22701	AuMel_07863 AuPul_06648 AuTha_08337
HG_22773	AuMel_01618 AuPul_04083 AuTha_08686
HG_18782	AuMel_00086 AuPul_09331 AuPul_09332 AuTha_02615
HG_18951	AuPul_04692 AuTha_03895 AuTha_05485 AuTha_06396
HG_13354	AuMel_03117 AuMel_07525 AuMel_07982 AuPul_06500 AuTha_06304 AuTha_06306 AuTha_09696
HG_27806	AuMel_09235 AuPul_05870
HG_27942	AuMel_06021 AuPul_06972
HG_27878	AuMel_03642 AuPul_09529
HG_27773	AuMel_07808 AuPul_06439
HG_18933	AuPul_00565 AuPul_03371 AuPul_03602 AuTha_05472
HG_28074	AuPul_07180 AuTha_05080
HG_22755	AuMel_09248 AuPul_04670 AuPul_05909
HG_22891	AuMel_05252 AuPul_10234 AuTha_08279
HG_16458	AuMel_03654 AuMel_05162 AuPul_08365 AuPul_10806 AuTha_07106
HG_27924	AuMel_05320 AuPul_07961
HG_27996	AuPul_00749 AuTha_02176
HG_22906	AuMel_05801 AuPul_06951 AuTha_05101
HG_27891	AuMel_04176 AuPul_02710
HG_22978	AuPul_02914 AuPul_09164 AuTha_00466
HG_22801	AuMel_02272 AuPul_08375 AuTha_05165
HG_22737	AuMel_08618 AuPul_02206 AuTha_09265
HG_22873	AuMel_04687 AuPul_02478 AuTha_00281
HG_28056	AuPul_05008 AuTha_01708
HG_14575	AuMel_08741 AuPul_02249 AuPul_02250 AuPul_02251 AuPul_02252 AuTha_09312
HG_27906	AuMel_04704 AuPul_02495
HG_27801	AuMel_09119 AuPul_08035
HG_27873	AuMel_03435 AuPul_01541
HG_18864	AuMel_03251 AuMel_03252 AuMel_07697 AuPul_01588
HG_28102	AuPul_09563 AuTha_03624
HG_28038	AuPul_03342 AuTha_05553
HG_22686	AuMel_01012 AuPul_00620 AuTha_02406
HG_22719	AuMel_08196 AuPul_06119 AuTha_09751
HG_22855	AuMel_04086 AuPul_07709 AuPul_10774
HG_22991	AuPul_05602 AuTha_04270 AuTha_07390
HG_22750	AuMel_09123 AuPul_08031 AuTha_06234
HG_10965	AuMel_00142 AuMel_04222 AuMel_07212 AuPul_00130 AuPul_00131 AuPul_00132 AuPul_09311 AuPul_10671 AuTha_02548 AuTha_06371
HG_14621	AuMel_06756 AuMel_06757 AuPul_03043 AuPul_03044 AuPul_04973 AuTha_05598
HG_27855	AuMel_02706 AuPul_05156
HG_27991	AuPul_00514 AuTha_01924
HG_18846	AuMel_02175 AuMel_02176 AuMel_04850 AuTha_05836
HG_22668	AuMel_00422 AuPul_01063 AuTha_02689
HG_22901	AuMel_05610 AuPul_06785 AuPul_06786
HG_28051	AuPul_04265 AuTha_01618
HG_22732	AuMel_08486 AuPul_01876 AuTha_09270
HG_13385	AuMel_04747 AuMel_06621 AuPul_02545 AuPul_09537 AuPul_10440 AuPul_10675 AuTha_01167
HG_27901	AuMel_04384 AuPul_10573
HG_27837	AuMel_02210 AuPul_04717
HG_27973	AuMel_07447 AuPul_08715
HG_22819	AuMel_02561 AuPul_05467 AuTha_00758
HG_22955	AuMel_07309 AuPul_00099 AuTha_06438
HG_22714	AuMel_08008 AuPul_06615 AuTha_01279
HG_22850	AuMel_03712 AuPul_09674 AuTha_03970
HG_22786	AuMel_01843 AuPul_04354 AuTha_01655
HG_18795	AuMel_00733 AuPul_00464 AuPul_09081 AuTha_02145
HG_27819	AuMel_01463 AuPul_03925
HG_27786	AuMel_08219 AuPul_06088
HG_27955	AuMel_06979 AuPul_03410
HG_28087	AuPul_08076 AuTha_06295
HG_22768	AuMel_01426 AuPul_03912 AuTha_08658
HG_27850	AuMel_02504 AuPul_05531
HG_22937	AuMel_06822 AuPul_03543 AuTha_05795
HG_28015	AuPul_02194 AuTha_07919
HG_22663	AuMel_00208 AuMel_00231 AuPul_09375
HG_22832	AuMel_03112 AuPul_04843 AuTha_03383
HG_27937	AuMel_05768 AuPul_07010
HG_27832	AuMel_02201 AuPul_04706
HG_22919	AuMel_06185 AuPul_07345 AuTha_04632
HG_22781	AuMel_01802 AuMel_01803 AuPul_04272
HG_22950	AuMel_07160 AuPul_08113 AuTha_06408
HG_22886	AuMel_05181 AuPul_07915 AuTha_00450
HG_18823	AuMel_08566 AuPul_02098 AuPul_02100 AuPul_02103
HG_18895	AuMel_05423 AuPul_07657 AuTha_00422 AuTha_02323
HG_18790	AuMel_00510 AuPul_00550 AuPul_00828 AuTha_02694
