HG_8065	TuMel_CAZ85534.1 NeCra_KHE80629.1 GlCer_RIA90117.1 TeBou_RPB18083.1 SpBru_KAA8895249.1 TiNiv_KAF8418109.1 TiNiv_KAF8429044.1 KaPfe_KAF8471767.1 KaPfe_KAF8474636.1 SeLin_USW48167.1 SeLin_USW59545.1 GeCar_KAI5799878.1 GeCar_KAI5803666.1 PeEch_KAI5808640.1 PeEch_KAI5810150.1 MoSny_KAI5838857.1 RhCom_CZT13863.1 PyTer_CAE7026064.1 PyTer_CAE7027266.1 PyTer_CAE7028354.1
HG_7649	AsNig_CAK45790.1 AmRes_PSS22769.1 TrAsp_PTB38432.1 SpBru_KAA8893235.1 SpBru_KAA8893846.1 SpBru_KAA8894548.1 SpBru_KAA8895107.1 SpBru_KAA8895136.1 SpBru_KAA8897773.1 SpBru_KAA8899138.1 SpBru_KAA8900228.1 SpBru_KAA8909402.1 SeLin_USW50761.1 SeLin_USW50762.1 GeCar_KAI5778045.1 GeCar_KAI5778635.1 GeCar_KAI5785783.1 MoSny_KAI5838329.1 MoSny_KAI5838331.1 MoSny_KAI5839413.1 MoSny_KAI5843126.1 MoSny_KAI5847652.1
HG_13772	NeCra_KHE82208.1 NeCra_KHE82419.1 CaVis_KZO89651.1 TrAsp_PTB37750.1 SeLin_USW50968.1 RhCom_CZT09559.1 PyTer_CAE7010332.1
HG_17195	NeCra_KHE79049.1 TrAsp_PTB43876.1 PeUcs_KAF7735671.1 SeLin_USW51516.1 PeCan_KAJ6182898.1
HG_10176	MeLar_EGG04332.1 MeLar_EGG11465.1 MeLar_EGG12008.1 MeLar_EGG12298.1 MeLar_EGG12301.1 MeLar_EGG12302.1 CrQue_KAG0146555.1 CrQue_KAG0146565.1 CrQue_KAG0146568.1 CrQue_KAG0149407.1 CrQue_KAG0151347.1 SeLin_USW51673.1
HG_16909	TaDef_CCG83674.1 NeIrr_OLL21776.1 AmRes_PSS23038.1 SeLin_USW59294.1 RhCom_CZT08394.1
HG_14739	TuMel_CAZ84429.1 TiNiv_KAF8427726.1 KaPfe_KAF8473193.1 SeLin_USW57923.1 PeEch_KAI5795317.1 MoSny_KAI5845585.1
HG_14803	MeLar_EGG05046.1 MaRes_AXA51510.1 CrQue_KAG0145551.1 SeLin_USW57401.1 PuStr_KAI7939274.1 MaSym_SHO79275.1
HG_10906	KwDej_OBR81587.1 KwBes_OCF28773.1 KwPin_OCF48815.1 CrAmy_ODO11643.1 KwSha_KAA5528651.1 PeUcs_KAF7738720.1 SeLin_USW52724.1 PeCan_KAJ6162103.1 RhCom_CZT09253.1 PyTer_CAE7218631.1
HG_7376	KwDej_OBR88260.1 KwBes_OCF27071.1 KwPin_OCF52762.1 NeCra_KHE80805.1 RhTor_PRQ70359.1 RhTor_PRQ77492.1 CuOle_KLT44786.1 RhGra_KPV72978.1 RhGra_KPV77073.1 CrAmy_ODO00442.1 AmRes_PSS20641.1 TrAsp_PTB39032.1 RhDio_TNY20080.1 RhDio_TNY20087.1 KwSha_KAA5529068.1 SeLin_USW53359.1 RhCom_CZS88232.1 MiSap_SCZ93075.1 MiSap_SDA04379.1 MiSap_SDA04433.1 MiSap_SDA04434.1 RhPal_g3127.t1 RhPal_g3604.t1
HG_24987	TrAsp_PTB37402.1 TrAsp_PTB41208.1 SeLin_USW52548.1
HG_35651	SeLin_USW52629.1 RhCom_CZS88281.1
HG_8889	AsNig_CAK41988.1 AmRes_PSS14783.1 AmRes_PSS25499.1 TrAsp_PTB38282.1 SpBru_KAA8898265.1 PlOst_KAF7430770.1 PeUcs_KAF7737948.1 BoEdu_KAF8438198.1 BoEdu_KAF8438199.1 PhCon_KAF9482568.1 AbBie_KAI0782951.1 AbBie_KAI0784092.1 SeLin_USW53875.1 GeCar_KAI5778592.1 PeEch_KAI5782032.1 PyTer_CAE7210585.1
HG_4975	AsNig_CAL00743.1 SpRei_CBQ70231.1 UsMay_KIS70915.1 KaBra_EST10214.1 KwDej_OBR82877.1 KwBes_OCF23245.1 KwPin_OCF48955.1 RhTor_PRQ75933.1 CuOle_KLT42307.1 RhGra_KPV73876.1 DaQue_KZT74710.1 CrAmy_ODO06782.1 AmRes_PSS15335.1 TrAsp_PTB40618.1 AcIng_PWN92344.1 MaRes_AXA48077.1 TeBou_RPB21642.1 RhDio_TNY20440.1 KwSha_KAA5526007.1 SpBru_KAA8913018.1 TiWal_KAE8210548.1 BoEdu_KAF8446102.1 TiNiv_KAF8422478.1 KaPfe_KAF8453742.1 KaPfe_KAF8468893.1 PhCon_KAF9478037.1 CrQue_KAG0148221.1 UmVin_KAG2183906.1 AbBie_KAI0793416.1 GaLeu_KAI1797791.1 SeLin_USW48594.1 PeEch_KAI5808579.1 MoSny_KAI5844555.1 PuStr_KAI7958198.1 ExRho_UZJ54901.1 PeCan_KAJ6175745.1 MaJap_WFD40449.1 RhCom_CZT05856.1 MiSap_SDA00644.1 MaSym_SHO78720.1 MoAph_g1091.t1 RhPal_g1774.t1 SpLac_g000123.m1 NaAna_g000370.m1 AlAfr_g008172.m1 SaSel_g002694.m1 YaLip_g000912.m1
HG_5045	AsNig_CAK41700.1 AsNig_CAK46351.1 AsNig_CAK48238.1 TrAsp_PTB46695.1 SeLin_USW49018.1 PyTer_CAE7002865.1 PyTer_CAE7002873.1 PyTer_CAE7003018.1 PyTer_CAE7003061.1 PyTer_CAE7016222.1 PyTer_CAE7020046.1 PyTer_CAE7020050.1 PyTer_CAE7020055.1 PyTer_CAE7022247.1 PyTer_CAE7022256.1 PyTer_CAE7034280.1 PyTer_CAE7034329.1 PyTer_CAE7034418.1 PyTer_CAE7034460.1 PyTer_CAE7204974.1 PyTer_CAE7220968.1 PyTer_CAE7221016.1 PyTer_CAE7221046.1 PyTer_CAE7221065.1 PyTer_CAE7221078.1 PyTer_CAE7221107.1 PyTer_CAE7221118.1 PyTer_CAE7221362.1 PyTer_CAE7221391.1 PyTer_CAE7221409.1 PyTer_CAE7221438.1 PyTer_CAE7221466.1 PyTer_CAE7221471.1 PyTer_CAE7221608.1 PyTer_CAE7221624.1 PyTer_CAE7221651.1 PyTer_CAE7222058.1 PyTer_CAE7222081.1 PyTer_CAE7222095.1 PyTer_CAE7222118.1 PyTer_CAE7222169.1 PyTer_CAE7222190.1 PyTer_CAE7222192.1 PyTer_CAE7222387.1 PyTer_CAE7222580.1 PyTer_CAE7222590.1
HG_23046	AsNig_CAK37439.1 AsNig_CAK46718.1 SeLin_USW46748.1
HG_14688	AsNig_CAK44741.1 GaLeu_KAI1785618.1 GaLeu_KAI1785626.1 GaLeu_KAI1786413.1 SeLin_USW54210.1 PeCan_KAJ6174618.1
HG_5498	SpRei_CBQ72696.1 TaDef_CCG85154.1 UsMay_KIS69622.1 KaBra_EST04759.1 NeCra_KHE84356.1 CaVis_KZO98683.1 DaQue_KZT64213.1 DaQue_KZT64214.1 DaQue_KZT68325.1 DaQue_KZT71939.1 DaQue_KZT71943.1 DaQue_KZT73288.1 DaQue_KZT74093.1 CaCor_KZT51211.1 PrLac_ORY86976.1 AcIng_PWN93504.1 SpBru_KAA8899498.1 TiWal_KAE8215081.1 TiWal_KAE8215994.1 PlOst_KAF7425986.1 PlOst_KAF7441303.1 BoEdu_KAF8429866.1 BoEdu_KAF8431098.1 BoEdu_KAF8431099.1 BoEdu_KAF8431101.1 BoEdu_KAF8433541.1 BoEdu_KAF8447311.1 PhCon_KAF9472666.1 PhCon_KAF9472667.1 PhCon_KAF9474837.1 PhCon_KAF9475602.1 AbBie_KAI0794889.1 AbBie_KAI0794890.1 GaLeu_KAI1792721.1 SeLin_USW59568.1 ExRho_UZJ56882.1 RhCom_CZS91406.1 RhCom_CZT10096.1 MoAph_g6555.t1
HG_34448	KaPfe_KAF8456482.1 SeLin_USW50476.1
HG_26865	SeLin_USW50679.1 SeLin_USW50681.1 PyTer_CAE6995005.1
HG_8792	AsNig_CAK45086.1 RhTor_PRQ70112.1 RhGra_KPV72117.1 AcIng_PWN89152.1 AcIng_PWN92575.1 AcIng_PWN92581.1 RhDio_TNY20647.1 PhCon_KAF9482290.1 SeLin_USW54244.1 ExRho_UZJ50970.1 PeCan_KAJ6173046.1 RhCom_CZT13178.1 PyTer_CAE7201758.1 MoAph_g4971.t1 RhPal_g3402.t1 LiKon_g004418.m1
HG_9506	KwDej_OBR87799.1 KwDej_OBR87821.1 KwDej_OBR87828.1 KwBes_OCF26126.1 KwBes_OCF26137.1 KwBes_OCF26144.1 KwBes_OCF26153.1 KwBes_OCF26154.1 KwPin_OCF47284.1 KwPin_OCF47285.1 KwPin_OCF47312.1 KwSha_KAA5527739.1 AbBie_KAI0790054.1 SeLin_USW57352.1
HG_11958	CaVis_KZO96310.1 CaCor_KZT57125.1 KwSha_KAA5524395.1 PlOst_KAF7432897.1 PhCon_KAF9478181.1 AbBie_KAI0796964.1 GaLeu_KAI1796191.1 SeLin_USW49804.1 RhCom_CZT00949.1
HG_13275	CuOle_KLT46412.1 AcIng_PWN86903.1 KaPfe_KAF8456862.1 SeLin_USW50706.1 GeCar_KAI5776908.1 LiChi_g000900.m1 LiKon_g006935.m1
HG_5957	NeCra_KHE80929.1 NeCra_KHE89950.1 AmRes_PSS06723.1 AmRes_PSS06931.1 AmRes_PSS07036.1 AmRes_PSS10471.1 AmRes_PSS12216.1 AmRes_PSS12233.1 AmRes_PSS12535.1 AmRes_PSS12570.1 AmRes_PSS12648.1 AmRes_PSS12720.1 AmRes_PSS13025.1 AmRes_PSS13160.1 AmRes_PSS16640.1 AmRes_PSS16845.1 AmRes_PSS18872.1 AmRes_PSS20027.1 AmRes_PSS22759.1 AmRes_PSS23222.1 AmRes_PSS23235.1 AmRes_PSS23436.1 AmRes_PSS25091.1 AmRes_PSS25856.1 AmRes_PSS28311.1 AmRes_PSS28337.1 TrAsp_PTB36495.1 SeLin_USW57202.1 RhCom_CZS93931.1 RhCom_CZS95086.1 RhCom_CZS97355.1 RhCom_CZS98097.1 RhCom_CZS98669.1 RhCom_CZT09648.1 RhCom_CZT12773.1
HG_31854	AcIng_PWN92562.1 SeLin_USW46712.1
HG_29864	CuOle_KLT39809.1 SeLin_USW55041.1
HG_4856	AsNig_CAK40904.1 ScPom_CAD33796.1 ScCry_EPY50766.1 ScOct_EPX74647.1 MeLar_EGG10514.1 TaDef_CCG83992.1 KwDej_OBR88792.1 KwBes_OCF27593.1 KwPin_OCF53232.1 RhTor_PRQ77990.1 CuOle_KLT39710.1 PnJir_KTW29074.1 PnCar_KTW27722.1 CaVis_KZP00542.1 DaQue_KZT63550.1 CaCor_KZT53273.1 CrAmy_ODN97167.1 NeIrr_OLL25354.1 AmRes_PSS09121.1 GlCer_RIA90215.1 TeBou_RPB29475.1 KwSha_KAA5530690.1 SpBru_KAA8913847.1 PlOst_KAF7428513.1 PeUcs_KAF7734792.1 BoEdu_KAF8441497.1 TiNiv_KAF8424034.1 KaPfe_KAF8461095.1 PhCon_KAF9482199.1 CrQue_KAG0140886.1 UmVin_KAG2189384.1 AbBie_KAI0790056.1 GaLeu_KAI1786423.1 SeLin_USW59172.1 GeCar_KAI5806209.1 PeEch_KAI5793777.1 MoSny_KAI5837348.1 PuStr_KAI7965320.1 ScOsm_WBW72335.1 PeCan_KAJ6162004.1 RhCom_CZT00201.1 PyTer_CAE7209566.1 CaAlb_g003577.m1 SaCer_g004811.m1 LaNot_g002340.m1 LiChi_g003978.m1 DeUde_g002002.m1 AlAfr_g007402.m1 SaSel_g003550.m1
HG_18685	AcIng_PWN89742.1 SeLin_USW56916.1 SeLin_USW57566.1 PyTer_CAE7213575.1
HG_15258	NeCra_KHE78548.1 NeCra_KHE79241.1 NeCra_KHE79978.1 NeCra_KHE83888.1 PlOst_KAF7420961.1 SeLin_USW59593.1
HG_10440	MeLar_EGG00176.1 PnJir_KTW32804.1 PnCar_KTW31498.1 NeIrr_OLL23546.1 PrLac_ORY82104.1 PhCon_KAF9479741.1 CrQue_KAG0145880.1 SeLin_USW50721.1 PuStr_KAI7943356.1 SaCer_g002234.m1 LaNot_g003268.m1
HG_10545	AsNig_CAK44329.1 NeCra_KHE83605.1 AmRes_PSS25302.1 TrAsp_PTB36794.1 TrAsp_PTB40165.1 PeUcs_KAF7738937.1 UmVin_KAG2188687.1 SeLin_USW53723.1 PeCan_KAJ6170759.1 RhCom_CZS97771.1 PyTer_CAE6995078.1
HG_11561	SpRei_CBQ68747.1 KaBra_EST08028.1 AcIng_PWN88012.1 AcIng_PWN88732.1 TiWal_KAE8210785.1 TiWal_KAE8215568.1 SeLin_USW58826.1 ExRho_UZJ55931.1 MoAph_g1961.t1
HG_8890	AsNig_CAK47331.1 AmRes_PSS18372.1 AmRes_PSS18571.1 AmRes_PSS25709.1 SpBru_KAA8910458.1 PeUcs_KAF7729928.1 SeLin_USW50408.1 SeLin_USW54374.1 SeLin_USW58444.1 SeLin_USW59766.1 PeEch_KAI5803509.1 PeCan_KAJ6182141.1 RhCom_CZS94281.1 PyTer_CAE7030327.1 PyTer_CAE7193205.1 PyTer_CAE7217236.1
HG_17787	TrAsp_PTB45725.1 SeLin_USW58909.1 GeCar_KAI5802967.1 PeCan_KAJ6170623.1 RhCom_CZS97417.1
HG_13544	MeLar_EGF99997.1 MeLar_EGG05016.1 AmRes_PSS14801.1 SpBru_KAA8910292.1 CrQue_KAG0141353.1 SeLin_USW48651.1 PuStr_KAI7939589.1
HG_15271	NeCra_KHE81644.1 TrAsp_PTB47191.1 KaPfe_KAF8475482.1 KaPfe_KAF8475483.1 SeLin_USW50363.1 RhCom_CZT10537.1
HG_35715	SeLin_USW58525.1 PeCan_KAJ6170076.1
HG_26842	SeLin_USW47926.1 SeLin_USW58985.1 RhCom_CZT09497.1
HG_31649	TrAsp_PTB35795.1 SeLin_USW48953.1
HG_5241	NeCra_KHE81340.1 RhTor_PRQ72297.1 CuOle_KLT38342.1 RhGra_KPV72594.1 CaVis_KZO90952.1 CaVis_KZO94633.1 CaVis_KZO94634.1 CaVis_KZO94635.1 CaVis_KZO94637.1 CaVis_KZO94639.1 CaVis_KZO94643.1 CaVis_KZO94644.1 CaVis_KZO94650.1 CaCor_KZT52007.1 CaCor_KZT52012.1 CaCor_KZT52013.1 CaCor_KZT52015.1 CaCor_KZT52017.1 CaCor_KZT52019.1 CaCor_KZT60046.1 CaCor_KZT60057.1 CaCor_KZT60058.1 TrAsp_PTB41187.1 RhDio_TNY22649.1 BoEdu_KAF8440816.1 BoEdu_KAF8440817.1 BoEdu_KAF8440828.1 BoEdu_KAF8440887.1 BoEdu_KAF8440891.1 PhCon_KAF9474124.1 PhCon_KAF9474138.1 PhCon_KAF9474263.1 PhCon_KAF9475813.1 PhCon_KAF9475815.1 PhCon_KAF9477326.1 AbBie_KAI0789763.1 AbBie_KAI0789765.1 AbBie_KAI0789766.1 SeLin_USW55509.1 PeCan_KAJ6177416.1 RhCom_CZT01979.1 PyTer_CAE7180147.1 RhPal_g1027.t1
HG_11935	CaVis_KZO91082.1 CaCor_KZT62409.1 AmRes_PSS09315.1 TrAsp_PTB35098.1 SpBru_KAA8895945.1 SeLin_USW49011.1 MoSny_KAI5840978.1 PeCan_KAJ6172994.1 MoAph_g3776.t1
HG_6883	MeLar_EGG06258.1 RhGra_KPV71441.1 RhGra_KPV71442.1 RhGra_KPV71446.1 RhGra_KPV71452.1 RhGra_KPV71457.1 RhGra_KPV71464.1 RhGra_KPV71470.1 RhGra_KPV71476.1 RhGra_KPV71482.1 RhGra_KPV71489.1 NeIrr_OLL27176.1 GlCer_RIA79097.1 SpBru_KAA8892626.1 KaPfe_KAF8464847.1 SeLin_USW58121.1 MiSap_SDA06280.1 MiSap_SDA06283.1 MiSap_SDA06286.1 MiSap_SDA06289.1 MiSap_SDA06292.1 MiSap_SDA06294.1 MiSap_SDA06297.1 MiSap_SDA06300.1 CaAlb_g005770.m1 SaCer_g000937.m1 SaCer_g000938.m1
HG_9526	RhGra_KPV71458.1 AcIng_PWN86426.1 TeBou_RPB18374.1 SpBru_KAA8892627.1 SeLin_USW58120.1 PeCan_KAJ6154981.1 PeCan_KAJ6154986.1 PeCan_KAJ6154991.1 PeCan_KAJ6154996.1 PeCan_KAJ6155001.1 PeCan_KAJ6155006.1 PeCan_KAJ6155011.1 PeCan_KAJ6155017.1 PeCan_KAJ6155022.1
HG_8425	AsNig_CAK39659.1 AmRes_PSS12322.1 AmRes_PSS18375.1 TrAsp_PTB39381.1 SeLin_USW52301.1 SeLin_USW53124.1 SeLin_USW54551.1 SeLin_USW54985.1 SeLin_USW57130.1 PeCan_KAJ6176485.1 PeCan_KAJ6182180.1 RhCom_CZS93751.1 RhCom_CZS97352.1 RhCom_CZT02212.1 RhCom_CZT12157.1 RhCom_CZT12160.1 PyTer_CAE7033934.1 PyTer_CAE7033944.1
HG_14491	AcIng_PWN91061.1 SpBru_KAA8895459.1 SeLin_USW56090.1 ScOsm_WBW75548.1 CaAlb_g003646.m1 CaAlb_g005567.m1
HG_7277	AsNig_CAK97462.1 TuMel_CAZ83596.1 PnJir_KTW28755.1 PnCar_KTW25839.1 AmRes_PSS27239.1 TrAsp_PTB38963.1 TeBou_RPB24538.1 SpBru_KAA8913506.1 PeUcs_KAF7736681.1 TiNiv_KAF8429628.1 KaPfe_KAF8465092.1 KaPfe_KAF8465108.1 KaPfe_KAF8467215.1 KaPfe_KAF8467220.1 KaPfe_KAF8467234.1 KaPfe_KAF8473486.1 UmVin_KAG2187999.1 SeLin_USW53805.1 GeCar_KAI5795234.1 PeEch_KAI5788902.1 MoSny_KAI5841430.1 PeCan_KAJ6176047.1 RhCom_CZT06538.1 PyTer_CAE7180018.1
HG_7324	NeCra_KHE79459.1 NeCra_KHE84021.1 NeCra_KHE86674.1 AmRes_PSS12297.1 AmRes_PSS23420.1 TrAsp_PTB43751.1 TrAsp_PTB45017.1 KaPfe_KAF8470689.1 SeLin_USW55871.1 SeLin_USW58011.1 GeCar_KAI5803884.1 PeEch_KAI5780254.1 PeEch_KAI5792539.1 PeEch_KAI5805292.1 MoSny_KAI5838993.1 PeCan_KAJ6170381.1 PeCan_KAJ6173980.1 RhCom_CZS90691.1 RhCom_CZS93647.1 RhCom_CZS95735.1 RhCom_CZT00355.1 PyTer_CAE7021644.1 PyTer_CAE7199210.1 LiChi_g002735.m1
HG_6440	AsNig_CAK42654.1 AsNig_CAK47346.1 MeLar_EGF99458.1 MeLar_EGF99459.1 TeBou_RPB25627.1 SpBru_KAA8903648.1 SpBru_KAA8909541.1 SpBru_KAA8913483.1 TiNiv_KAF8425229.1 TiNiv_KAF8425329.1 KaPfe_KAF8470803.1 CrQue_KAG0150690.1 CrQue_KAG0150692.1 SeLin_USW51463.1 SeLin_USW55640.1 GeCar_KAI5777134.1 GeCar_KAI5779170.1 GeCar_KAI5780456.1 GeCar_KAI5791080.1 GeCar_KAI5805056.1 PeEch_KAI5797344.1 PeEch_KAI5803525.1 PeEch_KAI5803624.1 PeEch_KAI5804632.1 PeEch_KAI5804833.1 MoSny_KAI5843080.1 PuStr_KAI7939490.1 RhCom_CZT00172.1 RhCom_CZT12091.1 PyTer_CAE6996341.1
HG_35710	SeLin_USW57556.1 PyTer_CAE7177762.1
HG_9165	AsNig_CAK41895.1 SpRei_CBQ73140.1 UsMay_KIS69411.1 KaBra_EST05444.1 NeCra_KHE88144.1 AmRes_PSS25432.1 AcIng_PWN93206.1 SpBru_KAA8895682.1 SeLin_USW57173.1 GeCar_KAI5803073.1 PuStr_KAI7946449.1 PeCan_KAJ6182359.1 PyTer_CAE7185627.1 MoAph_g2517.t1 MoAph_g5028.t1
HG_22635	AsNig_CAK46258.1 UsMay_KIS70006.1 SeLin_USW48734.1
HG_5075	AsNig_CAK43577.1 MeLar_EGG10159.1 SpRei_CBQ71373.1 UsMay_KIS66006.1 KaBra_EST07387.1 KwDej_OBR87487.1 KwBes_OCF25952.1 KwPin_OCF47123.1 RhTor_PRQ76878.1 CuOle_KLT39766.1 RhGra_KPV78354.1 CaVis_KZO97396.1 DaQue_KZT65702.1 CaCor_KZT60533.1 CrAmy_ODO07897.1 TrAsp_PTB38569.1 AcIng_PWN92755.1 GlCer_RIA84870.1 RhDio_TNY19773.1 KwSha_KAA5525307.1 SpBru_KAA8910910.1 PlOst_KAF7416259.1 BoEdu_KAF8420282.1 BoEdu_KAF8433972.1 BoEdu_KAF8436350.1 KaPfe_KAF8470766.1 PhCon_KAF9483671.1 CrQue_KAG0145067.1 UmVin_KAG2187019.1 AbBie_KAI0791426.1 GaLeu_KAI1789881.1 GaLeu_KAI1791441.1 SeLin_USW55120.1 GeCar_KAI5778556.1 PeEch_KAI5803371.1 PeEch_KAI5803594.1 MoSny_KAI5838463.1 PuStr_KAI7959744.1 ExRho_UZJ55375.1 RhCom_CZS99711.1 RhCom_CZT07833.1 MiSap_SCZ95118.1 PyTer_CAE7031772.1 MoAph_g3830.t1 RhPal_g477.t1
HG_18780	AsNig_CAK97183.1 AcIng_PWN86843.1 SeLin_USW55941.1 PeCan_KAJ6158018.1
HG_16579	AsNig_CAK44142.1 PeUcs_KAF7735545.1 SeLin_USW54044.1 MoSny_KAI5848599.1 PeCan_KAJ6177255.1
HG_11046	AsNig_CAK40091.1 AsNig_CAK40797.1 NeCra_KHE83144.1 NeCra_KHE83846.1 TrAsp_PTB38264.1 TrAsp_PTB43867.1 SpBru_KAA8895526.1 SeLin_USW59532.1 GeCar_KAI5803068.1 GeCar_KAI5803674.1
HG_11697	AsNig_CAK46690.1 AsNig_CAK48559.1 TrAsp_PTB46502.1 UmVin_KAG2188671.1 SeLin_USW56915.1 PeCan_KAJ6158056.1 PeCan_KAJ6173082.1 PeCan_KAJ6174921.1 SaCer_g002026.m1
HG_11215	TaDef_CCG80990.1 NeCra_KHE81680.1 PrLac_ORY77424.1 AmRes_PSS15127.1 SeLin_USW55111.1 PeEch_KAI5800427.1 RhCom_CZT11549.1 RhCom_CZT11551.1 RhCom_CZT12994.1 PyTer_CAE7179724.1
HG_9753	AsNig_CAK39825.1 AsNig_CAK41135.1 AsNig_CAK41195.1 AsNig_CAK48331.1 AmRes_PSS24942.1 AmRes_PSS25082.1 PeUcs_KAF7738361.1 SeLin_USW47186.1 SeLin_USW56524.1 SeLin_USW57980.1 SeLin_USW58365.1 PeCan_KAJ6161876.1 RhCom_CZS99651.1
HG_31521	AmRes_PSS18377.1 SeLin_USW52856.1
HG_26586	UmVin_KAG2171899.1 SeLin_USW56229.1 PeCan_KAJ6165144.1
HG_11912	CuOle_KLT43647.1 TrAsp_PTB42520.1 TrAsp_PTB43707.1 AcIng_PWN86820.1 PeUcs_KAF7729281.1 SeLin_USW55417.1 ExRho_UZJ55584.1 PeCan_KAJ6173139.1 RhCom_CZT06256.1
HG_13165	SeLin_USW59735.1 SeLin_USW59761.1 PeCan_KAJ6182787.1 RhCom_CZS92799.1 RhCom_CZT06745.1 RhCom_CZT08279.1 PyTer_CAE7204970.1 PyTer_CAE7205668.1
HG_11574	CaVis_KZO93826.1 CaVis_KZO95951.1 CaVis_KZO95961.1 CaCor_KZT51692.1 CaCor_KZT55040.1 CaCor_KZT55042.1 CaCor_KZT55047.1 AcIng_PWN92583.1 SeLin_USW48954.1
HG_13060	PlOst_KAF7424462.1 TiNiv_KAF8419289.1 KaPfe_KAF8462944.1 KaPfe_KAF8462945.1 SeLin_USW53600.1 PeEch_KAI5807518.1 MoSny_KAI5840113.1 RhCom_CZT03666.1
HG_6491	AsNig_CAK39685.1 AsNig_CAK48054.1 AmRes_PSS18320.1 TrAsp_PTB37058.1 TeBou_RPB29180.1 TeBou_RPB29187.1 TeBou_RPB29188.1 TeBou_RPB29193.1 SpBru_KAA8893900.1 SpBru_KAA8893901.1 SpBru_KAA8894838.1 PeUcs_KAF7730108.1 KaPfe_KAF8456825.1 KaPfe_KAF8462145.1 KaPfe_KAF8462149.1 KaPfe_KAF8462150.1 PhCon_KAF9471987.1 PhCon_KAF9473016.1 PhCon_KAF9479011.1 PhCon_KAF9479770.1 SeLin_USW54679.1 PeEch_KAI5807600.1 MoSny_KAI5838209.1 MoSny_KAI5838702.1 MoSny_KAI5847657.1 PeCan_KAJ6174072.1 PeCan_KAJ6174364.1 PeCan_KAJ6175250.1 RhCom_CZT02865.1 PyTer_CAE7188340.1
HG_27753	SeLin_USW57796.1 MoAph_g3779.t1
HG_8888	AsNig_CAK41577.1 AsNig_CAK46683.1 AmRes_PSS09339.1 AmRes_PSS16735.1 AmRes_PSS25911.1 AbBie_KAI0783342.1 AbBie_KAI0797825.1 SeLin_USW50447.1 GeCar_KAI5803070.1 GeCar_KAI5806339.1 PeCan_KAJ6158332.1 PeCan_KAJ6158959.1 PeCan_KAJ6176272.1 RhCom_CZS96436.1 RhCom_CZT09736.1 PyTer_CAE7012948.1
HG_18439	SeLin_USW57787.1 LiChi_g001703.m1 LiChi_g003041.m1 LiChi_g004099.m1 LiKon_g000947.m1
HG_7875	AsNig_CAK44224.1 TuMel_CAZ83710.1 NeCra_KHE79032.1 DaQue_KZT71166.1 AmRes_PSS09070.1 SpBru_KAA8897085.1 PlOst_KAF7419401.1 PeUcs_KAF7733066.1 BoEdu_KAF8443911.1 TiNiv_KAF8423810.1 KaPfe_KAF8458261.1 PhCon_KAF9479838.1 AbBie_KAI0794924.1 GaLeu_KAI1792286.1 SeLin_USW58998.1 GeCar_KAI5806259.1 PeEch_KAI5790700.1 MoSny_KAI5842509.1 PeCan_KAJ6170476.1 RhCom_CZS92583.1 PyTer_CAE7210224.1
HG_10845	SeLin_USW47790.1 SeLin_USW51256.1 SeLin_USW52452.1 SeLin_USW52506.1 SeLin_USW52523.1 SeLin_USW55030.1 SeLin_USW55154.1 SeLin_USW55561.1 SeLin_USW56310.1 SeLin_USW59014.1 PyTer_CAE6998240.1
HG_7658	TuMel_CAZ79523.1 TrAsp_PTB41305.1 SpBru_KAA8893109.1 SpBru_KAA8894982.1 SpBru_KAA8912326.1 SeLin_USW49028.1 GeCar_KAI5778461.1 GeCar_KAI5796582.1 MoSny_KAI5837240.1 MoSny_KAI5838832.1 MoSny_KAI5839384.1 MoSny_KAI5839449.1 MoSny_KAI5839971.1 MoSny_KAI5842143.1 MoSny_KAI5842616.1 MoSny_KAI5845218.1 MoSny_KAI5846245.1 MoSny_KAI5850562.1 MoSny_KAI5851645.1 MoSny_KAI5851752.1 PyTer_CAE7022320.1 PyTer_CAE7202037.1
HG_8162	KwDej_OBR83352.1 KwDej_OBR84026.1 KwDej_OBR88132.1 KwDej_OBR89303.1 KwBes_OCF23361.1 KwBes_OCF24037.1 KwBes_OCF26270.1 KwBes_OCF27393.1 KwBes_OCF28978.1 KwPin_OCF46226.1 KwPin_OCF53750.1 CrAmy_ODN99008.1 CrAmy_ODO04565.1 AcIng_PWN86893.1 KwSha_KAA5525027.1 SeLin_USW54617.1 ExRho_UZJ52930.1 PeCan_KAJ6170902.1 PyTer_CAE7021689.1
HG_19045	AsNig_CAK45438.1 TrAsp_PTB36476.1 SeLin_USW58792.1 RhCom_CZT05204.1
HG_9763	AsNig_CAK44262.1 NeCra_KHE79601.1 AmRes_PSS10959.1 AmRes_PSS12579.1 AmRes_PSS22704.1 AmRes_PSS22766.1 AmRes_PSS27760.1 SpBru_KAA8913677.1 SeLin_USW57233.1 PeEch_KAI5797332.1 MoSny_KAI5839020.1 PeCan_KAJ6159273.1 PeCan_KAJ6161590.1
HG_22138	SeLin_USW58786.1 SeLin_USW58808.1 RhCom_CZT11555.1 RhCom_CZT11596.1
HG_14860	SpRei_CBQ69656.1 UsMay_KIS66634.1 KaBra_EST08576.1 SeLin_USW58459.1 RhCom_CZS88249.1 MoAph_g2529.t1
HG_13434	AsNig_CAK42475.1 NeCra_KHE86471.1 PeUcs_KAF7739184.1 SeLin_USW50331.1 SeLin_USW51322.1 ExRho_UZJ55609.1 LiKon_g006056.m1
HG_14040	AmRes_PSS28434.1 TrAsp_PTB38371.1 TeBou_RPB24676.1 TiNiv_KAF8417922.1 SeLin_USW56871.1 SeLin_USW57294.1 PyTer_CAE7032341.1
HG_31708	TrAsp_PTB42201.1 SeLin_USW51757.1
HG_18096	PeUcs_KAF7734810.1 PeUcs_KAF7734811.1 PeUcs_KAF7734812.1 SeLin_USW58311.1 PeCan_KAJ6176108.1
HG_35690	SeLin_USW55508.1 GeCar_KAI5776467.1
HG_22133	SeLin_USW54697.1 SeLin_USW59461.1 GeCar_KAI5793310.1 PeEch_KAI5803549.1
HG_17198	NeCra_KHE79254.1 SeLin_USW56890.1 PyTer_CAE7015932.1 PyTer_CAE7206986.1 PyTer_CAE7207294.1
HG_19022	AsNig_CAK42011.1 PeUcs_KAF7736356.1 SeLin_USW55825.1 PeCan_KAJ6170070.1
HG_11059	AsNig_CAK46494.1 NeCra_KHE87877.1 TrAsp_PTB37616.1 SeLin_USW52022.1 SeLin_USW58763.1 PeCan_KAJ6175337.1 RhCom_CZS96683.1 PyTer_CAE7176194.1 PyTer_CAE7208340.1 PyTer_CAE7208531.1
HG_18670	DaQue_KZT66319.1 CrQue_KAG0145755.1 SeLin_USW50466.1 PeCan_KAJ6181955.1
HG_26886	SeLin_USW56739.1 RhCom_CZS93982.1 PyTer_CAE7199673.1
HG_17877	GlCer_RIA94927.1 UmVin_KAG2173046.1 UmVin_KAG2175941.1 UmVin_KAG2182790.1 SeLin_USW51325.1
HG_838	MeLar_EGG11789.1 CaVis_KZO93780.1 CaVis_KZO93798.1 CaVis_KZO95554.1 CaVis_KZO98042.1 CaVis_KZO98831.1 CaVis_KZP01517.1 DaQue_KZT63052.1 DaQue_KZT63609.1 DaQue_KZT64287.1 DaQue_KZT64992.1 DaQue_KZT67470.1 DaQue_KZT67473.1 DaQue_KZT68718.1 DaQue_KZT72870.1 DaQue_KZT73364.1 CaCor_KZT50985.1 CaCor_KZT51814.1 CaCor_KZT58872.1 CaCor_KZT62044.1 CaCor_KZT62876.1 TrAsp_PTB44832.1 PlOst_KAF7427972.1 PlOst_KAF7433762.1 PlOst_KAF7436454.1 BoEdu_KAF8416367.1 BoEdu_KAF8416785.1 BoEdu_KAF8432230.1 BoEdu_KAF8432236.1 BoEdu_KAF8433003.1 BoEdu_KAF8433009.1 BoEdu_KAF8433742.1 BoEdu_KAF8433755.1 BoEdu_KAF8433759.1 BoEdu_KAF8434734.1 BoEdu_KAF8437308.1 BoEdu_KAF8443131.1 BoEdu_KAF8445662.1 BoEdu_KAF8448673.1 BoEdu_KAF8448674.1 BoEdu_KAF8448701.1 BoEdu_KAF8448755.1 BoEdu_KAF8448784.1 BoEdu_KAF8452923.1 PhCon_KAF9473455.1 PhCon_KAF9473456.1 PhCon_KAF9481152.1 PhCon_KAF9486195.1 PhCon_KAF9486196.1 PhCon_KAF9486586.1 CrQue_KAG0147168.1 UmVin_KAG2172586.1 UmVin_KAG2175115.1 UmVin_KAG2179615.1 UmVin_KAG2187719.1 AbBie_KAI0781844.1 AbBie_KAI0781848.1 AbBie_KAI0781849.1 AbBie_KAI0782864.1 AbBie_KAI0783296.1 AbBie_KAI0783297.1 AbBie_KAI0786914.1 AbBie_KAI0786915.1 AbBie_KAI0789828.1 AbBie_KAI0789829.1 GaLeu_KAI1782997.1 GaLeu_KAI1786212.1 GaLeu_KAI1786220.1 GaLeu_KAI1786237.1 GaLeu_KAI1786242.1 GaLeu_KAI1786243.1 GaLeu_KAI1786244.1 GaLeu_KAI1786271.1 GaLeu_KAI1786454.1 GaLeu_KAI1788141.1 GaLeu_KAI1791964.1 GaLeu_KAI1792686.1 GaLeu_KAI1793341.1 GaLeu_KAI1796356.1 SeLin_USW48075.1 RhCom_CZS91345.1 RhCom_CZS92054.1 RhCom_CZT01171.1 RhCom_CZT05867.1 RhCom_CZT12017.1 RhCom_CZT13042.1
HG_17805	MaRes_AXA49341.1 SpBru_KAA8895250.1 UmVin_KAG2184228.1 SeLin_USW58896.1 MaSym_SHO77636.1
HG_24234	NeCra_KHE88757.1 SeLin_USW48908.1 PeCan_KAJ6165747.1
HG_17226	NeCra_KHE86670.1 NeCra_KHE88250.1 CuOle_KLT41278.1 SeLin_USW53576.1 RhCom_CZT01726.1
HG_3274	AsNig_CAK43492.1 AsNig_CAK45693.1 AsNig_CAK96222.1 AsNig_CAL00723.1 SpRei_CBQ70327.1 UsMay_KIS70984.1 KaBra_EST10130.1 KwBes_OCF22922.1 KwPin_OCF49247.1 RhTor_PRQ70241.1 RhTor_PRQ74353.1 CuOle_KLT39561.1 RhGra_KPV73752.1 RhGra_KPV75434.1 CaVis_KZO89696.1 CaVis_KZO89699.1 CaVis_KZO89700.1 CaVis_KZO92240.1 CaVis_KZO92241.1 CaVis_KZO93836.1 CaVis_KZO97105.1 CaVis_KZO97106.1 DaQue_KZT66963.1 DaQue_KZT67197.1 CaCor_KZT50716.1 CaCor_KZT55480.1 CaCor_KZT55485.1 CaCor_KZT61133.1 CaCor_KZT61144.1 CaCor_KZT61145.1 CrAmy_ODN99192.1 AmRes_PSS23400.1 AcIng_PWN90241.1 AcIng_PWN94038.1 MaRes_AXA51086.1 RhDio_TNY20870.1 RhDio_TNY22953.1 KwSha_KAA5528703.1 PlOst_KAF7428584.1 PlOst_KAF7428588.1 PlOst_KAF7428594.1 PlOst_KAF7430162.1 PlOst_KAF7433597.1 PlOst_KAF7433605.1 PeUcs_KAF7737701.1 BoEdu_KAF8433671.1 BoEdu_KAF8441481.1 PhCon_KAF9484993.1 PhCon_KAF9485002.1 PhCon_KAF9486218.1 PhCon_KAF9486219.1 PhCon_KAF9486222.1 AbBie_KAI0785522.1 AbBie_KAI0785523.1 GaLeu_KAI1782457.1 GaLeu_KAI1789469.1 GaLeu_KAI1789573.1 GaLeu_KAI1790363.1 GaLeu_KAI1790953.1 GaLeu_KAI1795806.1 SeLin_USW52914.1 ExRho_UZJ55963.1 ExRho_UZJ57058.1 PeCan_KAJ6165121.1 PeCan_KAJ6182748.1 MaJap_WFD37369.1 MiSap_SDA04838.1 MaSym_SHO76459.1 PyTer_CAE7212380.1 MoAph_g991.t1 RhPal_g2234.t1 RhPal_g5878.t1
HG_11223	UsMay_KIS69142.1 TrAsp_PTB37404.1 AcIng_PWN88348.1 PeUcs_KAF7736884.1 SeLin_USW57610.1 SeLin_USW57611.1 PyTer_CAE6998331.1 MoAph_g5530.t1 MoAph_g5589.t1 LaNot_g000571.m1
HG_9978	SeLin_USW49690.1 SeLin_USW49900.1 SeLin_USW49901.1 SeLin_USW50280.1 SeLin_USW52896.1 SeLin_USW53474.1 SeLin_USW54023.1 SeLin_USW59333.1 PeCan_KAJ6159256.1 PyTer_CAE7185341.1 PyTer_CAE7185346.1 PyTer_CAE7186165.1 PyTer_CAE7186176.1
HG_6892	SpRei_CBQ68811.1 UsMay_KIS67708.1 KaBra_EST09010.1 KwDej_OBR81591.1 KwBes_OCF28777.1 KwPin_OCF48847.1 CuOle_KLT38823.1 CaVis_KZP01589.1 CaVis_KZP01590.1 DaQue_KZT65657.1 CaCor_KZT59497.1 CrAmy_ODO04821.1 TrAsp_PTB35162.1 AcIng_PWN92838.1 KwSha_KAA5528551.1 TiWal_KAE8212885.1 PlOst_KAF7430743.1 BoEdu_KAF8449041.1 PhCon_KAF9485498.1 AbBie_KAI0792118.1 GaLeu_KAI1796641.1 SeLin_USW55942.1 ExRho_UZJ56025.1 PeCan_KAJ6176315.1 MoAph_g1847.t1 MoAph_g1847.t2 SaSel_g002313.m1
HG_10156	TuMel_CAZ84257.1 SpBru_KAA8893217.1 SpBru_KAA8893669.1 SpBru_KAA8893683.1 SeLin_USW58588.1 GeCar_KAI5801161.1 GeCar_KAI5805684.1 PeEch_KAI5809137.1 MoSny_KAI5837640.1 MoSny_KAI5843091.1 MoSny_KAI5853270.1 PyTer_CAE7010624.1
HG_14463	DaQue_KZT66241.1 TrAsp_PTB45246.1 AcIng_PWN86764.1 SeLin_USW57531.1 PeCan_KAJ6166199.1 PeCan_KAJ6175707.1
HG_35585	SeLin_USW46876.1 PyTer_CAE7194768.1
HG_26881	SeLin_USW55627.1 SeLin_USW58067.1 PyTer_CAE7195392.1
HG_25591	TeBou_RPB21407.1 TiNiv_KAF8424197.1 SeLin_USW55248.1
HG_16582	AsNig_CAK46245.1 NeCra_KHE81928.1 TrAsp_PTB39492.1 TrAsp_PTB46640.1 SeLin_USW49187.1
HG_14035	AmRes_PSS12568.1 TrAsp_PTB38582.1 TeBou_RPB22414.1 TiNiv_KAF8428187.1 KaPfe_KAF8468898.1 SeLin_USW54868.1 PeCan_KAJ6162471.1
HG_10548	AsNig_CAK46514.1 NeCra_KHE82773.1 PeUcs_KAF7735092.1 GaLeu_KAI1788339.1 SeLin_USW50722.1 SeLin_USW56052.1 SeLin_USW56301.1 PeCan_KAJ6158494.1 PeCan_KAJ6162326.1 PeCan_KAJ6176123.1 PyTer_CAE7031546.1
HG_13429	AsNig_CAK41192.1 NeCra_KHE88869.1 AmRes_PSS25277.1 TrAsp_PTB35469.1 SeLin_USW57950.1 RhCom_CZT02588.1 PyTer_CAE7177569.1
HG_4344	AsNig_CAK96372.1 TuMel_CAZ80739.1 NeCra_KHE85064.1 DaQue_KZT63439.1 DaQue_KZT67688.1 DaQue_KZT67761.1 DaQue_KZT74061.1 TrAsp_PTB40952.1 TrAsp_PTB41749.1 TeBou_RPB29659.1 SpBru_KAA8911654.1 PlOst_KAF7440184.1 PlOst_KAF7441185.1 PlOst_KAF7441191.1 PlOst_KAF7441192.1 PlOst_KAF7441195.1 PlOst_KAF7441201.1 PlOst_KAF7441202.1 PlOst_KAF7441213.1 PeUcs_KAF7736743.1 BoEdu_KAF8414533.1 BoEdu_KAF8414534.1 BoEdu_KAF8414537.1 BoEdu_KAF8436481.1 BoEdu_KAF8436483.1 BoEdu_KAF8437511.1 BoEdu_KAF8437590.1 BoEdu_KAF8437592.1 BoEdu_KAF8437593.1 BoEdu_KAF8437598.1 BoEdu_KAF8437630.1 TiNiv_KAF8422742.1 KaPfe_KAF8464448.1 KaPfe_KAF8464487.1 PhCon_KAF9484938.1 AbBie_KAI0783574.1 AbBie_KAI0786697.1 AbBie_KAI0792713.1 AbBie_KAI0792714.1 AbBie_KAI0797065.1 GaLeu_KAI1782981.1 GaLeu_KAI1788583.1 GaLeu_KAI1788953.1 GaLeu_KAI1791500.1 GaLeu_KAI1791529.1 GaLeu_KAI1791535.1 GaLeu_KAI1791547.1 GaLeu_KAI1791548.1 GaLeu_KAI1791551.1 GaLeu_KAI1791554.1 SeLin_USW49253.1 GeCar_KAI5778007.1 GeCar_KAI5778845.1 PeEch_KAI5807517.1 MoSny_KAI5845293.1 MoSny_KAI5848511.1 PeCan_KAJ6153927.1 RhCom_CZT02971.1 PyTer_CAE7188058.1
HG_19053	AsNig_CAK46265.1 TrAsp_PTB45129.1 PeUcs_KAF7728715.1 SeLin_USW52483.1
HG_11323	CaCor_KZT56220.1 TrAsp_PTB46693.1 AcIng_PWN88789.1 SpBru_KAA8894530.1 PlOst_KAF7424719.1 SeLin_USW47881.1 SeLin_USW49283.1 SeLin_USW50593.1 GeCar_KAI5778857.1 PeCan_KAJ6165407.1
HG_5769	DaQue_KZT67296.1 AcIng_PWN94174.1 PlOst_KAF7420839.1 PlOst_KAF7422790.1 PlOst_KAF7422791.1 PlOst_KAF7422797.1 PlOst_KAF7422810.1 BoEdu_KAF8431311.1 BoEdu_KAF8432659.1 BoEdu_KAF8435401.1 BoEdu_KAF8436813.1 BoEdu_KAF8452562.1 PhCon_KAF9474072.1 PhCon_KAF9478094.1 PhCon_KAF9478210.1 PhCon_KAF9482847.1 PhCon_KAF9483724.1 PhCon_KAF9485003.1 AbBie_KAI0790997.1 AbBie_KAI0790998.1 AbBie_KAI0790999.1 AbBie_KAI0791004.1 GaLeu_KAI1784669.1 GaLeu_KAI1784678.1 GaLeu_KAI1784770.1 GaLeu_KAI1788049.1 GaLeu_KAI1788050.1 GaLeu_KAI1788051.1 GaLeu_KAI1788850.1 GaLeu_KAI1788851.1 GaLeu_KAI1788853.1 GaLeu_KAI1790735.1 GaLeu_KAI1791305.1 SeLin_USW58324.1 SeLin_USW59558.1 ExRho_UZJ57601.1
HG_35631	SeLin_USW51153.1 RhCom_CZS89078.1
HG_24967	AmRes_PSS27781.1 SeLin_USW57919.1 PyTer_CAE7177021.1
HG_21981	CrQue_KAG0146015.1 SeLin_USW48906.1 RhCom_CZT02977.1 PyTer_CAE7211850.1
HG_23677	MeLar_EGG07654.1 CrQue_KAG0142516.1 SeLin_USW54105.1
HG_13716	KwDej_OBR82581.1 NeCra_KHE85298.1 CrAmy_ODO06532.1 CrAmy_ODO06533.1 CrAmy_ODO06563.1 CrAmy_ODO09579.1 SeLin_USW50006.1
HG_31716	TrAsp_PTB43881.1 SeLin_USW52238.1
HG_26845	SeLin_USW48655.1 SeLin_USW54175.1 MoSny_KAI5843321.1
HG_28267	AsNig_CAK96217.1 SeLin_USW56649.1
HG_15666	AmRes_PSS16531.1 PeUcs_KAF7737945.1 SeLin_USW55272.1 PeCan_KAJ6175833.1 RhCom_CZS91356.1 PyTer_CAE7213662.1
HG_8444	TuMel_CAZ81518.1 TaDef_CCG82317.1 PnJir_KTW28611.1 NeIrr_OLL23901.1 PrLac_ORY84763.1 GlCer_RIA87066.1 TeBou_RPB23781.1 SpBru_KAA8893668.1 TiNiv_KAF8423927.1 KaPfe_KAF8466018.1 SeLin_USW57506.1 GeCar_KAI5805691.1 PeEch_KAI5790577.1 MoSny_KAI5853261.1 PeCan_KAJ6154916.1 PeCan_KAJ6173191.1 RhCom_CZS92831.1 PyTer_CAE7028431.1
HG_33561	PeUcs_KAF7732997.1 SeLin_USW52182.1
HG_35667	SeLin_USW53684.1 PeCan_KAJ6183080.1
HG_27602	TrAsp_PTB39098.1 SeLin_USW56796.1
HG_20929	AmRes_PSS15204.1 TrAsp_PTB37563.1 TrAsp_PTB42816.1 SeLin_USW53021.1
HG_8815	SpRei_CBQ69772.1 SpRei_CBQ72520.1 SpRei_CBQ72891.1 UsMay_KIS66753.1 UsMay_KIS69172.1 UsMay_KIS70247.1 KaBra_EST05652.2 KaBra_EST07081.1 KaBra_EST08678.2 PhCon_KAF9471783.1 GaLeu_KAI1794628.1 SeLin_USW59332.1 MoAph_g2645.t1 MoAph_g4095.t1 MoAph_g5253.t1 AlAfr_g007872.m1
HG_18424	SeLin_USW47366.1 ExRho_UZJ52925.1 RhCom_CZS92061.1 RhCom_CZT11715.1 PyTer_CAE7180159.1
HG_15648	NeIrr_OLL24382.1 AcIng_PWN89750.1 SeLin_USW49481.1 MaJap_WFD41099.1 MaJap_WFD41100.1 PyTer_CAE7010764.1
HG_17785	TrAsp_PTB42532.1 SeLin_USW55819.1 PeCan_KAJ6158208.1 PeCan_KAJ6181947.1 RhCom_CZT10553.1
HG_19030	AsNig_CAK43316.1 DaQue_KZT65066.1 GaLeu_KAI1790993.1 SeLin_USW54826.1
HG_35713	SeLin_USW58214.1 PyTer_CAE7192580.1
HG_11067	ScPom_CAC00555.1 ScCry_EPY52458.1 ScOct_EPX72955.1 PnCar_KTW26417.1 CaVis_KZO96883.1 CaCor_KZT57253.1 GlCer_RIA99062.1 UmVin_KAG2176023.1 SeLin_USW49052.1 ScOsm_WBW74422.1
HG_25519	TeBou_RPB23908.1 TiNiv_KAF8418871.1 SeLin_USW57134.1
HG_22123	SeLin_USW50980.1 SeLin_USW56858.1 SeLin_USW57168.1 PyTer_CAE7186383.1
HG_10625	SpRei_CBQ70232.1 KaBra_EST10215.1 CaVis_KZO97327.1 CaCor_KZT51969.1 AcIng_PWN90459.1 TiWal_KAE8210858.1 SeLin_USW53732.1 ExRho_UZJ51148.1 RhCom_CZS96900.1 MiSap_SDA07661.1 MoAph_g1090.t1
HG_14048	TrAsp_PTB43761.1 TrAsp_PTB46710.1 GlCer_RIA89007.1 TiNiv_KAF8421818.1 SeLin_USW47754.1 PyTer_CAE7210828.1 YaLip_g002791.m1
HG_9870	CaVis_KZO89683.1 DaQue_KZT68010.1 CaCor_KZT55424.1 AcIng_PWN91138.1 MaRes_AXA50823.1 MaRes_AXA50825.1 TiWal_KAE8211126.1 AbBie_KAI0791050.1 GaLeu_KAI1783210.1 SeLin_USW55189.1 MaJap_WFD37420.1 RhCom_CZS90778.1 MaSym_SHO76120.1
HG_17867	GlCer_RIA85406.1 GlCer_RIA87190.1 GlCer_RIA88314.1 GlCer_RIA97175.1 SeLin_USW53318.1
HG_20737	CaVis_KZP00445.1 CaCor_KZT51798.1 TrAsp_PTB35752.1 SeLin_USW56732.1
HG_14471	AsNig_CAK44624.1 SpRei_CBQ69124.1 PeUcs_KAF7739593.1 SeLin_USW55007.1 PyTer_CAE7000139.1 MoAph_g115.t1
HG_13696	TaDef_CCG84963.1 KaBra_KAF6766878.1 AcIng_PWN93205.1 GaLeu_KAI1793752.1 SeLin_USW51479.1 SeLin_USW56286.1 RhCom_CZT03890.1
HG_23070	AsNig_CAK39003.1 SeLin_USW49629.1 PeCan_KAJ6182986.1
HG_7363	TuMel_CAZ85717.1 SpRei_CBQ74025.1 UsMay_KIS68484.1 KaBra_KAF6766851.1 NeCra_KHE78457.1 AmRes_PSS22139.1 MaRes_AXA49508.1 TeBou_RPB18557.1 SpBru_KAA8899394.1 TiNiv_KAF8427500.1 KaPfe_KAF8461418.1 SeLin_USW54073.1 SeLin_USW57125.1 GeCar_KAI5795610.1 PeEch_KAI5806707.1 MoSny_KAI5842944.1 ExRho_UZJ53820.1 MaJap_WFD39693.1 RhCom_CZT04270.1 MaSym_SHO77784.1 PyTer_CAE7200851.1 PyTer_CAE7202847.1 MoAph_g6159.t1
HG_5934	AsNig_CAK47326.1 SpRei_CBQ67383.1 KaBra_EST09644.1 KaBra_EST09647.2 KwDej_OBR87226.1 KwDej_OBR87228.1 KwBes_OCF29653.1 KwBes_OCF29655.1 KwBes_OCF29656.1 KwPin_OCF46372.1 CuOle_KLT39256.1 CuOle_KLT39257.1 CuOle_KLT40043.1 CuOle_KLT40867.1 CuOle_KLT42417.1 CuOle_KLT44592.1 CuOle_KLT44965.1 CuOle_KLT46365.1 CrAmy_ODO05858.1 CrAmy_ODO12137.1 AcIng_PWN87691.1 KwSha_KAA5524552.1 TiWal_KAE8210062.1 TiWal_KAE8213143.1 PeUcs_KAF7735255.1 KaPfe_KAF8470795.1 SeLin_USW47645.1 SeLin_USW53902.1 PeEch_KAI5803621.1 MoSny_KAI5837775.1 ExRho_UZJ55507.1 RhCom_CZS93917.1 MiSap_SDA05090.1 PyTer_CAE7013756.1 MoAph_g11.t1
HG_26858	SeLin_USW49951.1 RhCom_CZT10323.1 PyTer_CAE7015180.1
HG_27738	SeLin_USW49596.1 PyTer_CAE7024661.1
HG_33351	TiWal_KAE8216508.1 SeLin_USW53248.1
HG_4616	ScPom_CAA97363.1 ScCry_EPY50214.1 ScOct_EPX73294.1 MeLar_EGG05055.1 SpRei_CBQ70118.1 UsMay_KIS66338.1 KaBra_EST07164.1 RhTor_PRQ71795.1 RhTor_PRQ76975.1 RhGra_KPV71686.1 NeIrr_OLL26453.1 PrLac_ORY81007.1 AcIng_PWN90137.1 MaRes_AXA49619.1 RhDio_TNY18951.1 TiWal_KAE8209820.1 PlOst_KAF7426387.1 CrQue_KAG0145567.1 SeLin_USW59098.1 PuStr_KAI7933036.1 PuStr_KAI7933340.1 PuStr_KAI7937453.1 PuStr_KAI7937462.1 PuStr_KAI7965168.1 PuStr_KAI7965183.1 ExRho_UZJ51134.1 ScOsm_WBW74070.1 MiSap_SDA06160.1 MaSym_SHO77854.1 MoAph_g2800.t1 RhPal_g1254.t1 RhPal_g303.t1 CaAlb_g000393.m1 CaAlb_g001633.m1 SaCer_g000493.m1 SaCer_g002128.m1 SaCer_g003709.m1 ToAga_g001604.m1 ToAga_g002015.m1 SpLac_g001138.m1 SpLac_g005402.m1 LaNot_g001222.m1 LaNot_g004812.m1 NaAna_g002881.m1 NaAna_g005276.m1 DeUde_g000109.m1 DeUde_g001979.m1 AlAfr_g001606.m1 AlAfr_g005471.m1 AlAfr_g008441.m1 SaSel_g000931.m1 SaSel_g002706.m1 YaLip_g000783.m1
HG_22100	GaLeu_KAI1786893.1 SeLin_USW56949.1 SeLin_USW58783.1 SeLin_USW59681.1
HG_8150	AsNig_CAK41896.1 KwDej_OBR89389.1 KwBes_OCF28268.1 KwPin_OCF53791.1 NeCra_KHE88143.1 CuOle_KLT41071.1 CaVis_KZO95510.1 CaCor_KZT58921.1 CrAmy_ODO11723.1 AmRes_PSS25431.1 AcIng_PWN93207.1 KwSha_KAA5527945.1 SpBru_KAA8895683.1 TiWal_KAE8212842.1 SeLin_USW57172.1 GeCar_KAI5803074.1 PeCan_KAJ6182360.1 PyTer_CAE7185635.1 MoAph_g2518.t1
HG_11910	CuOle_KLT39529.1 AmRes_PSS22780.1 AcIng_PWN92626.1 KaPfe_KAF8463073.1 SeLin_USW54964.1 SeLin_USW59094.1 PeEch_KAI5804655.1 PeCan_KAJ6183066.1 LiChi_g003655.m1
HG_6762	UsMay_KIS66054.1 KaBra_KAF6767210.1 KwDej_OBR83806.1 KwBes_OCF23776.1 KwPin_OCF50387.1 NeCra_KHE80731.1 RhTor_PRQ73769.1 CuOle_KLT39945.1 RhGra_KPV75861.1 CaVis_KZP00759.1 DaQue_KZT67737.1 CaCor_KZT52775.1 AmRes_PSS22826.1 TrAsp_PTB36613.1 AcIng_PWN93785.1 RhDio_TNY23619.1 TiWal_KAE8209681.1 PlOst_KAF7428162.1 PhCon_KAF9485950.1 UmVin_KAG2178313.1 AbBie_KAI0783291.1 GaLeu_KAI1796924.1 SeLin_USW50666.1 ExRho_UZJ53690.1 MiSap_SDA06984.1 MoAph_g2516.t1 MoAph_g4294.t1 RhPal_g4883.t1
HG_24975	TrAsp_PTB34925.1 TrAsp_PTB43815.1 SeLin_USW50923.1
HG_18437	SeLin_USW56478.1 PyTer_CAE6997030.1 PyTer_CAE6997033.1 PyTer_CAE6997037.1 PyTer_CAE6999948.1
HG_35726	SeLin_USW59685.1 PyTer_CAE7020008.1
HG_26853	SeLin_USW49300.1 SeLin_USW55922.1 PyTer_CAE7015318.1
HG_29870	CuOle_KLT40685.1 SeLin_USW51275.1
HG_35621	SeLin_USW50557.1 PyTer_CAE7002503.1
HG_5171	MeLar_EGG01515.1 MeLar_EGG12249.1 KwDej_OBR83648.1 KwDej_OBR85399.1 KwBes_OCF23626.1 KwBes_OCF25063.1 KwPin_OCF49572.1 KwPin_OCF50263.1 NeCra_KHE81836.1 RhTor_PRQ74743.1 CuOle_KLT44020.1 RhGra_KPV76685.1 CaVis_KZO94509.1 CaVis_KZO94513.1 CaVis_KZO94515.1 CaVis_KZO94521.1 CaVis_KZO94523.1 CaVis_KZO94525.1 CaVis_KZO94529.1 CaVis_KZO95910.1 CaVis_KZP01614.1 CaCor_KZT51932.1 CaCor_KZT54890.1 CrAmy_ODO06750.1 CrAmy_ODO08019.1 AcIng_PWN90744.1 RhDio_TNY24286.1 KwSha_KAA5524882.1 KwSha_KAA5527032.1 CrQue_KAG0146534.1 CrQue_KAG0148120.1 UmVin_KAG2178692.1 SeLin_USW58900.1 PuStr_KAI7936070.1 PuStr_KAI7964602.1 ExRho_UZJ53759.1 PeCan_KAJ6173075.1 MiSap_SDA02053.1 PyTer_CAE7002653.1 RhPal_g4034.t1 SpLac_g000525.m1 LiKon_g001495.m1 LiKon_g001496.m1 LiKon_g006424.m1
HG_20786	DaQue_KZT65515.1 AbBie_KAI0782798.1 GaLeu_KAI1791919.1 SeLin_USW47445.1
HG_21561	PlOst_KAF7416113.1 SeLin_USW48939.1 PyTer_CAE7027123.1 PyTer_CAE7185820.1
HG_19025	AsNig_CAK42686.1 SeLin_USW57069.1 PyTer_CAE7009406.1 PyTer_CAE7021044.1
HG_12552	TuMel_CAZ81183.1 TeBou_RPB26734.1 SpBru_KAA8909400.1 TiNiv_KAF8430387.1 KaPfe_KAF8470640.1 PhCon_KAF9480279.1 SeLin_USW48218.1 MoSny_KAI5843320.1
HG_10551	AsNig_CAK48562.1 PlOst_KAF7416214.1 PlOst_KAF7420794.1 PlOst_KAF7428932.1 PlOst_KAF7428935.1 PlOst_KAF7433772.1 SeLin_USW57872.1 GeCar_KAI5779103.1 RhCom_CZS89532.1 RhCom_CZT05733.1 PyTer_CAE7209366.1
HG_20271	NeCra_KHE85382.1 SeLin_USW58202.1 PeCan_KAJ6158287.1 PyTer_CAE7207001.1
HG_13432	AsNig_CAK41678.1 CuOle_KLT41794.1 AcIng_PWN91783.1 PeUcs_KAF7739049.1 SeLin_USW52389.1 SeLin_USW56176.1 PeCan_KAJ6182715.1
HG_6643	SpRei_CBQ71995.1 UsMay_KIS70609.1 KaBra_EST07730.1 KwDej_OBR84878.1 KwBes_OCF25613.1 KwPin_OCF46296.1 CuOle_KLT38965.1 CaVis_KZO98515.1 DaQue_KZT66971.1 CaCor_KZT61652.1 CrAmy_ODN97890.1 CrAmy_ODN97891.1 TrAsp_PTB34985.1 TrAsp_PTB39260.1 AcIng_PWN93642.1 KwSha_KAA5526543.1 PlOst_KAF7433703.1 PlOst_KAF7433720.1 BoEdu_KAF8427194.1 BoEdu_KAF8432203.1 BoEdu_KAF8439681.1 PhCon_KAF9480738.1 UmVin_KAG2173462.1 AbBie_KAI0795422.1 GaLeu_KAI1790667.1 GaLeu_KAI1790671.1 SeLin_USW53038.1 PeCan_KAJ6161589.1 MoAph_g4598.t1
HG_15825	TeBou_RPB21347.1 TiNiv_KAF8418447.1 TiNiv_KAF8418448.1 KaPfe_KAF8461219.1 KaPfe_KAF8461224.1 SeLin_USW54211.1
HG_22118	SeLin_USW48835.1 SeLin_USW48959.1 SeLin_USW56546.1 PyTer_CAE6999559.1
HG_24391	CuOle_KLT41919.1 SeLin_USW58090.1 PyTer_CAE7015389.1
HG_26889	SeLin_USW58251.1 SeLin_USW58253.1 PeCan_KAJ6162467.1
HG_5181	SpRei_CBQ71418.1 UsMay_KIS65768.1 KaBra_EST06749.2 KwDej_OBR88153.1 KwBes_OCF26629.1 KwPin_OCF47765.1 RhTor_PRQ71887.1 RhTor_PRQ75437.1 RhTor_PRQ77677.1 RhTor_PRQ77851.1 CuOle_KLT46135.1 RhGra_KPV72921.1 RhGra_KPV76516.1 CaVis_KZO96356.1 DaQue_KZT72905.1 CaCor_KZT62653.1 CrAmy_ODO02937.1 AcIng_PWN93329.1 MaRes_AXA51779.1 GlCer_RIA90555.1 RhDio_TNY17687.1 RhDio_TNY22288.1 KwSha_KAA5525767.1 TiWal_KAE8213456.1 PlOst_KAF7436390.1 BoEdu_KAF8445686.1 PhCon_KAF9486468.1 CrQue_KAG0150359.1 UmVin_KAG2182732.1 AbBie_KAI0783326.1 GaLeu_KAI1793186.1 SeLin_USW49792.1 PuStr_KAI7952507.1 PuStr_KAI7955922.1 ExRho_UZJ57511.1 MaJap_WFD41360.1 MiSap_SDA04953.1 MiSap_SDA06063.1 MaSym_SHO78107.1 MoAph_g3955.t1 RhPal_g1291.t1 RhPal_g2856.t1 RhPal_g4455.t1
HG_17229	NeCra_KHE87123.1 PeUcs_KAF7731501.1 SeLin_USW55004.1 PeCan_KAJ6159315.1 PeCan_KAJ6161775.1
HG_12347	AsNig_CAK43597.1 AmRes_PSS25200.1 SpBru_KAA8914988.1 BoEdu_KAF8446328.1 SeLin_USW48505.1 MoSny_KAI5848585.1 RhCom_CZT11895.1 YaLip_g000477.m1
HG_14484	AsNig_CAK40228.1 TrAsp_PTB38817.1 AcIng_PWN91332.1 SeLin_USW50870.1 ExRho_UZJ51732.1 PeCan_KAJ6177093.1
HG_20235	NeCra_KHE79436.1 TrAsp_PTB40661.1 SeLin_USW57089.1 PyTer_CAE7211750.1
HG_10892	AsNig_CAK44867.1 AsNig_CAK49043.1 SeLin_USW47996.1 SeLin_USW47997.1 SeLin_USW50259.1 PeCan_KAJ6165752.1 PeCan_KAJ6170889.1 PeCan_KAJ6183072.1 RhCom_CZS96136.1 PyTer_CAE7211518.1
HG_35639	SeLin_USW51855.1 PyTer_CAE6995701.1
HG_6612	AsNig_CAK44902.1 AsNig_CAK96276.1 MeLar_EGG04264.1 MeLar_EGG04268.1 MeLar_EGG05017.1 MeLar_EGG08070.1 KaBra_EST10209.2 KwDej_OBR89446.1 KwBes_OCF28175.1 KwPin_OCF53847.1 NeCra_KHE81165.1 CrAmy_ODO11660.1 TrAsp_PTB43552.1 TrAsp_PTB45075.1 AcIng_PWN88408.1 PeUcs_KAF7734706.1 PeUcs_KAF7739263.1 CrQue_KAG0148530.1 CrQue_KAG0148533.1 SeLin_USW50159.1 SeLin_USW54063.1 PuStr_KAI7941446.1 ExRho_UZJ52129.1 PeCan_KAJ6176682.1 PeCan_KAJ6181715.1 PyTer_CAE7180150.1 PyTer_CAE7200486.1 MoAph_g1078.t1 MoAph_g1078.t2
HG_35670	SeLin_USW54078.1 PyTer_CAE7022641.1
HG_4492	AsNig_CAK37260.1 AsNig_CAK47190.1 SpRei_CBQ68653.1 SpRei_CBQ68778.1 SpRei_CBQ70813.1 UsMay_KIS66630.1 UsMay_KIS67677.1 UsMay_KIS67985.1 UsMay_KIS69997.1 UsMay_KIS71511.1 KaBra_EST04619.1 KaBra_EST06029.1 KaBra_EST09038.1 RhTor_PRQ75750.1 RhTor_PRQ76458.1 RhGra_KPV73829.1 RhGra_KPV77874.1 AcIng_PWN87218.1 AcIng_PWN88444.1 AcIng_PWN89688.1 AcIng_PWN91671.1 AcIng_PWN91672.1 MaRes_AXA49513.1 RhDio_TNY18221.1 RhDio_TNY18771.1 TiWal_KAE8211069.1 TiWal_KAE8211723.1 TiWal_KAE8214161.1 PeUcs_KAF7733373.1 PeUcs_KAF7736467.1 UmVin_KAG2187977.1 SeLin_USW50397.1 SeLin_USW58547.1 ExRho_UZJ51280.1 ExRho_UZJ54461.1 PeCan_KAJ6159346.1 PeCan_KAJ6161727.1 PeCan_KAJ6165394.1 PeCan_KAJ6182736.1 PeCan_KAJ6182933.1 MaJap_WFD40109.1 RhCom_CZS94254.1 MiSap_SDA00942.1 MiSap_SDA02928.1 MiSap_SDA02936.1 MiSap_SDA02937.1 MaSym_SHO77647.1 MaSym_SHO78812.1 MaSym_SHO79889.1 MoAph_g1563.t1 MoAph_g1815.t1 MoAph_g1815.t2 MoAph_g2897.t1 MoAph_g5523.t1 MoAph_g5617.t1 RhPal_g1609.t1
HG_17483	CuOle_KLT42681.1 TiWal_KAE8215618.1 TiWal_KAE8215619.1 SeLin_USW52465.1 RhCom_CZS89187.1
HG_22113	SeLin_USW47002.1 SeLin_USW52880.1 RhCom_CZT06406.1 PyTer_CAE7219250.1
HG_5788	TuMel_CAZ86551.1 CuOle_KLT39308.1 CuOle_KLT42147.1 CuOle_KLT42149.1 GlCer_RIA79707.1 GlCer_RIA94291.1 GlCer_RIA96167.1 GlCer_RIA96721.1 GlCer_RIA96722.1 GlCer_RIA97961.1 TeBou_RPB25977.1 TeBou_RPB25978.1 TeBou_RPB26917.1 SpBru_KAA8905678.1 SpBru_KAA8913413.1 TiWal_KAE8213021.1 PlOst_KAF7424140.1 PlOst_KAF7424141.1 PlOst_KAF7428033.1 PeUcs_KAF7738280.1 TiNiv_KAF8416940.1 TiNiv_KAF8416941.1 TiNiv_KAF8416943.1 TiNiv_KAF8425214.1 KaPfe_KAF8471215.1 PhCon_KAF9474702.1 UmVin_KAG2177406.1 UmVin_KAG2177718.1 UmVin_KAG2187166.1 SeLin_USW47206.1 SeLin_USW47636.1 GeCar_KAI5778041.1 PeCan_KAJ6166347.1 PeCan_KAJ6174054.1 RhCom_CZS95042.1 PyTer_CAE6996585.1
HG_5835	AsNig_CAK38991.1 KwDej_OBR86941.1 KwBes_OCF29376.1 KwPin_OCF50798.1 RhTor_PRQ76367.1 CuOle_KLT45913.1 RhGra_KPV77802.1 CrAmy_ODO04477.1 NeIrr_OLL27050.1 PrLac_ORY74128.1 TrAsp_PTB46501.1 RhDio_TNY20817.1 KwSha_KAA5524200.1 PeUcs_KAF7738907.1 UmVin_KAG2178700.1 SeLin_USW50379.1 PeCan_KAJ6183016.1 MiSap_SCZ89658.1 PyTer_CAE7208349.1 RhPal_g6882.t1 RhPal_g6882.t2 CaAlb_g003065.m1 SaCer_g001371.m1 ToAga_g004471.m1 SpLac_g001610.m1 LaNot_g001720.m1 LiChi_g004829.m1 LiChi_g006612.m1 LiKon_g002047.m1 LiKon_g004106.m1 NaAna_g006270.m1 DeUde_g000517.m1 AlAfr_g005414.m1 SaSel_g001099.m1 YaLip_g001099.m1 YaLip_g005889.m1
HG_18996	AsNig_CAK38686.1 NeCra_KHE89928.1 SeLin_USW48493.1 PeCan_KAJ6170048.1
HG_4910	AsNig_CAK39636.1 TuMel_CAZ80610.1 SpRei_CBQ67781.1 TaDef_CCG84800.1 UsMay_KIS71967.1 KaBra_EST10010.1 KwDej_OBR89604.1 KwBes_OCF29119.1 KwPin_OCF46163.1 NeCra_KHE86922.1 RhTor_PRQ74422.1 CuOle_KLT45016.1 RhGra_KPV73518.1 CaVis_KZP00849.1 CaVis_KZP00852.1 DaQue_KZT72110.1 CaCor_KZT61326.1 CaCor_KZT61328.1 CaCor_KZT61329.1 CrAmy_ODO06007.1 PrLac_ORY77750.1 AmRes_PSS10484.1 TrAsp_PTB38964.1 AcIng_PWN91968.1 RhDio_TNY17955.1 KwSha_KAA5525170.1 SpBru_KAA8914841.1 TiWal_KAE8216033.1 PlOst_KAF7437380.1 PeUcs_KAF7736229.1 KaPfe_KAF8460583.1 PhCon_KAF9481083.1 PhCon_KAF9483948.1 UmVin_KAG2184058.1 AbBie_KAI0797034.1 GaLeu_KAI1793280.1 SeLin_USW49795.1 GeCar_KAI5803746.1 PeEch_KAI5799319.1 ExRho_UZJ57175.1 PeCan_KAJ6176357.1 RhCom_CZT05566.1 MiSap_SCZ92994.1 PyTer_CAE7014960.1 MoAph_g424.t1 RhPal_g2000.t1 RhPal_g2000.t2 YaLip_g006402.m1
HG_11567	NeCra_KHE82511.1 TrAsp_PTB40338.1 TrAsp_PTB42649.1 TiWal_KAE8210058.1 PeUcs_KAF7728991.1 SeLin_USW56717.1 GeCar_KAI5805838.1 PyTer_CAE7208185.1 LiChi_g001675.m1
HG_14512	AsNig_CAK46221.1 TrAsp_PTB37539.1 AcIng_PWN88764.1 SeLin_USW51127.1 ExRho_UZJ50694.1 PeCan_KAJ6165313.1
HG_7676	MeLar_EGG06685.1 MeLar_EGG06690.1 NeCra_KHE88415.1 PlOst_KAF7416349.1 PlOst_KAF7421291.1 PlOst_KAF7422184.1 PlOst_KAF7433658.1 PhCon_KAF9476134.1 PhCon_KAF9484599.1 CrQue_KAG0142412.1 CrQue_KAG0147038.1 CrQue_KAG0147539.1 AbBie_KAI0782337.1 GaLeu_KAI1782238.1 GaLeu_KAI1783009.1 GaLeu_KAI1786762.1 SeLin_USW55190.1 PuStr_KAI7950819.1 PuStr_KAI7964233.1 PeCan_KAJ6158701.1 PeCan_KAJ6182819.1 RhCom_CZT00265.1
HG_34449	KaPfe_KAF8456485.1 SeLin_USW50477.1
HG_10205	SpRei_CBQ73236.1 UsMay_KIS68862.1 KaBra_EST05146.1 CaVis_KZO95790.1 CaCor_KZT57018.1 CaCor_KZT57019.1 AmRes_PSS18339.1 AcIng_PWN90316.1 PeUcs_KAF7731146.1 SeLin_USW55973.1 PeCan_KAJ6176731.1 MoAph_g5308.t1
HG_35634	SeLin_USW51583.1 RhCom_CZT09535.1
HG_9435	AsNig_CAL00620.1 AmRes_PSS15049.1 AmRes_PSS27650.1 PeUcs_KAF7731079.1 SeLin_USW58933.1 PeCan_KAJ6154010.1 RhCom_CZS90290.1 RhCom_CZS96265.1 PyTer_CAE7012821.1 PyTer_CAE7027974.1 PyTer_CAE7173678.1 PyTer_CAE7194617.1 PyTer_CAE7194884.1 PyTer_CAE7205097.1
HG_8158	KwDej_OBR89054.1 KwPin_OCF53357.1 CaVis_KZO96920.1 CaVis_KZO96921.1 DaQue_KZT65987.1 CaCor_KZT60337.1 CaCor_KZT60338.1 CrAmy_ODO05042.1 CrAmy_ODO05043.1 CrAmy_ODO05047.1 AcIng_PWN91961.1 KwSha_KAA5526661.1 PlOst_KAF7433183.1 BoEdu_KAF8434580.1 BoEdu_KAF8434584.1 PhCon_KAF9482501.1 AbBie_KAI0796543.1 GaLeu_KAI1796243.1 SeLin_USW57882.1
HG_17511	PnJir_KTW31891.1 PnCar_KTW26970.1 UmVin_KAG2173996.1 SeLin_USW50979.1 PyTer_CAE7030450.1
HG_7918	NeCra_KHE80160.1 NeCra_KHE80459.1 NeCra_KHE81717.1 NeCra_KHE82415.1 NeCra_KHE82417.1 NeCra_KHE82565.1 NeCra_KHE83214.1 NeCra_KHE85666.1 NeCra_KHE85698.1 NeCra_KHE86148.1 NeCra_KHE88428.1 NeCra_KHE89664.1 AmRes_PSS10976.1 PeUcs_KAF7738202.1 SeLin_USW59359.1 PeCan_KAJ6162219.1 RhCom_CZT01707.1 PyTer_CAE6996286.1 PyTer_CAE7007204.1 PyTer_CAE7033780.1 PyTer_CAE7177048.1
HG_10902	MeLar_EGG10337.1 RhTor_PRQ72885.1 RhGra_KPV78683.1 RhDio_TNY21715.1 TiWal_KAE8209684.1 CrQue_KAG0146693.1 SeLin_USW50348.1 PuStr_KAI7937465.1 MiSap_SCZ96145.1 RhPal_g821.t1
HG_35616	SeLin_USW50381.1 PyTer_CAE6995281.1
HG_14548	UsMay_KIS66144.1 SpBru_KAA8909411.1 SeLin_USW48083.1 RhCom_CZT05766.1 RhCom_CZT05767.1 RhCom_CZT05769.1
HG_28211	AsNig_CAK43470.1 SeLin_USW49579.1
HG_16667	TuMel_CAZ83223.1 SpBru_KAA8909493.1 SeLin_USW59554.1 GeCar_KAI5805060.1 MoSny_KAI5838428.1
HG_18427	SeLin_USW47778.1 SeLin_USW48626.1 SeLin_USW54648.1 SeLin_USW54777.1 PyTer_CAE6995680.1
HG_35683	SeLin_USW55057.1 PyTer_CAE7187604.1
HG_35716	SeLin_USW58647.1 PyTer_CAE7208205.1
HG_31681	TrAsp_PTB38803.1 SeLin_USW58704.1
HG_26843	SeLin_USW48546.1 LiChi_g001821.m1 LiKon_g005592.m1
HG_20945	TrAsp_PTB35960.1 TrAsp_PTB46006.1 SeLin_USW57136.1 RhCom_CZS89517.1
HG_5170	TuMel_CAZ80836.1 MeLar_EGF97190.1 MeLar_EGG03679.1 MeLar_EGG05755.1 TaDef_CCG82750.1 KwDej_OBR84058.1 KwBes_OCF22079.1 KwPin_OCF50624.1 NeCra_KHE84363.1 RhTor_PRQ70699.1 RhTor_PRQ73023.1 RhGra_KPV76213.1 DaQue_KZT64423.1 DaQue_KZT64425.1 DaQue_KZT68330.1 DaQue_KZT70420.1 PrLac_ORY84351.1 AcIng_PWN87499.1 TeBou_RPB24551.1 RhDio_TNY23066.1 RhDio_TNY23067.1 RhDio_TNY24571.1 SpBru_KAA8913536.1 TiNiv_KAF8429614.1 KaPfe_KAF8471155.1 PhCon_KAF9480299.1 PhCon_KAF9484835.1 PhCon_KAF9486245.1 CrQue_KAG0152337.1 AbBie_KAI0790461.1 AbBie_KAI0790468.1 GaLeu_KAI1789429.1 GaLeu_KAI1789430.1 GaLeu_KAI1789433.1 SeLin_USW49258.1 GeCar_KAI5795123.1 PeEch_KAI5788913.1 MoSny_KAI5841404.1 ExRho_UZJ57442.1 MiSap_SDA05160.1 RhPal_g2749.t1 RhPal_g4122.t1 LiChi_g003734.m1 LiKon_g002718.m1
HG_9172	AsNig_CAK49071.1 NeCra_KHE89751.1 TrAsp_PTB44215.1 TrAsp_PTB46126.1 TrAsp_PTB46601.1 TeBou_RPB22329.1 PeUcs_KAF7735462.1 TiNiv_KAF8420451.1 KaPfe_KAF8463088.1 GaLeu_KAI1784931.1 SeLin_USW46713.1 PeEch_KAI5791796.1 PeCan_KAJ6154952.1 PeCan_KAJ6170254.1 PeCan_KAJ6170379.1
HG_3389	AsNig_CAK40472.1 ScPom_CAB66454.1 ScCry_EPY53909.1 ScOct_EPX72528.1 TuMel_CAZ80467.1 MeLar_EGF98737.1 SpRei_CBQ68445.1 TaDef_CCG80539.1 UsMay_KIS68251.1 KaBra_EST08060.1 KwDej_OBR83171.1 KwBes_OCF22950.1 KwPin_OCF49216.1 NeCra_KHE78303.1 RhTor_PRQ75488.1 CuOle_KLT41522.1 RhGra_KPV72914.1 PnJir_KTW30532.1 PnCar_KTW26634.1 CaVis_KZO99462.1 DaQue_KZT69014.1 DaQue_KZT74042.1 CaCor_KZT53535.1 CrAmy_ODO11386.1 PrLac_ORY73884.1 AmRes_PSS22864.1 TrAsp_PTB36756.1 AcIng_PWN93225.1 MaRes_AXA48262.1 GlCer_RIA88783.1 TeBou_RPB26267.1 RhDio_TNY20186.1 KwSha_KAA5528733.1 SpBru_KAA8911768.1 TiWal_KAE8210160.1 PlOst_KAF7441016.1 BoEdu_KAF8436954.1 TiNiv_KAF8426680.1 KaPfe_KAF8468305.1 PhCon_KAF9483836.1 CrQue_KAG0141339.1 UmVin_KAG2183826.1 AbBie_KAI0792647.1 AbBie_KAI0797869.1 GaLeu_KAI1791560.1 GaLeu_KAI1795993.1 SeLin_USW50122.1 GeCar_KAI5787069.1 PeEch_KAI5800237.1 MoSny_KAI5841780.1 PuStr_KAI7966417.1 ExRho_UZJ57505.1 ScOsm_WBW72406.1 PeCan_KAJ6165990.1 MaJap_WFD40285.1 RhCom_CZS99788.1 MiSap_SDA01815.1 MaSym_SHO78561.1 MoAph_g1301.t1 RhPal_g2870.t1 CaAlb_g000318.m1 SaCer_g004516.m1 ToAga_g000546.m1 SpLac_g000321.m1 LaNot_g002698.m1 LiChi_g003493.m1 NaAna_g004413.m1 DeUde_g005351.m1 AlAfr_g008100.m1 AlAfr_g008572.m1 SaSel_g003511.m1
HG_13422	AsNig_CAK39278.1 UsMay_KIS66254.1 KaBra_EST07101.1 TrAsp_PTB35758.1 UmVin_KAG2173959.1 SeLin_USW54861.1 MoAph_g2735.t1
HG_10646	KwDej_OBR85208.1 KwBes_OCF25535.1 KwPin_OCF50030.1 CrAmy_ODO09534.1 NeIrr_OLL24114.1 GlCer_RIA87424.1 KwSha_KAA5524352.1 UmVin_KAG2181572.1 SeLin_USW59325.1 MiSap_SCZ90306.1 PyTer_CAE7015017.1
HG_10782	TeBou_RPB20999.1 SpBru_KAA8896457.1 SpBru_KAA8903640.1 SpBru_KAA8910925.1 TiNiv_KAF8429816.1 KaPfe_KAF8459807.1 KaPfe_KAF8462427.1 SeLin_USW56696.1 GeCar_KAI5805906.1 MoSny_KAI5852792.1 PyTer_CAE7011673.1
HG_35665	SeLin_USW53614.1 PyTer_CAE7032536.1
HG_8354	SpRei_CBQ67820.1 TaDef_CCG82564.1 UsMay_KIS71980.1 KaBra_EST10023.1 NeCra_KHE87936.1 RhTor_PRQ71103.1 RhGra_KPV71879.1 RhGra_KPV71880.1 PrLac_ORY78590.1 AmRes_PSS16500.1 TrAsp_PTB46935.1 RhDio_TNY20218.1 SeLin_USW52181.1 SeLin_USW55718.1 RhCom_CZT12014.1 MiSap_SDA04253.1 MoAph_g437.t1 RhPal_g2355.t1
HG_4223	AsNig_CAK45985.1 ScPom_CAA20728.1 ScCry_EPY53883.1 TuMel_CAZ83360.1 MeLar_EGG09435.1 SpRei_CBQ68563.1 TaDef_CCG83759.1 UsMay_KIS67892.1 KwDej_OBR87459.1 KwBes_OCF25915.1 KwPin_OCF47097.1 NeCra_KHE86288.1 RhTor_PRQ77151.1 CuOle_KLT38509.1 RhGra_KPV78006.1 PnJir_KTW31920.1 PnCar_KTW26942.1 CaVis_KZO92124.1 DaQue_KZT67301.1 CaCor_KZT53441.1 CrAmy_ODO07805.1 NeIrr_OLL21877.1 PrLac_ORY79433.1 AmRes_PSS18443.1 TrAsp_PTB44120.1 AcIng_PWN92256.1 MaRes_AXA49760.1 TeBou_RPB19707.1 RhDio_TNY19837.1 KwSha_KAA5527769.1 SpBru_KAA8909661.1 PeUcs_KAF7738047.1 BoEdu_KAF8414585.1 BoEdu_KAF8438035.1 TiNiv_KAF8429776.1 PhCon_KAF9476121.1 CrQue_KAG0142082.1 UmVin_KAG2187097.1 AbBie_KAI0791802.1 GaLeu_KAI1781584.1 GaLeu_KAI1792607.1 SeLin_USW47272.1 GeCar_KAI5778133.1 PeEch_KAI5807869.1 PuStr_KAI7936027.1 ScOsm_WBW72073.1 PeCan_KAJ6182190.1 MaJap_WFD40217.1 RhCom_CZT02687.1 MiSap_SCZ97151.1 MaSym_SHO77422.1 PyTer_CAE7212081.1 CaAlb_g002874.m1 SaCer_g001331.m1 LaNot_g002991.m1 LiChi_g002458.m1 NaAna_g002728.m1 DeUde_g001687.m1 AlAfr_g003511.m1 SaSel_g001537.m1 YaLip_g002209.m1
HG_12219	SeLin_USW50802.1 SeLin_USW54611.1 SeLin_USW55849.1 SeLin_USW55850.1 SeLin_USW55851.1 SeLin_USW55852.1 SeLin_USW55863.1 SeLin_USW55983.1 PyTer_CAE7212623.1
HG_22003	UmVin_KAG2189421.1 SeLin_USW55929.1 SeLin_USW58682.1 SeLin_USW58683.1
HG_7470	TuMel_CAZ83479.1 SpRei_CBQ73789.1 UsMay_KIS68816.1 NeCra_KHE85603.1 DaQue_KZT69488.1 NeIrr_OLL25694.1 TeBou_RPB26918.1 TeBou_RPB26919.1 SpBru_KAA8915066.1 PlOst_KAF7440283.1 PeUcs_KAF7732927.1 TiNiv_KAF8428535.1 KaPfe_KAF8459809.1 GaLeu_KAI1782316.1 GaLeu_KAI1791653.1 SeLin_USW54406.1 GeCar_KAI5778068.1 GeCar_KAI5790278.1 MoSny_KAI5837453.1 PeCan_KAJ6182862.1 RhCom_CZS96707.1 PyTer_CAE7024022.1 MoAph_g5885.t1
HG_14492	PrLac_ORY75436.1 AcIng_PWN87987.1 SeLin_USW58283.1 ExRho_UZJ54596.1 RhCom_CZT01392.1 MiSap_SDA03898.1
HG_14661	AsNig_CAK37457.1 AsNig_CAK47783.1 CaCor_KZT58302.1 PlOst_KAF7420792.1 PlOst_KAF7430253.1 SeLin_USW46751.1
HG_6281	AsNig_CAL00831.1 TuMel_CAZ84106.1 TrAsp_PTB37679.1 TeBou_RPB27540.1 TeBou_RPB29170.1 SpBru_KAA8908672.1 TiNiv_KAF8424852.1 TiNiv_KAF8428306.1 TiNiv_KAF8428321.1 KaPfe_KAF8471883.1 KaPfe_KAF8475514.1 PhCon_KAF9478370.1 PhCon_KAF9478374.1 SeLin_USW48730.1 GeCar_KAI5781405.1 GeCar_KAI5799030.1 GeCar_KAI5799803.1 GeCar_KAI5804938.1 GeCar_KAI5805947.1 PeEch_KAI5797842.1 PeEch_KAI5810049.1 MoSny_KAI5845067.1 MoSny_KAI5846618.1 PeCan_KAJ6165802.1 MiSap_SDA00753.1 MiSap_SDA00951.1 MiSap_SDA00952.1 MiSap_SDA04167.1 MiSap_SDA06337.1 MiSap_SDA06338.1 MiSap_SDA07209.1 PyTer_CAE6998349.1
HG_35711	SeLin_USW57650.1 PyTer_CAE7202766.1
HG_24942	AmRes_PSS18786.1 SeLin_USW47462.1 GeCar_KAI5805946.1
HG_5648	AsNig_CAK42752.1 MeLar_EGG06557.1 SpRei_CBQ73127.1 UsMay_KIS69398.1 KaBra_EST05455.1 KwDej_OBR85838.1 KwBes_OCF21351.1 KwPin_OCF52473.1 NeCra_KHE90040.1 RhTor_PRQ76408.1 CuOle_KLT45133.1 RhGra_KPV77827.1 CaVis_KZO94989.1 DaQue_KZT74836.1 CrAmy_ODO10859.1 PrLac_ORY85530.1 AmRes_PSS08499.1 TrAsp_PTB40553.1 AcIng_PWN93164.1 GlCer_RIA98639.1 KwSha_KAA5528258.1 TiWal_KAE8208591.1 PlOst_KAF7437058.1 PeUcs_KAF7737749.1 BoEdu_KAF8446248.1 PhCon_KAF9480457.1 CrQue_KAG0151845.1 UmVin_KAG2189190.1 AbBie_KAI0786031.1 GaLeu_KAI1797670.1 SeLin_USW49345.1 PuStr_KAI7966950.1 PeCan_KAJ6154447.1 RhCom_CZS95310.1 MiSap_SCZ89198.1 MaSym_SHO78210.1 PyTer_CAE6997500.1 MoAph_g5040.t1
HG_12506	AsNig_CAK49008.1 TaDef_CCG83558.1 SeLin_USW52643.1 SeLin_USW53874.1 SeLin_USW54548.1 SeLin_USW55744.1 SeLin_USW58191.1 RhCom_CZT06315.1
HG_6306	MeLar_EGG10320.1 TaDef_CCG83793.1 TaDef_CCG83853.1 KwDej_OBR83882.1 KwBes_OCF23871.1 KwPin_OCF50469.1 RhTor_PRQ76303.1 CuOle_KLT43395.1 RhGra_KPV77639.1 PnJir_KTW31344.1 PnCar_KTW30366.1 CaVis_KZO90390.1 DaQue_KZT74140.1 CaCor_KZT51762.1 CrAmy_ODO11049.1 NeIrr_OLL24436.1 PrLac_ORY87710.1 GlCer_RIA86349.1 RhDio_TNY21004.1 KwSha_KAA5530995.1 PlOst_KAF7441095.1 BoEdu_KAF8432441.1 PhCon_KAF9484929.1 CrQue_KAG0140445.1 UmVin_KAG2173931.1 AbBie_KAI0792782.1 GaLeu_KAI1789331.1 SeLin_USW50044.1 PuStr_KAI7937434.1 MiSap_SCZ90075.1 RhPal_g6957.t1 SpLac_g001158.m1
HG_5334	SpRei_CBQ72101.1 UsMay_KIS70716.1 KaBra_EST07818.1 RhTor_PRQ75467.1 RhGra_KPV72936.1 CaVis_KZO91400.1 CaVis_KZO91404.1 CaVis_KZO94553.1 CaVis_KZO94554.1 CaVis_KZO94556.1 DaQue_KZT65400.1 DaQue_KZT66467.1 DaQue_KZT66955.1 DaQue_KZT67962.1 DaQue_KZT67977.1 CaCor_KZT60495.1 CaCor_KZT60496.1 CaCor_KZT60497.1 AcIng_PWN88470.1 RhDio_TNY19012.1 PlOst_KAF7424098.1 PeUcs_KAF7737003.1 BoEdu_KAF8440355.1 PhCon_KAF9477187.1 CrQue_KAG0140007.1 UmVin_KAG2182924.1 AbBie_KAI0789860.1 AbBie_KAI0795903.1 AbBie_KAI0795910.1 AbBie_KAI0795912.1 GaLeu_KAI1787120.1 GaLeu_KAI1788596.1 GaLeu_KAI1789714.1 GaLeu_KAI1789716.1 GaLeu_KAI1790186.1 GaLeu_KAI1795251.1 GaLeu_KAI1796944.1 SeLin_USW56675.1 ExRho_UZJ53577.1 MoAph_g4494.t1 RhPal_g2849.t1
HG_8581	MeLar_EGG03178.1 SpRei_CBQ70358.1 UsMay_KIS71042.1 KaBra_EST10104.1 RhTor_PRQ71820.1 RhGra_KPV72492.1 AcIng_PWN92446.1 RhDio_TNY21289.1 TiWal_KAE8210676.1 CrQue_KAG0140256.1 SeLin_USW58957.1 PuStr_KAI7950357.1 ExRho_UZJ52521.1 MiSap_SCZ88512.1 PyTer_CAE7202147.1 MoAph_g960.t1 RhPal_g1359.t1
HG_8364	AsNig_CAK42967.1 SpRei_CBQ69487.1 NeCra_KHE82762.1 NeCra_KHE83051.1 TrAsp_PTB44234.1 AcIng_PWN93850.1 PeUcs_KAF7730480.1 PeUcs_KAF7737044.1 SeLin_USW51824.1 SeLin_USW53442.1 SeLin_USW56516.1 SeLin_USW58505.1 PeCan_KAJ6181433.1 RhCom_CZT13493.1 PyTer_CAE7026596.1 PyTer_CAE7032663.1 LiChi_g005372.m1 LiKon_g005274.m1
HG_7392	MeLar_EGG09978.1 MeLar_EGG09979.1 TaDef_CCG83165.1 RhTor_PRQ72188.1 RhGra_KPV72622.1 CaVis_KZO92411.1 DaQue_KZT63491.1 CaCor_KZT53895.1 PrLac_ORY82713.1 GlCer_RIA90680.1 RhDio_TNY23816.1 PlOst_KAF7440019.1 BoEdu_KAF8452527.1 PhCon_KAF9485627.1 CrQue_KAG0144902.1 AbBie_KAI0795527.1 GaLeu_KAI1792392.1 SeLin_USW57353.1 PuStr_KAI7955866.1 MiSap_SDA06635.1 RhPal_g962.t1 ToAga_g003296.m1 YaLip_g005026.m1
HG_17232	NeCra_KHE89014.1 AmRes_PSS17045.1 TrAsp_PTB39499.1 SeLin_USW47009.1 RhCom_CZS97538.1
HG_11913	CuOle_KLT44103.1 TrAsp_PTB37560.1 TrAsp_PTB41766.1 AcIng_PWN89763.1 PeUcs_KAF7737033.1 SeLin_USW51024.1 PeCan_KAJ6154245.1 PeCan_KAJ6165472.1 PeCan_KAJ6181885.1
HG_16111	SeLin_USW51815.1 GeCar_KAI5778445.1 RhCom_CZS89987.1 RhCom_CZS89988.1 RhCom_CZS89992.1 RhCom_CZS89996.1
HG_4991	AsNig_CAK45613.1 AsNig_CAK96546.1 KwDej_OBR82826.1 KwDej_OBR88224.1 KwBes_OCF23301.1 KwBes_OCF27022.1 KwPin_OCF46484.1 KwPin_OCF48905.1 KwPin_OCF52727.1 NeCra_KHE84203.1 RhTor_PRQ71367.1 RhGra_KPV74735.1 DaQue_KZT73228.1 CrAmy_ODO09726.1 AmRes_PSS22430.1 TrAsp_PTB36637.1 TrAsp_PTB39461.1 AcIng_PWN93534.1 RhDio_TNY22145.1 KwSha_KAA5526029.1 PlOst_KAF7430451.1 PlOst_KAF7436345.1 PlOst_KAF7436346.1 BoEdu_KAF8434495.1 PhCon_KAF9480960.1 PhCon_KAF9484766.1 PhCon_KAF9486410.1 PhCon_KAF9486413.1 AbBie_KAI0784919.1 GaLeu_KAI1793148.1 SeLin_USW57853.1 ExRho_UZJ51721.1 PeCan_KAJ6158495.1 PeCan_KAJ6177012.1 RhCom_CZT09466.1 RhPal_g5706.t1 RhPal_g5706.t2 RhPal_g6327.t1 LiChi_g001361.m1 LiChi_g002610.m1 LiChi_g003583.m1 LiChi_g003584.m1 LiKon_g000927.m1 LiKon_g001781.m1 LiKon_g002043.m1 LiKon_g005258.m1
HG_28191	AsNig_CAK40755.1 SeLin_USW56646.1
HG_12911	DaQue_KZT73129.1 PlOst_KAF7424594.1 BoEdu_KAF8434088.1 PhCon_KAF9480020.1 UmVin_KAG2188536.1 AbBie_KAI0783699.1 GaLeu_KAI1797344.1 SeLin_USW53908.1
HG_13558	MeLar_EGG02410.1 MeLar_EGG12768.1 CrQue_KAG0151433.1 SeLin_USW55083.1 PuStr_KAI7956277.1 PuStr_KAI7964888.1 PeCan_KAJ6158657.1
HG_26856	SeLin_USW49879.1 SeLin_USW54277.1 GeCar_KAI5805904.1
HG_9346	ScPom_CAB08748.1 ScCry_EPY50948.1 ScOct_EPX74827.1 KwDej_OBR83009.1 KwBes_OCF23049.1 KwPin_OCF49134.1 CuOle_KLT38814.1 KwSha_KAA5527478.1 SeLin_USW58064.1 ScOsm_WBW70857.1 PyTer_CAE7208445.1 LaNot_g000235.m1 NaAna_g005667.m1 YaLip_g006053.m1
HG_28173	AsNig_CAK39883.1 SeLin_USW57545.1
HG_7320	KwDej_OBR81517.1 KwBes_OCF28703.1 KwPin_OCF48781.1 CuOle_KLT45234.1 DaQue_KZT74086.1 CaCor_KZT57445.1 CrAmy_ODO10141.1 TrAsp_PTB39318.1 TeBou_RPB25185.1 KwSha_KAA5525939.1 SpBru_KAA8906433.1 TiWal_KAE8215505.1 PlOst_KAF7428952.1 BoEdu_KAF8432928.1 TiNiv_KAF8421768.1 KaPfe_KAF8465111.1 PhCon_KAF9472384.1 PhCon_KAF9479389.1 AbBie_KAI0782550.1 AbBie_KAI0782955.1 SeLin_USW58956.1 GeCar_KAI5795170.1 PeEch_KAI5807720.1 PyTer_CAE7207037.1
HG_35606	SeLin_USW49592.1 PyTer_CAE7179607.1
HG_31676	TrAsp_PTB38492.1 SeLin_USW59496.1
HG_26838	SeLin_USW46710.1 SeLin_USW49996.1 RhCom_CZS96912.1
HG_9758	AsNig_CAK42795.1 UsMay_KIS66627.1 KaBra_KAF6767051.1 SeLin_USW50517.1 SeLin_USW50518.1 SeLin_USW51158.1 SeLin_USW55885.1 PeCan_KAJ6165071.1 PeCan_KAJ6175350.1 PeCan_KAJ6183082.1 RhCom_CZS96147.1 PyTer_CAE7009625.1 PyTer_CAE7015298.1
HG_29855	CuOle_KLT38679.1 SeLin_USW47679.1
HG_24973	TrAsp_PTB34770.1 AcIng_PWN87275.1 SeLin_USW51554.1
HG_8657	AsNig_CAK43517.1 TuMel_CAZ80243.1 KaPfe_KAF8471243.1 UmVin_KAG2186745.1 UmVin_KAG2186746.1 UmVin_KAG2186747.1 UmVin_KAG2186748.1 UmVin_KAG2186749.1 SeLin_USW57257.1 MoSny_KAI5836967.1 MoSny_KAI5836975.1 MoSny_KAI5839363.1 MoSny_KAI5839659.1 MoSny_KAI5839661.1 MoSny_KAI5840137.1 MoSny_KAI5841989.1 PeCan_KAJ6162435.1
HG_11552	AsNig_CAK46544.1 SpRei_CBQ72844.1 UsMay_KIS66211.1 KaBra_EST04859.1 AcIng_PWN90907.1 TiWal_KAE8214899.1 SeLin_USW56756.1 ExRho_UZJ56387.1 MoAph_g6429.t1
HG_15280	NeCra_KHE89769.1 AmRes_PSS21867.1 TrAsp_PTB36306.1 SeLin_USW47131.1 RhCom_CZS98608.1 PyTer_CAE7013009.1
HG_4309	AsNig_CAK37941.1 MeLar_EGG00893.1 MeLar_EGG13192.1 SpRei_CBQ72679.1 UsMay_KIS69597.1 KaBra_EST04754.1 KwDej_OBR84291.1 KwDej_OBR86702.1 KwBes_OCF24328.1 KwBes_OCF29132.1 KwPin_OCF51020.1 KwPin_OCF51751.1 NeCra_KHE86043.1 RhTor_PRQ69795.1 RhTor_PRQ74220.1 CuOle_KLT45099.1 CuOle_KLT45955.1 RhGra_KPV73614.1 RhGra_KPV75509.1 CaVis_KZO95130.1 CaVis_KZP01690.1 DaQue_KZT65627.1 DaQue_KZT74132.1 CaCor_KZT59736.1 CaCor_KZT59918.1 CrAmy_ODO00227.1 CrAmy_ODO09415.1 TrAsp_PTB43471.1 AcIng_PWN92211.1 GlCer_RIA98496.1 RhDio_TNY23297.1 KwSha_KAA5530184.1 KwSha_KAA5531480.1 TiWal_KAE8213643.1 PlOst_KAF7430731.1 PlOst_KAF7433380.1 PeUcs_KAF7731316.1 BoEdu_KAF8432449.1 BoEdu_KAF8449027.1 PhCon_KAF9480863.1 PhCon_KAF9485464.1 CrQue_KAG0148894.1 UmVin_KAG2188379.1 AbBie_KAI0792107.1 AbBie_KAI0792726.1 GaLeu_KAI1791492.1 GaLeu_KAI1796633.1 SeLin_USW56588.1 PuStr_KAI7964518.1 ExRho_UZJ52627.1 PeCan_KAJ6161591.1 MaJap_WFD37664.1 RhCom_CZS92007.1 MiSap_SCZ93345.1 MaSym_SHO78463.1 PyTer_CAE7177231.1 MoAph_g6562.t1 RhPal_g2084.t1 RhPal_g5811.t1
HG_27562	AcIng_PWN92576.1 SeLin_USW55239.1
HG_5049	CaVis_KZO89468.1 CaVis_KZO91134.1 CaVis_KZO91842.1 CaVis_KZO94888.1 CaVis_KZO98158.1 CaCor_KZT50436.1 CaCor_KZT51218.1 CaCor_KZT53754.1 CaCor_KZT55185.1 CaCor_KZT56307.1 CaCor_KZT56594.1 CaCor_KZT57804.1 CaCor_KZT58631.1 CaCor_KZT59320.1 CaCor_KZT60103.1 TeBou_RPB18418.1 SpBru_KAA8914803.1 BoEdu_KAF8415488.1 BoEdu_KAF8416204.1 BoEdu_KAF8416920.1 BoEdu_KAF8421887.1 BoEdu_KAF8424995.1 BoEdu_KAF8426437.1 BoEdu_KAF8426462.1 BoEdu_KAF8433753.1 BoEdu_KAF8435170.1 BoEdu_KAF8438606.1 BoEdu_KAF8439784.1 BoEdu_KAF8440514.1 BoEdu_KAF8441321.1 BoEdu_KAF8443746.1 BoEdu_KAF8443783.1 BoEdu_KAF8447510.1 KaPfe_KAF8471999.1 PhCon_KAF9470390.1 PhCon_KAF9471129.1 PhCon_KAF9474632.1 PhCon_KAF9478296.1 GaLeu_KAI1781880.1 GaLeu_KAI1782010.1 GaLeu_KAI1782351.1 GaLeu_KAI1782875.1 GaLeu_KAI1784628.1 GaLeu_KAI1785899.1 SeLin_USW59594.1 PyTer_CAE7178816.1
HG_22134	SeLin_USW55588.1 SeLin_USW55589.1 RhCom_CZT01099.1 RhCom_CZT05740.1
HG_11703	AsNig_CAK96559.1 DaQue_KZT68090.1 AmRes_PSS25486.1 TrAsp_PTB36533.1 TiWal_KAE8215863.1 UmVin_KAG2178638.1 SeLin_USW47014.1 SeLin_USW47015.1 PyTer_CAE7216650.1
HG_35601	SeLin_USW49223.1 PyTer_CAE7187838.1
HG_35706	SeLin_USW57356.1 PeCan_KAJ6154882.1
HG_35094	UmVin_KAG2184037.1 SeLin_USW54633.1
HG_27680	AcIng_PWN93134.1 SeLin_USW59192.1
HG_20935	AmRes_PSS25353.1 SeLin_USW55029.1 PyTer_CAE7174386.1 PyTer_CAE7178618.1
HG_21541	TiWal_KAE8212362.1 TiWal_KAE8214191.1 SeLin_USW54620.1 RhCom_CZS88176.1
HG_20579	CuOle_KLT42362.1 AmRes_PSS16662.1 SeLin_USW53234.1 RhCom_CZS88882.1
HG_25010	TrAsp_PTB44507.1 UmVin_KAG2188981.1 SeLin_USW58393.1
HG_7211	AsNig_CAK96261.1 DaQue_KZT68409.1 AmRes_PSS14859.1 AcIng_PWN86912.1 PlOst_KAF7422964.1 BoEdu_KAF8435773.1 PhCon_KAF9473006.1 PhCon_KAF9477860.1 PhCon_KAF9481267.1 PhCon_KAF9483408.1 AbBie_KAI0797142.1 AbBie_KAI0797146.1 AbBie_KAI0797147.1 AbBie_KAI0797155.1 AbBie_KAI0797160.1 GaLeu_KAI1781664.1 GaLeu_KAI1782089.1 GaLeu_KAI1788058.1 GaLeu_KAI1789969.1 GaLeu_KAI1789988.1 SeLin_USW49443.1 ExRho_UZJ55526.1 PeCan_KAJ6175497.1 MiSap_SCZ96208.1
HG_22111	SeLin_USW46750.1 SeLin_USW56413.1 GeCar_KAI5777449.1 PyTer_CAE7195984.1
HG_12327	TrAsp_PTB36164.1 PeUcs_KAF7736152.1 SeLin_USW59564.1 PeCan_KAJ6165170.1 CaAlb_g005422.m1 SaCer_g004093.m1 LaNot_g003037.m1 AlAfr_g006197.m1
HG_26882	SeLin_USW55665.1 LiChi_g006742.m1 YaLip_g006423.m1
HG_27626	TrAsp_PTB41200.1 SeLin_USW55015.1
HG_6387	TuMel_CAZ84182.1 TuMel_CAZ85547.1 TaDef_CCG84637.1 KwDej_OBR88809.1 KwBes_OCF27614.1 KwPin_OCF53250.1 RhTor_PRQ76516.1 RhGra_KPV71765.1 CaVis_KZO97618.1 DaQue_KZT63783.1 CaCor_KZT58172.1 CrAmy_ODN97154.1 PrLac_ORY76699.1 AmRes_PSS25071.1 RhDio_TNY22228.1 KwSha_KAA5530676.1 SpBru_KAA8900461.1 PlOst_KAF7422381.1 BoEdu_KAF8442959.1 PhCon_KAF9483379.1 AbBie_KAI0789675.1 GaLeu_KAI1794880.1 SeLin_USW52403.1 GeCar_KAI5797706.1 MoSny_KAI5845690.1 RhCom_CZT04255.1 MiSap_SCZ89702.1 MiSap_SCZ95861.1 MiSap_SDA02025.1 PyTer_CAE7030303.1 RhPal_g7197.t1
HG_6610	AsNig_CAK41745.1 TuMel_CAZ84327.1 CaCor_KZT52320.1 TrAsp_PTB34800.1 TrAsp_PTB38008.1 TeBou_RPB26721.1 SpBru_KAA8895677.1 PeUcs_KAF7737417.1 TiNiv_KAF8430401.1 KaPfe_KAF8472042.1 PhCon_KAF9473047.1 PhCon_KAF9473048.1 PhCon_KAF9473049.1 PhCon_KAF9473054.1 UmVin_KAG2172939.1 UmVin_KAG2173503.1 UmVin_KAG2182618.1 UmVin_KAG2183044.1 AbBie_KAI0790082.1 AbBie_KAI0790089.1 AbBie_KAI0795854.1 GaLeu_KAI1790898.1 SeLin_USW47408.1 GeCar_KAI5804304.1 PeEch_KAI5803520.1 MoSny_KAI5844432.1 PeCan_KAJ6177432.1 RhCom_CZT04747.1 PyTer_CAE7207342.1
HG_35650	SeLin_USW52624.1 PyTer_CAE7013362.1
HG_9511	NeCra_KHE83067.1 DaQue_KZT73368.1 TrAsp_PTB38581.1 PlOst_KAF7436088.1 PlOst_KAF7439940.1 BoEdu_KAF8435706.1 BoEdu_KAF8451121.1 PhCon_KAF9479404.1 PhCon_KAF9485658.1 AbBie_KAI0789436.1 GaLeu_KAI1786808.1 SeLin_USW51328.1 RhCom_CZT01871.1 PyTer_CAE7012870.1
HG_795	AsNig_CAK38324.1 AsNig_CAK45794.1 AsNig_CAK45812.1 TuMel_CAZ79536.1 TuMel_CAZ83229.1 TeBou_RPB23926.1 TeBou_RPB23927.1 TeBou_RPB23928.1 TeBou_RPB23930.1 TeBou_RPB23932.1 TeBou_RPB25669.1 TeBou_RPB26502.1 TeBou_RPB26568.1 TeBou_RPB26611.1 TeBou_RPB29726.1 TiNiv_KAF8416417.1 TiNiv_KAF8417507.1 TiNiv_KAF8418880.1 TiNiv_KAF8418882.1 TiNiv_KAF8423522.1 TiNiv_KAF8425199.1 KaPfe_KAF8445446.1 KaPfe_KAF8445447.1 KaPfe_KAF8445448.1 KaPfe_KAF8452946.1 KaPfe_KAF8452950.1 KaPfe_KAF8452951.1 KaPfe_KAF8452954.1 KaPfe_KAF8453579.1 KaPfe_KAF8454124.1 KaPfe_KAF8454838.1 KaPfe_KAF8455435.1 KaPfe_KAF8455436.1 KaPfe_KAF8455437.1 KaPfe_KAF8456415.1 KaPfe_KAF8458767.1 KaPfe_KAF8459924.1 KaPfe_KAF8459926.1 KaPfe_KAF8459928.1 KaPfe_KAF8459929.1 KaPfe_KAF8459930.1 KaPfe_KAF8459931.1 KaPfe_KAF8459934.1 KaPfe_KAF8459935.1 KaPfe_KAF8459940.1 KaPfe_KAF8459941.1 KaPfe_KAF8460017.1 KaPfe_KAF8460089.1 KaPfe_KAF8460090.1 KaPfe_KAF8460091.1 KaPfe_KAF8460110.1 KaPfe_KAF8460111.1 KaPfe_KAF8460159.1 KaPfe_KAF8460160.1 KaPfe_KAF8460181.1 KaPfe_KAF8460186.1 KaPfe_KAF8460188.1 KaPfe_KAF8460190.1 KaPfe_KAF8460191.1 KaPfe_KAF8460192.1 KaPfe_KAF8460196.1 KaPfe_KAF8460201.1 KaPfe_KAF8460202.1 KaPfe_KAF8463882.1 KaPfe_KAF8464274.1 KaPfe_KAF8464691.1 KaPfe_KAF8464861.1 KaPfe_KAF8465024.1 KaPfe_KAF8465025.1 KaPfe_KAF8465072.1 KaPfe_KAF8465512.1 KaPfe_KAF8465756.1 KaPfe_KAF8472887.1 SeLin_USW54129.1 PeEch_KAI5779196.1 PeEch_KAI5779197.1 PeEch_KAI5781733.1 PeEch_KAI5781734.1 PeEch_KAI5786973.1 PeEch_KAI5800139.1 PeEch_KAI5805660.1 PeEch_KAI5811776.1 PeEch_KAI5811777.1 PeEch_KAI5811778.1 PeEch_KAI5811782.1 PeEch_KAI5811783.1 MoSny_KAI5838224.1 MoSny_KAI5842927.1
HG_17222	NeCra_KHE84166.1 AmRes_PSS27955.1 SeLin_USW58615.1 MoSny_KAI5837486.1 RhCom_CZT09854.1
HG_16583	AsNig_CAK46549.1 AsNig_CAK49124.1 AsNig_CAK96999.1 SeLin_USW54989.1 SeLin_USW55959.1
HG_13325	PrLac_ORY78516.1 AcIng_PWN91395.1 TiWal_KAE8211861.1 TiWal_KAE8212035.1 SeLin_USW52247.1 PeCan_KAJ6182465.1 PyTer_CAE7205000.1
HG_7221	AsNig_CAK48516.1 AsNig_CAK48600.1 TuMel_CAZ84004.1 AmRes_PSS10490.1 AmRes_PSS12482.1 TrAsp_PTB41856.1 TrAsp_PTB45773.1 AcIng_PWN92460.1 SpBru_KAA8908138.1 PeUcs_KAF7736360.1 SeLin_USW50226.1 SeLin_USW53853.1 GeCar_KAI5795261.1 MoSny_KAI5837786.1 PeCan_KAJ6162534.1 RhCom_CZT01820.1 PyTer_CAE7206775.1 PyTer_CAE7212152.1 PyTer_CAE7213590.1 PyTer_CAE7213605.1 CaAlb_g005535.m1 LaNot_g000653.m1 NaAna_g001012.m1 DeUde_g003557.m1
HG_28181	AsNig_CAK40132.1 SeLin_USW51380.1
HG_17204	NeCra_KHE80322.1 AmRes_PSS13010.1 TrAsp_PTB42840.1 SeLin_USW51955.1 RhCom_CZS98921.1
HG_7545	MeLar_EGF98428.1 MeLar_EGF98872.1 MeLar_EGG02269.1 MeLar_EGG02473.1 MeLar_EGG05948.1 MeLar_EGG05950.1 MeLar_EGG08485.1 CaVis_KZO89518.1 DaQue_KZT64984.1 AcIng_PWN93979.1 TiWal_KAE8210935.1 CrQue_KAG0140177.1 CrQue_KAG0142580.1 CrQue_KAG0147064.1 CrQue_KAG0148816.1 AbBie_KAI0784110.1 GaLeu_KAI1792732.1 SeLin_USW54191.1 PuStr_KAI7950586.1 PuStr_KAI7950587.1 PuStr_KAI7950602.1 ExRho_UZJ56148.1
HG_35719	SeLin_USW58931.1 PyTer_CAE7021509.1
HG_14682	AsNig_CAK43487.1 PeUcs_KAF7737521.1 SeLin_USW53267.1 PeCan_KAJ6154852.1 PeCan_KAJ6175838.1 PyTer_CAE7031796.1
HG_19018	AsNig_CAK41158.1 AsNig_CAK97033.1 NeCra_KHE79182.1 SeLin_USW47254.1
HG_35668	SeLin_USW53934.1 RhCom_CZT11306.1
HG_11391	PlOst_KAF7416270.1 PlOst_KAF7428661.1 PhCon_KAF9478740.1 PhCon_KAF9478741.1 AbBie_KAI0792547.1 GaLeu_KAI1784857.1 SeLin_USW51263.1 RhCom_CZS94499.1 PyTer_CAE7027986.1 PyTer_CAE7218609.1
HG_9845	KwDej_OBR88363.1 KwBes_OCF25935.1 KwBes_OCF27178.1 KwPin_OCF47119.1 KwPin_OCF52854.1 CrAmy_ODO00309.1 TrAsp_PTB36887.1 TrAsp_PTB41317.1 TrAsp_PTB44853.1 TiNiv_KAF8418618.1 SeLin_USW54058.1 RhCom_CZS93335.1 RhCom_CZT00339.1
HG_8961	NeCra_KHE81579.1 NeCra_KHE82131.1 NeCra_KHE86627.1 NeCra_KHE88584.1 TrAsp_PTB38757.1 TrAsp_PTB43925.1 UmVin_KAG2177448.1 UmVin_KAG2185677.1 SeLin_USW51056.1 PeCan_KAJ6174642.1 PeCan_KAJ6174770.1 PeCan_KAJ6175139.1 PeCan_KAJ6175231.1 PeCan_KAJ6181754.1 RhCom_CZS88217.1 RhCom_CZT09491.1
HG_12768	NeCra_KHE88708.1 TrAsp_PTB39509.1 GlCer_RIA98383.1 TeBou_RPB23273.1 SpBru_KAA8910246.1 SeLin_USW50103.1 MoSny_KAI5837822.1 PeCan_KAJ6161632.1
HG_12494	AsNig_CAK42250.1 AsNig_CAK46716.1 PeUcs_KAF7735108.1 SeLin_USW47123.1 SeLin_USW51121.1 SeLin_USW51593.1 PeCan_KAJ6158039.1 PyTer_CAE7013393.1
HG_14664	AsNig_CAK38186.1 NeCra_KHE79128.1 TrAsp_PTB40265.1 SeLin_USW51885.1 PeCan_KAJ6161865.1 RhCom_CZT12190.1
HG_12663	SpRei_CBQ68523.1 UsMay_KIS67853.1 KaBra_EST04505.1 AcIng_PWN89872.1 TiWal_KAE8216084.1 SeLin_USW57706.1 ExRho_UZJ51817.1 MoAph_g1686.t1
HG_16086	GaLeu_KAI1785322.1 GaLeu_KAI1793762.1 SeLin_USW48760.1 GeCar_KAI5784754.1 MoSny_KAI5836885.1 PeCan_KAJ6181968.1
HG_6278	AsNig_CAK45927.1 BoEdu_KAF8415254.1 BoEdu_KAF8415256.1 BoEdu_KAF8415257.1 BoEdu_KAF8415982.1 BoEdu_KAF8416428.1 BoEdu_KAF8427221.1 BoEdu_KAF8427974.1 BoEdu_KAF8427981.1 BoEdu_KAF8427982.1 BoEdu_KAF8427986.1 BoEdu_KAF8431784.1 BoEdu_KAF8431832.1 BoEdu_KAF8435390.1 BoEdu_KAF8437542.1 BoEdu_KAF8439131.1 BoEdu_KAF8440037.1 BoEdu_KAF8440038.1 BoEdu_KAF8440860.1 BoEdu_KAF8440867.1 BoEdu_KAF8440868.1 BoEdu_KAF8440871.1 BoEdu_KAF8440889.1 BoEdu_KAF8440956.1 BoEdu_KAF8441582.1 BoEdu_KAF8441584.1 BoEdu_KAF8441585.1 BoEdu_KAF8441588.1 BoEdu_KAF8441589.1 BoEdu_KAF8446306.1 BoEdu_KAF8452441.1 SeLin_USW55370.1
HG_35681	SeLin_USW55034.1 PyTer_CAE7026809.1
HG_26841	SeLin_USW47504.1 RhCom_CZT09152.1 PyTer_CAE7032506.1
HG_26431	PhCon_KAF9476276.1 PhCon_KAF9476283.1 SeLin_USW55609.1
HG_13830	CuOle_KLT41848.1 TrAsp_PTB42182.1 AcIng_PWN86737.1 AcIng_PWN86947.1 SeLin_USW48701.1 SeLin_USW49916.1 PeCan_KAJ6170199.1
HG_2993	AsNig_CAK44150.1 AsNig_CAK49173.1 TuMel_CAZ80485.1 MeLar_EGF96920.1 MeLar_EGF97191.1 MeLar_EGF97192.1 MeLar_EGF97193.1 MeLar_EGG03604.1 MeLar_EGG03606.1 MeLar_EGG03610.1 MeLar_EGG03611.1 MeLar_EGG03612.1 MeLar_EGG03680.1 MeLar_EGG03687.1 MeLar_EGG05209.1 MeLar_EGG11251.1 SpRei_CBQ69120.1 UsMay_KIS67591.1 KaBra_EST08916.2 NeCra_KHE81027.1 NeCra_KHE86446.1 DaQue_KZT64087.1 DaQue_KZT64703.1 DaQue_KZT64704.1 AmRes_PSS25283.1 TrAsp_PTB46029.1 AcIng_PWN88351.1 TeBou_RPB29345.1 SpBru_KAA8898542.1 SpBru_KAA8912291.1 TiWal_KAE8212434.1 PeUcs_KAF7735731.1 TiNiv_KAF8421205.1 TiNiv_KAF8421356.1 KaPfe_KAF8459293.1 KaPfe_KAF8463457.1 PhCon_KAF9474996.1 PhCon_KAF9477003.1 PhCon_KAF9482070.1 CrQue_KAG0140347.1 CrQue_KAG0141726.1 CrQue_KAG0151246.1 CrQue_KAG0151249.1 CrQue_KAG0151465.1 CrQue_KAG0152335.1 SeLin_USW56804.1 SeLin_USW59419.1 GeCar_KAI5777356.1 GeCar_KAI5787329.1 GeCar_KAI5792006.1 GeCar_KAI5803910.1 GeCar_KAI5806092.1 PeEch_KAI5780263.1 PeEch_KAI5782096.1 PeEch_KAI5785606.1 PeEch_KAI5800412.1 MoSny_KAI5852612.1 PuStr_KAI7946976.1 PuStr_KAI7946983.1 PuStr_KAI7946985.1 PuStr_KAI7956241.1 PuStr_KAI7965188.1 PuStr_KAI7965190.1 ExRho_UZJ52192.1 PeCan_KAJ6175727.1 PeCan_KAJ6176122.1 PeCan_KAJ6177629.1 PeCan_KAJ6177631.1 RhCom_CZS98193.1 RhCom_CZT04509.1 PyTer_CAE7010772.1 PyTer_CAE7194773.1 PyTer_CAE7214923.1 MoAph_g2133.t1
HG_10234	NeCra_KHE80732.1 NeCra_KHE86184.1 AmRes_PSS12490.1 TrAsp_PTB46046.1 TrAsp_PTB46047.1 TrAsp_PTB46048.1 GaLeu_KAI1782068.1 SeLin_USW55346.1 RhCom_CZT11910.1 RhCom_CZT11932.1 PyTer_CAE7214502.1 ToAga_g002247.m1
HG_20925	AmRes_PSS12301.1 SeLin_USW52971.1 SeLin_USW57343.1 RhCom_CZS90545.1
HG_18766	PeUcs_KAF7737165.1 SeLin_USW57585.1 PeCan_KAJ6154833.1 PyTer_CAE7192592.1
HG_21636	PeUcs_KAF7734362.1 SeLin_USW54646.1 PeCan_KAJ6181802.1 RhCom_CZT11196.1
HG_35645	SeLin_USW52125.1 PyTer_CAE7178484.1
HG_8481	TaDef_CCG84644.1 NeCra_KHE85178.1 PrLac_ORY81973.1 TrAsp_PTB35667.1 GlCer_RIA79033.1 GlCer_RIA82468.1 GlCer_RIA83238.1 TeBou_RPB23309.1 SpBru_KAA8895490.1 SpBru_KAA8914484.1 TiNiv_KAF8425958.1 KaPfe_KAF8473383.1 SeLin_USW56553.1 GeCar_KAI5797613.1 PeEch_KAI5809083.1 MoSny_KAI5837464.1 RhCom_CZS98076.1 PyTer_CAE7211338.1
HG_7977	TuMel_CAZ81321.1 UsMay_KIS67595.1 UsMay_KIS67603.1 DaQue_KZT70249.1 DaQue_KZT73005.1 DaQue_KZT73024.1 AcIng_PWN88002.1 AcIng_PWN88011.1 PlOst_KAF7422888.1 PlOst_KAF7424675.1 BoEdu_KAF8443296.1 BoEdu_KAF8443300.1 BoEdu_KAF8443306.1 PhCon_KAF9483554.1 AbBie_KAI0782917.1 GaLeu_KAI1798444.1 SeLin_USW58744.1 MoSny_KAI5850257.1 PeCan_KAJ6182505.1 MoAph_g2720.t1
HG_14915	TaDef_CCG82751.1 PrLac_ORY84230.1 PrLac_ORY84234.1 PrLac_ORY84235.1 SeLin_USW54152.1 PyTer_CAE7028036.1
HG_16337	NeCra_KHE84987.1 SeLin_USW54319.1 PeEch_KAI5792594.1 MoSny_KAI5841108.1 RhCom_CZS99563.1
HG_11696	AsNig_CAK46357.1 SpBru_KAA8908356.1 PhCon_KAF9477651.1 PhCon_KAF9481237.1 SeLin_USW55261.1 SeLin_USW59262.1 GeCar_KAI5779704.1 MoSny_KAI5839899.1 PeCan_KAJ6165043.1
HG_12640	MeLar_EGG04789.1 CaVis_KZO96909.1 CaVis_KZO96912.1 CaVis_KZO96918.1 CaCor_KZT60340.1 CaCor_KZT60348.1 SeLin_USW51873.1 PeCan_KAJ6183344.1
HG_35699	SeLin_USW56423.1 RhCom_CZS89818.1
HG_24994	TrAsp_PTB38134.1 SeLin_USW49211.1 PeCan_KAJ6159201.1
HG_10042	SpRei_CBQ70142.1 UsMay_KIS66366.1 KaBra_EST07180.2 AmRes_PSS18270.1 AcIng_PWN87998.1 SeLin_USW54207.1 MoAph_g2823.t1 MoAph_g2823.t2 LiChi_g002625.m1 LiKon_g004665.m1 LiKon_g007149.m1 DeUde_g005356.m1
HG_10211	KwDej_OBR82092.1 CaVis_KZO97220.1 CaVis_KZO99777.1 CaCor_KZT50672.1 CaCor_KZT58436.1 CaCor_KZT58437.1 CaCor_KZT58438.1 CrAmy_ODO11221.1 KwSha_KAA5525002.1 PlOst_KAF7430761.1 PlOst_KAF7440632.1 SeLin_USW54824.1
HG_11573	NeCra_KHE79302.1 TrAsp_PTB38301.1 TrAsp_PTB38765.1 TrAsp_PTB39139.1 AcIng_PWN87800.1 SeLin_USW55339.1 GeCar_KAI5778761.1 ExRho_UZJ52466.1 RhCom_CZS93550.1
HG_35640	SeLin_USW51880.1 PeEch_KAI5811785.1
HG_8959	NeCra_KHE80456.1 NeCra_KHE83239.1 CuOle_KLT39303.1 CuOle_KLT42225.1 CuOle_KLT43954.1 CaCor_KZT50235.1 CaCor_KZT52677.1 TrAsp_PTB43806.1 TrAsp_PTB45730.1 PlOst_KAF7433735.1 PlOst_KAF7433738.1 PeUcs_KAF7733721.1 SeLin_USW59095.1 PeCan_KAJ6182775.1 RhCom_CZS92057.1 RhCom_CZS94242.1
HG_8098	NeCra_KHE79438.1 TrAsp_PTB45533.1 TeBou_RPB19800.1 TeBou_RPB23392.1 TeBou_RPB29154.1 PlOst_KAF7428106.1 PlOst_KAF7430233.1 PlOst_KAF7430235.1 TiNiv_KAF8420513.1 TiNiv_KAF8424865.1 TiNiv_KAF8426064.1 TiNiv_KAF8426755.1 KaPfe_KAF8451722.1 KaPfe_KAF8465484.1 KaPfe_KAF8476812.1 PhCon_KAF9476736.1 SeLin_USW53682.1 PeEch_KAI5780996.1 PeCan_KAJ6172837.1 PeCan_KAJ6177289.1
HG_8233	AsNig_CAK46350.1 AsNig_CAK46753.1 NeCra_KHE85732.1 AmRes_PSS27548.1 TeBou_RPB20179.1 PeUcs_KAF7734922.1 PeUcs_KAF7738729.1 TiNiv_KAF8427672.1 SeLin_USW51487.1 SeLin_USW51636.1 GeCar_KAI5777260.1 GeCar_KAI5799800.1 PeCan_KAJ6159295.1 PeCan_KAJ6159296.1 PeCan_KAJ6175330.1 RhCom_CZT05008.1 PyTer_CAE7000337.1 PyTer_CAE7009572.1 PyTer_CAE7202997.1
HG_15452	DaQue_KZT65069.1 DaQue_KZT65075.1 DaQue_KZT67862.1 SeLin_USW50822.1 SeLin_USW54206.1 GeCar_KAI5780819.1
HG_11040	AsNig_CAK38715.1 AsNig_CAK46049.1 TrAsp_PTB37595.1 PeUcs_KAF7733599.1 PeUcs_KAF7735216.1 SeLin_USW47588.1 PeEch_KAI5788978.1 PeCan_KAJ6182825.1 RhCom_CZS98200.1 PyTer_CAE7174088.1
HG_35694	SeLin_USW55988.1 RhCom_CZT02473.1
HG_31725	TrAsp_PTB46078.1 SeLin_USW51025.1
HG_31620	TrAsp_PTB34906.1 SeLin_USW54543.1
HG_23089	AsNig_CAK40146.1 SeLin_USW56615.1 SeLin_USW56781.1
HG_17740	NeIrr_OLL26838.1 SpBru_KAA8909878.1 KaPfe_KAF8461504.1 SeLin_USW50094.1 PeCan_KAJ6170022.1
HG_28171	AsNig_CAK39469.1 SeLin_USW55538.1
HG_14690	AsNig_CAK46264.1 NeCra_KHE78292.1 PeUcs_KAF7728714.1 SeLin_USW52482.1 SeLin_USW52484.1 PyTer_CAE7199771.1
HG_22137	SeLin_USW57593.1 SeLin_USW57594.1 PuStr_KAI7937396.1 PuStr_KAI7937397.1
HG_31707	TrAsp_PTB41997.1 SeLin_USW51347.1
HG_35604	SeLin_USW49327.1 PyTer_CAE7022478.1
HG_7271	AsNig_CAK38717.1 AsNig_CAK49178.1 TuMel_CAZ81787.1 NeCra_KHE89321.1 RhTor_PRQ70739.1 RhGra_KPV73414.1 TrAsp_PTB35734.1 TrAsp_PTB38699.1 TrAsp_PTB40295.1 TrAsp_PTB41840.1 TrAsp_PTB45945.1 SpBru_KAA8902930.1 SpBru_KAA8903987.1 PeUcs_KAF7733484.1 PeUcs_KAF7735087.1 PeUcs_KAF7738046.1 SeLin_USW54018.1 GeCar_KAI5791884.1 MoSny_KAI5841762.1 MoSny_KAI5841784.1 PeCan_KAJ6161899.1 PeCan_KAJ6182191.1 RhCom_CZT07539.1 RhPal_g2604.t1
HG_11245	NeCra_KHE86399.1 CuOle_KLT43174.1 GlCer_RIA85102.1 GlCer_RIA95871.1 PlOst_KAF7426349.1 KaPfe_KAF8460542.1 KaPfe_KAF8471974.1 SeLin_USW58403.1 MoSny_KAI5843042.1 RhCom_CZT01694.1
HG_27560	TrAsp_PTB34792.1 SeLin_USW57358.1
HG_17776	TrAsp_PTB37828.1 KwSha_KAA5524942.1 SeLin_USW47979.1 SeLin_USW57106.1 SeLin_USW57314.1
HG_16109	SeLin_USW47374.1 SeLin_USW51227.1 SeLin_USW52814.1 SeLin_USW53077.1 SeLin_USW59544.1 PyTer_CAE6998324.1
HG_11701	AsNig_CAK47963.1 AsNig_CAK96721.1 PrLac_ORY73902.1 AmRes_PSS06686.1 TrAsp_PTB39401.1 SeLin_USW47174.1 SeLin_USW48313.1 SeLin_USW56769.1 SeLin_USW57873.1
HG_11227	KwDej_OBR84762.1 KwPin_OCF51323.1 CuOle_KLT38492.1 CaVis_KZO91600.1 CaCor_KZT56942.1 CrAmy_ODO04655.1 TrAsp_PTB36649.1 KwSha_KAA5526753.1 SeLin_USW57340.1 PeCan_KAJ6170133.1
HG_6277	AsNig_CAK43506.1 KwDej_OBR88878.1 KwBes_OCF27695.1 KwPin_OCF53318.1 RhTor_PRQ70273.1 CaVis_KZO89628.1 CaVis_KZP01217.1 DaQue_KZT70203.1 CaCor_KZT61518.1 CrAmy_ODO04889.1 TrAsp_PTB35185.1 PlOst_KAF7441117.1 PlOst_KAF7441126.1 PhCon_KAF9484890.1 UmVin_KAG2171884.1 UmVin_KAG2188669.1 UmVin_KAG2188670.1 AbBie_KAI0792824.1 GaLeu_KAI1784242.1 SeLin_USW50327.1 GeCar_KAI5776569.1 MoSny_KAI5837184.1 MoSny_KAI5852784.1 PeCan_KAJ6154439.1 PeCan_KAJ6158564.1 PeCan_KAJ6162100.1 PeCan_KAJ6166351.1 PeCan_KAJ6176254.1 PyTer_CAE6995301.1 MoAph_g1738.t1 MoAph_g1739.t1 DeUde_g002623.m1
HG_29069	TaDef_CCG80787.1 SeLin_USW48377.1
HG_17758	AmRes_PSS10462.1 SeLin_USW49264.1 SeLin_USW59048.1 SeLin_USW59265.1 SeLin_USW59416.1
HG_20218	KwPin_OCF46483.1 CrAmy_ODN99330.1 SeLin_USW53395.1 PeCan_KAJ6170408.1
HG_17484	CuOle_KLT43322.1 TrAsp_PTB41555.1 GlCer_RIA83352.1 SeLin_USW55750.1 PeCan_KAJ6175209.1
HG_19075	AsNig_CAK97017.1 UmVin_KAG2178510.1 SeLin_USW53731.1 RhCom_CZT05865.1
HG_19003	AsNig_CAK39259.1 UmVin_KAG2187434.1 SeLin_USW53386.1 PeCan_KAJ6161587.1
HG_12940	AmRes_PSS10961.1 AmRes_PSS14760.1 TrAsp_PTB39057.1 SeLin_USW48742.1 SeLin_USW50335.1 SeLin_USW58143.1 SeLin_USW58315.1 SeLin_USW59009.1
HG_7925	CaVis_KZO90856.1 CaVis_KZO93371.1 DaQue_KZT63163.1 DaQue_KZT71104.1 CaCor_KZT51081.1 CaCor_KZT52117.1 TiWal_KAE8202221.1 PlOst_KAF7422294.1 PlOst_KAF7426688.1 PlOst_KAF7439697.1 BoEdu_KAF8451051.1 PhCon_KAF9470431.1 PhCon_KAF9470908.1 PhCon_KAF9471028.1 PhCon_KAF9473460.1 PhCon_KAF9476570.1 PhCon_KAF9484074.1 GaLeu_KAI1782380.1 GaLeu_KAI1782615.1 GaLeu_KAI1786253.1 SeLin_USW49349.1
HG_11240	NeCra_KHE79237.1 GlCer_RIA78648.1 GlCer_RIA78710.1 GlCer_RIA86819.1 GlCer_RIA88071.1 GlCer_RIA90130.1 GlCer_RIA92664.1 SeLin_USW59592.1 PyTer_CAE6994931.1 PyTer_CAE7021796.1
HG_9895	AmRes_PSS06928.1 SeLin_USW48902.1 RhCom_CZS88222.1 RhCom_CZS91235.1 RhCom_CZS98162.1 RhCom_CZT03301.1 RhCom_CZT03991.1 RhCom_CZT03995.1 RhCom_CZT04008.1 RhCom_CZT04011.1 RhCom_CZT04015.1 RhCom_CZT04026.1 RhCom_CZT04029.1
HG_31587	AmRes_PSS27627.1 SeLin_USW53878.1
HG_32941	RhDio_TNY20671.1 SeLin_USW47491.1
HG_35635	SeLin_USW51589.1 RhCom_CZT09537.1
HG_11053	AsNig_CAK43534.1 AsNig_CAL00311.1 TrAsp_PTB35046.1 SpBru_KAA8899146.1 SeLin_USW49940.1 GeCar_KAI5794995.1 MoSny_KAI5851627.1 PeCan_KAJ6173637.1 PeCan_KAJ6173691.1 PyTer_CAE7032528.1
HG_27747	AcIng_PWN88786.1 SeLin_USW50744.1
HG_23914	TaDef_CCG82308.1 TaDef_CCG82970.1 SeLin_USW54497.1
HG_9235	RhTor_PRQ76629.1 RhGra_KPV73292.1 RhGra_KPV73348.1 RhGra_KPV75327.1 TrAsp_PTB37570.1 TrAsp_PTB39124.1 RhDio_TNY23467.1 UmVin_KAG2184182.1 SeLin_USW58050.1 MiSap_SDA07771.1 RhPal_g6005.t1 RhPal_g908.t1 RhPal_g919.t1 LiChi_g002448.m1 LiKon_g000251.m1
HG_24215	NeCra_KHE85068.1 TrAsp_PTB46752.1 SeLin_USW59142.1
HG_19070	AsNig_CAK96248.1 TrAsp_PTB41684.1 SeLin_USW58205.1 RhCom_CZT10712.1
HG_15752	GlCer_RIA86406.1 PhCon_KAF9485780.1 SeLin_USW51886.1 SeLin_USW51887.1 MoSny_KAI5837362.1 RhCom_CZS88893.1
HG_17207	NeCra_KHE80432.1 TrAsp_PTB39424.1 SeLin_USW55753.1 GeCar_KAI5806211.1 PeCan_KAJ6173140.1
HG_15278	NeCra_KHE86775.1 TrAsp_PTB37121.1 SeLin_USW48005.1 PyTer_CAE7014667.1 PyTer_CAE7179592.1 PyTer_CAE7212640.1
HG_35689	SeLin_USW55348.1 PeEch_KAI5780575.1
HG_26880	SeLin_USW55579.1 PeCan_KAJ6170011.1 PeCan_KAJ6170592.1
HG_34204	TiNiv_KAF8416834.1 SeLin_USW48116.1
HG_18733	RhTor_PRQ70589.1 PrLac_ORY78587.1 AcIng_PWN89728.1 SeLin_USW48581.1
HG_16668	TuMel_CAZ84554.1 SpBru_KAA8895498.1 SpBru_KAA8895499.1 SeLin_USW49880.1 PyTer_CAE7028090.1
HG_15683	TrAsp_PTB42569.1 AcIng_PWN91076.1 TiWal_KAE8214573.1 UmVin_KAG2171889.1 SeLin_USW52503.1 MoAph_g6396.t1
HG_12320	CaVis_KZP01787.1 CaCor_KZT55085.1 CaCor_KZT55803.1 CaCor_KZT58441.1 CaCor_KZT58446.1 CaCor_KZT62073.1 CaCor_KZT62107.1 SeLin_USW54578.1
HG_5784	MeLar_EGF98231.1 MeLar_EGF98232.1 MeLar_EGF99060.1 MeLar_EGF99061.1 MeLar_EGG00534.1 MeLar_EGG00538.1 MeLar_EGG01384.1 MeLar_EGG01385.1 MeLar_EGG05333.1 MeLar_EGG07125.1 MeLar_EGG12068.1 RhTor_PRQ72303.1 RhGra_KPV72666.1 CaVis_KZP01382.1 CaCor_KZT60591.1 AcIng_PWN86781.1 AcIng_PWN91519.1 AcIng_PWN94275.1 RhDio_TNY22647.1 TiWal_KAE8211572.1 CrQue_KAG0142360.1 CrQue_KAG0142361.1 CrQue_KAG0142362.1 CrQue_KAG0149069.1 CrQue_KAG0151112.1 CrQue_KAG0151809.1 CrQue_KAG0151812.1 SeLin_USW53553.1 PuStr_KAI7934665.1 PuStr_KAI7939719.1 PuStr_KAI7951083.1 PuStr_KAI7965330.1 ExRho_UZJ53544.1 MiSap_SDA08194.1 MiSap_SDA08199.1 RhPal_g1031.t1
HG_6803	SpRei_CBQ70535.1 SpRei_CBQ72274.1 UsMay_KIS71226.1 KaBra_EST09179.1 NeCra_KHE78719.1 CaVis_KZO93320.1 CaVis_KZO96800.1 CaCor_KZT59343.1 TrAsp_PTB41897.1 AcIng_PWN87692.1 TiWal_KAE8207203.1 TiWal_KAE8207308.1 TiWal_KAE8207851.1 TiWal_KAE8207852.1 TiWal_KAE8207853.1 TiWal_KAE8210976.1 TiWal_KAE8211205.1 TiWal_KAE8211207.1 PlOst_KAF7428030.1 PlOst_KAF7428094.1 PhCon_KAF9473237.1 GaLeu_KAI1794064.1 SeLin_USW56404.1 PuStr_KAI7939457.1 ExRho_UZJ57390.1 MoAph_g3182.t1 MoAph_g877.t1
HG_6668	TuMel_CAZ84421.1 KwDej_OBR82713.1 KwBes_OCF22140.1 KwPin_OCF47848.1 GlCer_RIA87983.1 TeBou_RPB22864.1 KwSha_KAA5524256.1 SpBru_KAA8893931.1 SpBru_KAA8902704.1 SpBru_KAA8902706.1 TiNiv_KAF8419948.1 KaPfe_KAF8463157.1 UmVin_KAG2175860.1 UmVin_KAG2189161.1 SeLin_USW53892.1 GeCar_KAI5799991.1 PeEch_KAI5781774.1 MoSny_KAI5845653.1 MoSny_KAI5852562.1 PuStr_KAI7952773.1 PeCan_KAJ6166312.1 PyTer_CAE7173944.1 CaAlb_g001543.m1 SaCer_g001266.m1 LaNot_g001421.m1 NaAna_g004543.m1 DeUde_g005330.m1 AlAfr_g005670.m1
HG_31610	TrAsp_PTB34742.1 SeLin_USW50530.1
HG_26844	SeLin_USW48587.1 SeLin_USW50038.1 PyTer_CAE7014103.1
HG_4595	AsNig_CAK41322.1 AsNig_CAK44001.1 AsNig_CAK44690.1 MeLar_EGG01503.1 MeLar_EGG01932.1 MeLar_EGG12888.1 TaDef_CCG83824.1 TaDef_CCG84537.1 NeCra_KHE83135.1 NeCra_KHE84075.1 RhTor_PRQ73949.1 RhTor_PRQ76599.1 RhTor_PRQ77739.1 RhGra_KPV74417.1 RhGra_KPV76019.1 AmRes_PSS12296.1 AmRes_PSS20285.1 AmRes_PSS22585.1 AmRes_PSS27111.1 TrAsp_PTB39103.1 TrAsp_PTB40248.1 TrAsp_PTB45519.1 AcIng_PWN92317.1 RhDio_TNY18111.1 RhDio_TNY23148.1 RhDio_TNY24366.1 PeUcs_KAF7729278.1 PeUcs_KAF7737837.1 CrQue_KAG0143606.1 CrQue_KAG0143608.1 CrQue_KAG0145679.1 CrQue_KAG0151389.1 SeLin_USW46788.1 SeLin_USW50965.1 PuStr_KAI7946280.1 PuStr_KAI7946289.1 PuStr_KAI7952881.1 PuStr_KAI7952882.1 PuStr_KAI7955990.1 ExRho_UZJ56320.1 PeCan_KAJ6174189.1 PeCan_KAJ6182289.1 RhCom_CZS91186.1 RhCom_CZS91187.1 RhCom_CZS93017.1 RhCom_CZS99309.1 RhCom_CZT09099.1 MiSap_SCZ88893.1 MiSap_SCZ88943.1 MiSap_SCZ96971.1 MiSap_SDA01074.1 RhPal_g5054.t1 RhPal_g7218.t1 RhPal_g7596.t1
HG_20262	NeCra_KHE83831.1 SeLin_USW51987.1 SeLin_USW58174.1 SeLin_USW58175.1
HG_18441	SeLin_USW58811.1 RhCom_CZS87867.1 RhCom_CZT03676.1 RhCom_CZT11048.1 PyTer_CAE7212979.1
HG_25008	TrAsp_PTB43741.1 SeLin_USW56096.1 PyTer_CAE7001525.1
HG_7326	NeCra_KHE85680.1 TeBou_RPB19869.1 TeBou_RPB19870.1 TiNiv_KAF8424711.1 KaPfe_KAF8469621.1 PhCon_KAF9470493.1 PhCon_KAF9484992.1 PhCon_KAF9484994.1 SeLin_USW53879.1 SeLin_USW54049.1 SeLin_USW54077.1 SeLin_USW54112.1 SeLin_USW54121.1 SeLin_USW54604.1 SeLin_USW54605.1 SeLin_USW55076.1 SeLin_USW55448.1 SeLin_USW57395.1 SeLin_USW57396.1 SeLin_USW57552.1 SeLin_USW57620.1 SeLin_USW59184.1 GeCar_KAI5797810.1 PeEch_KAI5786362.1
HG_28248	AsNig_CAK46794.1 SeLin_USW50383.1
HG_5341	TuMel_CAZ80640.1 MeLar_EGG10775.1 TaDef_CCG84849.1 NeCra_KHE79672.1 NeCra_KHE89870.1 RhTor_PRQ73772.1 RhGra_KPV75864.1 CaVis_KZO96329.1 DaQue_KZT74945.1 CaCor_KZT62661.1 AmRes_PSS12500.1 TrAsp_PTB35592.1 TrAsp_PTB38095.1 AcIng_PWN92382.1 TeBou_RPB19721.1 RhDio_TNY23616.1 SpBru_KAA8914655.1 TiWal_KAE8209919.1 PlOst_KAF7436491.1 BoEdu_KAF8445628.1 TiNiv_KAF8427551.1 KaPfe_KAF8462128.1 PhCon_KAF9486440.1 CrQue_KAG0148739.1 UmVin_KAG2182798.1 AbBie_KAI0784951.1 AbBie_KAI0789433.1 GaLeu_KAI1793179.1 SeLin_USW52387.1 GeCar_KAI5806901.1 PeEch_KAI5804010.1 MoSny_KAI5846292.1 PuStr_KAI7945505.1 ExRho_UZJ52851.1 PeCan_KAJ6161678.1 RhCom_CZS91202.1 RhCom_CZT01826.1 MiSap_SDA07025.1 PyTer_CAE7020608.1 PyTer_CAE7179575.1 RhPal_g4880.t1
HG_16768	MeLar_EGG05359.1 MeLar_EGG05360.1 MeLar_EGG09673.1 SeLin_USW48455.1 PyTer_CAE7008080.1
HG_4749	AsNig_CAK38903.1 ScPom_CAA90804.1 ScCry_EPY54164.1 ScOct_EPX74471.1 TuMel_CAZ83544.1 MeLar_EGG06623.1 KwDej_OBR89082.1 KwBes_OCF27922.1 KwPin_OCF53502.1 RhTor_PRQ75144.1 CuOle_KLT43426.1 PnJir_KTW27466.1 PnCar_KTW27100.1 CaVis_KZO90303.1 DaQue_KZT72202.1 CaCor_KZT52818.1 CrAmy_ODO04989.1 PrLac_ORY87626.1 AmRes_PSS23057.1 GlCer_RIA86348.1 TeBou_RPB21331.1 KwSha_KAA5526639.1 SpBru_KAA8893930.1 PlOst_KAF7428722.1 PeUcs_KAF7726645.1 BoEdu_KAF8441362.1 TiNiv_KAF8422974.1 KaPfe_KAF8454067.1 PhCon_KAF9474231.1 CrQue_KAG0147220.1 UmVin_KAG2187277.1 AbBie_KAI0793206.1 GaLeu_KAI1794198.1 SeLin_USW57783.1 GeCar_KAI5779550.1 PeEch_KAI5807527.1 MoSny_KAI5839019.1 PuStr_KAI7964285.1 ScOsm_WBW71610.1 PeCan_KAJ6176583.1 RhCom_CZT01498.1 PyTer_CAE7201883.1 CaAlb_g005643.m1 SaCer_g004680.m1 LaNot_g002201.m1 LiChi_g003964.m1 LiKon_g003107.m1 NaAna_g002115.m1 DeUde_g003453.m1 AlAfr_g005892.m1 SaSel_g004458.m1
HG_13951	DaQue_KZT68361.1 BoEdu_KAF8419383.1 BoEdu_KAF8421917.1 BoEdu_KAF8443994.1 BoEdu_KAF8444083.1 PhCon_KAF9473931.1 SeLin_USW56719.1
HG_12766	NeCra_KHE88488.1 CrAmy_ODO06559.1 AbBie_KAI0792921.1 AbBie_KAI0792923.1 AbBie_KAI0792926.1 AbBie_KAI0792928.1 SeLin_USW52026.1 PeCan_KAJ6173791.1
HG_28261	AsNig_CAK48495.1 SeLin_USW49291.1
HG_22637	AcIng_PWN93208.1 SeLin_USW55799.1 PeCan_KAJ6153918.1
HG_24228	NeCra_KHE87991.1 SeLin_USW46735.1 PeCan_KAJ6173312.1
HG_22122	SeLin_USW49889.1 SeLin_USW52890.1 SeLin_USW54917.1 PyTer_CAE6995533.1
HG_23074	AsNig_CAK39213.1 PeUcs_KAF7728970.1 SeLin_USW58241.1
HG_6276	AsNig_CAK37946.1 SpRei_CBQ73271.1 UsMay_KIS68891.1 KaBra_EST05170.1 NeIrr_OLL25432.1 AcIng_PWN89491.1 GlCer_RIA95385.1 TeBou_RPB20091.1 TeBou_RPB29429.1 RhDio_TNY23531.1 SpBru_KAA8898493.1 SpBru_KAA8914857.1 TiWal_KAE8209665.1 TiWal_KAE8214803.1 TiWal_KAE8214804.1 TiNiv_KAF8421305.1 TiNiv_KAF8425198.1 KaPfe_KAF8473985.1 KaPfe_KAF8477507.1 PhCon_KAF9474513.1 SeLin_USW46815.1 GeCar_KAI5795000.1 PeEch_KAI5803979.1 PeEch_KAI5811208.1 MoSny_KAI5838112.1 MoSny_KAI5838849.1 ExRho_UZJ56388.1 RhCom_CZS98470.1 MiSap_SCZ93567.1 PyTer_CAE7196454.1 MoAph_g5335.t1 LiChi_g002647.m1
HG_6323	TeBou_RPB28899.1 TiNiv_KAF8415865.1 TiNiv_KAF8415966.1 TiNiv_KAF8416436.1 TiNiv_KAF8416447.1 TiNiv_KAF8416879.1 TiNiv_KAF8417330.1 TiNiv_KAF8417514.1 TiNiv_KAF8417519.1 TiNiv_KAF8417548.1 TiNiv_KAF8418342.1 TiNiv_KAF8418709.1 TiNiv_KAF8418735.1 TiNiv_KAF8418742.1 TiNiv_KAF8419213.1 TiNiv_KAF8419560.1 TiNiv_KAF8421831.1 TiNiv_KAF8421844.1 TiNiv_KAF8422199.1 TiNiv_KAF8422955.1 TiNiv_KAF8423062.1 TiNiv_KAF8424365.1 TiNiv_KAF8424974.1 TiNiv_KAF8426002.1 TiNiv_KAF8426758.1 TiNiv_KAF8427008.1 TiNiv_KAF8427282.1 TiNiv_KAF8427507.1 TiNiv_KAF8427553.1 TiNiv_KAF8428967.1 TiNiv_KAF8430372.1 SeLin_USW58718.1
HG_9312	SeLin_USW56661.1 YaLip_g000063.m1 YaLip_g000119.m1 YaLip_g000144.m1 YaLip_g000163.m1 YaLip_g000171.m1 YaLip_g000195.m1 YaLip_g000356.m1 YaLip_g000655.m1 YaLip_g000705.m1 YaLip_g001700.m1 YaLip_g003299.m1 YaLip_g003403.m1 YaLip_g003960.m1 YaLip_g006076.m1
HG_12761	NeCra_KHE84045.1 NeCra_KHE88639.1 SeLin_USW46954.1 SeLin_USW51522.1 PeEch_KAI5780262.1 PeEch_KAI5804670.1 PeCan_KAJ6175042.1 RhCom_CZT09640.1
HG_23192	AsNig_CAK49100.1 SeLin_USW57673.1 RhCom_CZT05303.1
HG_19065	AsNig_CAK48577.1 PeUcs_KAF7730107.1 SeLin_USW48582.1 PyTer_CAE7185559.1
HG_13746	KwDej_OBR87094.1 KwBes_OCF29538.1 KwPin_OCF50646.1 KwSha_KAA5526394.1 SeLin_USW48863.1 SeLin_USW51918.1 PyTer_CAE7014425.1
HG_26875	SeLin_USW53504.1 SeLin_USW59571.1 PyTer_CAE7185111.1
HG_12333	UsMay_KIS70005.1 AcIng_PWN86796.1 SeLin_USW59565.1 PyTer_CAE6999612.1 CaAlb_g005421.m1 SaCer_g003246.m1 LaNot_g000357.m1 AlAfr_g002418.m1
HG_12502	AsNig_CAK47696.1 NeCra_KHE85909.1 AmRes_PSS27618.1 PeUcs_KAF7736090.1 SeLin_USW56349.1 SeLin_USW56445.1 PeCan_KAJ6170366.1 LiKon_g000940.m1
HG_12743	KwDej_OBR87280.1 KwBes_OCF25718.1 SeLin_USW59563.1 RhCom_CZS88014.1 MoAph_g6397.t1 CaAlb_g005420.m1 LaNot_g004352.m1 AlAfr_g007619.m1
HG_6286	TuMel_CAZ80312.1 MeLar_EGG03790.1 KwDej_OBR82349.1 KwBes_OCF22378.1 KwPin_OCF48046.1 RhTor_PRQ72346.1 CuOle_KLT45850.1 RhGra_KPV71580.1 CaVis_KZO90889.1 CaVis_KZO91353.1 DaQue_KZT70316.1 CaCor_KZT62275.1 CrAmy_ODO11351.1 AmRes_PSS10922.1 AcIng_PWN90327.1 RhDio_TNY17926.1 KwSha_KAA5525037.1 TiWal_KAE8215421.1 PlOst_KAF7433411.1 PlOst_KAF7436370.1 BoEdu_KAF8450302.1 PhCon_KAF9481960.1 PhCon_KAF9486505.1 CrQue_KAG0148440.1 AbBie_KAI0783120.1 AbBie_KAI0784869.1 GaLeu_KAI1793068.1 GaLeu_KAI1795079.1 SeLin_USW57242.1 RhCom_CZT02407.1 PyTer_CAE7205986.1 RhPal_g863.t1
HG_20959	TrAsp_PTB40366.1 TrAsp_PTB43809.1 SeLin_USW59584.1 SeLin_USW59736.1
HG_19060	AsNig_CAK47330.1 AsNig_CAK48751.1 PeUcs_KAF7738279.1 SeLin_USW54373.1
HG_11676	AsNig_CAK37618.1 TuMel_CAZ84988.1 NeCra_KHE82009.1 AmRes_PSS22423.1 TrAsp_PTB46435.1 PeUcs_KAF7736904.1 SeLin_USW52622.1 PeCan_KAJ6181645.1 RhCom_CZS96667.1
HG_35679	SeLin_USW54907.1 PeCan_KAJ6159120.1
HG_25854	PlOst_KAF7441125.1 PlOst_KAF7441132.1 SeLin_USW54760.1
HG_26839	SeLin_USW46958.1 PeCan_KAJ6154889.1 PeCan_KAJ6177382.1
HG_18436	SeLin_USW54050.1 SeLin_USW54051.1 PyTer_CAE7218605.1 PyTer_CAE7218623.1 PyTer_CAE7220658.1
HG_17797	AcIng_PWN89526.1 GlCer_RIA97425.1 SeLin_USW58934.1 ExRho_UZJ51990.1 PyTer_CAE7194630.1
HG_15281	NeCra_KHE90104.1 AmRes_PSS22823.1 SeLin_USW49299.1 PeCan_KAJ6173204.1 RhCom_CZS88796.1 PyTer_CAE7023555.1
HG_11248	NeCra_KHE89456.1 TrAsp_PTB38429.1 TeBou_RPB26748.1 SpBru_KAA8892894.1 TiNiv_KAF8430366.1 SeLin_USW51493.1 GeCar_KAI5790267.1 PeEch_KAI5806441.1 MoSny_KAI5849307.1 PyTer_CAE7007884.1
HG_23202	AsNig_CAL00294.1 PlOst_KAF7422840.1 SeLin_USW53397.1
HG_11417	BoEdu_KAF8434791.1 AbBie_KAI0790390.1 AbBie_KAI0790478.1 AbBie_KAI0790479.1 AbBie_KAI0790484.1 AbBie_KAI0790488.1 AbBie_KAI0790489.1 GaLeu_KAI1788066.1 SeLin_USW49307.1 SeLin_USW57925.1
HG_6302	MeLar_EGG03595.1 SpRei_CBQ72773.1 TaDef_CCG81098.1 UsMay_KIS69681.1 KaBra_EST04817.1 KwDej_OBR83831.1 KwBes_OCF23810.1 KwPin_OCF50420.1 NeCra_KHE81782.1 CuOle_KLT41173.1 DaQue_KZT64501.1 DaQue_KZT70791.1 CaCor_KZT57237.1 CrAmy_ODO11102.1 NeIrr_OLL25912.1 PrLac_ORY76099.1 TrAsp_PTB36615.1 AcIng_PWN86559.1 KwSha_KAA5531050.1 PlOst_KAF7422792.1 BoEdu_KAF8417169.1 BoEdu_KAF8430970.1 PhCon_KAF9478211.1 CrQue_KAG0150475.1 UmVin_KAG2181455.1 UmVin_KAG2186585.1 AbBie_KAI0783443.1 AbBie_KAI0783446.1 GaLeu_KAI1788865.1 SeLin_USW50670.1 PyTer_CAE7173893.1 MoAph_g6479.t1
HG_22135	SeLin_USW55667.1 SeLin_USW56232.1 PyTer_CAE7002689.1 PyTer_CAE7187594.1
HG_13777	NeCra_KHE86141.1 AmRes_PSS23421.1 SeLin_USW48503.1 SeLin_USW58442.1 PuStr_KAI7960672.1 PuStr_KAI7965264.1 PeCan_KAJ6162195.1
HG_12487	AsNig_CAK39824.1 AmRes_PSS25423.1 TrAsp_PTB46522.1 SeLin_USW49205.1 SeLin_USW50973.1 SeLin_USW53078.1 SeLin_USW58901.1 RhCom_CZT11345.1
HG_35674	SeLin_USW54413.1 PyTer_CAE7216402.1
HG_10004	KwDej_OBR85218.1 CuOle_KLT39039.1 CaVis_KZO94610.1 CaVis_KZO94681.1 CaVis_KZO94682.1 CaCor_KZT50741.1 CaCor_KZT50742.1 CaCor_KZT60020.1 CaCor_KZT60021.1 AcIng_PWN86706.1 UmVin_KAG2172169.1 SeLin_USW53139.1
HG_27681	AcIng_PWN86569.1 SeLin_USW59191.1
HG_18777	AcIng_PWN86444.1 AcIng_PWN86463.1 AcIng_PWN86665.1 SeLin_USW54363.1
HG_19006	AsNig_CAK40142.1 SeLin_USW58218.1 PeCan_KAJ6170072.1 RhCom_CZT12859.1
HG_19078	AsNig_CAL00295.1 AmRes_PSS20423.1 PlOst_KAF7424225.1 SeLin_USW53398.1
HG_18431	SeLin_USW49669.1 SeLin_USW49670.1 SeLin_USW49671.1 SeLin_USW54586.1 PyTer_CAE7187499.1
HG_14124	TeBou_RPB20874.1 SpBru_KAA8898226.1 SeLin_USW54645.1 GeCar_KAI5803942.1 PeEch_KAI5804625.1 MoSny_KAI5836728.1 MoSny_KAI5849354.1
HG_7149	MeLar_EGG02612.1 MeLar_EGG08628.1 RhTor_PRQ69841.1 CuOle_KLT46231.1 RhGra_KPV75576.1 RhGra_KPV75578.1 RhGra_KPV75579.1 NeIrr_OLL25690.1 TrAsp_PTB35111.1 TrAsp_PTB36607.1 RhDio_TNY19987.1 RhDio_TNY19988.1 RhDio_TNY19990.1 SpBru_KAA8903856.1 CrQue_KAG0146714.1 CrQue_KAG0151013.1 GaLeu_KAI1793548.1 SeLin_USW47532.1 SeLin_USW54484.1 GeCar_KAI5803930.1 PuStr_KAI7958471.1 MiSap_SDA04692.1 PyTer_CAE7034139.1 PyTer_CAE7219115.1 RhPal_g5771.t1
HG_35720	SeLin_USW59103.1 RhCom_CZT06351.1
HG_16589	AsNig_CAK48425.1 SeLin_USW54298.1 SeLin_USW54583.1 SeLin_USW54916.1 SeLin_USW54977.1
