HG_12410 	AuMe	AuPu	AuTh
HG_27886 	AuMe	AuPu
HG_27919 	AuMe	AuPu
HG_27814 	AuMe	AuPu
HG_27781 	AuMe	AuPu
HG_27950 	AuMe	AuPu
HG_22699 	AuMe	AuPu	AuTh
HG_22932 	AuMe	AuPu	AuTh
HG_22868 	AuMe	AuPu	AuTh
HG_18805 	AuMe	AuPu
HG_22763 	AuMe	AuPu	AuTh
HG_28010 	AuPu	AuTh
HG_27763 	AuMe	AuPu
HG_27932 	AuMe	AuPu
HG_27868 	AuMe	AuPu
HG_22914 	AuMe	AuPu	AuTh
HG_22881 	AuMe	AuPu	AuTh
HG_27914 	AuMe	AuPu
HG_27881 	AuMe	AuPu
HG_27986 	AuPu	AuTh
HG_22968 	AuPu	AuTh
HG_28046 	AuPu	AuTh
HG_22727 	AuMe	AuPu	AuTh
HG_22799 	AuMe	AuPu	AuTh
HG_22694 	AuMe	AuPu	AuTh
HG_22863 	AuMe	AuPu	AuTh
HG_27863 	AuMe	AuPu
HG_27968 	AuMe	AuPu
HG_22709 	AuMe	AuPu	AuTh
HG_22676 	AuMe	AuPu	AuTh
HG_22845 	AuMe	AuPu	AuTh
HG_22981 	AuPu	AuTh
HG_18854 	AuMe	AuPu	AuTh
HG_22740 	AuMe	AuPu	AuTh
HG_27845 	AuMe	AuPu
HG_22794 	AuMe	AuPu	AuTh
HG_22827 	AuMe	AuPu	AuTh
HG_22963 	AuMe	AuPu
HG_28041 	AuPu	AuTh
HG_8368 	AuMe	AuPu	AuTh
HG_12423 	AuMe	AuPu	AuTh
HG_27827 	AuMe	AuPu
HG_27899 	AuMe	AuPu
HG_27794 	AuMe	AuPu
HG_27963 	AuMe	AuPu
HG_22945 	AuMe	AuPu	AuTh
HG_18818 	AuMe	AuPu	AuTh
HG_28095 	AuPu	AuTh
HG_22776 	AuMe	AuPu	AuTh
HG_22671 	AuMe	AuPu	AuTh
HG_16407 	AuMe	AuPu	AuTh
HG_22840 	AuMe	AuPu	AuTh
HG_13357 	AuMe	AuPu	AuTh
HG_27840 	AuMe	AuPu
HG_27776 	AuMe	AuPu
HG_27809 	AuMe	AuPu
HG_27945 	AuMe	AuPu
HG_22758 	AuMe	AuPu	AuTh
HG_22894 	AuMe	AuPu	AuTh
HG_22927 	AuMe	AuPu	AuTh
HG_28077 	AuPu	AuTh
HG_22822 	AuMe	AuPu
HG_16525 	AuPu	AuTh
HG_16492 	AuMe	AuPu	AuTh
HG_27999 	AuPu	AuTh
HG_13370 	AuMe	AuPu
HG_27894 	AuMe	AuPu
HG_27927 	AuMe	AuPu
HG_27822 	AuMe	AuPu
HG_27758 	AuMe	AuTh
HG_28059 	AuPu	AuTh
HG_22909 	AuMe	AuPu	AuTh
HG_22876 	AuMe	AuPu	AuTh
HG_18885 	AuMe	AuPu	AuTh
HG_28090 	AuPu	AuTh
HG_22804 	AuMe	AuPu	ExVi
HG_22771 	AuMe	AuPu	AuTh
HG_22940 	AuMe	AuPu	AuTh
HG_16474 	AuMe	AuPu
HG_13352 	AuMe	AuPu	AuTh
HG_27804 	AuMe	AuPu
HG_27876 	AuMe	AuPu
HG_27909 	AuMe	AuPu
HG_27771 	AuMe	AuPu
HG_22858 	AuMe	AuPu	AuTh
HG_27940 	AuMe	AuPu
HG_22922 	AuMe	AuPu
HG_28000 	AuPu	AuTh
HG_28072 	AuPu	AuTh
HG_22753 	AuMe	AuPu
HG_22689 	AuMe	AuPu	AuTh
HG_14591 	AuMe	AuPu
HG_16456 	AuMe	AuPu	AuTh
HG_27858 	AuMe	AuPu
HG_27922 	AuMe	AuPu
HG_22735 	AuMe	AuPu	AuTh
HG_22871 	AuMe	AuPu	AuTh
HG_22904 	AuMe	AuPu	AuTh
HG_18849 	AuMe	AuTh
HG_28054 	AuPu	AuTh
HG_18880 	AuMe	AuPu
HG_12436 	AuMe	AuPu	AuTh
HG_27976 	AuMe	AuPu
HG_27904 	AuMe	AuPu
HG_27871 	AuMe	AuPu
HG_22958 	AuMe	AuPu	AuTh
HG_28036 	AuPu	AuTh
HG_22717 	AuMe	AuPu	AuTh
HG_22853 	AuMe	AuPu	AuTh
HG_22789 	AuMe	AuPu	AuTh
HG_18862 	AuMe	AuPu	AuTh
HG_28100 	AuPu	AuTh
HG_22684 	AuMe	AuPu
HG_27853 	AuMe	AuPu
HG_27789 	AuMe	AuPu
HG_27958 	AuMe	AuPu
HG_22835 	AuMe	AuPu	AuTh
HG_28018 	AuPu	AuTh
HG_22730 	AuMe	AuPu
HG_22666 	AuMe	AuPu
HG_27835 	AuMe	AuPu
HG_27971 	AuMe	AuPu
HG_18898 	AuMe	AuPu
HG_22817 	AuMe	AuPu	AuTh
HG_22712 	AuMe	AuPu	AuTh
HG_22784 	AuMe	AuPu	AuTh
HG_22953 	AuMe	AuPu	AuTh
HG_18962 	AuPu	AuTh
HG_13365 	AuMe	AuPu	AuTh
HG_27817 	AuMe	AuTh
HG_27953 	AuMe	AuTh
HG_27889 	AuMe	AuPu
HG_27784 	AuMe	AuPu
HG_22935 	AuMe	AuPu	AuTh
HG_18808 	AuMe	AuPu
HG_28013 	AuPu	AuTh
HG_28085 	AuPu	AuTh
HG_22830 	AuMe	AuPu	AuTh
HG_22766 	AuMe	AuPu	AuTh
HG_22661 	AuMe	AuPu	AuTh
HG_27830 	AuMe	AuPu
HG_27766 	AuMe	AuPu
HG_27935 	AuMe	AuPu
HG_22812 	AuMe	AuPu	AuTh
HG_22884 	AuMe	AuPu	AuTh
HG_22917 	AuMe	AuPu	AuTh
HG_28131 	AuTh	ExVi
HG_28067 	AuPu	AuTh
HG_18821 	AuMe	AuPu
HG_16410 	AuMe	AuPu
HG_27917 	AuMe	AuPu
HG_27884 	AuMe	AuPu
HG_22697 	AuMe	AuPu	AuTh
HG_22866 	AuMe	AuPu	AuTh
HG_22930 	AuMe	AuPu	AuTh
HG_27930 	AuMe	AuTh
HG_27761 	AuMe	AuPu
HG_22848 	AuMe	AuPu	AuTh
HG_18857 	AuMe	AuPu	AuTh
HG_22679 	AuMe	AuPu	AuTh
HG_22912 	AuMe	AuPu	AuTh
HG_22743 	AuMe	AuPu	AuTh
HG_14581 	AuMe	AuPu	AuTh
HG_27912 	AuMe	AuPu
HG_27848 	AuMe	AuPu
HG_27984 	AuPu	AuTh
HG_18839 	AuMe	AuPu
HG_22725 	AuMe	AuPu	AuTh
HG_22692 	AuMe	AuPu	AuTh
HG_22797 	AuMe	AuPu
HG_16428 	AuMe	AuPu
HG_7569 	AuMe	AuPu	AuTh
HG_27797 	AuMe	AuPu
HG_27966 	AuMe	AuPu
HG_22948 	AuMe	AuPu	AuTh
HG_18957 	AuPu	AuTh
HG_27861 	AuMe	AuPu
HG_22674 	AuMe	AuPu	AuTh
HG_22707 	AuMe	AuPu	AuTh
HG_22843 	AuMe	AuPu
HG_22779 	AuMe	AuPu	AuTh
HG_12408 	AuMe	AuPu	AuTh
HG_27843 	AuMe	AuPu
HG_27948 	AuMe	AuPu
HG_18939 	AuPu	AuTh
HG_22825 	AuMe	AuPu	AuTh
HG_22897 	AuMe	AuTh
HG_22792 	AuMe	AuPu	AuTh
HG_22720 	AuMe	AuPu	AuTh
HG_16390 	AuMe	AuPu	AuTh
HG_10115 	AuMe	AuTh
HG_27825 	AuMe	AuPu
HG_27792 	AuMe	AuPu
HG_27961 	AuMe	AuPu
HG_27897 	AuMe	AuPu
HG_18888 	AuMe	AuPu	AuTh
HG_22807 	AuMe	AuPu	AuTh
HG_22943 	AuMe	AuPu	AuTh
HG_22879 	AuMe	AuPu	AuTh
HG_28093 	AuPu	AuTh
HG_22702 	AuMe	AuPu	AuTh
HG_22774 	AuMe	AuPu
HG_11628 	AuMe	AuPu	AuTh
HG_16477 	AuMe	AuPu	AuTh
HG_27807 	AuMe	AuPu
HG_27774 	AuMe	AuPu
HG_27943 	AuMe	AuPu
HG_27879 	AuMe	AuPu
HG_18934 	AuPu	AuTh
HG_22925 	AuMe	AuPu	AuTh
HG_28075 	AuPu	AuTh
HG_22820 	AuMe	AuPu	AuTh
HG_22892 	AuMe	AuPu	AuTh
HG_27925 	AuMe	AuPu
HG_27820 	AuMe	AuPu
HG_22907 	AuMe	AuPu	AuTh
HG_27892 	AuMe	AuPu
HG_22874 	AuMe	AuPu
HG_28057 	AuPu	AuTh
HG_27979 	AuMe	AuPu
HG_27907 	AuMe	AuPu
HG_27874 	AuMe	AuPu
HG_28103 	AuPu	AuTh
HG_22687 	AuMe	AuPu	AuTh
HG_22920 	AuMe	AuPu	AuTh
HG_22856 	AuMe	AuPu	AuTh
HG_22992 	AuPu	AuTh
HG_28070 	AuPu	AuTh
HG_22751 	AuMe	AuPu
HG_27920 	AuMe	AuPu
HG_27856 	AuMe	AuPu
HG_27992 	AuPu	AuTh
HG_22838 	AuMe	AuPu	AuTh
HG_18847 	AuMe	AuPu
HG_22669 	AuMe	AuPu	AuTh
HG_22902 	AuMe	AuPu	AuTh
HG_28052 	AuPu	AuTh
HG_14604 	AuMe	AuPu
HG_13386 	AuMe	AuTh
HG_27902 	AuMe	AuPu
HG_27838 	AuMe	AuPu
HG_27974 	AuMe	AuPu
HG_22787 	AuMe	AuPu	AuTh
HG_22956 	AuMe	AuPu	AuTh
HG_22682 	AuMe	AuPu	AuTh
HG_22715 	AuMe	AuPu	AuTh
HG_22851 	AuMe	AuPu	AuTh
HG_16418 	AuMe	AuPu	AuTh
HG_12416 	AuMe	AuPu
HG_13368 	AuMe	AuPu	AuTh
HG_27787 	AuMe	AuPu
HG_27956 	AuMe	AuPu
HG_22769 	AuMe	AuPu
HG_27851 	AuMe	AuPu
HG_22938 	AuMe	AuPu	AuTh
HG_22664 	AuMe	AuPu
HG_22833 	AuMe	AuPu	AuTh
HG_18842 	AuMe	AuPu	AuTh
HG_13381 	AuMe	AuPu	AuTh
HG_27769 	AuMe	AuPu
HG_27938 	AuMe	AuPu
HG_27833 	AuMe	AuPu
HG_22782 	AuMe	AuPu	AuTh
HG_22815 	AuMe	AuPu	AuTh
HG_22951 	AuMe	AuPu	AuTh
HG_22887 	AuMe	AuPu
HG_18824 	AuMe	AuPu
HG_22710 	AuMe	AuPu
HG_27887 	AuMe	AuPu
HG_27815 	AuMe	AuPu
HG_27782 	AuMe	AuPu
HG_22869 	AuMe	AuPu	AuTh
HG_27951 	AuMe	AuTh
HG_22933 	AuMe	AuPu	AuTh
HG_28011 	AuPu	AuTh
HG_13345 	AuMe	AuPu	AuTh
HG_27764 	AuMe	AuPu
HG_27933 	AuMe	AuPu
HG_27869 	AuMe	AuPu
HG_28065 	AuPu	AuTh
HG_22746 	AuMe	AuPu	AuTh
HG_22882 	AuMe	AuPu	AuTh
HG_22915 	AuMe	AuPu	AuTh
HG_22810 	AuMe	AuPu	AuTh
HG_14617 	AuMe	AuTh	ExVi
HG_16480 	AuMe	AuPu
HG_27810 	AuMe	AuPu
HG_27882 	AuMe	AuPu
HG_27641 	AuPu	AuTh
HG_22728 	AuMe	AuPu	AuTh
HG_22864 	AuMe	AuPu	AuTh
HG_28047 	AuPu	AuTh
HG_22695 	AuMe	AuPu	AuTh
HG_18801 	AuMe	AuPu	AuTh
HG_16462 	AuMe	AuPu	AuTh
HG_27969 	AuMe	AuPu
HG_27864 	AuMe	AuPu
HG_22846 	AuMe	AuPu	AuTh
HG_22677 	AuMe	AuPu	AuTh
HG_22910 	AuMe	AuPu	AuTh
HG_22828 	AuMe	AuPu	AuTh
HG_27910 	AuMe	AuPu
HG_27846 	AuMe	AuPu
HG_22795 	AuMe	AuPu	AuTh
HG_28042 	AuPu	AuTh
HG_22723 	AuMe	AuPu	AuTh
HG_22659 	AuMe	AuPu	AuTh
HG_22690 	AuMe	AuPu	AuTh
HG_14561 	AuMe	AuPu	AuTh
HG_27828 	AuMe	AuPu
HG_27964 	AuMe	AuPu
HG_27795 	AuMe	AuTh
HG_22705 	AuMe	AuPu	AuTh
HG_22841 	AuMe	AuPu	AuTh
HG_22777 	AuMe	AuPu	AuTh
HG_22946 	AuMe	AuPu	AuTh
HG_18786 	AuMe	AuPu	ExVi
HG_28024 	AuPu	AuTh
HG_18955 	AuPu	AuTh
HG_22672 	AuMe	AuPu	AuTh
HG_27777 	AuMe	AuPu
HG_27946 	AuMe	AuPu
HG_27841 	AuMe	AuPu
HG_28006 	AuPu	AuTh
HG_28078 	AuPu	AuTh
HG_22823 	AuMe	AuPu	AuTh
HG_22759 	AuMe	AuPu	AuTh
HG_22928 	AuMe	AuPu	AuTh
HG_22895 	AuMe	AuPu	AuTh
HG_22790 	AuMe	AuPu
HG_13371 	AuMe	AuPu	AuTh
HG_16421 	AuMe	AuPu	AuTh
HG_16493 	AuMe	AuPu	AuTh	ExVi
HG_27928 	AuMe	AuPu
HG_27823 	AuMe	AuPu
HG_27759 	AuMe	AuPu
HG_27895 	AuMe	AuPu
HG_22805 	AuMe	AuPu	AuTh
HG_27790 	AuMe	AuPu
HG_22877 	AuMe	AuPu	AuTh
HG_18886 	AuMe	AuPu	AuTh
HG_22772 	AuMe	AuPu	AuTh
HG_22941 	AuMe	AuPu	AuTh
HG_18814 	AuMe	AuTh
HG_22700 	AuMe	AuPu	AuTh
HG_28091 	AuPu	AuTh
HG_16475 	AuMe	AuPu	AuTh
HG_23001 	AuPu	AuTh
HG_27877 	AuMe	AuPu
HG_27772 	AuMe	AuPu
HG_22859 	AuMe	AuPu	AuTh
HG_22995 	AuPu	AuTh
HG_22754 	AuMe	AuPu
HG_22890 	AuMe	AuPu	AuTh
HG_22923 	AuMe	AuPu	AuTh
HG_22513 	AuMe	AuPu	AuTh
HG_14592 	AuMe	AuPu	AuTh
HG_27923 	AuMe	AuPu
HG_27859 	AuMe	AuPu
HG_27995 	AuPu	AuTh
HG_27890 	AuMe	AuPu
HG_18881 	AuMe	AuPu	AuTh
HG_18914 	AuMe	AuPu	AuTh
HG_28055 	AuPu	AuTh
HG_22800 	AuMe	AuPu	AuTh
HG_22736 	AuMe	AuPu	AuTh
HG_22905 	AuMe	AuPu	AuTh
HG_22872 	AuMe	AuPu	AuTh
HG_27905 	AuMe	AuPu
HG_27977 	AuMe	AuPu
HG_27800 	AuMe	AuPu
HG_27872 	AuMe	AuPu
HG_22959 	AuMe	AuPu	AuTh
HG_22718 	AuMe	AuPu	AuTh
HG_22854 	AuMe	AuPu
HG_28101 	AuPu	AuTh
HG_22685 	AuMe	AuPu	AuTh
HG_14556 	AuMe	AuPu	AuTh
HG_27990 	AuPu	AuTh
HG_27959 	AuMe	AuPu
HG_27854 	AuMe	AuPu
HG_28019 	AuPu	AuTh
HG_22836 	AuMe	AuPu	AuTh
HG_22972 	AuPu	AuTh
HG_28050 	AuPu	AuTh
HG_22731 	AuMe	AuPu	AuTh
HG_22667 	AuMe	AuPu	AuTh
HG_16434 	AuMe	AuPu	AuTh
HG_27900 	AuMe	AuPu
HG_27836 	AuMe	AuTh
HG_27972 	AuMe	AuPu
HG_22954 	AuMe	AuPu	AuTh
HG_18827 	AuMe	AuPu	AuTh
HG_18899 	AuMe	AuPu	AuTh
HG_28137 	AuTh	ExVi
HG_22818 	AuMe	AuPu	AuTh
HG_18794 	AuMe	AuPu	AuTh
HG_28032 	AuPu	AuTh
HG_22713 	AuMe	AuPu	AuTh
HG_22680 	AuMe	AuPu	AuTh
HG_22785 	AuMe	AuPu	AuTh
HG_27818 	AuMe	AuTh
HG_27785 	AuMe	AuPu
HG_27954 	AuMe	AuPu
HG_18809 	AuMe	AuPu	AuTh
HG_28086 	AuPu	AuTh
HG_22662 	AuMe	AuTh
HG_22831 	AuMe	AuPu	AuTh
HG_22767 	AuMe	AuPu	AuTh
HG_28014 	AuPu	AuTh
HG_27936 	AuMe	AuPu
HG_27767 	AuMe	AuPu
HG_18894 	AuMe	AuPu	AuTh
HG_22749 	AuMe	AuPu	AuTh
HG_22885 	AuMe	AuPu	AuTh
HG_18822 	AuMe	AuPu	AuTh
HG_22780 	AuMe	AuPu	AuTh
HG_27749 	AuPu	AuTh
HG_27918 	AuMe	AuPu
HG_27813 	AuMe	AuPu
HG_22698 	AuMe	AuPu	AuTh
HG_22931 	AuMe	AuPu	AuTh
HG_28081 	AuPu	AuTh
HG_22762 	AuMe	AuPu	AuTh
HG_16465 	AuMe	AuPu	AuTh
HG_27762 	AuMe	AuPu
HG_27931 	AuMe	AuPu
HG_22913 	AuMe	AuPu	AuTh
HG_22744 	AuMe	AuPu	AuTh
HG_22880 	AuMe	AuPu	AuTh
HG_27913 	AuMe	AuPu
HG_27849 	AuMe	AuTh
HG_27985 	AuPu	AuTh
HG_27880 	AuMe	AuPu
HG_22798 	AuMe	AuPu	AuTh
HG_28045 	AuPu	AuTh
HG_22726 	AuMe	AuPu	AuTh
HG_22693 	AuMe	AuPu	AuTh
HG_22862 	AuMe	AuPu	AuTh
HG_13379 	AuMe	AuPu	AuTh
HG_27798 	AuMe	AuPu
HG_27967 	AuMe	AuPu
HG_28099 	AuPu	ExVi
HG_22949 	AuMe	AuPu	AuTh
HG_22675 	AuMe	AuPu	AuTh
HG_22708 	AuMe	AuPu	AuTh
HG_22844 	AuMe	AuPu	AuTh
HG_28027 	AuPu	AuTh
HG_11665 	AuPu	AuTh
HG_16442 	AuMe	AuPu
HG_27949 	AuMe	AuPu
HG_27844 	AuMe	AuPu
HG_27980 	AuMe	AuPu
HG_22826 	AuMe	AuPu	AuTh
HG_22793 	AuMe	AuPu	AuTh
HG_22962 	AuMe	AuPu	AuTh
HG_18835 	AuMe	AuPu
HG_28040 	AuPu	AuTh
HG_22721 	AuMe	AuPu
HG_16496 	AuMe	AuPu	AuTh
HG_10493 	AuMe	AuPu	AuTh
HG_27898 	AuMe	AuPu
HG_27826 	AuMe	AuTh
HG_27793 	AuMe	AuPu
HG_27962 	AuMe	AuPu
HG_22944 	AuMe	AuPu	AuTh
HG_28094 	AuPu	AuTh
HG_22808 	AuMe	AuPu	AuTh
HG_22775 	AuMe	AuPu	AuTh
HG_18784 	AuMe	AuPu	AuTh
HG_28022 	AuPu	AuTh
HG_22703 	AuMe	AuPu	AuTh
HG_22670 	AuMe	AuPu	AuTh
HG_27808 	AuMe	AuPu
HG_27775 	AuMe	AuPu
HG_27944 	AuMe	AuTh
HG_28109 	AuTh	ExVi
HG_28076 	AuPu	AuTh
HG_22757 	AuMe	AuPu
HG_22926 	AuMe	AuPu	AuTh
HG_22893 	AuMe	AuPu	AuTh
HG_18830 	AuMe	AuPu	AuTh
HG_28004 	AuPu	AuTh
HG_16524 	AuPu	ExVi
HG_27893 	AuMe	AuPu
HG_27926 	AuMe	AuPu
HG_27998 	AuPu	AuTh
HG_27757 	AuMe	AuPu
HG_28058 	AuPu	AuTh
HG_22739 	AuMe	AuPu	AuTh
HG_27821 	AuMe	AuPu
HG_22908 	AuMe	AuPu	AuTh
HG_22803 	AuMe	AuPu	AuTh
HG_22770 	AuMe	AuPu	AuTh
HG_22875 	AuMe	AuPu	AuTh
HG_16401 	AuMe	AuPu	AuTh
HG_27875 	AuMe	AuPu
HG_27908 	AuMe	AuPu
HG_22688 	AuMe	AuPu	AuTh
HG_22921 	AuMe	AuPu	AuTh
HG_22993 	AuPu	AuTh
HG_28104 	AuPu	AuTh
HG_22752 	AuMe	AuPu	AuTh
HG_27921 	AuMe	AuPu
HG_27993 	AuPu	AuTh
HG_22734 	AuMe	AuPu	AuTh
HG_22903 	AuMe	AuPu	AuTh
HG_22839 	AuMe	AuPu	AuTh
HG_16437 	AuMe	AuPu	AuTh
HG_22870 	AuMe	AuPu	AuTh
HG_14605 	AuMe	AuPu	AuTh
HG_27839 	AuMe	AuPu
HG_27903 	AuMe	AuPu
HG_27870 	AuMe	AuPu
HG_27975 	AuMe	AuPu
HG_22957 	AuMe	AuPu	AuTh
HG_9705 	AuMe	AuPu	AuTh
HG_28035 	AuPu	AuTh
HG_18966 	AuPu	AuTh
HG_22716 	AuMe	AuPu	AuTh
HG_22788 	AuMe	AuPu	AuTh
HG_22683 	AuMe	AuPu	AuTh
HG_22852 	AuMe	AuPu	AuTh
HG_16386 	AuMe	AuPu	AuTh
HG_27852 	AuMe	AuPu
HG_27788 	AuMe	AuPu
HG_27957 	AuMe	AuPu
HG_22939 	AuMe	AuPu	AuTh
HG_28017 	AuPu	AuTh
HG_28089 	AuPu	AuTh
HG_22834 	AuMe	AuPu	AuTh
HG_22665 	AuMe	AuPu
HG_14600 	AuMe	AuPu	AuTh
HG_13382 	AuMe	AuPu	AuTh
HG_27939 	AuMe	AuPu
HG_27834 	AuMe	AuPu
HG_22888 	AuMe	AuPu	AuTh
HG_27970 	AuMe	AuPu
HG_22711 	AuMe	AuPu	AuTh
HG_22783 	AuMe	AuPu	AuTh
HG_22816 	AuMe	AuPu	AuTh
HG_22952 	AuMe	AuPu	AuTh
HG_27816 	AuMe	AuPu
HG_27888 	AuMe	AuPu
HG_27783 	AuMe	AuPu
HG_27952 	AuMe	AuPu
HG_18879 	AuMe	AuPu	AuTh
HG_22934 	AuMe	AuPu	AuTh
HG_28012 	AuPu	AuTh
HG_22765 	AuMe	AuPu	AuTh
HG_22660 	AuMe	AuPu	AuTh
HG_16468 	AuMe	AuPu
HG_27765 	AuMe	AuPu
HG_27934 	AuMe	AuPu
HG_22578 	AuMe	AuPu	ExVi
HG_22747 	AuMe	AuPu	AuTh
HG_22916 	AuMe	AuPu	AuTh
HG_28066 	AuPu	AuTh
HG_22811 	AuMe	AuTh
HG_27883 	AuMe	AuPu
HG_27916 	AuMe	AuPu
HG_27811 	AuMe	AuPu
HG_18907 	AuMe	AuPu	AuTh
HG_28048 	AuPu	AuTh
HG_22729 	AuMe	AuPu
HG_22865 	AuMe	AuPu	AuTh
HG_22760 	AuMe	AuPu	AuTh
HG_18802 	AuMe	AuPu	AuTh	ExVi
HG_27865 	AuMe	AuPu
HG_27760 	AuMe	AuPu
HG_22847 	AuMe	AuPu	AuTh
HG_18920 	AuMe	AuPu	AuTh
HG_22742 	AuMe	AuPu	AuTh
HG_22678 	AuMe	AuPu	AuTh
HG_27911 	AuMe	AuPu
HG_27847 	AuMe	AuPu
HG_27983 	AuPu	AuTh
HG_22829 	AuMe	AuPu	AuTh
HG_22965 	AuPu	AuTh
HG_22724 	AuMe	AuPu	AuTh
HG_22860 	AuMe	AuPu	AuTh
HG_22796 	AuMe	AuPu	AuTh
HG_28043 	AuPu	AuTh
HG_16427 	AuMe	AuPu
HG_16394 	AuMe	AuPu
HG_27829 	AuMe	AuPu
HG_27965 	AuMe	AuPu
HG_22947 	AuMe	AuPu	AuTh
HG_27796 	AuMe	AuPu
HG_18851 	AuMe	AuPu	AuTh
HG_28097 	AuPu	AuTh
HG_22842 	AuMe	AuPu	AuTh
HG_22778 	AuMe	AuPu	AuTh
HG_22673 	AuMe	AuPu	AuTh
HG_16409 	AuMe	AuPu	AuTh
HG_27842 	AuMe	AuPu
HG_22929 	AuMe	AuPu	AuTh
HG_22824 	AuMe	AuPu
HG_22960 	AuMe	AuPu	AuTh
HG_22896 	AuMe	AuPu
HG_18938 	AuPu	AuTh
HG_22791 	AuMe	AuPu	AuTh
HG_27929 	AuMe	AuTh
HG_27896 	AuMe	AuTh
HG_27824 	AuMe	AuPu
HG_22806 	AuMe	AuPu	AuTh
HG_22942 	AuMe	AuPu	AuTh
HG_27791 	AuMe	AuTh
HG_22878 	AuMe	AuPu
HG_28092 	AuPu	AuTh
HG_22701 	AuMe	AuPu	AuTh
HG_22773 	AuMe	AuPu	AuTh
HG_18782 	AuMe	AuPu	AuTh
HG_18951 	AuPu	AuTh
HG_13354 	AuMe	AuPu	AuTh
HG_27806 	AuMe	AuPu
HG_27942 	AuMe	AuPu
HG_27878 	AuMe	AuPu
HG_27773 	AuMe	AuPu
HG_18933 	AuPu	AuTh
HG_28074 	AuPu	AuTh
HG_22755 	AuMe	AuPu
HG_22891 	AuMe	AuPu	AuTh
HG_16458 	AuMe	AuPu	AuTh
HG_27924 	AuMe	AuPu
HG_27996 	AuPu	AuTh
HG_22906 	AuMe	AuPu	AuTh
HG_27891 	AuMe	AuPu
HG_22978 	AuPu	AuTh
HG_22801 	AuMe	AuPu	AuTh
HG_22737 	AuMe	AuPu	AuTh
HG_22873 	AuMe	AuPu	AuTh
HG_28056 	AuPu	AuTh
HG_14575 	AuMe	AuPu	AuTh
HG_27906 	AuMe	AuPu
HG_27801 	AuMe	AuPu
HG_27873 	AuMe	AuPu
HG_18864 	AuMe	AuPu
HG_28102 	AuPu	AuTh
HG_28038 	AuPu	AuTh
HG_22686 	AuMe	AuPu	AuTh
HG_22719 	AuMe	AuPu	AuTh
HG_22855 	AuMe	AuPu
HG_22991 	AuPu	AuTh
HG_22750 	AuMe	AuPu	AuTh
HG_10965 	AuMe	AuPu	AuTh
HG_14621 	AuMe	AuPu	AuTh
HG_27855 	AuMe	AuPu
HG_27991 	AuPu	AuTh
HG_18846 	AuMe	AuTh
HG_22668 	AuMe	AuPu	AuTh
HG_22901 	AuMe	AuPu
HG_28051 	AuPu	AuTh
HG_22732 	AuMe	AuPu	AuTh
HG_13385 	AuMe	AuPu	AuTh
HG_27901 	AuMe	AuPu
HG_27837 	AuMe	AuPu
HG_27973 	AuMe	AuPu
HG_22819 	AuMe	AuPu	AuTh
HG_22955 	AuMe	AuPu	AuTh
HG_22714 	AuMe	AuPu	AuTh
HG_22850 	AuMe	AuPu	AuTh
HG_22786 	AuMe	AuPu	AuTh
HG_18795 	AuMe	AuPu	AuTh
HG_27819 	AuMe	AuPu
HG_27786 	AuMe	AuPu
HG_27955 	AuMe	AuPu
HG_28087 	AuPu	AuTh
HG_22768 	AuMe	AuPu	AuTh
HG_27850 	AuMe	AuPu
HG_22937 	AuMe	AuPu	AuTh
HG_28015 	AuPu	AuTh
HG_22663 	AuMe	AuPu
HG_22832 	AuMe	AuPu	AuTh
HG_27937 	AuMe	AuPu
HG_27832 	AuMe	AuPu
HG_22919 	AuMe	AuPu	AuTh
HG_22781 	AuMe	AuPu
HG_22950 	AuMe	AuPu	AuTh
HG_22886 	AuMe	AuPu	AuTh
HG_18823 	AuMe	AuPu
HG_18895 	AuMe	AuPu	AuTh
HG_18790 	AuMe	AuPu	AuTh
