HG_8065	
This group of homology does not contain any annotated genome
HG_7649	
This group of homology does not contain any annotated genome
HG_13772	
This group of homology does not contain any annotated genome
HG_17195	
This group of homology does not contain any annotated genome
HG_10176	
This group of homology does not contain any annotated genome
HG_16909	
This group of homology does not contain any annotated genome
HG_14739	
This group of homology does not contain any annotated genome
HG_14803	
This group of homology does not contain any annotated genome
HG_10906	
This group of homology does not contain any annotated genome
HG_7376	
This group of homology does not contain any annotated genome
HG_24987	
This group of homology does not contain any annotated genome
HG_35651	
This group of homology does not contain any annotated genome
HG_8889	
This group of homology does not contain any annotated genome
HG_4975	
DaQue_KZT74710.1	
MaJap_WFD40449.1	
HG_5045	
This group of homology does not contain any annotated genome
HG_23046	
This group of homology does not contain any annotated genome
HG_14688	
This group of homology does not contain any annotated genome
HG_5498	
DaQue_KZT64213.1	DaQue_KZT64214.1	DaQue_KZT68325.1	DaQue_KZT71939.1	DaQue_KZT71943.1	DaQue_KZT73288.1	DaQue_KZT74093.1	
HG_34448	
This group of homology does not contain any annotated genome
HG_26865	
This group of homology does not contain any annotated genome
HG_8792	
This group of homology does not contain any annotated genome
HG_9506	
This group of homology does not contain any annotated genome
HG_11958	
This group of homology does not contain any annotated genome
HG_13275	
This group of homology does not contain any annotated genome
HG_5957	
This group of homology does not contain any annotated genome
HG_31854	
This group of homology does not contain any annotated genome
HG_29864	
This group of homology does not contain any annotated genome
HG_4856	
DaQue_KZT63550.1	
HG_18685	
This group of homology does not contain any annotated genome
HG_15258	
This group of homology does not contain any annotated genome
HG_10440	
This group of homology does not contain any annotated genome
HG_10545	
This group of homology does not contain any annotated genome
HG_11561	
This group of homology does not contain any annotated genome
HG_8890	
This group of homology does not contain any annotated genome
HG_17787	
This group of homology does not contain any annotated genome
HG_13544	
This group of homology does not contain any annotated genome
HG_15271	
This group of homology does not contain any annotated genome
HG_35715	
This group of homology does not contain any annotated genome
HG_26842	
This group of homology does not contain any annotated genome
HG_31649	
This group of homology does not contain any annotated genome
HG_5241	
This group of homology does not contain any annotated genome
HG_11935	
This group of homology does not contain any annotated genome
HG_6883	
This group of homology does not contain any annotated genome
HG_9526	
This group of homology does not contain any annotated genome
HG_8425	
This group of homology does not contain any annotated genome
HG_14491	
This group of homology does not contain any annotated genome
HG_7277	
This group of homology does not contain any annotated genome
HG_7324	
This group of homology does not contain any annotated genome
HG_6440	
This group of homology does not contain any annotated genome
HG_35710	
This group of homology does not contain any annotated genome
HG_9165	
This group of homology does not contain any annotated genome
HG_22635	
This group of homology does not contain any annotated genome
HG_5075	
DaQue_KZT65702.1	
HG_18780	
This group of homology does not contain any annotated genome
HG_16579	
This group of homology does not contain any annotated genome
HG_11046	
This group of homology does not contain any annotated genome
HG_11697	
This group of homology does not contain any annotated genome
HG_11215	
This group of homology does not contain any annotated genome
HG_9753	
This group of homology does not contain any annotated genome
HG_31521	
This group of homology does not contain any annotated genome
HG_26586	
This group of homology does not contain any annotated genome
HG_11912	
This group of homology does not contain any annotated genome
HG_13165	
This group of homology does not contain any annotated genome
HG_11574	
This group of homology does not contain any annotated genome
HG_13060	
This group of homology does not contain any annotated genome
HG_6491	
This group of homology does not contain any annotated genome
HG_27753	
This group of homology does not contain any annotated genome
HG_8888	
This group of homology does not contain any annotated genome
HG_18439	
This group of homology does not contain any annotated genome
HG_7875	
DaQue_KZT71166.1	
HG_10845	
This group of homology does not contain any annotated genome
HG_7658	
This group of homology does not contain any annotated genome
HG_8162	
This group of homology does not contain any annotated genome
HG_19045	
This group of homology does not contain any annotated genome
HG_9763	
This group of homology does not contain any annotated genome
HG_22138	
This group of homology does not contain any annotated genome
HG_14860	
This group of homology does not contain any annotated genome
HG_13434	
This group of homology does not contain any annotated genome
HG_14040	
This group of homology does not contain any annotated genome
HG_31708	
This group of homology does not contain any annotated genome
HG_18096	
This group of homology does not contain any annotated genome
HG_35690	
This group of homology does not contain any annotated genome
HG_22133	
This group of homology does not contain any annotated genome
HG_17198	
This group of homology does not contain any annotated genome
HG_19022	
This group of homology does not contain any annotated genome
HG_11059	
This group of homology does not contain any annotated genome
HG_18670	
DaQue_KZT66319.1	
HG_26886	
This group of homology does not contain any annotated genome
HG_17877	
This group of homology does not contain any annotated genome
HG_838	
DaQue_KZT63052.1	DaQue_KZT63609.1	DaQue_KZT64287.1	DaQue_KZT64992.1	DaQue_KZT67470.1	DaQue_KZT67473.1	DaQue_KZT68718.1	DaQue_KZT72870.1	DaQue_KZT73364.1	
HG_17805	
This group of homology does not contain any annotated genome
HG_24234	
This group of homology does not contain any annotated genome
HG_17226	
This group of homology does not contain any annotated genome
HG_3274	
DaQue_KZT66963.1	DaQue_KZT67197.1	
MaJap_WFD37369.1	
HG_11223	
This group of homology does not contain any annotated genome
HG_9978	
This group of homology does not contain any annotated genome
HG_6892	
DaQue_KZT65657.1	
HG_10156	
This group of homology does not contain any annotated genome
HG_14463	
DaQue_KZT66241.1	
HG_35585	
This group of homology does not contain any annotated genome
HG_26881	
This group of homology does not contain any annotated genome
HG_25591	
This group of homology does not contain any annotated genome
HG_16582	
This group of homology does not contain any annotated genome
HG_14035	
This group of homology does not contain any annotated genome
HG_10548	
This group of homology does not contain any annotated genome
HG_13429	
This group of homology does not contain any annotated genome
HG_4344	
DaQue_KZT63439.1	DaQue_KZT67688.1	DaQue_KZT67761.1	DaQue_KZT74061.1	
HG_19053	
This group of homology does not contain any annotated genome
HG_11323	
This group of homology does not contain any annotated genome
HG_5769	
DaQue_KZT67296.1	
HG_35631	
This group of homology does not contain any annotated genome
HG_24967	
This group of homology does not contain any annotated genome
HG_21981	
This group of homology does not contain any annotated genome
HG_23677	
This group of homology does not contain any annotated genome
HG_13716	
This group of homology does not contain any annotated genome
HG_31716	
This group of homology does not contain any annotated genome
HG_26845	
This group of homology does not contain any annotated genome
HG_28267	
This group of homology does not contain any annotated genome
HG_15666	
This group of homology does not contain any annotated genome
HG_8444	
This group of homology does not contain any annotated genome
HG_33561	
This group of homology does not contain any annotated genome
HG_35667	
This group of homology does not contain any annotated genome
HG_27602	
This group of homology does not contain any annotated genome
HG_20929	
This group of homology does not contain any annotated genome
HG_8815	
This group of homology does not contain any annotated genome
HG_18424	
This group of homology does not contain any annotated genome
HG_15648	
MaJap_WFD41099.1	MaJap_WFD41100.1	
HG_17785	
This group of homology does not contain any annotated genome
HG_19030	
DaQue_KZT65066.1	
HG_35713	
This group of homology does not contain any annotated genome
HG_11067	
This group of homology does not contain any annotated genome
HG_25519	
This group of homology does not contain any annotated genome
HG_22123	
This group of homology does not contain any annotated genome
HG_10625	
This group of homology does not contain any annotated genome
HG_14048	
This group of homology does not contain any annotated genome
HG_9870	
DaQue_KZT68010.1	
MaJap_WFD37420.1	
HG_17867	
This group of homology does not contain any annotated genome
HG_20737	
This group of homology does not contain any annotated genome
HG_14471	
This group of homology does not contain any annotated genome
HG_13696	
This group of homology does not contain any annotated genome
HG_23070	
This group of homology does not contain any annotated genome
HG_7363	
MaJap_WFD39693.1	
HG_5934	
This group of homology does not contain any annotated genome
HG_26858	
This group of homology does not contain any annotated genome
HG_27738	
This group of homology does not contain any annotated genome
HG_33351	
This group of homology does not contain any annotated genome
HG_4616	
This group of homology does not contain any annotated genome
HG_22100	
This group of homology does not contain any annotated genome
HG_8150	
This group of homology does not contain any annotated genome
HG_11910	
This group of homology does not contain any annotated genome
HG_6762	
DaQue_KZT67737.1	
HG_24975	
This group of homology does not contain any annotated genome
HG_18437	
This group of homology does not contain any annotated genome
HG_35726	
This group of homology does not contain any annotated genome
HG_26853	
This group of homology does not contain any annotated genome
HG_29870	
This group of homology does not contain any annotated genome
HG_35621	
This group of homology does not contain any annotated genome
HG_5171	
This group of homology does not contain any annotated genome
HG_20786	
DaQue_KZT65515.1	
HG_21561	
This group of homology does not contain any annotated genome
HG_19025	
This group of homology does not contain any annotated genome
HG_12552	
This group of homology does not contain any annotated genome
HG_10551	
This group of homology does not contain any annotated genome
HG_20271	
This group of homology does not contain any annotated genome
HG_13432	
This group of homology does not contain any annotated genome
HG_6643	
DaQue_KZT66971.1	
HG_15825	
This group of homology does not contain any annotated genome
HG_22118	
This group of homology does not contain any annotated genome
HG_24391	
This group of homology does not contain any annotated genome
HG_26889	
This group of homology does not contain any annotated genome
HG_5181	
DaQue_KZT72905.1	
MaJap_WFD41360.1	
HG_17229	
This group of homology does not contain any annotated genome
HG_12347	
This group of homology does not contain any annotated genome
HG_14484	
This group of homology does not contain any annotated genome
HG_20235	
This group of homology does not contain any annotated genome
HG_10892	
This group of homology does not contain any annotated genome
HG_35639	
This group of homology does not contain any annotated genome
HG_6612	
This group of homology does not contain any annotated genome
HG_35670	
This group of homology does not contain any annotated genome
HG_4492	
MaJap_WFD40109.1	
HG_17483	
This group of homology does not contain any annotated genome
HG_22113	
This group of homology does not contain any annotated genome
HG_5788	
This group of homology does not contain any annotated genome
HG_5835	
This group of homology does not contain any annotated genome
HG_18996	
This group of homology does not contain any annotated genome
HG_4910	
DaQue_KZT72110.1	
HG_11567	
This group of homology does not contain any annotated genome
HG_14512	
This group of homology does not contain any annotated genome
HG_7676	
This group of homology does not contain any annotated genome
HG_34449	
This group of homology does not contain any annotated genome
HG_10205	
This group of homology does not contain any annotated genome
HG_35634	
This group of homology does not contain any annotated genome
HG_9435	
This group of homology does not contain any annotated genome
HG_8158	
DaQue_KZT65987.1	
HG_17511	
This group of homology does not contain any annotated genome
HG_7918	
This group of homology does not contain any annotated genome
HG_10902	
This group of homology does not contain any annotated genome
HG_35616	
This group of homology does not contain any annotated genome
HG_14548	
This group of homology does not contain any annotated genome
HG_28211	
This group of homology does not contain any annotated genome
HG_16667	
This group of homology does not contain any annotated genome
HG_18427	
This group of homology does not contain any annotated genome
HG_35683	
This group of homology does not contain any annotated genome
HG_35716	
This group of homology does not contain any annotated genome
HG_31681	
This group of homology does not contain any annotated genome
HG_26843	
This group of homology does not contain any annotated genome
HG_20945	
This group of homology does not contain any annotated genome
HG_5170	
DaQue_KZT64423.1	DaQue_KZT64425.1	DaQue_KZT68330.1	DaQue_KZT70420.1	
HG_9172	
This group of homology does not contain any annotated genome
HG_3389	
DaQue_KZT69014.1	DaQue_KZT74042.1	
MaJap_WFD40285.1	
HG_13422	
This group of homology does not contain any annotated genome
HG_10646	
This group of homology does not contain any annotated genome
HG_10782	
This group of homology does not contain any annotated genome
HG_35665	
This group of homology does not contain any annotated genome
HG_8354	
This group of homology does not contain any annotated genome
HG_4223	
DaQue_KZT67301.1	
MaJap_WFD40217.1	
HG_12219	
This group of homology does not contain any annotated genome
HG_22003	
This group of homology does not contain any annotated genome
HG_7470	
DaQue_KZT69488.1	
HG_14492	
This group of homology does not contain any annotated genome
HG_14661	
This group of homology does not contain any annotated genome
HG_6281	
This group of homology does not contain any annotated genome
HG_35711	
This group of homology does not contain any annotated genome
HG_24942	
This group of homology does not contain any annotated genome
HG_5648	
DaQue_KZT74836.1	
HG_12506	
This group of homology does not contain any annotated genome
HG_6306	
DaQue_KZT74140.1	
HG_5334	
DaQue_KZT65400.1	DaQue_KZT66467.1	DaQue_KZT66955.1	DaQue_KZT67962.1	DaQue_KZT67977.1	
HG_8581	
This group of homology does not contain any annotated genome
HG_8364	
This group of homology does not contain any annotated genome
HG_7392	
DaQue_KZT63491.1	
HG_17232	
This group of homology does not contain any annotated genome
HG_11913	
This group of homology does not contain any annotated genome
HG_16111	
This group of homology does not contain any annotated genome
HG_4991	
DaQue_KZT73228.1	
HG_28191	
This group of homology does not contain any annotated genome
HG_12911	
DaQue_KZT73129.1	
HG_13558	
This group of homology does not contain any annotated genome
HG_26856	
This group of homology does not contain any annotated genome
HG_9346	
This group of homology does not contain any annotated genome
HG_28173	
This group of homology does not contain any annotated genome
HG_7320	
DaQue_KZT74086.1	
HG_35606	
This group of homology does not contain any annotated genome
HG_31676	
This group of homology does not contain any annotated genome
HG_26838	
This group of homology does not contain any annotated genome
HG_9758	
This group of homology does not contain any annotated genome
HG_29855	
This group of homology does not contain any annotated genome
HG_24973	
This group of homology does not contain any annotated genome
HG_8657	
This group of homology does not contain any annotated genome
HG_11552	
This group of homology does not contain any annotated genome
HG_15280	
This group of homology does not contain any annotated genome
HG_4309	
DaQue_KZT65627.1	DaQue_KZT74132.1	
MaJap_WFD37664.1	
HG_27562	
This group of homology does not contain any annotated genome
HG_5049	
This group of homology does not contain any annotated genome
HG_22134	
This group of homology does not contain any annotated genome
HG_11703	
DaQue_KZT68090.1	
HG_35601	
This group of homology does not contain any annotated genome
HG_35706	
This group of homology does not contain any annotated genome
HG_35094	
This group of homology does not contain any annotated genome
HG_27680	
This group of homology does not contain any annotated genome
HG_20935	
This group of homology does not contain any annotated genome
HG_21541	
This group of homology does not contain any annotated genome
HG_20579	
This group of homology does not contain any annotated genome
HG_25010	
This group of homology does not contain any annotated genome
HG_7211	
DaQue_KZT68409.1	
HG_22111	
This group of homology does not contain any annotated genome
HG_12327	
This group of homology does not contain any annotated genome
HG_26882	
This group of homology does not contain any annotated genome
HG_27626	
This group of homology does not contain any annotated genome
HG_6387	
DaQue_KZT63783.1	
HG_6610	
This group of homology does not contain any annotated genome
HG_35650	
This group of homology does not contain any annotated genome
HG_9511	
DaQue_KZT73368.1	
HG_795	
This group of homology does not contain any annotated genome
HG_17222	
This group of homology does not contain any annotated genome
HG_16583	
This group of homology does not contain any annotated genome
HG_13325	
This group of homology does not contain any annotated genome
HG_7221	
This group of homology does not contain any annotated genome
HG_28181	
This group of homology does not contain any annotated genome
HG_17204	
This group of homology does not contain any annotated genome
HG_7545	
DaQue_KZT64984.1	
HG_35719	
This group of homology does not contain any annotated genome
HG_14682	
This group of homology does not contain any annotated genome
HG_19018	
This group of homology does not contain any annotated genome
HG_35668	
This group of homology does not contain any annotated genome
HG_11391	
This group of homology does not contain any annotated genome
HG_9845	
This group of homology does not contain any annotated genome
HG_8961	
This group of homology does not contain any annotated genome
HG_12768	
This group of homology does not contain any annotated genome
HG_12494	
This group of homology does not contain any annotated genome
HG_14664	
This group of homology does not contain any annotated genome
HG_12663	
This group of homology does not contain any annotated genome
HG_16086	
This group of homology does not contain any annotated genome
HG_6278	
This group of homology does not contain any annotated genome
HG_35681	
This group of homology does not contain any annotated genome
HG_26841	
This group of homology does not contain any annotated genome
HG_26431	
This group of homology does not contain any annotated genome
HG_13830	
This group of homology does not contain any annotated genome
HG_2993	
DaQue_KZT64087.1	DaQue_KZT64703.1	DaQue_KZT64704.1	
HG_10234	
This group of homology does not contain any annotated genome
HG_20925	
This group of homology does not contain any annotated genome
HG_18766	
This group of homology does not contain any annotated genome
HG_21636	
This group of homology does not contain any annotated genome
HG_35645	
This group of homology does not contain any annotated genome
HG_8481	
This group of homology does not contain any annotated genome
HG_7977	
DaQue_KZT70249.1	DaQue_KZT73005.1	DaQue_KZT73024.1	
HG_14915	
This group of homology does not contain any annotated genome
HG_16337	
This group of homology does not contain any annotated genome
HG_11696	
This group of homology does not contain any annotated genome
HG_12640	
This group of homology does not contain any annotated genome
HG_35699	
This group of homology does not contain any annotated genome
HG_24994	
This group of homology does not contain any annotated genome
HG_10042	
This group of homology does not contain any annotated genome
HG_10211	
This group of homology does not contain any annotated genome
HG_11573	
This group of homology does not contain any annotated genome
HG_35640	
This group of homology does not contain any annotated genome
HG_8959	
This group of homology does not contain any annotated genome
HG_8098	
This group of homology does not contain any annotated genome
HG_8233	
This group of homology does not contain any annotated genome
HG_15452	
DaQue_KZT65069.1	DaQue_KZT65075.1	DaQue_KZT67862.1	
HG_11040	
This group of homology does not contain any annotated genome
HG_35694	
This group of homology does not contain any annotated genome
HG_31725	
This group of homology does not contain any annotated genome
HG_31620	
This group of homology does not contain any annotated genome
HG_23089	
This group of homology does not contain any annotated genome
HG_17740	
This group of homology does not contain any annotated genome
HG_28171	
This group of homology does not contain any annotated genome
HG_14690	
This group of homology does not contain any annotated genome
HG_22137	
This group of homology does not contain any annotated genome
HG_31707	
This group of homology does not contain any annotated genome
HG_35604	
This group of homology does not contain any annotated genome
HG_7271	
This group of homology does not contain any annotated genome
HG_11245	
This group of homology does not contain any annotated genome
HG_27560	
This group of homology does not contain any annotated genome
HG_17776	
This group of homology does not contain any annotated genome
HG_16109	
This group of homology does not contain any annotated genome
HG_11701	
This group of homology does not contain any annotated genome
HG_11227	
This group of homology does not contain any annotated genome
HG_6277	
DaQue_KZT70203.1	
HG_29069	
This group of homology does not contain any annotated genome
HG_17758	
This group of homology does not contain any annotated genome
HG_20218	
This group of homology does not contain any annotated genome
HG_17484	
This group of homology does not contain any annotated genome
HG_19075	
This group of homology does not contain any annotated genome
HG_19003	
This group of homology does not contain any annotated genome
HG_12940	
This group of homology does not contain any annotated genome
HG_7925	
DaQue_KZT63163.1	DaQue_KZT71104.1	
HG_11240	
This group of homology does not contain any annotated genome
HG_9895	
This group of homology does not contain any annotated genome
HG_31587	
This group of homology does not contain any annotated genome
HG_32941	
This group of homology does not contain any annotated genome
HG_35635	
This group of homology does not contain any annotated genome
HG_11053	
This group of homology does not contain any annotated genome
HG_27747	
This group of homology does not contain any annotated genome
HG_23914	
This group of homology does not contain any annotated genome
HG_9235	
This group of homology does not contain any annotated genome
HG_24215	
This group of homology does not contain any annotated genome
HG_19070	
This group of homology does not contain any annotated genome
HG_15752	
This group of homology does not contain any annotated genome
HG_17207	
This group of homology does not contain any annotated genome
HG_15278	
This group of homology does not contain any annotated genome
HG_35689	
This group of homology does not contain any annotated genome
HG_26880	
This group of homology does not contain any annotated genome
HG_34204	
This group of homology does not contain any annotated genome
HG_18733	
This group of homology does not contain any annotated genome
HG_16668	
This group of homology does not contain any annotated genome
HG_15683	
This group of homology does not contain any annotated genome
HG_12320	
This group of homology does not contain any annotated genome
HG_5784	
This group of homology does not contain any annotated genome
HG_6803	
This group of homology does not contain any annotated genome
HG_6668	
This group of homology does not contain any annotated genome
HG_31610	
This group of homology does not contain any annotated genome
HG_26844	
This group of homology does not contain any annotated genome
HG_4595	
This group of homology does not contain any annotated genome
HG_20262	
This group of homology does not contain any annotated genome
HG_18441	
This group of homology does not contain any annotated genome
HG_25008	
This group of homology does not contain any annotated genome
HG_7326	
This group of homology does not contain any annotated genome
HG_28248	
This group of homology does not contain any annotated genome
HG_5341	
DaQue_KZT74945.1	
HG_16768	
This group of homology does not contain any annotated genome
HG_4749	
DaQue_KZT72202.1	
HG_13951	
DaQue_KZT68361.1	
HG_12766	
This group of homology does not contain any annotated genome
HG_28261	
This group of homology does not contain any annotated genome
HG_22637	
This group of homology does not contain any annotated genome
HG_24228	
This group of homology does not contain any annotated genome
HG_22122	
This group of homology does not contain any annotated genome
HG_23074	
This group of homology does not contain any annotated genome
HG_6276	
This group of homology does not contain any annotated genome
HG_6323	
This group of homology does not contain any annotated genome
HG_9312	
This group of homology does not contain any annotated genome
HG_12761	
This group of homology does not contain any annotated genome
HG_23192	
This group of homology does not contain any annotated genome
HG_19065	
This group of homology does not contain any annotated genome
HG_13746	
This group of homology does not contain any annotated genome
HG_26875	
This group of homology does not contain any annotated genome
HG_12333	
This group of homology does not contain any annotated genome
HG_12502	
This group of homology does not contain any annotated genome
HG_12743	
This group of homology does not contain any annotated genome
HG_6286	
DaQue_KZT70316.1	
HG_20959	
This group of homology does not contain any annotated genome
HG_19060	
This group of homology does not contain any annotated genome
HG_11676	
This group of homology does not contain any annotated genome
HG_35679	
This group of homology does not contain any annotated genome
HG_25854	
This group of homology does not contain any annotated genome
HG_26839	
This group of homology does not contain any annotated genome
HG_18436	
This group of homology does not contain any annotated genome
HG_17797	
This group of homology does not contain any annotated genome
HG_15281	
This group of homology does not contain any annotated genome
HG_11248	
This group of homology does not contain any annotated genome
HG_23202	
This group of homology does not contain any annotated genome
HG_11417	
This group of homology does not contain any annotated genome
HG_6302	
DaQue_KZT64501.1	DaQue_KZT70791.1	
HG_22135	
This group of homology does not contain any annotated genome
HG_13777	
This group of homology does not contain any annotated genome
HG_12487	
This group of homology does not contain any annotated genome
HG_35674	
This group of homology does not contain any annotated genome
HG_10004	
This group of homology does not contain any annotated genome
HG_27681	
This group of homology does not contain any annotated genome
HG_18777	
This group of homology does not contain any annotated genome
HG_19006	
This group of homology does not contain any annotated genome
HG_19078	
This group of homology does not contain any annotated genome
HG_18431	
This group of homology does not contain any annotated genome
HG_14124	
This group of homology does not contain any annotated genome
HG_7149	
This group of homology does not contain any annotated genome
HG_35720	
This group of homology does not contain any annotated genome
HG_16589	
This group of homology does not contain any annotated genome
