HG_12410	AuMel_03489 AuMel_07792 AuMel_08949 AuPul_01197 AuPul_01198 AuPul_08912 AuPul_10463 AuTha_08228
HG_22699	AuMel_07838 AuPul_06663 AuTha_01169
HG_22932	AuMel_06608 AuPul_03120 AuTha_05757
HG_22868	AuMel_04531 AuPul_02697 AuTha_06726
HG_22763	AuMel_01315 AuPul_03732 AuTha_08840
HG_22914	AuMel_05965 AuPul_07475 AuTha_04703
HG_22881	AuMel_05046 AuPul_10111 AuTha_09174
HG_22727	AuMel_08351 AuPul_06026 AuTha_01839
HG_22799	AuMel_02213 AuPul_04751 AuTha_01403
HG_22694	AuMel_01258 AuPul_08479 AuTha_03313
HG_22863	AuMel_04343 AuPul_02663 AuTha_06173
HG_22709	AuMel_07933 AuPul_06556 AuTha_09730
HG_22676	AuMel_00589 AuPul_00776 AuTha_02292
HG_22845	AuMel_03576 AuPul_01413 AuTha_03743
HG_18854	AuMel_02432 AuPul_05773 AuPul_05948 AuTha_00611
HG_22740	AuMel_08670 AuPul_02024 AuTha_08096
HG_22794	AuMel_02127 AuPul_04485 AuTha_01594
HG_22827	AuMel_02990 AuPul_05191 AuTha_00810
HG_8368	AuMel_00162 AuMel_00592 AuMel_00749 AuMel_02453 AuMel_03158 AuMel_06239 AuMel_06296 AuMel_06331 AuMel_07654 AuPul_00770 AuPul_07507 AuPul_07510 AuPul_08734 AuPul_09428 AuTha_01809 AuTha_02307 AuTha_02600 AuTha_04411
HG_12423	AuMel_01703 AuPul_04216 AuPul_04217 AuPul_04218 AuPul_04219 AuPul_04220 AuTha_08426 AuTha_08427
HG_22945	AuMel_07017 AuPul_03378 AuTha_05276
HG_18818	AuMel_08153 AuPul_06227 AuTha_02111 AuTha_02112
HG_22776	AuMel_01673 AuPul_04420 AuTha_01554
HG_22671	AuMel_00513 AuPul_00869 AuTha_03144
HG_16407	AuMel_05119 AuMel_07893 AuPul_05901 AuPul_10391 AuTha_08271
HG_22840	AuMel_03420 AuPul_01526 AuTha_03823
HG_13357	AuMel_08260 AuMel_08261 AuMel_08318 AuPul_06302 AuPul_06303 AuTha_02056 AuTha_02057
HG_22758	AuMel_09276 AuPul_05919 AuTha_09955
HG_22894	AuMel_05407 AuPul_07803 AuTha_06687
HG_22927	AuMel_06391 AuPul_03004 AuTha_05696
HG_16492	AuMel_06655 AuPul_03021 AuPul_03198 AuTha_05734 AuTha_05752
HG_22909	AuMel_05845 AuPul_03663 AuTha_08532
HG_22876	AuMel_04751 AuPul_02549 AuTha_00105
HG_18885	AuMel_04890 AuPul_03899 AuPul_09978 AuTha_09007
HG_22804	AuMel_02356 AuPul_05723 ExVis_KAI1627822.1
HG_22771	AuMel_01552 AuPul_04005 AuTha_08567
HG_22940	AuMel_06911 AuPul_03659 AuTha_05321
HG_13352	AuMel_07880 AuPul_06409 AuPul_06410 AuPul_06411 AuPul_06630 AuPul_06631 AuTha_01151
HG_22858	AuMel_04150 AuPul_10754 AuTha_07062
HG_22689	AuMel_01091 AuPul_00282 AuTha_03005
HG_16456	AuMel_03498 AuPul_01544 AuPul_10723 AuTha_01298 AuTha_03894
HG_22735	AuMel_08609 AuPul_02197 AuTha_08069
HG_22871	AuMel_04618 AuPul_02379 AuTha_00012
HG_22904	AuMel_05666 AuPul_06754 AuTha_04823
HG_12436	AuMel_03345 AuMel_07524 AuPul_07920 AuPul_08111 AuTha_03621 AuTha_05233 AuTha_05309 AuTha_09118
HG_22958	AuMel_07445 AuPul_08739 AuTha_06096
HG_22717	AuMel_08171 AuPul_06145 AuTha_09637
HG_22853	AuMel_03789 AuPul_01423 AuTha_07241
HG_22789	AuMel_01904 AuPul_04384 AuTha_01694
HG_18862	AuMel_03168 AuMel_05531 AuPul_04790 AuTha_02338
HG_22835	AuMel_03292 AuPul_01641 AuTha_03811
HG_22817	AuMel_02542 AuPul_05532 AuTha_00844
HG_22712	AuMel_07998 AuPul_06627 AuTha_01134
HG_22784	AuMel_01830 AuPul_04200 AuTha_01637
HG_22953	AuMel_07249 AuPul_08129 AuTha_06482
HG_13365	AuMel_01919 AuMel_01920 AuMel_01921 AuPul_04642 AuPul_04643 AuTha_01443 AuTha_01444
HG_22935	AuMel_06758 AuPul_03042 AuTha_05599
HG_22830	AuMel_03076 AuPul_05027 AuTha_00795
HG_22766	AuMel_01348 AuPul_03777 AuTha_08521
HG_22661	AuMel_00112 AuPul_09488 AuTha_02539
HG_22812	AuMel_02452 AuPul_05629 AuTha_00529
HG_22884	AuMel_05158 AuPul_07993 AuTha_07110
HG_22917	AuMel_06018 AuPul_06966 AuTha_04902
HG_22697	AuMel_07820 AuPul_06458 AuTha_09929
HG_22866	AuMel_04425 AuPul_02900 AuTha_00203
HG_22930	AuMel_06561 AuPul_03323 AuTha_05446
HG_22848	AuMel_03680 AuPul_01440 AuTha_03960
HG_18857	AuMel_02722 AuMel_03506 AuPul_04934 AuTha_03668
HG_22679	AuMel_00744 AuPul_00396 AuTha_01931
HG_22912	AuMel_05923 AuPul_07081 AuTha_02444
HG_22743	AuMel_08769 AuPul_02127 AuTha_07844
HG_14581	AuMel_06298 AuMel_08961 AuPul_07534 AuPul_08900 AuTha_04402 AuTha_06899
HG_22725	AuMel_08337 AuPul_06056 AuTha_02055
HG_22692	AuMel_01216 AuPul_08221 AuTha_03176
HG_7569	AuMel_00249 AuMel_00250 AuMel_02903 AuMel_03003 AuMel_08425 AuMel_08514 AuMel_08515 AuPul_00561 AuPul_00957 AuPul_01780 AuPul_01785 AuPul_01786 AuPul_01788 AuPul_01789 AuPul_01793 AuPul_04101 AuPul_05945 AuPul_05946 AuPul_07683 AuPul_07767 AuTha_03159 AuTha_09964
HG_22948	AuMel_07129 AuPul_00158 AuTha_06405
HG_22674	AuMel_00575 AuPul_00886 AuTha_03119
HG_22707	AuMel_07928 AuPul_06561 AuTha_09725
HG_22779	AuMel_01747 AuPul_04261 AuTha_01614
HG_12408	AuMel_05370 AuMel_07754 AuPul_01594 AuPul_02246 AuPul_02373 AuPul_06669 AuTha_01190 AuTha_02641
HG_22825	AuMel_02834 AuPul_07755 AuTha_00429
HG_22792	AuMel_02074 AuPul_04555 AuTha_01477
HG_22720	AuMel_08271 AuPul_06197 AuTha_01979
HG_16390	AuMel_00782 AuMel_05100 AuPul_00350 AuPul_10275 AuTha_09598
HG_18888	AuMel_04984 AuPul_10153 AuTha_01902 AuTha_08173
HG_22807	AuMel_02417 AuPul_05639 AuTha_00617
HG_22943	AuMel_06999 AuPul_03364 AuTha_05374
HG_22879	AuMel_05003 AuPul_10028 AuTha_09036
HG_22702	AuMel_07866 AuPul_06645 AuTha_01192
HG_11628	AuMel_04163 AuMel_09237 AuMel_09238 AuMel_09239 AuPul_02725 AuPul_04664 AuPul_04700 AuPul_05867 AuTha_00120
HG_16477	AuMel_05406 AuPul_07804 AuPul_07807 AuPul_07967 AuTha_09492
HG_22925	AuMel_06365 AuPul_10548 AuTha_05770
HG_22820	AuMel_02650 AuPul_05249 AuTha_00880
HG_22892	AuMel_05294 AuPul_07848 AuTha_06759
HG_22907	AuMel_05816 AuPul_06909 AuTha_04991
HG_22687	AuMel_01073 AuPul_00302 AuTha_09511
HG_22920	AuMel_06202 AuPul_07388 AuTha_04432
HG_22856	AuMel_04096 AuPul_10765 AuTha_07052
HG_22838	AuMel_03390 AuPul_01677 AuTha_03875
HG_22669	AuMel_00485 AuPul_09484 AuTha_02881
HG_22902	AuMel_05611 AuPul_06788 AuTha_04982
HG_22787	AuMel_01860 AuPul_04284 AuTha_08408
HG_22956	AuMel_07361 AuPul_09119 AuTha_07741
HG_22682	AuMel_00951 AuPul_08154 AuTha_02913
HG_22715	AuMel_08022 AuPul_06403 AuTha_08353
HG_22851	AuMel_03719 AuPul_01332 AuTha_03694
HG_16418	AuMel_08882 AuPul_01909 AuPul_02342 AuTha_05957 AuTha_09253
HG_13368	AuMel_02276 AuPul_01601 AuPul_03221 AuPul_03786 AuPul_06731 AuPul_08522 AuTha_07402
HG_22938	AuMel_06850 AuPul_03247 AuTha_05268
HG_22833	AuMel_03144 AuPul_04823 AuTha_03438
HG_18842	AuMel_01807 AuPul_01838 AuPul_06072 AuTha_09077
HG_13381	AuMel_04339 AuMel_04516 AuPul_02658 AuPul_02678 AuTha_06178 AuTha_06855 AuTha_06866
HG_22782	AuMel_01816 AuPul_04181 AuTha_08743
HG_22815	AuMel_02479 AuPul_05564 AuTha_07307
HG_22951	AuMel_07224 AuPul_00151 AuTha_06345
HG_22869	AuMel_04554 AuPul_02752 AuTha_00376
HG_22933	AuMel_06676 AuPul_03123 AuTha_05691
HG_13345	AuMel_00118 AuMel_00234 AuMel_00236 AuPul_09463 AuPul_09468 AuPul_09469 AuTha_06983
HG_22746	AuMel_09015 AuPul_09102 AuTha_07523
HG_22882	AuMel_05049 AuPul_10114 AuTha_09177
HG_22915	AuMel_06002 AuPul_07197 AuTha_04918
HG_22810	AuMel_02440 AuPul_05767 AuTha_00610
HG_14617	AuMel_06301 AuTha_04029 ExVis_KAI1619919.1 ExVis_KAI1621384.1 ExVis_KAI1621743.1 ExVis_KAI1627944.1
HG_22728	AuMel_08380 AuPul_05990 AuTha_01869
HG_22864	AuMel_04381 AuPul_10579 AuTha_00138
HG_22695	AuMel_01276 AuPul_08373 AuTha_02433
HG_18801	AuMel_01013 AuMel_05409 AuPul_00619 AuTha_02379
HG_16462	AuMel_04266 AuPul_02813 AuPul_03019 AuPul_10242 AuTha_00347
HG_22846	AuMel_03618 AuPul_01438 AuTha_03958
HG_22677	AuMel_00715 AuPul_00634 AuTha_02124
HG_22910	AuMel_05847 AuPul_07124 AuTha_05062
HG_22828	AuMel_03004 AuPul_04956 AuTha_00911
HG_22795	AuMel_02130 AuPul_04473 AuTha_01584
HG_22723	AuMel_08330 AuPul_06310 AuTha_02049
HG_22659	AuMel_00006 AuPul_09252 AuTha_06631
HG_22690	AuMel_01101 AuPul_08330 AuTha_02987
HG_14561	AuMel_01016 AuMel_08393 AuPul_00615 AuPul_01744 AuPul_08454 AuTha_07218
HG_22705	AuMel_07910 AuPul_06597 AuTha_08358
HG_22841	AuMel_03432 AuPul_01560 AuTha_03555
HG_22777	AuMel_01727 AuPul_04237 AuTha_01518
HG_22946	AuMel_07026 AuPul_03609 AuTha_05578
HG_18786	AuMel_00268 AuPul_00975 AuPul_01266 ExVis_KAI1626323.1
HG_22672	AuMel_00520 AuPul_00862 AuTha_02632
HG_22823	AuMel_02724 AuPul_05076 AuTha_00657
HG_22759	AuMel_09289 AuPul_09914 AuTha_00036
HG_22928	AuMel_06456 AuPul_10587 AuTha_05504
HG_22895	AuMel_05500 AuPul_07676 AuTha_07076
HG_13371	AuMel_02353 AuMel_05174 AuMel_05675 AuPul_06846 AuPul_07383 AuPul_07908 AuTha_05044
HG_16421	AuMel_09036 AuPul_00219 AuPul_08393 AuTha_03877 AuTha_06431
HG_16493	AuMel_06667 AuPul_03353 AuTha_05562 ExVis_KAI1622361.1 ExVis_KAI1623294.1
HG_22805	AuMel_02375 AuPul_05583 AuTha_07302
HG_22877	AuMel_04859 AuPul_10085 AuTha_09048
HG_18886	AuMel_04908 AuMel_04909 AuPul_09989 AuTha_09033
HG_22772	AuMel_01555 AuPul_04017 AuTha_08576
HG_22941	AuMel_06912 AuPul_03660 AuTha_05322
HG_22700	AuMel_07848 AuPul_06639 AuTha_01207
HG_16475	AuMel_05307 AuPul_02359 AuPul_10309 AuTha_09100 AuTha_09412
HG_22859	AuMel_04262 AuPul_02816 AuTha_00344
HG_22890	AuMel_05238 AuPul_10120 AuTha_09183
HG_22923	AuMel_06322 AuPul_07568 AuTha_09815
HG_22513	AuMel_03066 AuPul_04994 AuTha_07355
HG_14592	AuMel_02444 AuMel_02449 AuPul_05618 AuPul_05761 AuTha_00530 AuTha_07367
HG_18881	AuMel_04659 AuPul_02399 AuPul_05184 AuTha_00190
HG_18914	AuMel_06861 AuPul_03231 AuPul_04070 AuTha_05261
HG_22800	AuMel_02220 AuPul_04748 AuTha_01407
HG_22736	AuMel_08615 AuPul_02202 AuTha_09261
HG_22905	AuMel_05780 AuPul_06868 AuTha_04787
HG_22872	AuMel_04646 AuPul_02428 AuTha_00272
HG_22959	AuMel_07453 AuPul_08720 AuTha_06104
HG_22718	AuMel_08175 AuPul_06149 AuTha_09641
HG_22685	AuMel_01006 AuPul_00628 AuTha_02702
HG_14556	AuMel_00590 AuMel_00591 AuPul_00771 AuPul_00775 AuTha_02303 AuTha_02309
HG_22836	AuMel_03339 AuPul_01478 AuTha_03838
HG_22731	AuMel_08452 AuPul_01818 AuTha_08008
HG_22667	AuMel_00303 AuPul_00821 AuTha_02714
HG_16434	AuMel_01584 AuPul_04045 AuPul_04046 AuTha_04030 AuTha_05762
HG_22954	AuMel_07264 AuPul_00055 AuTha_06360
HG_18827	AuMel_08715 AuPul_02173 AuPul_02174 AuTha_08137
HG_18899	AuMel_05509 AuPul_07716 AuTha_07073 AuTha_07074
HG_22818	AuMel_02550 AuPul_05481 AuTha_09372
HG_18794	AuMel_00722 AuPul_00451 AuPul_00453 AuTha_02134
HG_22713	AuMel_08006 AuPul_06619 AuTha_04935
HG_22680	AuMel_00890 AuPul_00412 AuTha_02287
HG_22785	AuMel_01840 AuPul_04211 AuTha_01861
HG_18809	AuMel_07796 AuMel_08990 AuPul_06430 AuTha_01224
HG_22831	AuMel_03090 AuPul_04889 AuTha_03455
HG_22767	AuMel_01367 AuPul_03842 AuTha_08509
HG_18894	AuMel_05421 AuPul_07744 AuPul_08726 AuTha_03663
HG_22749	AuMel_09113 AuPul_08048 AuTha_06261
HG_22885	AuMel_05161 AuPul_07990 AuTha_07107
HG_18822	AuMel_08530 AuPul_01809 AuPul_06230 AuTha_08024
HG_22780	AuMel_01787 AuPul_04323 AuTha_08347
HG_22698	AuMel_07822 AuPul_06460 AuTha_01098
HG_22931	AuMel_06593 AuPul_03187 AuTha_05725
HG_22762	AuMel_09308 AuPul_05936 AuTha_03219
HG_16465	AuMel_04478 AuPul_02852 AuPul_02853 AuPul_02854 AuTha_00360
HG_22913	AuMel_05958 AuPul_07466 AuTha_04512
HG_22744	AuMel_08820 AuPul_02299 AuTha_07952
HG_22880	AuMel_05028 AuPul_10156 AuTha_09069
HG_22798	AuMel_02195 AuPul_09191 AuTha_01347
HG_22726	AuMel_08346 AuPul_06022 AuTha_01841
HG_22693	AuMel_01237 AuPul_08240 AuTha_09610
HG_22862	AuMel_04311 AuPul_02762 AuTha_00255
HG_13379	AuMel_04019 AuMel_05032 AuMel_05310 AuPul_10096 AuPul_10310 AuTha_08245 AuTha_09104
HG_22949	AuMel_07140 AuPul_00235 AuTha_06425
HG_22675	AuMel_00576 AuPul_00887 AuTha_03118
HG_22708	AuMel_07929 AuPul_06560 AuTha_09726
HG_22844	AuMel_03556 AuPul_09576 AuTha_03654
HG_22826	AuMel_02867 AuPul_05096 AuTha_03268
HG_22793	AuMel_02086 AuPul_04567 AuTha_01458
HG_22962	AuMel_07658 AuPul_08711 AuTha_06111
HG_16496	AuMel_06928 AuMel_06929 AuMel_06930 AuPul_03569 AuTha_06751
HG_10493	AuMel_01525 AuMel_03808 AuMel_05629 AuMel_08864 AuPul_01833 AuTha_04004 AuTha_07888 AuTha_07889 AuTha_07890 AuTha_07909 AuTha_07910
HG_22944	AuMel_07006 AuPul_03368 AuTha_05377
HG_22808	AuMel_02425 AuPul_05630 AuTha_07295
HG_22775	AuMel_01654 AuPul_04129 AuTha_08468
HG_18784	AuMel_00145 AuMel_00146 AuPul_09289 AuTha_02491
HG_22703	AuMel_07879 AuPul_06408 AuTha_01152
HG_22670	AuMel_00494 AuPul_00841 AuTha_02889
HG_22926	AuMel_06389 AuPul_03006 AuTha_05830
HG_22893	AuMel_05295 AuPul_07849 AuTha_06760
HG_18830	AuMel_09047 AuPul_00204 AuPul_00205 AuTha_06326
HG_22739	AuMel_08658 AuPul_02009 AuTha_08077
HG_22908	AuMel_05831 AuPul_07014 AuTha_04740
HG_22803	AuMel_02348 AuPul_05712 AuTha_00571
HG_22770	AuMel_01532 AuPul_03881 AuTha_08741
HG_22875	AuMel_04749 AuPul_02547 AuTha_07170
HG_16401	AuMel_01194 AuMel_03700 AuPul_08196 AuPul_09650 AuTha_05206
HG_22688	AuMel_01082 AuPul_00311 AuTha_03009
HG_22921	AuMel_06205 AuPul_07503 AuTha_04457
HG_22752	AuMel_09205 AuPul_07550 AuTha_04305
HG_22734	AuMel_08585 AuPul_02149 AuTha_07876
HG_22903	AuMel_05645 AuPul_06767 AuTha_04922
HG_22839	AuMel_03392 AuPul_10400 AuTha_08243
HG_16437	AuMel_01839 AuPul_04210 AuPul_07736 AuTha_01649 AuTha_09631
HG_22870	AuMel_04584 AuPul_02531 AuTha_00419
HG_14605	AuMel_04010 AuMel_04021 AuPul_03220 AuPul_09895 AuPul_10942 AuTha_01341
HG_22957	AuMel_07425 AuPul_08880 AuTha_07649
HG_9705	AuMel_04622 AuMel_04772 AuMel_04773 AuMel_04774 AuPul_02565 AuPul_02572 AuPul_02573 AuPul_02574 AuPul_02575 AuPul_02580 AuPul_02581 AuPul_02582 AuTha_00028
HG_22716	AuMel_08116 AuPul_06345 AuTha_09840
HG_22788	AuMel_01870 AuPul_04136 AuTha_08386
HG_22683	AuMel_00968 AuPul_08174 AuTha_01059
HG_22852	AuMel_03723 AuPul_01327 AuTha_05202
HG_16386	AuMel_00580 AuMel_05544 AuPul_00614 AuPul_09695 AuTha_07898
HG_22939	AuMel_06910 AuPul_03620 AuTha_05588
HG_22834	AuMel_03288 AuPul_01617 AuTha_08810
HG_14600	AuMel_03504 AuMel_03505 AuPul_01512 AuTha_03549 AuTha_03550 AuTha_03551
HG_13382	AuMel_04357 AuPul_02528 AuPul_02927 AuPul_02928 AuPul_10555 AuTha_00479 AuTha_00480
HG_22888	AuMel_05207 AuPul_10362 AuTha_09072
HG_22711	AuMel_07997 AuPul_06628 AuTha_01123
HG_22783	AuMel_01821 AuPul_04190 AuTha_08777
HG_22816	AuMel_02512 AuPul_05494 AuTha_09572
HG_22952	AuMel_07242 AuPul_08138 AuTha_06483
HG_18879	AuMel_04561 AuMel_04657 AuPul_02624 AuTha_00254
HG_22934	AuMel_06702 AuPul_03494 AuTha_05785
HG_22765	AuMel_01344 AuPul_03788 AuTha_08697
HG_22660	AuMel_00044 AuPul_09310 AuTha_02483
HG_22578	AuMel_00203 AuPul_09387 ExVis_KAI1628956.1
HG_22747	AuMel_09057 AuPul_00085 AuTha_06310
HG_22916	AuMel_06014 AuPul_06970 AuTha_04906
HG_18907	AuMel_06375 AuMel_06376 AuPul_04596 AuTha_05769
HG_22865	AuMel_04400 AuPul_10601 AuTha_06838
HG_22760	AuMel_09298 AuPul_05941 AuTha_08345
HG_18802	AuMel_01014 AuPul_00617 AuTha_02405 ExVis_KAI1622556.1
HG_22847	AuMel_03674 AuPul_09519 AuTha_03672
HG_18920	AuMel_07266 AuPul_05973 AuTha_06339 AuTha_08708
HG_22742	AuMel_08724 AuPul_02236 AuTha_09298
HG_22678	AuMel_00741 AuPul_00399 AuTha_01928
HG_22829	AuMel_03068 AuPul_04991 AuTha_07353
HG_22724	AuMel_08334 AuPul_06306 AuTha_02052
HG_22860	AuMel_04268 AuPul_02811 AuTha_00349
HG_22796	AuMel_02133 AuPul_04477 AuTha_01588
HG_22947	AuMel_07100 AuPul_10297 AuTha_06004
HG_18851	AuMel_02292 AuPul_01834 AuPul_05506 AuTha_00853
HG_22842	AuMel_03485 AuPul_09553 AuTha_04150
HG_22778	AuMel_01736 AuPul_04246 AuTha_01499
HG_22673	AuMel_00554 AuPul_00914 AuTha_03093
HG_16409	AuMel_08027 AuMel_08216 AuPul_06094 AuPul_06395 AuTha_01853
HG_22929	AuMel_06466 AuPul_02991 AuTha_05711
HG_22960	AuMel_07530 AuPul_08623 AuTha_00441
HG_22791	AuMel_01941 AuPul_04623 AuTha_01746
HG_22806	AuMel_02376 AuPul_05584 AuTha_07366
HG_22942	AuMel_06982 AuPul_03413 AuTha_05357
HG_22701	AuMel_07863 AuPul_06648 AuTha_08337
HG_22773	AuMel_01618 AuPul_04083 AuTha_08686
HG_18782	AuMel_00086 AuPul_09331 AuPul_09332 AuTha_02615
HG_13354	AuMel_03117 AuMel_07525 AuMel_07982 AuPul_06500 AuTha_06304 AuTha_06306 AuTha_09696
HG_22891	AuMel_05252 AuPul_10234 AuTha_08279
HG_16458	AuMel_03654 AuMel_05162 AuPul_08365 AuPul_10806 AuTha_07106
HG_22906	AuMel_05801 AuPul_06951 AuTha_05101
HG_22801	AuMel_02272 AuPul_08375 AuTha_05165
HG_22737	AuMel_08618 AuPul_02206 AuTha_09265
HG_22873	AuMel_04687 AuPul_02478 AuTha_00281
HG_14575	AuMel_08741 AuPul_02249 AuPul_02250 AuPul_02251 AuPul_02252 AuTha_09312
HG_22686	AuMel_01012 AuPul_00620 AuTha_02406
HG_22719	AuMel_08196 AuPul_06119 AuTha_09751
HG_22750	AuMel_09123 AuPul_08031 AuTha_06234
HG_10965	AuMel_00142 AuMel_04222 AuMel_07212 AuPul_00130 AuPul_00131 AuPul_00132 AuPul_09311 AuPul_10671 AuTha_02548 AuTha_06371
HG_14621	AuMel_06756 AuMel_06757 AuPul_03043 AuPul_03044 AuPul_04973 AuTha_05598
HG_22668	AuMel_00422 AuPul_01063 AuTha_02689
HG_22732	AuMel_08486 AuPul_01876 AuTha_09270
HG_13385	AuMel_04747 AuMel_06621 AuPul_02545 AuPul_09537 AuPul_10440 AuPul_10675 AuTha_01167
HG_22819	AuMel_02561 AuPul_05467 AuTha_00758
HG_22955	AuMel_07309 AuPul_00099 AuTha_06438
HG_22714	AuMel_08008 AuPul_06615 AuTha_01279
HG_22850	AuMel_03712 AuPul_09674 AuTha_03970
HG_22786	AuMel_01843 AuPul_04354 AuTha_01655
HG_18795	AuMel_00733 AuPul_00464 AuPul_09081 AuTha_02145
HG_22768	AuMel_01426 AuPul_03912 AuTha_08658
HG_22937	AuMel_06822 AuPul_03543 AuTha_05795
HG_22832	AuMel_03112 AuPul_04843 AuTha_03383
HG_22919	AuMel_06185 AuPul_07345 AuTha_04632
HG_22950	AuMel_07160 AuPul_08113 AuTha_06408
HG_22886	AuMel_05181 AuPul_07915 AuTha_00450
HG_18895	AuMel_05423 AuPul_07657 AuTha_00422 AuTha_02323
HG_18790	AuMel_00510 AuPul_00550 AuPul_00828 AuTha_02694
