HG_12651	
This group of homology does not contain any annotated genome
HG_14803	
This group of homology does not contain any annotated genome
HG_5947	
DaQue_KZT63576.1	
HG_5086	
This group of homology does not contain any annotated genome
HG_5133	
This group of homology does not contain any annotated genome
HG_8251	
This group of homology does not contain any annotated genome
HG_1414	
DaQue_KZT65437.1	DaQue_KZT65479.1	DaQue_KZT65790.1	DaQue_KZT65795.1	
HG_7474	
This group of homology does not contain any annotated genome
HG_6285	
DaQue_KZT68242.1	
HG_5096	
This group of homology does not contain any annotated genome
HG_4897	
This group of homology does not contain any annotated genome
HG_8085	
DaQue_KZT67294.1	
HG_4	
This group of homology does not contain any annotated genome
HG_10440	
This group of homology does not contain any annotated genome
HG_121	
DaQue_KZT63112.1	DaQue_KZT64349.1	DaQue_KZT64370.1	DaQue_KZT65386.1	DaQue_KZT66692.1	DaQue_KZT67453.1	DaQue_KZT68037.1	DaQue_KZT68040.1	DaQue_KZT71773.1	DaQue_KZT71778.1	DaQue_KZT71785.1	DaQue_KZT71788.1	DaQue_KZT71791.1	DaQue_KZT71792.1	DaQue_KZT71838.1	
MaJap_WFD37183.1	MaJap_WFD38257.1	MaJap_WFD39822.1	
HG_13544	
This group of homology does not contain any annotated genome
HG_11543	
DaQue_KZT69013.1	
HG_597	
This group of homology does not contain any annotated genome
HG_6795	
This group of homology does not contain any annotated genome
HG_760	
This group of homology does not contain any annotated genome
HG_5389	
DaQue_KZT72472.1	
HG_8595	
This group of homology does not contain any annotated genome
HG_8466	
MaJap_WFD41136.1	
HG_728	
DaQue_KZT63577.1	
HG_295	
DaQue_KZT66347.1	DaQue_KZT69005.1	DaQue_KZT71985.1	DaQue_KZT73114.1	DaQue_KZT73183.1	DaQue_KZT73184.1	DaQue_KZT73545.1	
HG_4118	
This group of homology does not contain any annotated genome
HG_10458	
This group of homology does not contain any annotated genome
HG_10594	
DaQue_KZT68963.1	
HG_6440	
This group of homology does not contain any annotated genome
HG_9809	
This group of homology does not contain any annotated genome
HG_4747	
DaQue_KZT65188.1	DaQue_KZT72717.1	
HG_9077	
DaQue_KZT74466.1	
HG_8152	
This group of homology does not contain any annotated genome
HG_6852	
DaQue_KZT66123.1	DaQue_KZT66134.1	DaQue_KZT67929.1	DaQue_KZT69320.1	
HG_835	
DaQue_KZT72550.1	
HG_476	
DaQue_KZT69507.1	
HG_4443	
DaQue_KZT72162.1	
HG_9468	
DaQue_KZT74951.1	
HG_5642	
DaQue_KZT68850.1	
HG_9427	
This group of homology does not contain any annotated genome
HG_10179	
DaQue_KZT72968.1	
HG_11123	
DaQue_KZT74632.1	
HG_6300	
DaQue_KZT72408.1	DaQue_KZT72412.1	
HG_4158	
DaQue_KZT64643.1	DaQue_KZT69504.1	
HG_715	
This group of homology does not contain any annotated genome
HG_3959	
This group of homology does not contain any annotated genome
HG_8248	
DaQue_KZT64490.1	
HG_3491	
This group of homology does not contain any annotated genome
HG_176	
DaQue_KZT66197.1	DaQue_KZT69427.1	
HG_2085	
DaQue_KZT72108.1	
MaJap_WFD39411.1	
HG_8692	
This group of homology does not contain any annotated genome
HG_3202	
DaQue_KZT69975.1	
HG_6185	
This group of homology does not contain any annotated genome
HG_6490	
This group of homology does not contain any annotated genome
HG_18734	
This group of homology does not contain any annotated genome
HG_16377	
This group of homology does not contain any annotated genome
HG_693	
DaQue_KZT65397.1	
HG_996	
DaQue_KZT64432.1	DaQue_KZT64433.1	DaQue_KZT70099.1	DaQue_KZT74804.1	
HG_6783	
DaQue_KZT72470.1	DaQue_KZT72471.1	
HG_6871	
This group of homology does not contain any annotated genome
HG_13	
DaQue_KZT66218.1	DaQue_KZT66443.1	
HG_8083	
DaQue_KZT72485.1	
HG_235	
This group of homology does not contain any annotated genome
HG_6742	
This group of homology does not contain any annotated genome
HG_6478	
DaQue_KZT66790.1	
HG_10187	
DaQue_KZT72924.1	
HG_5465	
This group of homology does not contain any annotated genome
HG_11764	
This group of homology does not contain any annotated genome
HG_8913	
DaQue_KZT69271.1	
HG_5610	
This group of homology does not contain any annotated genome
HG_5299	
This group of homology does not contain any annotated genome
HG_2986	
DaQue_KZT67788.1	
HG_5403	
DaQue_KZT64572.1	DaQue_KZT64574.1	DaQue_KZT64942.1	DaQue_KZT66165.1	DaQue_KZT67827.1	DaQue_KZT72182.1	DaQue_KZT72183.1	
HG_4296	
DaQue_KZT73103.1	
MaJap_WFD37118.1	
HG_6055	
MaJap_WFD37071.1	
HG_11126	
This group of homology does not contain any annotated genome
HG_11759	
DaQue_KZT69175.1	
HG_1606	
DaQue_KZT67748.1	
HG_4636	
This group of homology does not contain any annotated genome
HG_754	
This group of homology does not contain any annotated genome
HG_6612	
This group of homology does not contain any annotated genome
HG_4099	
DaQue_KZT67872.1	
HG_10190	
DaQue_KZT68449.1	
HG_7676	
This group of homology does not contain any annotated genome
HG_3545	
DaQue_KZT66193.1	
MaJap_WFD37947.1	
HG_10036	
This group of homology does not contain any annotated genome
HG_632	
DaQue_KZT63388.1	DaQue_KZT63834.1	DaQue_KZT64883.1	DaQue_KZT64886.1	
HG_5169	
This group of homology does not contain any annotated genome
HG_8463	
DaQue_KZT66353.1	
HG_7057	
This group of homology does not contain any annotated genome
HG_7145	
DaQue_KZT71935.1	
MaJap_WFD37700.1	
HG_6390	
DaQue_KZT74213.1	
HG_5804	
This group of homology does not contain any annotated genome
HG_4697	
MaJap_WFD40722.1	
HG_3643	
DaQue_KZT68087.1	
MaJap_WFD39162.1	
HG_10956	
This group of homology does not contain any annotated genome
HG_7469	
This group of homology does not contain any annotated genome
HG_3879	
DaQue_KZT71485.1	
HG_7202	
MaJap_WFD38055.1	
HG_7067	
This group of homology does not contain any annotated genome
HG_5896	
This group of homology does not contain any annotated genome
HG_454	
DaQue_KZT70305.1	
HG_7614	
This group of homology does not contain any annotated genome
HG_1275	
DaQue_KZT63900.1	DaQue_KZT74569.1	
HG_16767	
This group of homology does not contain any annotated genome
HG_7979	
DaQue_KZT63566.1	DaQue_KZT67580.1	
HG_4908	
DaQue_KZT70454.1	DaQue_KZT70471.1	DaQue_KZT70472.1	
HG_4440	
DaQue_KZT68621.1	
HG_12660	
This group of homology does not contain any annotated genome
HG_10185	
DaQue_KZT74265.1	
HG_4723	
This group of homology does not contain any annotated genome
HG_1285	
DaQue_KZT66180.1	DaQue_KZT70978.1	
HG_10180	
DaQue_KZT65844.1	
HG_10044	
This group of homology does not contain any annotated genome
HG_13558	
This group of homology does not contain any annotated genome
HG_4372	
DaQue_KZT64579.1	
MaJap_WFD40720.1	
HG_4696	
This group of homology does not contain any annotated genome
HG_8921	
DaQue_KZT74967.1	
HG_6672	
DaQue_KZT66794.1	
HG_6631	
DaQue_KZT65846.1	DaQue_KZT72072.1	
HG_10600	
DaQue_KZT69397.1	
HG_3208	
DaQue_KZT70488.1	
MaJap_WFD39623.1	
HG_4809	
DaQue_KZT69637.1	
HG_8579	
MaJap_WFD37239.1	
HG_7478	
This group of homology does not contain any annotated genome
HG_8802	
MaJap_WFD39267.1	
HG_6465	
DaQue_KZT65507.1	DaQue_KZT65511.1	
HG_8570	
DaQue_KZT64814.1	
HG_8441	
MaJap_WFD41050.1	
HG_7381	
DaQue_KZT68127.1	
HG_11770	
This group of homology does not contain any annotated genome
HG_4675	
DaQue_KZT73455.1	
HG_5116	
This group of homology does not contain any annotated genome
HG_6887	
DaQue_KZT66706.1	
HG_5786	
DaQue_KZT69448.1	DaQue_KZT69457.1	DaQue_KZT69464.1	DaQue_KZT69465.1	DaQue_KZT69472.1	DaQue_KZT72373.1	
HG_140	
DaQue_KZT63469.1	DaQue_KZT64474.1	DaQue_KZT64475.1	DaQue_KZT66849.1	DaQue_KZT66850.1	DaQue_KZT66851.1	DaQue_KZT68815.1	
HG_8687	
DaQue_KZT74264.1	
HG_9191	
This group of homology does not contain any annotated genome
HG_8910	
This group of homology does not contain any annotated genome
HG_7545	
DaQue_KZT64984.1	
HG_517	
DaQue_KZT64092.1	DaQue_KZT69915.1	DaQue_KZT72375.1	DaQue_KZT72743.1	
MaJap_WFD39702.1	
HG_7828	
This group of homology does not contain any annotated genome
HG_5038	
This group of homology does not contain any annotated genome
HG_4566	
This group of homology does not contain any annotated genome
HG_10598	
DaQue_KZT74639.1	
HG_6542	
MaJap_WFD38442.1	
HG_10188	
This group of homology does not contain any annotated genome
HG_191	
This group of homology does not contain any annotated genome
HG_7209	
This group of homology does not contain any annotated genome
HG_109	
This group of homology does not contain any annotated genome
HG_2993	
DaQue_KZT64087.1	DaQue_KZT64703.1	DaQue_KZT64704.1	
HG_11114	
DaQue_KZT71609.1	
HG_5677	
DaQue_KZT69067.1	DaQue_KZT69090.1	
HG_16765	
This group of homology does not contain any annotated genome
HG_4752	
DaQue_KZT63835.1	DaQue_KZT64207.1	DaQue_KZT65704.1	DaQue_KZT72976.1	
HG_339	
MaJap_WFD41103.1	
HG_7782	
This group of homology does not contain any annotated genome
HG_6288	
This group of homology does not contain any annotated genome
HG_4988	
DaQue_KZT70237.1	
HG_7292	
DaQue_KZT73199.1	
HG_7380	
MaJap_WFD41269.1	
HG_6788	
DaQue_KZT68699.1	
HG_6747	
DaQue_KZT74934.1	
HG_14590	
This group of homology does not contain any annotated genome
HG_16319	
This group of homology does not contain any annotated genome
HG_9463	
This group of homology does not contain any annotated genome
HG_9375	
This group of homology does not contain any annotated genome
HG_8362	
DaQue_KZT72195.1	
HG_6628	
DaQue_KZT72941.1	
MaJap_WFD37525.1	
HG_7220	
This group of homology does not contain any annotated genome
HG_6160	
DaQue_KZT72330.1	
HG_4426	
MaJap_WFD38495.1	
HG_11778	
This group of homology does not contain any annotated genome
HG_3501	
This group of homology does not contain any annotated genome
HG_6396	
DaQue_KZT63737.1	
HG_218	
DaQue_KZT63681.1	DaQue_KZT70384.1	DaQue_KZT71928.1	DaQue_KZT73479.1	
HG_5037	
DaQue_KZT65273.1	DaQue_KZT70228.1	
HG_677	
This group of homology does not contain any annotated genome
HG_6170	
DaQue_KZT69273.1	
HG_5047	
DaQue_KZT64610.1	
HG_5006	
DaQue_KZT64336.1	DaQue_KZT64339.1	DaQue_KZT64593.1	DaQue_KZT69428.1	
HG_8077	
DaQue_KZT65937.1	
HG_4122	
DaQue_KZT64243.1	
HG_11586	
This group of homology does not contain any annotated genome
HG_5723	
This group of homology does not contain any annotated genome
HG_12512	
This group of homology does not contain any annotated genome
HG_7306	
DaQue_KZT69426.1	DaQue_KZT74909.1	
HG_915	
DaQue_KZT64796.1	DaQue_KZT65024.1	
HG_9188	
DaQue_KZT68362.1	
HG_6787	
DaQue_KZT65452.1	DaQue_KZT65464.1	DaQue_KZT65885.1	
HG_7074	
DaQue_KZT64289.1	DaQue_KZT67867.1	
HG_16719	
This group of homology does not contain any annotated genome
HG_6561	
This group of homology does not contain any annotated genome
HG_9198	
DaQue_KZT68500.1	
HG_7816	
This group of homology does not contain any annotated genome
HG_16786	
This group of homology does not contain any annotated genome
HG_8468	
DaQue_KZT74948.1	
HG_14818	
This group of homology does not contain any annotated genome
HG_16714	
This group of homology does not contain any annotated genome
HG_7543	
This group of homology does not contain any annotated genome
HG_6225	
This group of homology does not contain any annotated genome
HG_7826	
This group of homology does not contain any annotated genome
HG_10186	
DaQue_KZT70217.1	
HG_1399	
This group of homology does not contain any annotated genome
HG_6508	
This group of homology does not contain any annotated genome
HG_312	
DaQue_KZT67351.1	DaQue_KZT74599.1	
MaJap_WFD38883.1	
HG_721	
DaQue_KZT63110.1	
HG_6235	
DaQue_KZT73073.1	
HG_5480	
This group of homology does not contain any annotated genome
HG_8252	
This group of homology does not contain any annotated genome
HG_3922	
DaQue_KZT66519.1	DaQue_KZT72879.1	DaQue_KZT73558.1	DaQue_KZT73565.1	DaQue_KZT73587.1	DaQue_KZT74291.1	
HG_10606	
This group of homology does not contain any annotated genome
HG_9187	
This group of homology does not contain any annotated genome
HG_5232	
This group of homology does not contain any annotated genome
HG_4584	
DaQue_KZT69301.1	
HG_3395	
DaQue_KZT67246.1	
HG_6384	
DaQue_KZT63948.1	
HG_11776	
This group of homology does not contain any annotated genome
HG_6796	
DaQue_KZT68659.1	
HG_650	
DaQue_KZT70370.1	
MaJap_WFD37134.1	
HG_953	
This group of homology does not contain any annotated genome
HG_6714	
DaQue_KZT73267.1	
HG_5566	
DaQue_KZT64581.1	
HG_9439	
This group of homology does not contain any annotated genome
HG_16704	
This group of homology does not contain any annotated genome
HG_12364	
MaJap_WFD40345.1	
HG_26	
DaQue_KZT65711.1	DaQue_KZT67253.1	DaQue_KZT68533.1	DaQue_KZT68801.1	DaQue_KZT71411.1	DaQue_KZT71412.1	DaQue_KZT71413.1	
HG_9471	
This group of homology does not contain any annotated genome
