HG_12651 	CrQu	KwBe	KwDe	KwPi	KwSh	MeLa	PuSt
HG_14803 	CrQu	MaRe	MaSy	MeLa	PuSt	SeLi
HG_5947 	CrQu	DaQu	MeLa	PuSt
HG_5086 	AlAf	AmRe	AsNi	AuMe	AuPu	AuTh	CaAl	CrQu	DeUd	ExVi	GeCa	GlCe	KaPf	LaNo	LiCh	LiKo	MeLa	MoSn	NaAn	NeCr	NeIr	PeCa	PeEc	PeUc	PrLa	PuSt	PyTe	RhCo	SaCe	SaSe	ScCr	ScOc	ScOs	ScPo	SeLi	SpBr	SpLa	TaDe	TeBo	TiNi	ToAg	TrAs	TuMe	UmVi	YaLi
HG_5133 	AlAf	AmRe	AsNi	AuTh	CaAl	CrQu	DeUd	ExVi	GeCa	KaPf	LaNo	LiCh	LiKo	MeLa	MoSn	NaAn	NeCr	NeIr	PeEc	PnCa	PnJi	PuSt	PyTe	RhCo	SaCe	SaSe	ScCr	ScOc	ScOs	ScPo	SeLi	SpLa	TeBo	TiNi	ToAg	TrAs	TuMe	YaLi
HG_8251 	AcIn	CrAm	CrQu	CuOl	ExRh	KaBr	KwBe	KwDe	KwPi	KwSh	MaRe	MaSy	MeLa	MoAp	PuSt	SpRe	TiWa	UsMa
HG_1414 	AbBi	AmRe	AsNi	AuMe	AuPu	AuTh	BoEd	CaCo	CaVi	CrQu	DaQu	ExVi	GaLe	LiKo	MeLa	NeCr	PeCa	PeUc	PhCo	PlOs	PrLa	PuSt	PyTe	RhCo	SeLi	SpBr	TaDe	TrAs
HG_7474 	CrQu	MeLa	PuSt	RhCo
HG_6285 	AbBi	AmRe	BoEd	CaCo	CaVi	CrAm	CrQu	DaQu	ExVi	GaLe	GeCa	KaPf	KwBe	KwDe	KwPi	MeLa	MoSn	NeCr	NeIr	PeEc	PhCo	PlOs	PrLa	PuSt	PyTe	RhCo	SpBr	TaDe	TeBo	TiNi	TrAs	TuMe
HG_5096 	AcIn	AmRe	AsNi	AuMe	AuPu	AuTh	CaAl	CrAm	CrQu	CuOl	DeUd	ExRh	ExVi	GeCa	GlCe	KaPf	KwBe	KwDe	KwPi	KwSh	LiCh	LiKo	MeLa	MoSn	NaAn	NeCr	NeIr	PeCa	PeEc	PeUc	PnCa	PnJi	PuSt	PyTe	RhCo	SeLi	SpBr	SpLa	TeBo	TiNi	TrAs	TuMe	UmVi
HG_4897 	AmRe	AsNi	AuMe	AuPu	AuTh	CaCo	CaVi	CrAm	CrQu	CuOl	ExVi	GeCa	GlCe	KaPf	KwBe	KwDe	KwPi	KwSh	LiCh	LiKo	MeLa	MoSn	NeCr	NeIr	PeCa	PeEc	PeUc	PrLa	PuSt	PyTe	RhCo	ScCr	ScOc	ScOs	ScPo	SeLi	SpBr	TeBo	TiNi	TrAs	TuMe	UmVi
HG_8085 	AbBi	BoEd	CaCo	CaVi	CrAm	CrQu	CuOl	DaQu	GaLe	GlCe	KwBe	KwDe	KwPi	KwSh	MeLa	PhCo	PlOs	PuSt
HG_4 	AbBi	AlAf	AmRe	AsNi	AuMe	AuPu	AuTh	BoEd	CaAl	CaCo	CrAm	CrQu	CuOl	DeUd	ExRh	ExVi	GaLe	GeCa	KaPf	KwBe	KwDe	KwPi	KwSh	LaNo	LiCh	LiKo	MeLa	MoSn	NaAn	NeCr	NeIr	PeCa	PeEc	PeUc	PhCo	PlOs	PrLa	PuSt	PyTe	RhCo	SaCe	SaSe	ScCr	ScOc	ScOs	ScPo	SeLi	SpBr	SpLa	TaDe	TeBo	TiNi	ToAg	TrAs	TuMe	UmVi	YaLi
HG_10440 	CrQu	LaNo	MeLa	NeIr	PhCo	PnCa	PnJi	PrLa	PuSt	SaCe	SeLi
HG_121 	AbBi	AcIn	AmRe	AsNi	AuMe	AuPu	AuTh	BoEd	CaCo	CaVi	CrQu	DaQu	ExRh	ExVi	GaLe	GeCa	KaBr	MaJa	MaSy	MeLa	MoAp	MoSn	NeCr	PeCa	PeUc	PhCo	PlOs	PrLa	PuSt	PyTe	RhCo	SeLi	SpBr	SpRe	TaDe	TiWa	TrAs	UsMa
HG_13544 	AmRe	CrQu	MeLa	PuSt	SeLi	SpBr
HG_11543 	AbBi	BoEd	CrQu	DaQu	GaLe	MeLa	NeIr	PuSt	TiWa
HG_597 	CaCo	CaVi	CrQu	GaLe	MeLa	PhCo	PrLa	PuSt
HG_6795 	AcIn	CaCo	CaVi	CrQu	ExRh	KaBr	MeLa	MoAp	PuSt	SpRe	TiWa	UsMa
HG_760 	AbBi	AcIn	AmRe	AsNi	AuMe	AuPu	AuTh	CaCo	CrQu	ExRh	ExVi	GaLe	GeCa	KaBr	KwBe	KwSh	MaSy	MeLa	MoAp	MoSn	NeCr	PeCa	PeUc	PlOs	PuSt	PyTe	RhCo	ScCr	ScOc	ScOs	ScPo	SeLi	SpBr	SpRe	TaDe	TrAs	UsMa
HG_5389 	AbBi	AsNi	AuPu	AuTh	CaCo	CaVi	CrQu	DaQu	GaLe	GeCa	KaBr	MeLa	MoAp	MoSn	NeCr	PeCa	PeEc	PeUc	PhCo	PlOs	PrLa	PuSt	PyTe	RhCo	SeLi	TrAs
HG_8595 	AcIn	AuMe	AuPu	AuTh	CrQu	ExRh	GlCe	KaBr	MeLa	MoAp	PuSt	PyTe	SpRe	UmVi	UsMa
HG_8466 	AbBi	AcIn	BoEd	CrQu	ExRh	GaLe	KaBr	MaJa	MeLa	MoAp	PhCo	PlOs	PuSt	SpRe	TiWa	UsMa
HG_728 	AbBi	AsNi	BoEd	CaCo	CaVi	CrQu	DaQu	GeCa	GlCe	MeLa	PhCo	PuSt	SpBr	TiWa
HG_295 	AbBi	AcIn	AmRe	AsNi	AuMe	AuPu	AuTh	BoEd	CaCo	CaVi	CrAm	CrQu	CuOl	DaQu	ExRh	ExVi	GaLe	KaBr	KwBe	KwDe	KwPi	KwSh	MeLa	NeCr	PeCa	PeUc	PhCo	PlOs	PuSt	PyTe	RhCo	SeLi	SpRe	TiWa	TrAs
HG_4118 	CaAl	CaCo	CaVi	CrQu	DeUd	MeLa	MoSn	NaAn	PuSt	SaSe	TiWa
HG_10458 	AcIn	AlAf	CrQu	ExRh	MeLa	MoAp	PrLa	PuSt	SpRe	TiWa	UsMa
HG_10594 	AbBi	CaCo	CaVi	CrQu	DaQu	GaLe	MeLa	PhCo	PlOs	PuSt
HG_6440 	AsNi	CrQu	GeCa	KaPf	MeLa	MoSn	PeEc	PuSt	PyTe	RhCo	SeLi	SpBr	TeBo	TiNi
HG_9809 	CrQu	MeLa	PhCo	PuSt	PyTe	RhCo	TrAs
HG_4747 	AbBi	AmRe	AsNi	AuMe	AuPu	AuTh	BoEd	CrQu	DaQu	ExVi	GaLe	GeCa	GlCe	KaPf	MeLa	MoSn	NeCr	PeEc	PeUc	PhCo	PlOs	PuSt	PyTe	RhCo	SeLi	SpBr	TeBo	TiNi	TrAs
HG_9077 	BoEd	CaVi	CrQu	DaQu	GaLe	GlCe	MeLa	PhCo	PlOs	PuSt
HG_8152 	CrQu	KaBr	MeLa	MoAp	PuSt	SpRe	TiWa	UsMa
HG_6852 	AbBi	AuMe	AuPu	BoEd	CaCo	CaVi	CrQu	DaQu	ExVi	GaLe	MeLa	PeCa	PhCo	PlOs	PuSt	RhCo	SeLi
HG_835 	AbBi	AsNi	BoEd	CaCo	CaVi	CrAm	CrQu	CuOl	DaQu	GaLe	KwBe	KwDe	KwPi	KwSh	MeLa	NeCr	NeIr	PeCa	PeUc	PhCo	PlOs	PrLa	PuSt	ScCr	ScOc	ScOs	ScPo	TaDe
HG_476 	AbBi	AmRe	AsNi	AuMe	AuPu	AuTh	BoEd	CaCo	CaVi	CrQu	DaQu	ExVi	GaLe	GeCa	GlCe	KaBr	KaPf	LiCh	LiKo	MeLa	MoAp	MoSn	NeCr	PeCa	PeEc	PeUc	PhCo	PlOs	PuSt	PyTe	RhCo	SeLi	SpBr	SpRe	TeBo	TiNi	TiWa	TrAs	UmVi	UsMa
HG_4443 	AbBi	AcIn	AlAf	AsNi	BoEd	CaAl	CrQu	DaQu	DeUd	ExRh	ExVi	GaLe	GeCa	KaBr	KaPf	MeLa	MoAp	MoSn	NaAn	NeCr	NeIr	PeCa	PeEc	PeUc	PhCo	PlOs	PrLa	PuSt	PyTe	RhCo	SaSe	SeLi	SpBr	SpRe	TeBo	TiNi	TiWa	ToAg	TrAs	TuMe	UmVi	UsMa	YaLi
HG_9468 	AbBi	BoEd	CrQu	DaQu	GaLe	KwBe	KwDe	KwPi	KwSh	MeLa	PhCo	PlOs	PuSt
HG_5642 	AbBi	AcIn	AsNi	AuPu	AuTh	BoEd	CaCo	CaVi	CrQu	CuOl	DaQu	GaLe	GeCa	GlCe	KaBr	KaPf	MeLa	MoAp	MoSn	NeCr	PeCa	PeEc	PhCo	PlOs	PuSt	PyTe	RhCo	SeLi	SpBr	SpRe	TeBo	TiNi	TrAs	UmVi	UsMa
HG_9427 	AsNi	CrQu	ExVi	LiKo	MeLa	PuSt	RhCo	TrAs
HG_10179 	AbBi	BoEd	CaCo	CaVi	CrQu	DaQu	GaLe	MeLa	PhCo	PlOs	PuSt
HG_11123 	AbBi	CrQu	DaQu	GaLe	MeLa	PhCo	PlOs	PuSt
HG_6300 	AbBi	BoEd	CaCo	CaVi	CrAm	CrQu	DaQu	GaLe	MeLa	PhCo	PlOs	PuSt	TiWa
HG_4158 	AbBi	AcIn	AsNi	AuMe	AuPu	AuTh	BoEd	CaCo	CaVi	CrQu	DaQu	GaLe	GeCa	KaPf	LiKo	MeLa	MoSn	NeIr	PeCa	PeUc	PhCo	PlOs	PuSt	PyTe	RhCo	SeLi	SpBr	TaDe	TrAs	TuMe	UmVi
HG_715 	AlAf	AmRe	AsNi	AuMe	AuPu	AuTh	CaAl	CrQu	DeUd	ExVi	GeCa	KaPf	LaNo	LiCh	LiKo	MeLa	MoSn	NaAn	NeCr	NeIr	PeCa	PeEc	PeUc	PnCa	PnJi	PrLa	PuSt	PyTe	RhCo	SaCe	SaSe	ScCr	ScOc	ScOs	ScPo	SeLi	SpBr	SpLa	TaDe	TeBo	TiNi	ToAg	TrAs	TuMe	UmVi	YaLi
HG_3959 	AbBi	AlAf	AmRe	AsNi	AuMe	AuPu	AuTh	CaAl	CrAm	CrQu	CuOl	DeUd	ExVi	GaLe	GeCa	KaPf	KwBe	KwDe	KwPi	KwSh	LaNo	LiCh	LiKo	MeLa	MoSn	NaAn	NeCr	PeCa	PeEc	PeUc	PuSt	PyTe	RhCo	SaCe	SaSe	SeLi	SpBr	SpLa	TeBo	TiNi	ToAg	TrAs	TuMe	YaLi
HG_8248 	AbBi	AcIn	BoEd	CaCo	CaVi	CrAm	CrQu	CuOl	DaQu	ExRh	GaLe	KwBe	KwDe	KwPi	KwSh	MeLa	PhCo	PuSt	UmVi
HG_3491 	AcIn	AmRe	AsNi	AuMe	AuPu	AuTh	CrAm	CrQu	CuOl	ExVi	GeCa	KaPf	KwBe	KwDe	KwPi	KwSh	LiCh	LiKo	MeLa	MoSn	NeCr	PeCa	PeEc	PeUc	PhCo	PlOs	PrLa	PuSt	PyTe	RhCo	SeLi	SpBr	TaDe	TeBo	TiNi	TrAs	TuMe	YaLi
HG_176 	AbBi	AcIn	AlAf	AmRe	AsNi	AuMe	AuPu	AuTh	BoEd	CaAl	CaCo	CaVi	CrQu	CuOl	DaQu	DeUd	ExRh	ExVi	GaLe	GeCa	KaPf	LaNo	LiCh	LiKo	MeLa	MoSn	NaAn	NeCr	NeIr	PeCa	PeEc	PeUc	PhCo	PlOs	PnCa	PnJi	PrLa	PuSt	PyTe	RhCo	SaCe	SaSe	ScCr	ScOc	ScOs	ScPo	SeLi	SpBr	SpLa	TaDe	TeBo	TiNi	TiWa	TrAs	TuMe	UmVi	YaLi
HG_2085 	AbBi	AcIn	AlAf	AmRe	AsNi	AuMe	AuPu	AuTh	BoEd	CaAl	CaCo	CaVi	CrAm	CrQu	CuOl	DaQu	DeUd	ExRh	ExVi	GaLe	GeCa	GlCe	KaBr	KaPf	KwBe	KwDe	KwPi	KwSh	LaNo	LiCh	LiKo	MaJa	MaRe	MaSy	MeLa	MoAp	MoSn	NaAn	NeCr	NeIr	PeCa	PeEc	PeUc	PhCo	PlOs	PnCa	PnJi	PrLa	PuSt	PyTe	RhCo	SaCe	SaSe	ScCr	ScOc	ScOs	ScPo	SeLi	SpBr	SpLa	SpRe	TeBo	TiNi	TiWa	ToAg	TrAs	TuMe	UmVi	UsMa	YaLi
HG_8692 	AbBi	AcIn	BoEd	CrQu	GaLe	KaPf	MeLa	MoSn	PeEc	PhCo	PlOs	PuSt	PyTe	RhCo	TiNi	TiWa
HG_3202 	AbBi	AmRe	AsNi	AuMe	AuPu	AuTh	CaCo	CaVi	CrAm	CrQu	CuOl	DaQu	ExVi	GaLe	GeCa	KaPf	KwBe	KwDe	KwPi	MeLa	MoSn	NeCr	PeCa	PeEc	PeUc	PhCo	PlOs	PuSt	PyTe	RhCo	SeLi	SpBr	TeBo	TiNi	TrAs	UmVi
HG_6185 	CrQu	MeLa	PuSt	PyTe
HG_6490 	AcIn	AuPu	AuTh	CrQu	ExRh	ExVi	KaBr	LiCh	MeLa	MoAp	PeCa	PrLa	PuSt	PyTe	RhCo	SeLi	SpRe	TiWa	TrAs	UsMa
HG_18734 	CrQu	GaLe	MeLa	PuSt
HG_16377 	AcIn	CrQu	MeLa	NeIr	PuSt
HG_693 	AbBi	AcIn	AmRe	AsNi	AuMe	AuPu	AuTh	BoEd	CaCo	CaVi	CrQu	DaQu	ExVi	GaLe	GeCa	KaPf	MeLa	MoSn	NeCr	PeCa	PeEc	PeUc	PhCo	PlOs	PuSt	PyTe	RhCo	SeLi	SpBr	TeBo	TiNi	TrAs
HG_996 	AbBi	AmRe	AsNi	AuMe	AuTh	BoEd	CaCo	CaVi	CrQu	DaQu	DeUd	ExVi	GaLe	GeCa	KaBr	KaPf	LaNo	LiCh	LiKo	MeLa	MoAp	MoSn	PeCa	PeEc	PeUc	PhCo	PlOs	PrLa	PuSt	PyTe	RhCo	ScCr	ScOc	ScOs	ScPo	SeLi	SpBr	SpRe	TiNi	TrAs	UmVi
HG_6783 	AbBi	AcIn	CrQu	DaQu	GaLe	KaBr	MeLa	MoAp	PhCo	PlOs	PuSt	TiWa	UsMa
HG_6871 	AbBi	CaCo	CaVi	CrQu	GaLe	GeCa	KaPf	MeLa	MoSn	PeEc	PhCo	PlOs	PuSt	SpBr	TeBo	TiNi	TuMe	UmVi
HG_13 	AbBi	AcIn	AmRe	AsNi	AuMe	AuPu	AuTh	BoEd	CaCo	CaVi	CrQu	CuOl	DaQu	ExRh	ExVi	GaLe	GeCa	KaPf	MeLa	MoAp	MoSn	NeCr	NeIr	PeCa	PeEc	PeUc	PhCo	PlOs	PuSt	PyTe	RhCo	SeLi	SpBr	SpRe	TeBo	TiNi	TrAs	TuMe	UsMa	YaLi
HG_8083 	AbBi	AcIn	BoEd	CaCo	CaVi	CrQu	DaQu	ExRh	GlCe	KaBr	MeLa	MoAp	PhCo	PlOs	PuSt	SpRe	TiWa	UmVi	UsMa
HG_235 	AlAf	CrQu	GaLe	GlCe	LiCh	LiKo	MeLa	PeCa	PuSt	PyTe	TaDe	UmVi
HG_6742 	BoEd	CrQu	GaLe	MeLa	PlOs	PuSt
HG_6478 	AbBi	AmRe	AsNi	AuMe	AuPu	BoEd	CaCo	CaVi	CrQu	DaQu	GaLe	GeCa	MeLa	NeCr	PeUc	PhCo	PlOs	PuSt	RhCo	SpBr	TrAs
HG_10187 	AbBi	BoEd	CaCo	CaVi	CrQu	DaQu	GaLe	MeLa	PhCo	PlOs	PuSt	UmVi
HG_5465 	AlAf	AmRe	AsNi	AuMe	AuPu	AuTh	CaAl	CrQu	DeUd	ExVi	GeCa	KaPf	LaNo	LiCh	LiKo	MeLa	MoSn	NaAn	NeCr	NeIr	PeEc	PnCa	PnJi	PuSt	PyTe	RhCo	SaCe	SaSe	ScOc	ScOs	ScPo	SeLi	SpBr	SpLa	TeBo	TiNi	ToAg	TrAs	TuMe	YaLi
HG_11764 	CrQu	MeLa	PuSt	PyTe
HG_8913 	AbBi	AcIn	CaVi	CrQu	DaQu	ExRh	GaLe	KwBe	KwDe	KwPi	KwSh	MeLa	PhCo	PuSt	TiWa
HG_5610 	AcIn	AmRe	AuPu	AuTh	CaAl	CaCo	CaVi	CrQu	DeUd	ExRh	GeCa	KaBr	LaNo	LiCh	LiKo	MeLa	MoAp	MoSn	NaAn	NeCr	PuSt	RhCo	SaSe	SpBr	SpLa	SpRe	TiWa	ToAg	TrAs	UmVi	UsMa	YaLi
HG_5299 	AlAf	AmRe	AsNi	AuMe	AuPu	AuTh	CaAl	CrQu	DeUd	ExVi	GeCa	GlCe	KaPf	LaNo	LiCh	LiKo	MeLa	MoSn	NaAn	NeCr	PeEc	PnCa	PnJi	PuSt	PyTe	RhCo	SaCe	SaSe	ScCr	ScOc	ScOs	ScPo	SeLi	SpLa	TeBo	TiNi	ToAg	TrAs	TuMe	UmVi	YaLi
HG_2986 	AbBi	AmRe	CaCo	CaVi	CrAm	CrQu	DaQu	ExVi	GaLe	GlCe	KaPf	KwBe	KwDe	KwPi	MeLa	MoSn	NeCr	NeIr	PeCa	PeEc	PhCo	PlOs	PuSt	PyTe	RhCo	TiNi	TrAs
HG_5403 	AbBi	AcIn	BoEd	CaCo	CaVi	CrQu	DaQu	ExRh	GaLe	MeLa	PhCo	PuSt	TiWa
HG_4296 	AbBi	AcIn	AlAf	AmRe	AsNi	BoEd	CaCo	CaVi	CrAm	CrQu	DaQu	ExRh	ExVi	GaLe	GeCa	GlCe	KaPf	KwBe	KwDe	KwPi	LiCh	LiKo	MaJa	MaRe	MaSy	MeLa	MoAp	MoSn	NaAn	NeCr	NeIr	PeCa	PeEc	PeUc	PhCo	PlOs	PrLa	PuSt	PyTe	RhCo	SpLa	SpRe	TeBo	TiNi	TiWa	TrAs	TuMe	UsMa	YaLi
HG_6055 	AbBi	AcIn	BoEd	CrQu	ExRh	GlCe	MaJa	MaRe	MaSy	MeLa	PhCo	PlOs	PuSt	TiWa	UmVi
HG_11126 	AcIn	CrQu	ExRh	KaBr	MeLa	MoAp	PrLa	PuSt	SpRe	UsMa
HG_11759 	AbBi	BoEd	CrQu	DaQu	GaLe	MeLa	PhCo	PlOs	PuSt
HG_1606 	AbBi	AsNi	AuMe	AuPu	AuTh	BoEd	CaCo	CaVi	CrAm	CrQu	CuOl	DaQu	ExRh	ExVi	GaLe	GeCa	KwBe	KwDe	KwPi	KwSh	MeLa	NeCr	NeIr	PeCa	PeUc	PhCo	PlOs	PrLa	PuSt	ScCr	ScOc	ScOs	ScPo	SeLi	TaDe	TuMe
HG_4636 	AlAf	AmRe	AsNi	AuMe	AuPu	AuTh	CaAl	CrQu	DeUd	ExVi	GeCa	GlCe	KaPf	MeLa	MoSn	NaAn	NeCr	NeIr	PeEc	PrLa	PuSt	PyTe	RhCo	SaSe	SeLi	SpBr	TaDe	TeBo	TiNi	TrAs	TuMe	YaLi
HG_754 	CrQu	MeLa	PhCo	PlOs	PuSt
HG_6612 	AcIn	AsNi	CrAm	CrQu	ExRh	KaBr	KwBe	KwDe	KwPi	MeLa	MoAp	NeCr	PeCa	PeUc	PuSt	PyTe	SeLi	TrAs
HG_4099 	AbBi	AcIn	AmRe	AsNi	AuMe	AuPu	AuTh	BoEd	CaVi	CrAm	CrQu	CuOl	DaQu	ExRh	ExVi	GaLe	GeCa	GlCe	KaBr	KaPf	KwBe	KwDe	KwPi	KwSh	LiCh	LiKo	MeLa	MoAp	MoSn	NeCr	NeIr	PeCa	PeEc	PeUc	PhCo	PlOs	PnCa	PnJi	PrLa	PuSt	PyTe	RhCo	ScCr	ScOc	ScOs	ScPo	SeLi	SpBr	SpRe	TaDe	TeBo	TiNi	TiWa	TrAs	TuMe	UmVi	UsMa
HG_10190 	AbBi	BoEd	CaCo	CaVi	CrQu	DaQu	GaLe	MeLa	PhCo	PlOs	PuSt
HG_7676 	AbBi	CrQu	GaLe	MeLa	NeCr	PeCa	PhCo	PlOs	PuSt	RhCo	SeLi
HG_3545 	AbBi	AcIn	AlAf	AmRe	AsNi	AuMe	AuPu	AuTh	BoEd	CaAl	CaCo	CaVi	CrAm	CrQu	CuOl	DaQu	DeUd	ExRh	ExVi	GaLe	GeCa	GlCe	KaBr	KaPf	KwBe	KwDe	KwPi	KwSh	LaNo	LiCh	LiKo	MaJa	MaRe	MaSy	MeLa	MoAp	MoSn	NaAn	NeCr	NeIr	PeCa	PeEc	PeUc	PhCo	PlOs	PnCa	PnJi	PrLa	PuSt	PyTe	RhCo	SaCe	SaSe	ScCr	ScOc	ScOs	ScPo	SeLi	SpBr	SpLa	SpRe	TaDe	TeBo	TiNi	TiWa	ToAg	TrAs	TuMe	UsMa	YaLi
HG_10036 	BoEd	CrQu	MeLa	PhCo	PlOs	PuSt
HG_632 	AbBi	AcIn	AmRe	AsNi	AuMe	AuPu	AuTh	BoEd	CaCo	CaVi	CrQu	DaQu	ExRh	GaLe	MeLa	NeCr	PeCa	PeUc	PhCo	PlOs	PuSt	PyTe	RhCo	SeLi	TaDe	TrAs
HG_5169 	AmRe	CaCo	CaVi	CrQu	KaPf	MeLa	NeCr	PeEc	PlOs	PrLa	PuSt	PyTe	RhCo	SpBr	TaDe	TuMe
HG_8463 	AbBi	AcIn	BoEd	CaCo	CaVi	CrQu	DaQu	ExRh	GaLe	KaBr	MeLa	MoAp	PhCo	PlOs	PuSt	SpRe	TiWa	UsMa
HG_7057 	AuMe	AuPu	CaVi	CrAm	CrQu	ExRh	KaPf	MeLa	PnCa	PnJi	PrLa	PuSt	PyTe	SeLi	TeBo	TiNi	YaLi
HG_7145 	AbBi	AcIn	BoEd	CrAm	CrQu	CuOl	DaQu	ExRh	GaLe	KaBr	KwBe	KwDe	KwPi	KwSh	MaJa	MaRe	MaSy	MeLa	MoAp	PhCo	PlOs	PuSt	SpRe	TiWa	UsMa
HG_6390 	AbBi	AmRe	BoEd	CaCo	CaVi	CrAm	CrQu	DaQu	ExVi	GaLe	GeCa	GlCe	KaPf	KwBe	KwDe	KwPi	MeLa	MoSn	NeCr	PeEc	PhCo	PlOs	PuSt	PyTe	RhCo	SpBr	TeBo	TiNi	TrAs	TuMe
HG_5804 	AbBi	AmRe	AsNi	AuMe	AuPu	AuTh	CaCo	CaVi	CrAm	CrQu	CuOl	ExVi	GaLe	GeCa	GlCe	KwBe	KwDe	KwPi	KwSh	MeLa	MoSn	PeCa	PeEc	PeUc	PnCa	PnJi	PuSt	PyTe	RhCo	SeLi	SpBr	TaDe	TeBo	TiNi	TrAs	TuMe
HG_4697 	AcIn	AlAf	AmRe	AsNi	CaAl	CrQu	DeUd	ExRh	ExVi	GeCa	KaBr	KaPf	LaNo	LiCh	LiKo	MaJa	MaRe	MaSy	MeLa	MoAp	MoSn	NaAn	NeCr	NeIr	PeCa	PeEc	PeUc	PrLa	PuSt	PyTe	RhCo	SaCe	SaSe	ScCr	ScOc	ScOs	ScPo	SpBr	SpLa	SpRe	TaDe	TeBo	TiNi	TiWa	ToAg	TrAs	TuMe	UmVi	UsMa	YaLi
HG_3643 	AbBi	AlAf	AmRe	AuMe	AuPu	AuTh	BoEd	CaAl	CaCo	CaVi	CrQu	CuOl	DaQu	DeUd	ExVi	GaLe	GeCa	GlCe	KaBr	KaPf	KwBe	KwDe	KwPi	KwSh	LaNo	LiCh	LiKo	MaJa	MaSy	MeLa	MoAp	MoSn	NaAn	NeCr	NeIr	PeCa	PeEc	PeUc	PhCo	PlOs	PnCa	PuSt	PyTe	RhCo	SaSe	ScCr	ScOc	ScOs	ScPo	SeLi	SpBr	SpLa	SpRe	TeBo	TiNi	TiWa	TrAs	TuMe	UmVi	UsMa	YaLi
HG_10956 	AcIn	CrQu	ExRh	ExVi	MeLa	PuSt
HG_7469 	AmRe	BoEd	CrQu	CuOl	ExVi	GaLe	GeCa	KaPf	LiCh	LiKo	MeLa	MoSn	NeCr	PeEc	PhCo	PlOs	PuSt	SpBr	TeBo	TiNi	TrAs	TuMe
HG_3879 	AcIn	AsNi	AuMe	AuPu	AuTh	CaCo	CrAm	CrQu	CuOl	DaQu	ExRh	ExVi	GeCa	KaBr	KaPf	KwBe	LiCh	LiKo	MeLa	MoAp	MoSn	PeCa	PeUc	PrLa	PuSt	PyTe	RhCo	SeLi	SpBr	SpRe	TeBo	TiNi	TiWa	TrAs	TuMe	UmVi	UsMa
HG_7202 	AcIn	CaCo	CaVi	CrAm	CrQu	CuOl	ExRh	GlCe	KaBr	KwBe	KwDe	KwPi	KwSh	MaJa	MaRe	MaSy	MeLa	MoAp	PnCa	PnJi	PuSt	SpRe	UmVi	UsMa
HG_7067 	AcIn	CrQu	ExRh	KaBr	MeLa	MoAp	PuSt	SpRe	TiWa	UsMa
HG_5896 	CrQu	MeLa	PrLa	PuSt
HG_454 	AbBi	AcIn	AmRe	AsNi	AuMe	AuPu	AuTh	CaCo	CaVi	CrQu	DaQu	ExVi	GaLe	KaBr	KwBe	KwDe	KwPi	KwSh	MeLa	MoAp	NeCr	PeCa	PeUc	PrLa	PuSt	PyTe	RhCo	SeLi	SpBr	SpRe	TaDe	TiWa	TrAs	UmVi	UsMa
HG_7614 	AbBi	AcIn	AuMe	AuPu	AuTh	CrQu	ExRh	GaLe	KwBe	KwDe	KwPi	KwSh	MeLa	PhCo	PlOs	PrLa	PuSt	SeLi	TaDe
HG_1275 	AbBi	AmRe	AsNi	AuMe	AuPu	AuTh	BoEd	CaCo	CaVi	CrAm	CrQu	CuOl	DaQu	ExVi	GaLe	GeCa	KwDe	KwPi	MeLa	MoAp	MoSn	NeCr	PeCa	PeUc	PhCo	PlOs	PuSt	PyTe	RhCo	SeLi	TrAs	UmVi
HG_16767 	CrQu	KaPf	MeLa	PeEc	PuSt
HG_7979 	AmRe	AsNi	AuMe	AuTh	CrQu	DaQu	ExVi	MeLa	NeIr	PeCa	PeUc	PuSt	PyTe	SeLi	TaDe	ToAg	TrAs
HG_4908 	AbBi	AmRe	AsNi	AuTh	BoEd	CaCo	CaVi	CrAm	CrQu	CuOl	DaQu	ExVi	GaLe	GeCa	KaPf	KwBe	KwDe	KwPi	KwSh	LiCh	LiKo	MeLa	MoSn	NeIr	PeCa	PhCo	PlOs	PuSt	PyTe	RhCo	SpBr	TeBo	TiNi	TuMe	UmVi
HG_4440 	AbBi	AcIn	AlAf	AmRe	AsNi	AuPu	AuTh	BoEd	CaCo	CaVi	CrQu	DaQu	ExRh	ExVi	GaLe	GeCa	GlCe	KaBr	KaPf	LiCh	LiKo	MaRe	MaSy	MeLa	MoAp	MoSn	NeCr	NeIr	PeCa	PeEc	PeUc	PhCo	PlOs	PnJi	PrLa	PuSt	PyTe	RhCo	ScCr	ScOc	ScOs	ScPo	SeLi	SpBr	SpLa	SpRe	TeBo	TiNi	TiWa	ToAg	TrAs	TuMe	UmVi	UsMa	YaLi
HG_12660 	CrQu	GlCe	MeLa	PhCo	PuSt	UmVi
HG_10185 	AbBi	BoEd	CaCo	CaVi	CrQu	DaQu	GaLe	GlCe	MeLa	PhCo	PlOs	PuSt
HG_4723 	AlAf	AmRe	AsNi	AuMe	AuPu	AuTh	CaAl	CrAm	CrQu	DeUd	ExVi	GeCa	GlCe	KaPf	KwBe	KwDe	KwPi	KwSh	LaNo	LiCh	LiKo	MeLa	MoSn	NaAn	NeCr	NeIr	PeCa	PeEc	PeUc	PnCa	PnJi	PuSt	PyTe	RhCo	SaCe	SaSe	ScCr	ScOc	ScOs	ScPo	SeLi	SpBr	SpLa	TeBo	TiNi	ToAg	TrAs	TuMe	UmVi	YaLi
HG_1285 	AbBi	AcIn	AlAf	AmRe	AsNi	AuMe	AuPu	AuTh	BoEd	CaAl	CaCo	CaVi	CrAm	CrQu	CuOl	DaQu	DeUd	ExRh	ExVi	GaLe	GeCa	GlCe	KaBr	KaPf	KwBe	KwDe	KwPi	KwSh	LaNo	LiCh	LiKo	MaRe	MeLa	MoAp	MoSn	NaAn	NeCr	PeCa	PeEc	PeUc	PhCo	PlOs	PnCa	PnJi	PrLa	PuSt	PyTe	RhCo	SaSe	SeLi	SpBr	SpRe	TaDe	TeBo	TiNi	TiWa	TrAs	TuMe	UmVi	UsMa	YaLi
HG_10180 	AbBi	BoEd	CrQu	DaQu	GaLe	GlCe	MeLa	PhCo	PlOs	PuSt	UmVi
HG_10044 	AcIn	CrQu	ExRh	KaBr	MeLa	MoAp	PhCo	PlOs	PuSt	SpRe	TiWa	UsMa
HG_13558 	CrQu	MeLa	PeCa	PuSt	SeLi
HG_4372 	AbBi	AcIn	AlAf	AmRe	AsNi	AuMe	AuPu	AuTh	BoEd	CaCo	CaVi	CrQu	DaQu	ExRh	ExVi	GaLe	GeCa	KaBr	KaPf	LaNo	LiCh	LiKo	MaJa	MaRe	MaSy	MeLa	MoAp	MoSn	NaAn	NeCr	PeCa	PeEc	PeUc	PhCo	PlOs	PnJi	PuSt	PyTe	RhCo	SaCe	ScCr	ScOc	ScOs	ScPo	SeLi	SpBr	SpLa	SpRe	TeBo	TiNi	TiWa	ToAg	TrAs	TuMe	UsMa	YaLi
HG_4696 	AcIn	AmRe	AsNi	AuPu	AuTh	CrAm	CrQu	CuOl	ExRh	ExVi	GeCa	GlCe	KaBr	KaPf	KwBe	KwDe	KwPi	KwSh	LiCh	LiKo	MeLa	MoAp	MoSn	NeCr	NeIr	PeCa	PeEc	PeUc	PrLa	PuSt	PyTe	RhCo	SeLi	SpBr	SpRe	TeBo	TiNi	TrAs	UmVi	UsMa
HG_8921 	AbBi	CaCo	CaVi	CrAm	CrQu	CuOl	DaQu	GaLe	KwBe	KwDe	KwPi	MeLa	PhCo	PlOs	PuSt
HG_6672 	AbBi	AcIn	BoEd	CaCo	CaVi	CrQu	DaQu	ExRh	GaLe	GlCe	KaBr	MaRe	MaSy	MeLa	MoAp	PhCo	PlOs	PuSt	SpRe	TiWa	UmVi	UsMa
HG_6631 	AbBi	AmRe	BoEd	CaCo	CaVi	CrAm	CrQu	CuOl	DaQu	ExVi	GaLe	KwBe	KwDe	KwPi	KwSh	MeLa	PhCo	PlOs	PuSt
HG_10600 	AbBi	BoEd	CaCo	CaVi	CrQu	DaQu	GaLe	MeLa	PhCo	PlOs	PuSt
HG_3208 	AbBi	AcIn	AlAf	AmRe	AsNi	AuMe	AuPu	AuTh	BoEd	CaAl	CaCo	CaVi	CrAm	CrQu	CuOl	DaQu	DeUd	ExRh	ExVi	GaLe	GeCa	GlCe	KaBr	KaPf	KwBe	KwDe	KwPi	KwSh	LaNo	LiCh	LiKo	MaJa	MaRe	MaSy	MeLa	MoAp	MoSn	NaAn	NeCr	NeIr	PeCa	PeEc	PeUc	PhCo	PlOs	PnCa	PnJi	PrLa	PuSt	RhCo	SaCe	SaSe	ScCr	ScOc	ScOs	ScPo	SeLi	SpBr	SpLa	SpRe	TaDe	TeBo	TiNi	TiWa	ToAg	TrAs	UmVi	UsMa	YaLi
HG_4809 	AbBi	AcIn	AsNi	AuMe	AuPu	AuTh	BoEd	CrAm	CrQu	DaQu	GaLe	GeCa	KwBe	KwDe	MeLa	PeCa	PhCo	PlOs	PnCa	PnJi	PrLa	PuSt	PyTe	RhCo	SeLi	SpBr	TaDe	TiWa
HG_8579 	AcIn	CrQu	ExRh	KaBr	MaJa	MaRe	MaSy	MeLa	MoAp	PuSt	SpRe	TiWa	UsMa
HG_7478 	BoEd	CrQu	MeLa	PuSt
HG_8802 	AcIn	CrQu	DeUd	ExRh	KaBr	MaJa	MaRe	MaSy	MeLa	MoAp	PuSt	SpRe	TiWa	UmVi	UsMa
HG_6465 	AsNi	AuMe	AuPu	AuTh	BoEd	CrQu	DaQu	GaLe	GeCa	KwSh	MeLa	MoSn	PeCa	PeUc	PuSt	PyTe	SeLi	SpBr	TuMe
HG_8570 	AbBi	BoEd	CaCo	CaVi	CrAm	CrQu	CuOl	DaQu	GaLe	KwBe	KwDe	KwPi	KwSh	MeLa	PhCo	PlOs	PuSt
HG_8441 	CrQu	MaJa	MaSy	MeLa	PuSt	ScOc	UmVi
HG_7381 	AbBi	AcIn	BoEd	CaCo	CaVi	CrAm	CrQu	CuOl	DaQu	ExRh	GaLe	KaBr	KwBe	KwDe	KwPi	KwSh	MeLa	MoAp	PhCo	PlOs	PuSt	SpRe	UsMa
HG_11770 	CrAm	CrQu	KaBr	MeLa	MoAp	PuSt	SpRe	TiWa	UsMa
HG_4675 	AbBi	AcIn	AlAf	AmRe	AsNi	AuMe	AuPu	AuTh	BoEd	CaAl	CrQu	DaQu	DeUd	ExVi	GaLe	GeCa	GlCe	KaBr	KaPf	LaNo	LiCh	LiKo	MeLa	MoAp	MoSn	NaAn	NeCr	NeIr	PeCa	PeEc	PeUc	PhCo	PlOs	PrLa	PuSt	PyTe	RhCo	SaCe	SaSe	SeLi	SpBr	SpLa	SpRe	TaDe	TeBo	TiNi	ToAg	TrAs	UmVi	UsMa	YaLi
HG_5116 	AcIn	AsNi	AuPu	AuTh	CaCo	CaVi	CrAm	CrQu	CuOl	ExRh	ExVi	KwBe	KwDe	KwPi	KwSh	LiCh	MeLa	MoAp	MoSn	PeCa	PuSt	PyTe	RhCo	SeLi	UmVi
HG_6887 	AbBi	AcIn	BoEd	CaCo	CaVi	CrAm	CrQu	CuOl	DaQu	ExRh	GaLe	KaBr	KwBe	KwDe	KwPi	KwSh	MeLa	MoAp	PhCo	PlOs	PuSt	SpRe	TiWa	UsMa
HG_5786 	AbBi	AcIn	AmRe	AsNi	AuPu	AuTh	CrQu	DaQu	GaLe	MeLa	PeCa	PeUc	PhCo	PlOs	PuSt	PyTe	RhCo	SeLi	TiWa	TrAs
HG_140 	AbBi	BoEd	CaCo	CrQu	DaQu	GaLe	MeLa	PhCo	PlOs	PuSt	TiWa
HG_8687 	AbBi	BoEd	CaCo	CaVi	CrAm	CrQu	CuOl	DaQu	GaLe	KwBe	KwDe	KwPi	KwSh	MeLa	PhCo	PlOs	PuSt
HG_9191 	AbBi	CrQu	MeLa	PuSt
HG_8910 	AmRe	CaCo	CaVi	CrQu	MeLa	PuSt	TrAs	UmVi
HG_7545 	AbBi	AcIn	CaVi	CrQu	DaQu	ExRh	GaLe	MeLa	PuSt	SeLi	TiWa
HG_517 	AbBi	AcIn	AlAf	AmRe	AuMe	AuPu	AuTh	BoEd	CaAl	CaCo	CaVi	CrQu	CuOl	DaQu	DeUd	ExVi	GaLe	GeCa	KaBr	KaPf	LiCh	LiKo	MaJa	MaRe	MaSy	MeLa	MoAp	MoSn	NeCr	NeIr	PeCa	PeEc	PeUc	PhCo	PlOs	PuSt	PyTe	RhCo	SaSe	SeLi	SpBr	SpLa	SpRe	TeBo	TiNi	TrAs	TuMe	UsMa	YaLi
HG_7828 	AsNi	AuMe	AuPu	AuTh	CrQu	ExVi	KwBe	KwDe	KwPi	KwSh	MeLa	PeCa	PeUc	PrLa	PuSt	RhCo	SeLi	TaDe	TiWa
HG_5038 	AcIn	AmRe	AsNi	AuMe	AuPu	AuTh	CaCo	CaVi	CrAm	CrQu	CuOl	ExRh	ExVi	GaLe	GeCa	KaBr	KaPf	KwBe	KwDe	KwPi	KwSh	MeLa	MoAp	MoSn	NeCr	NeIr	PeCa	PeEc	PeUc	PlOs	PrLa	PuSt	PyTe	RhCo	SeLi	SpBr	SpRe	TaDe	TeBo	TiNi	TiWa	ToAg	TrAs	TuMe	UmVi	UsMa
HG_4566 	AsNi	AuMe	AuPu	AuTh	CrAm	CrQu	GeCa	KaBr	MeLa	MoAp	MoSn	PeCa	PeEc	PeUc	PuSt	PyTe	SeLi	SpBr	SpRe	TiWa	TuMe	UsMa
HG_10598 	AbBi	BoEd	CrQu	DaQu	GaLe	MeLa	PhCo	PlOs	PuSt
HG_6542 	AcIn	AmRe	AsNi	AuMe	AuPu	AuTh	CrQu	CuOl	ExRh	ExVi	GeCa	KaBr	MaJa	MaRe	MaSy	MeLa	MoAp	PeCa	PeUc	PuSt	PyTe	RhCo	SeLi	SpBr	SpRe	TaDe	TiWa	TrAs	UsMa
HG_10188 	AlAf	CaAl	CrQu	DeUd	GlCe	LaNo	MeLa	NaAn	PuSt	SaCe	SaSe	SpLa
HG_191 	AcIn	AlAf	AsNi	AuMe	AuPu	AuTh	CaAl	CrAm	CrQu	CuOl	DeUd	KwBe	KwDe	KwPi	KwSh	LiCh	LiKo	MeLa	NaAn	NeCr	NeIr	PeCa	PrLa	PuSt	RhCo	SaCe	SaSe	SeLi	TaDe	TrAs	YaLi
HG_7209 	CrQu	ExVi	KaBr	MeLa	MoAp	NeCr	PuSt	SpRe	UsMa
HG_109 	BoEd	CaCo	CaVi	CrAm	CrQu	GaLe	GlCe	LiCh	LiKo	MeLa	PhCo	PlOs	PuSt	TiNi	TiWa
HG_2993 	AcIn	AmRe	AsNi	CrQu	DaQu	ExRh	GeCa	KaBr	KaPf	MeLa	MoAp	MoSn	NeCr	PeCa	PeEc	PeUc	PhCo	PuSt	PyTe	RhCo	SeLi	SpBr	SpRe	TeBo	TiNi	TiWa	TrAs	TuMe	UsMa
HG_11114 	AbBi	BoEd	CaVi	CrQu	DaQu	GaLe	MeLa	PhCo	PlOs	PuSt
HG_5677 	AbBi	AcIn	BoEd	CrAm	CrQu	DaQu	ExRh	GaLe	GlCe	KaBr	KwBe	KwDe	KwPi	KwSh	MeLa	MoAp	NeIr	PhCo	PlOs	PnCa	PnJi	PuSt	ScCr	ScOc	ScOs	ScPo	SpRe	TiWa	UmVi	UsMa
HG_16765 	CrQu	GlCe	MeLa	PuSt
HG_4752 	AbBi	AcIn	BoEd	CaCo	CaVi	CrAm	CrQu	CuOl	DaQu	ExRh	GaLe	GlCe	KaBr	KwBe	KwDe	KwPi	KwSh	MeLa	MoAp	PhCo	PlOs	PuSt	ScOc	SpRe	TiWa	UsMa
HG_339 	AlAf	AmRe	AsNi	AuMe	AuPu	AuTh	CaAl	CrQu	CuOl	DeUd	ExVi	GeCa	GlCe	KaPf	KwBe	KwDe	KwPi	LaNo	LiCh	LiKo	MaJa	MaRe	MaSy	MeLa	MoSn	NaAn	NeCr	NeIr	PeCa	PeEc	PeUc	PrLa	PuSt	PyTe	RhCo	SaCe	SaSe	ScCr	ScOc	ScOs	ScPo	SeLi	SpBr	SpLa	TaDe	TeBo	TiNi	TiWa	TrAs	UmVi	YaLi
HG_7782 	AuMe	AuPu	AuTh	CrAm	CrQu	CuOl	KwBe	KwDe	KwPi	KwSh	MeLa	MoAp	PuSt	SeLi	SpRe	TiWa	UsMa
HG_6288 	CaCo	CaVi	CrQu	KaPf	MeLa	PeCa	PuSt	TiWa
HG_4988 	AbBi	AlAf	AmRe	AsNi	AuMe	AuPu	AuTh	CaAl	CrQu	DaQu	DeUd	ExVi	GeCa	KaPf	LaNo	LiCh	LiKo	MeLa	MoSn	NaAn	NeCr	PeCa	PeEc	PeUc	PrLa	PuSt	PyTe	RhCo	SaCe	SaSe	SeLi	SpBr	SpLa	TeBo	TiNi	TrAs	TuMe	UmVi	YaLi
HG_7292 	AbBi	AcIn	BoEd	CaCo	CaVi	CrQu	DaQu	ExRh	GaLe	KwBe	KwDe	KwPi	MeLa	PeCa	PeUc	PhCo	PlOs	PuSt	TiWa
HG_7380 	AbBi	AcIn	BoEd	CrQu	ExRh	GaLe	KaBr	MaJa	MeLa	MoAp	PhCo	PlOs	PuSt	SpRe	TiWa	UmVi	UsMa
HG_6788 	AbBi	AcIn	BoEd	CaCo	CaVi	CrQu	CuOl	DaQu	ExRh	GaLe	MeLa	MoAp	PhCo	PlOs	PuSt	SpRe
HG_6747 	AbBi	AcIn	BoEd	CaCo	CaVi	CrAm	CrQu	DaQu	GaLe	KaBr	KwBe	KwDe	KwPi	KwSh	MeLa	MoAp	PhCo	PlOs	PnCa	PnJi	PuSt	SpRe	UsMa
HG_14590 	AuMe	CrQu	KwPi	MeLa	PuSt
HG_16319 	CrQu	MeLa	PrLa	PuSt
HG_9463 	AcIn	CrQu	ExRh	GaLe	MeLa	PuSt	TiWa
HG_9375 	CaCo	CaVi	CrAm	CrQu	KwBe	KwDe	KwPi	KwSh	MeLa	MoAp	PuSt
HG_8362 	AbBi	AcIn	BoEd	CaCo	CrQu	DaQu	ExRh	GaLe	KaBr	KwSh	MeLa	MoAp	PhCo	PlOs	PuSt	SpRe	TiWa	UsMa
HG_6628 	AbBi	BoEd	CaCo	CaVi	CrAm	CrQu	CuOl	DaQu	ExRh	GaLe	KaBr	KwBe	KwDe	KwPi	KwSh	MaJa	MaRe	MaSy	MeLa	MoAp	PhCo	PlOs	PuSt	SpRe	TiWa	UsMa
HG_7220 	AbBi	AcIn	CaCo	CrAm	CrQu	CuOl	ExRh	KaBr	KwBe	KwDe	KwPi	KwSh	MeLa	MoAp	PhCo	PuSt	SpRe	TiWa	UsMa
HG_6160 	AbBi	AsNi	BoEd	CaCo	CaVi	CrQu	DaQu	GaLe	GeCa	GlCe	KaPf	LiCh	LiKo	MeLa	MoSn	NeCr	PeCa	PeEc	PeUc	PhCo	PlOs	PuSt	PyTe	RhCo	SpBr	SpLa	TeBo	TiNi	TrAs	UmVi	YaLi
HG_4426 	AcIn	AlAf	AmRe	AsNi	AuMe	AuPu	AuTh	CaAl	CrQu	DeUd	ExRh	ExVi	GeCa	GlCe	KaBr	KaPf	LaNo	LiCh	LiKo	MaJa	MaRe	MaSy	MeLa	MoAp	MoSn	NaAn	NeCr	NeIr	PeCa	PeEc	PeUc	PnCa	PnJi	PrLa	PuSt	PyTe	RhCo	SaCe	SaSe	ScCr	ScOc	ScOs	ScPo	SeLi	SpBr	SpLa	SpRe	TaDe	TeBo	TiNi	TiWa	ToAg	TrAs	TuMe	UmVi	UsMa	YaLi
HG_11778 	CrQu	MeLa	PlOs	PrLa	PuSt	PyTe	RhCo	TaDe
HG_3501 	AbBi	AcIn	AsNi	AuMe	AuPu	AuTh	CaVi	CrAm	CrQu	CuOl	ExVi	GeCa	KaPf	KwBe	MeLa	MoAp	MoSn	NeCr	PeCa	PeEc	PeUc	PhCo	PlOs	PuSt	PyTe	RhCo	SeLi	SpBr	TaDe	TeBo	TiNi	TrAs	TuMe	UsMa
HG_6396 	CrAm	CrQu	DaQu	ExVi	GaLe	KwBe	KwDe	KwPi	MeLa	NeCr	NeIr	PlOs	PrLa	PuSt	PyTe	RhCo	TrAs
HG_218 	AbBi	BoEd	CrQu	DaQu	ExVi	GaLe	MeLa	PhCo	PuSt
HG_5037 	AbBi	AcIn	AuMe	AuPu	BoEd	CaCo	CaVi	CrQu	DaQu	ExRh	GaLe	GeCa	KaBr	KaPf	MeLa	MoAp	MoSn	NeCr	PeEc	PlOs	PnCa	PnJi	PrLa	PuSt	RhCo	SeLi	SpBr	SpRe	TaDe	TeBo	TiNi	TiWa	TrAs	TuMe	UmVi	UsMa
HG_677 	AbBi	CrQu	GaLe	GlCe	MeLa	PhCo	PlOs	PuSt
HG_6170 	AbBi	AmRe	BoEd	CaCo	CaVi	CrQu	DaQu	ExVi	GaLe	GeCa	MeLa	MoSn	PeEc	PeUc	PhCo	PlOs	PuSt	PyTe	SeLi	SpBr	TrAs	TuMe
HG_5047 	AbBi	BoEd	CaCo	CaVi	CrQu	DaQu	GaLe	GeCa	KaPf	MeLa	MoSn	NeCr	PeEc	PhCo	PlOs	PuSt	PyTe	RhCo	SpBr	TeBo	TiNi	TuMe
HG_5006 	AbBi	AmRe	AsNi	AuMe	AuPu	AuTh	BoEd	CaCo	CaVi	CrQu	DaQu	ExVi	GaLe	GeCa	GlCe	MeLa	MoSn	NeCr	PeCa	PeEc	PeUc	PhCo	PlOs	PuSt	PyTe	RhCo	SeLi	TeBo	TiNi	TuMe
HG_8077 	AbBi	AcIn	BoEd	CaCo	CaVi	CrAm	CrQu	CuOl	DaQu	ExRh	GaLe	KwBe	KwDe	KwPi	KwSh	MeLa	PhCo	PlOs	PuSt	TiWa
HG_4122 	AbBi	AcIn	AlAf	AmRe	AsNi	AuMe	AuPu	AuTh	BoEd	CaAl	CaCo	CaVi	CrAm	CrQu	CuOl	DaQu	DeUd	ExRh	ExVi	GaLe	GeCa	GlCe	KaPf	KwBe	KwDe	KwPi	KwSh	LiCh	LiKo	MeLa	MoSn	NaAn	NeCr	PeCa	PeEc	PeUc	PhCo	PlOs	PnJi	PrLa	PuSt	PyTe	RhCo	SaCe	SaSe	SeLi	SpBr	SpLa	TaDe	TeBo	TiNi	ToAg	TrAs	TuMe	UmVi	YaLi
HG_11586 	CrQu	ExRh	GlCe	MeLa	PeUc	PuSt
HG_5723 	AbBi	AmRe	AsNi	AuMe	AuPu	AuTh	BoEd	CaCo	CaVi	CrAm	CrQu	ExVi	GaLe	GeCa	KwBe	KwDe	KwPi	KwSh	MeLa	MoSn	NeCr	PeCa	PeUc	PhCo	PlOs	PuSt	PyTe	RhCo	SeLi	SpBr	TeBo	TiNi	TrAs	TuMe	UmVi
HG_12512 	AsNi	CrQu	CuOl	MeLa	PeCa	PeUc	PuSt	ToAg
HG_7306 	AbBi	BoEd	CaCo	CaVi	CrAm	CrQu	DaQu	GaLe	KwBe	KwDe	KwPi	MeLa	PhCo	PlOs	PuSt
HG_915 	AbBi	AmRe	AsNi	AuMe	AuPu	AuTh	BoEd	CaCo	CaVi	CrQu	DaQu	ExVi	GaLe	GeCa	GlCe	KaBr	KaPf	LiCh	MeLa	MoAp	MoSn	NeCr	PeCa	PeEc	PeUc	PhCo	PlOs	PuSt	PyTe	RhCo	SeLi	SpBr	SpRe	TeBo	TiNi	TiWa	TrAs	TuMe	UmVi	UsMa
HG_9188 	AbBi	BoEd	CaCo	CaVi	CrQu	DaQu	GaLe	GlCe	MeLa	PhCo	PuSt	UmVi
HG_6787 	AbBi	BoEd	CrQu	DaQu	GaLe	LiCh	LiKo	MeLa	PhCo	PlOs	PuSt	YaLi
HG_7074 	AbBi	AmRe	AsNi	AuPu	BoEd	CrQu	DaQu	ExVi	GaLe	MeLa	PeCa	PeUc	PlOs	PuSt	SeLi	TiWa	TrAs
HG_16719 	AbBi	CrQu	MeLa	PhCo	PuSt
HG_6561 	AmRe	AuMe	AuPu	AuTh	CrQu	GeCa	GlCe	KaPf	LiCh	LiKo	MeLa	MoSn	NeCr	PeEc	PuSt	PyTe	RhCo	SeLi	SpBr	TeBo	TiNi	ToAg	TrAs	TuMe	UmVi
HG_9198 	AbBi	BoEd	CaCo	CaVi	CrQu	DaQu	GaLe	GlCe	KwSh	MeLa	PhCo	PlOs	PuSt	TiWa
HG_7816 	AsNi	AuMe	AuPu	AuTh	CrQu	ExVi	KwBe	KwSh	MeLa	NeCr	PuSt	PyTe	RhCo	SeLi	TrAs
HG_16786 	AbBi	CrQu	MeLa	PuSt
HG_8468 	AbBi	AcIn	BoEd	CrQu	DaQu	GaLe	MeLa	PhCo	PlOs	PuSt
HG_14818 	CrQu	GlCe	MeLa	PuSt
HG_16714 	CrQu	ExVi	MeLa	PuSt	UmVi
HG_7543 	AcIn	CrAm	CrQu	CuOl	ExRh	KaBr	KwBe	KwDe	KwPi	MeLa	MoAp	PuSt	SpRe	TiWa	UsMa
HG_6225 	AcIn	AmRe	AsNi	AuMe	AuPu	AuTh	CaCo	CaVi	CrAm	CrQu	CuOl	ExRh	ExVi	KaBr	KwBe	KwDe	KwPi	KwSh	MeLa	MoAp	NeCr	PeCa	PeUc	PrLa	PuSt	PyTe	RhCo	SeLi	SpRe	TaDe	UsMa
HG_7826 	AsNi	AuMe	AuPu	AuTh	CrQu	GeCa	MeLa	PeCa	PuSt	PyTe	SeLi	SpBr	TaDe
HG_10186 	AbBi	BoEd	CaVi	CrQu	DaQu	GaLe	GlCe	MeLa	PhCo	PlOs	PuSt
HG_1399 	CrQu	MeLa	PuSt	TiWa
HG_6508 	CaCo	CaVi	CrAm	CrQu	CuOl	KwBe	KwDe	KwPi	KwSh	MeLa	PhCo	PlOs	PuSt
HG_312 	AbBi	AcIn	AmRe	AsNi	AuMe	AuPu	AuTh	BoEd	CaCo	CaVi	CrAm	CrQu	CuOl	DaQu	ExRh	ExVi	GaLe	GeCa	KaBr	MaJa	MaRe	MaSy	MeLa	MoAp	NeCr	PeCa	PeUc	PhCo	PlOs	PrLa	PuSt	PyTe	RhCo	ScCr	ScOc	ScOs	ScPo	SeLi	SpBr	SpRe	TaDe	TiWa	TrAs	TuMe	UsMa
HG_721 	AbBi	BoEd	CaCo	CaVi	CrQu	DaQu	GaLe	MeLa	PhCo	PlOs	PuSt
HG_6235 	AbBi	BoEd	CaCo	CaVi	CrAm	CrQu	CuOl	DaQu	GaLe	KwBe	KwDe	KwPi	KwSh	MeLa	PhCo	PlOs	PuSt
HG_5480 	CrQu	GaLe	MeLa	PuSt	TiWa
HG_8252 	AcIn	CrAm	CrQu	ExRh	KaBr	KwBe	KwDe	KwPi	KwSh	MeLa	MoAp	PuSt	SpRe	TiWa	UmVi	UsMa
HG_3922 	AbBi	AmRe	AsNi	AuPu	AuTh	BoEd	CrAm	CrQu	DaQu	ExVi	GaLe	GeCa	GlCe	KaBr	KaPf	KwBe	KwDe	KwPi	KwSh	MeLa	MoAp	MoSn	NeCr	NeIr	PeCa	PeUc	PhCo	PlOs	PnCa	PnJi	PrLa	PuSt	PyTe	RhCo	SeLi	SpBr	SpRe	TaDe	TeBo	TiNi	TrAs	TuMe	UmVi	UsMa
HG_10606 	AcIn	CrQu	ExRh	KaBr	MeLa	MoAp	PuSt	SpRe	TiWa	UsMa
HG_9187 	CaCo	CaVi	CrQu	MeLa	PuSt
HG_5232 	AlAf	AmRe	AsNi	AuTh	CaAl	CrQu	DeUd	ExVi	GeCa	GlCe	KaPf	LaNo	LiCh	LiKo	MeLa	MoSn	NaAn	NeCr	NeIr	PeEc	PeUc	PnCa	PnJi	PuSt	PyTe	RhCo	SaCe	SaSe	ScCr	ScOc	ScOs	ScPo	SeLi	SpBr	SpLa	TeBo	TiNi	ToAg	TrAs	TuMe	UmVi	YaLi
HG_4584 	AbBi	AcIn	AlAf	AmRe	AsNi	AuMe	AuPu	AuTh	BoEd	CaCo	CaVi	CrAm	CrQu	CuOl	DaQu	ExRh	ExVi	GaLe	GeCa	GlCe	KaBr	KaPf	KwBe	KwDe	KwPi	KwSh	LiCh	LiKo	MeLa	MoAp	MoSn	NeCr	NeIr	PeCa	PeEc	PeUc	PhCo	PlOs	PuSt	PyTe	RhCo	SeLi	SpBr	SpLa	SpRe	TeBo	TiNi	TiWa	TrAs	TuMe	UmVi	UsMa
HG_3395 	AbBi	AlAf	AsNi	AuMe	AuPu	AuTh	BoEd	CaCo	CaVi	CrQu	CuOl	DaQu	ExVi	GaLe	GlCe	LaNo	LiCh	LiKo	MeLa	NaAn	NeIr	PeCa	PeUc	PhCo	PlOs	PnCa	PrLa	PuSt	RhCo	SaCe	SeLi	SpLa	TrAs	UmVi	YaLi
HG_6384 	AbBi	AmRe	AsNi	CaCo	CaVi	CrQu	DaQu	GaLe	GeCa	MeLa	PeCa	PhCo	PlOs	PuSt
HG_11776 	AlAf	CrQu	MeLa	NaAn	PrLa	PuSt	UmVi
HG_6796 	AbBi	AcIn	BoEd	CaCo	CaVi	CrQu	DaQu	ExRh	GaLe	GlCe	KaBr	MeLa	MoAp	NeIr	PhCo	PlOs	PuSt	SpRe	TiWa	UmVi	UsMa
HG_650 	AbBi	AcIn	AlAf	AmRe	AsNi	AuMe	AuPu	AuTh	BoEd	CaAl	CaCo	CaVi	CrAm	CrQu	CuOl	DaQu	DeUd	ExRh	ExVi	GaLe	GeCa	GlCe	KaBr	KaPf	KwBe	KwDe	KwPi	KwSh	LaNo	LiCh	LiKo	MaJa	MaRe	MaSy	MeLa	MoAp	MoSn	NaAn	NeCr	NeIr	PeCa	PeEc	PeUc	PhCo	PlOs	PnCa	PnJi	PrLa	PuSt	PyTe	RhCo	SaCe	SaSe	ScCr	ScOc	ScOs	ScPo	SeLi	SpBr	SpLa	SpRe	TaDe	TeBo	TiNi	TiWa	TrAs	TuMe	UsMa	YaLi
HG_953 	AbBi	AcIn	AsNi	AuMe	AuPu	CrQu	GaLe	GeCa	KaPf	MeLa	MoSn	NeCr	PeCa	PeEc	PeUc	PhCo	PlOs	PuSt	PyTe	RhCo	SpBr	TeBo	TrAs
HG_6714 	AbBi	AmRe	AuMe	AuPu	AuTh	CaCo	CaVi	CrQu	DaQu	ExVi	GaLe	GeCa	KaPf	MeLa	MoSn	NeCr	NeIr	PeEc	PhCo	PlOs	PuSt	PyTe	RhCo	SeLi	SpBr	TrAs	TuMe
HG_5566 	AbBi	AmRe	BoEd	CrQu	DaQu	GaLe	GlCe	MeLa	MoSn	NeCr	PhCo	PlOs	PuSt	RhCo	SpBr	TrAs
HG_9439 	BoEd	CrQu	GeCa	KaPf	MeLa	MoSn	PeEc	PhCo	PuSt	RhCo	SpBr	TeBo	TiNi	TuMe
HG_16704 	CrQu	GlCe	MeLa	PuSt	UmVi
HG_12364 	AcIn	CrQu	ExRh	MaJa	MaSy	MeLa	PuSt	UmVi
HG_26 	AbBi	AlAf	AmRe	AsNi	AuMe	AuPu	AuTh	BoEd	CaAl	CrQu	DaQu	DeUd	ExVi	GaLe	GeCa	GlCe	KaPf	KwBe	KwDe	KwPi	KwSh	LiCh	LiKo	MeLa	MoSn	NeCr	NeIr	PeCa	PeEc	PeUc	PhCo	PlOs	PrLa	PuSt	PyTe	RhCo	SeLi	SpBr	TeBo	TiNi	TrAs	TuMe	UmVi	UsMa	YaLi
HG_9471 	AcIn	CrQu	ExRh	KaBr	MeLa	MoAp	PuSt	SpRe
