HG_15299	RhTor_PRQ72693.1 RhGra_KPV78442.1 RhDio_TNY21799.1 MiSap_SCZ95782.1 RhPal_g588.t1 RhPal_g588.t2
HG_20403	RhTor_PRQ72852.1 RhGra_KPV78655.1 RhDio_TNY17177.1 RhPal_g744.t1
HG_20370	RhTor_PRQ72085.1 RhGra_KPV72525.1 RhDio_TNY23850.1 RhPal_g1104.t1
HG_10240	RhTor_PRQ70053.1 RhTor_PRQ74359.1 RhTor_PRQ75195.1 RhDio_TNY16906.1 RhDio_TNY18048.1 RhDio_TNY18049.1 RhDio_TNY18245.1 RhDio_TNY18264.1 RhDio_TNY19070.1 RhDio_TNY22957.1 MiSap_SDA04333.1 MiSap_SDA04334.1
HG_17346	RhTor_PRQ73797.1 RhGra_KPV75882.1 RhDio_TNY19807.1 MiSap_SDA08125.1 RhPal_g4903.t1
HG_24354	RhTor_PRQ76443.1 RhDio_TNY21863.1 RhPal_g6825.t1
HG_20457	RhTor_PRQ74331.1 RhGra_KPV73703.1 RhDio_TNY22889.1 RhPal_g2245.t1
HG_20352	RhTor_PRQ71546.1 RhDio_TNY18293.1 MiSap_SCZ92142.1 RhPal_g6287.t1
HG_20521	RhTor_PRQ76437.1 RhGra_KPV77857.1 RhDio_TNY21856.1 RhPal_g6818.t1
HG_316	RhTor_PRQ71389.1 RhTor_PRQ71625.1 RhTor_PRQ72369.1 RhTor_PRQ72370.1 RhTor_PRQ72371.1 RhTor_PRQ72374.1 RhTor_PRQ72375.1 RhTor_PRQ72376.1 RhTor_PRQ72377.1 RhTor_PRQ72378.1 RhTor_PRQ72379.1 RhTor_PRQ72389.1 RhTor_PRQ72390.1 RhTor_PRQ72391.1 RhTor_PRQ72392.1 RhTor_PRQ72393.1 RhTor_PRQ72401.1 RhTor_PRQ72402.1 RhTor_PRQ72403.1 RhTor_PRQ72404.1 RhTor_PRQ72407.1 RhTor_PRQ72408.1 RhTor_PRQ72409.1 RhTor_PRQ72410.1 RhTor_PRQ72411.1 RhTor_PRQ72412.1 RhTor_PRQ72413.1 RhTor_PRQ72415.1 RhTor_PRQ72432.1 RhTor_PRQ72433.1 RhTor_PRQ72434.1 RhTor_PRQ72436.1 RhTor_PRQ72438.1 RhTor_PRQ72439.1 RhTor_PRQ72440.1 RhTor_PRQ72441.1 RhTor_PRQ72447.1 RhTor_PRQ72459.1 RhTor_PRQ72471.1 RhTor_PRQ73614.1 RhTor_PRQ73615.1 RhTor_PRQ74793.1 RhTor_PRQ74795.1 RhTor_PRQ76745.1 RhTor_PRQ76762.1 RhTor_PRQ76769.1 RhTor_PRQ76773.1 RhTor_PRQ76774.1 RhTor_PRQ76780.1 RhTor_PRQ76781.1 RhTor_PRQ76793.1 RhTor_PRQ76809.1 RhTor_PRQ76810.1 RhTor_PRQ76811.1 RhGra_KPV71614.1 RhGra_KPV71615.1 RhGra_KPV71618.1 RhGra_KPV71619.1 RhGra_KPV71649.1 RhGra_KPV71650.1 RhGra_KPV74584.1 RhGra_KPV75144.1 RhGra_KPV75187.1 RhGra_KPV75204.1 RhGra_KPV75205.1 RhGra_KPV75216.1 RhGra_KPV75222.1 RhGra_KPV75223.1 RhGra_KPV75224.1 RhGra_KPV75227.1 RhGra_KPV75285.1 RhGra_KPV75286.1 RhGra_KPV75641.1 RhGra_KPV77267.1 RhGra_KPV77268.1 RhGra_KPV77324.1 RhGra_KPV77345.1 RhGra_KPV77346.1 RhGra_KPV77347.1 RhDio_TNY17071.1 RhDio_TNY17139.1 RhDio_TNY17218.1 RhDio_TNY17736.1 RhDio_TNY17825.1 RhDio_TNY17827.1 RhDio_TNY18084.1 RhDio_TNY19549.1 RhDio_TNY19553.1 RhDio_TNY19596.1 RhDio_TNY19597.1 RhDio_TNY19611.1 RhDio_TNY19612.1 RhDio_TNY19909.1 RhDio_TNY20001.1 RhDio_TNY20002.1 RhDio_TNY20008.1 RhDio_TNY21007.1 RhDio_TNY21906.1 RhDio_TNY21915.1 RhDio_TNY21916.1 RhDio_TNY21952.1 RhDio_TNY21954.1 RhDio_TNY21969.1 RhDio_TNY22429.1 RhDio_TNY22464.1 RhPal_g3957.t1 RhPal_g5420.t1 RhPal_g6190.t1 RhPal_g6206.t1 RhPal_g6207.t1 RhPal_g6215.t1 RhPal_g6222.t1 RhPal_g6232.t1 RhPal_g6257.t1
HG_20439	RhTor_PRQ73802.1 RhGra_KPV75876.1 RhDio_TNY19801.1 RhPal_g4909.t1
HG_20608	RhGra_KPV77855.1 RhDio_TNY21854.1 RhDio_TNY21868.1 RhPal_g6815.t1
HG_24336	RhTor_PRQ75238.1 RhDio_TNY18253.1 RhPal_g5385.t1
HG_13800	RhTor_PRQ72138.1 RhTor_PRQ72139.1 RhTor_PRQ72140.1 RhTor_PRQ72981.1 RhGra_KPV74715.1 RhDio_TNY19709.1 RhDio_TNY24634.1
HG_17464	RhTor_PRQ77940.1 RhGra_KPV76369.1 RhDio_TNY22801.1 MiSap_SDA06928.1 RhPal_g4260.t1
HG_20334	RhTor_PRQ70993.1 RhGra_KPV72036.1 RhDio_TNY24132.1 RhPal_g2464.t1
HG_20470	RhTor_PRQ74731.1 RhDio_TNY23588.1 MiSap_SCZ91094.1 RhPal_g6774.t1
HG_20503	RhTor_PRQ75604.1 RhGra_KPV72746.1 RhDio_TNY21471.1 RhPal_g2973.t1
HG_20557	RhTor_PRQ77703.1 RhGra_KPV74433.1 RhDio_TNY24403.1 RhPal_g7575.t1
HG_24318	RhTor_PRQ73752.1 RhGra_KPV75793.1 RhPal_g4869.t1
HG_24285	RhTor_PRQ71558.1 RhDio_TNY19442.1 RhPal_g6304.t1
HG_20316	RhTor_PRQ70626.1 RhGra_KPV73210.1 RhDio_TNY18919.1 RhPal_g2828.t1
HG_20388	RhTor_PRQ72500.1 RhGra_KPV75202.1 MiSap_SDA07570.1 RhPal_g6158.t1
HG_17341	RhTor_PRQ73538.1 RhGra_KPV73465.1 RhDio_TNY20564.1 MiSap_SCZ92963.1 RhPal_g1928.t1
HG_17277	RhTor_PRQ71343.1 RhGra_KPV74626.1 RhDio_TNY22167.1 MiSap_SCZ92006.1 RhPal_g6399.t1
HG_15309	RhTor_PRQ73637.1 RhGra_KPV75773.1 RhDio_TNY23690.1 MiSap_SDA06859.1 RhPal_g4795.t1 RhPal_g4795.t2
HG_15340	RhTor_PRQ78129.1 RhGra_KPV74205.1 RhDio_TNY20927.1 MiSap_SDA00843.1 RhPal_g7339.t1 RhPal_g7339.t2
HG_24267	RhTor_PRQ70926.1 RhGra_KPV72079.1 RhPal_g2533.t1
HG_20539	RhTor_PRQ77092.1 RhDio_TNY21654.1 MiSap_SCZ95510.1 RhPal_g290.t1
HG_17290	RhTor_PRQ71691.1 RhGra_KPV72391.1 RhDio_TNY23052.1 MiSap_SDA06207.1 RhPal_g1473.t1
HG_13836	RhGra_KPV75764.1 RhGra_KPV75813.1 RhDio_TNY17097.1 RhDio_TNY21612.1 RhPal_g4827.t1 RhPal_g4858.t1 RhPal_g4874.t1
HG_17259	RhTor_PRQ70678.1 RhGra_KPV73228.1 RhDio_TNY17328.1 MiSap_SDA04343.1 RhPal_g2769.t1
HG_17395	RhTor_PRQ75021.1 RhGra_KPV77460.1 RhDio_TNY22101.1 MiSap_SCZ97792.1 RhPal_g5535.t1
HG_17428	RhTor_PRQ76573.1 RhGra_KPV71757.1 RhDio_TNY22221.1 RhPal_g7202.t1 RhPal_g7240.t1
HG_20603	RhGra_KPV76749.1 RhDio_TNY24211.1 MiSap_SDA02058.1 RhPal_g3945.t1
HG_20570	RhTor_PRQ78212.1 RhGra_KPV74139.1 RhDio_TNY20756.1 RhPal_g7289.t1
HG_24249	RhTor_PRQ70013.1 RhGra_KPV77217.1 RhDio_TNY18702.1
HG_24418	RhGra_KPV73854.1 RhDio_TNY20431.1 RhPal_g1636.t1
HG_20416	RhTor_PRQ73058.1 RhDio_TNY24503.1 MiSap_SDA07407.1 RhPal_g4160.t1
HG_20552	RhTor_PRQ77552.1 RhGra_KPV74301.1 RhDio_TNY19349.1 RhPal_g1465.t1
HG_20488	RhTor_PRQ75114.1 RhGra_KPV77531.1 RhDio_TNY21233.1 RhPal_g5472.t1
HG_17305	RhTor_PRQ72523.1 RhGra_KPV78225.1 RhDio_TNY23216.1 MiSap_SCZ94963.1 RhPal_g342.t1
HG_24280	RhTor_PRQ71353.1 RhDio_TNY22173.1 MiSap_SCZ91153.1
HG_17377	RhTor_PRQ74553.1 RhGra_KPV74951.1 RhDio_TNY24744.1 MiSap_SCZ92152.1 RhPal_g6594.t1
HG_16320	RhTor_PRQ75268.1 RhGra_KPV72186.1 RhDio_TNY17581.1 MiSap_SCZ98508.1 RhPal_g5341.t1
HG_17272	RhTor_PRQ71150.1 RhGra_KPV71922.1 RhDio_TNY17172.1 MiSap_SDA05286.1 RhPal_g2347.t1
HG_12359	RhTor_PRQ75018.1 RhTor_PRQ76263.1 RhGra_KPV77504.1 RhGra_KPV77685.1 RhDio_TNY19175.1 RhDio_TNY19484.1 RhPal_g5522.t1 RhPal_g6999.t1
HG_13785	RhTor_PRQ70132.1 RhGra_KPV74095.1 RhGra_KPV74100.1 RhDio_TNY17040.1 RhDio_TNY17397.1 MiSap_SDA01006.1 RhPal_g1837.t1
HG_15304	RhTor_PRQ73211.1 RhGra_KPV77060.1 RhDio_TNY23322.1 MiSap_SDA06092.1 MiSap_SDA07974.1 RhPal_g3589.t1
HG_13303	RhTor_PRQ69843.1 RhGra_KPV75590.1 RhGra_KPV75591.1 RhDio_TNY19975.1 RhDio_TNY19976.1 MiSap_SDA04673.1 RhPal_g5774.t1
HG_17441	RhTor_PRQ77043.1 RhGra_KPV78083.1 RhDio_TNY23172.1 MiSap_SCZ95742.1 RhPal_g245.t1
HG_20311	RhTor_PRQ70425.1 RhGra_KPV73071.1 RhDio_TNY18455.1 RhPal_g3198.t1
HG_24367	RhTor_PRQ77278.1 RhGra_KPV77905.1 RhPal_g23.t1
HG_24431	RhGra_KPV75757.1 RhDio_TNY17149.1 RhPal_g4845.t1
HG_17359	RhTor_PRQ74034.1 RhGra_KPV76086.1 RhDio_TNY17104.1 MiSap_SDA07203.1 RhPal_g5144.t1
HG_17495	RhGra_KPV73384.1 RhGra_KPV76186.1 RhDio_TNY24530.1 MiSap_SDA05156.1 RhPal_g4087.t1
HG_20534	RhTor_PRQ76880.1 RhGra_KPV78347.1 RhDio_TNY20598.1 RhPal_g474.t1
HG_18713	RhGra_KPV72497.1 RhDio_TNY23888.1 MiSap_SDA06952.1 RhPal_g1071.t1
HG_24262	RhTor_PRQ70717.1 RhGra_KPV73350.1 RhDio_TNY20401.1
HG_17390	RhTor_PRQ74923.1 RhGra_KPV76843.1 RhGra_KPV76844.1 RhDio_TNY23999.1 RhPal_g3798.t1
HG_17423	RhTor_PRQ76228.1 RhGra_KPV77698.1 RhDio_TNY19185.1 MiSap_SCZ89597.1 RhPal_g7018.t1
HG_20365	RhTor_PRQ71876.1 RhGra_KPV71606.1 RhDio_TNY22420.1 RhPal_g1262.t1
HG_12782	RhTor_PRQ73843.1 RhGra_KPV75891.1 RhGra_KPV75930.1 RhDio_TNY18862.1 RhDio_TNY19816.1 RhDio_TNY20225.1 RhDio_TNY20261.1 RhPal_g4947.t1
HG_16374	RhTor_PRQ77081.1 RhGra_KPV74725.1 RhDio_TNY22156.1 MiSap_SCZ95480.1 RhPal_g6418.t1
HG_17254	RhTor_PRQ70555.1 RhGra_KPV73020.1 RhDio_TNY21553.1 MiSap_SDA08413.1 RhPal_g3262.t1
HG_8101	RhTor_PRQ77254.1 RhTor_PRQ77256.1 RhTor_PRQ77265.1 RhGra_KPV74038.1 RhGra_KPV77925.1 RhGra_KPV77929.1 RhGra_KPV77930.1 RhDio_TNY22837.1 RhDio_TNY22838.1 RhDio_TNY23716.1 RhDio_TNY23717.1 RhDio_TNY23721.1 RhDio_TNY23722.1 MiSap_SDA06131.1 RhPal_g3231.t1 RhPal_g33.t1 RhPal_g41.t1 RhPal_g41.t2 RhPal_g53.t1 RhPal_g53.t2
HG_24349	RhTor_PRQ76232.1 RhGra_KPV77697.1 RhDio_TNY19189.1
HG_20588	RhGra_KPV72522.1 RhDio_TNY23853.1 RhPal_g2051.t1 RhPal_g3701.t1
HG_24380	RhTor_PRQ78213.1 RhGra_KPV74140.1 RhPal_g7288.t1
HG_20516	RhTor_PRQ76288.1 RhGra_KPV77621.1 RhDio_TNY20700.1 RhPal_g6943.t1
HG_17300	RhTor_PRQ72216.1 RhGra_KPV71524.1 RhDio_TNY22612.1 MiSap_SDA06930.1 RhPal_g897.t1
HG_17236	RhTor_PRQ69775.1 RhGra_KPV75521.1 RhDio_TNY20493.1 MiSap_SDA04628.1 RhPal_g5831.t1
HG_17372	RhTor_PRQ74352.1 RhGra_KPV73753.1 RhDio_TNY22952.1 RhPal_g2235.t1 RhPal_g2236.t1
HG_17405	RhTor_PRQ75278.1 RhDio_TNY18836.1 MiSap_SCZ99111.1 RhPal_g5332.t1 RhPal_g5332.t2
HG_11917	RhGra_KPV76131.1 RhGra_KPV76132.1 RhGra_KPV76134.1 RhDio_TNY21768.1 RhDio_TNY21781.1 RhPal_g5185.t1 RhPal_g5190.t1 RhPal_g941.t1 RhPal_g942.t1
HG_20411	RhTor_PRQ72973.1 RhGra_KPV76173.1 MiSap_SDA05173.1 RhPal_g4071.t1
HG_20347	RhTor_PRQ71417.1 RhDio_TNY18513.1 MiSap_SCZ91536.1 RhPal_g6373.t1
HG_20483	RhTor_PRQ75026.1 RhDio_TNY22096.1 MiSap_SCZ97784.1 RhPal_g5540.t1
HG_17459	RhTor_PRQ77618.1 RhGra_KPV74351.1 RhDio_TNY21485.1 MiSap_SDA00210.1 RhPal_g7503.t1
HG_24362	RhTor_PRQ76946.1 RhGra_KPV78234.1 RhPal_g353.t1
HG_24298	RhTor_PRQ72652.1 RhDio_TNY21054.1 RhPal_g631.t1
HG_20329	RhTor_PRQ70952.1 RhGra_KPV71998.1 RhDio_TNY19520.1 RhPal_g2421.t1
HG_20465	RhTor_PRQ74614.1 RhGra_KPV74984.1 RhDio_TNY24828.1 RhPal_g6662.t1
HG_17354	RhTor_PRQ73952.1 RhTor_PRQ73953.1 RhGra_KPV76023.1 RhDio_TNY18107.1 RhPal_g5058.t1
HG_17490	RhGra_KPV72558.1 RhDio_TNY17465.1 RhDio_TNY17477.1 RhDio_TNY21336.1 RhPal_g2305.t1
HG_20360	RhTor_PRQ71722.1 RhGra_KPV72403.1 RhDio_TNY23085.1 RhPal_g1441.t1
HG_24344	RhTor_PRQ75906.1 MiSap_SDA03316.1 RhPal_g1731.t1
HG_24449	RhGra_KPV78368.1 RhDio_TNY19790.1 RhPal_g493.t1
HG_17400	RhTor_PRQ75112.1 RhGra_KPV77535.1 RhGra_KPV77560.1 RhDio_TNY21229.1 RhPal_g5470.t1
HG_17336	RhTor_PRQ73474.1 RhGra_KPV74530.1 RhDio_TNY24393.1 MiSap_SDA01053.1 RhPal_g7732.t1
HG_17472	RhTor_PRQ78183.1 RhGra_KPV74184.1 RhDio_TNY18230.1 MiSap_SDA01040.1 RhPal_g7321.t1
HG_20511	RhTor_PRQ75926.1 RhGra_KPV73921.1 RhDio_TNY18313.1 RhPal_g1758.t1
HG_20447	RhTor_PRQ74063.1 RhGra_KPV76116.1 RhDio_TNY21754.1 RhPal_g5167.t1
HG_25688	RhDio_TNY23978.1 MiSap_SDA05768.1 RhPal_g3820.t1
HG_24398	RhGra_KPV72106.1 RhDio_TNY24042.1 RhPal_g2542.t1
HG_20565	RhTor_PRQ77967.1 RhDio_TNY24463.1 MiSap_SDA03838.1 RhPal_g4203.t1
HG_17318	RhTor_PRQ72917.1 RhGra_KPV78698.1 RhDio_TNY21731.1 MiSap_SCZ96186.1 RhPal_g834.t1
HG_24293	RhTor_PRQ71878.1 RhGra_KPV71601.1 RhPal_g1264.t1
HG_17454	RhTor_PRQ77462.1 RhGra_KPV76809.1 RhDio_TNY24004.1 MiSap_SDA05891.1 RhPal_g3794.t1
HG_20429	RhTor_PRQ73322.1 RhGra_KPV77113.1 RhDio_TNY19234.1 RhPal_g3559.t1
HG_14501	RhGra_KPV76852.1 RhDio_TNY23977.1 MiSap_SDA07903.1 MiSap_SDA07976.1 MiSap_SDA07977.1 RhPal_g3821.t1
HG_17285	RhTor_PRQ71617.1 RhGra_KPV72323.1 RhDio_TNY20521.1 MiSap_SDA06228.1 RhPal_g1535.t1
HG_15317	RhTor_PRQ74702.1 RhTor_PRQ74703.1 RhGra_KPV75087.1 RhDio_TNY23517.1 RhPal_g6768.t1 RhPal_g6768.t2
HG_20324	RhTor_PRQ70817.1 MiSap_SDA04455.1 RhPal_g5957.t1 RhPal_g905.t1
HG_20460	RhTor_PRQ74438.1 RhGra_KPV73533.1 RhDio_TNY17988.1 RhPal_g1991.t1
HG_20396	RhTor_PRQ72637.1 RhDio_TNY21069.1 MiSap_SCZ96221.1 RhPal_g644.t1
HG_9851	RhTor_PRQ70370.1 RhTor_PRQ70371.1 RhTor_PRQ70372.1 RhTor_PRQ70419.1 RhTor_PRQ70431.1 RhTor_PRQ70432.1 RhTor_PRQ70441.1 RhTor_PRQ70442.1 RhTor_PRQ70444.1 RhTor_PRQ75172.1 RhGra_KPV73060.1 RhDio_TNY17408.1 RhPal_g3207.t1
HG_17436	RhTor_PRQ76903.1 RhGra_KPV78377.1 RhDio_TNY20622.1 MiSap_SCZ95034.1 RhPal_g509.t1
HG_24444	RhGra_KPV77778.1 RhDio_TNY17438.1 RhPal_g7104.t1
HG_20547	RhTor_PRQ77258.1 RhGra_KPV77928.1 RhDio_TNY23718.1 RhPal_g42.t1
HG_24275	RhTor_PRQ71254.1 RhDio_TNY19912.1 RhPal_g4665.t1
HG_20306	RhTor_PRQ70129.1 RhGra_KPV74107.1 RhDio_TNY17724.1 RhPal_g1841.t1
HG_20442	RhTor_PRQ73840.1 RhGra_KPV75893.1 RhDio_TNY20259.1 RhPal_g4945.t1
HG_20378	RhTor_PRQ72207.1 RhGra_KPV72650.1 RhDio_TNY18868.1 RhPal_g949.t1
HG_17331	RhTor_PRQ73235.1 RhGra_KPV76933.1 RhDio_TNY23398.1 RhDio_TNY23399.1 RhPal_g3696.t1
HG_17267	RhTor_PRQ71044.1 RhGra_KPV72047.1 RhDio_TNY24071.1 MiSap_SDA02559.1 RhPal_g2493.t1
HG_15330	RhTor_PRQ76804.1 RhGra_KPV75170.1 RhDio_TNY21945.1 MiSap_SCZ92819.1 MiSap_SCZ92821.1 RhPal_g6182.t1
HG_25683	RhDio_TNY20094.1 MiSap_SDA05008.1 RhPal_g3145.t1
HG_24321	RhTor_PRQ73819.1 RhGra_KPV75913.1 RhPal_g4925.t1
HG_24257	RhTor_PRQ70405.1 MiSap_SDA04284.1 RhPal_g3162.t1
HG_17418	RhTor_PRQ76004.1 RhGra_KPV75482.1 RhDio_TNY20876.1 MiSap_SDA03844.1 RhPal_g5884.t1
HG_24426	RhGra_KPV75334.1 RhDio_TNY23482.1 RhPal_g6012.t1
HG_20529	RhTor_PRQ76713.1 RhGra_KPV75262.1 RhDio_TNY23420.1 RhPal_g6068.t1
HG_17280	RhTor_PRQ71413.1 RhGra_KPV74608.1 RhDio_TNY22119.1 MiSap_SCZ91358.1 RhPal_g6334.t1
HG_17313	RhTor_PRQ72620.1 RhGra_KPV78428.1 RhDio_TNY18990.1 MiSap_SCZ94639.1 RhPal_g607.t1
HG_17249	RhTor_PRQ70377.1 RhGra_KPV73081.1 RhDio_TNY18450.1 MiSap_SDA04491.1 RhPal_g3189.t1
HG_17385	RhTor_PRQ74734.1 RhGra_KPV75090.1 RhDio_TNY23512.1 MiSap_SDA02054.1 RhPal_g6764.t1
HG_11897	RhTor_PRQ71687.1 RhTor_PRQ71688.1 RhTor_PRQ71689.1 RhGra_KPV72382.1 RhPal_g1468.t1 RhPal_g1476.t1 RhPal_g1476.t2 RhPal_g1477.t1 RhPal_g1485.t1
HG_20391	RhTor_PRQ72543.1 RhGra_KPV78248.1 RhDio_TNY18064.1 RhPal_g367.t1
HG_20424	RhTor_PRQ73227.1 RhGra_KPV76918.1 RhDio_TNY23376.1 RhPal_g3662.t1
HG_12777	RhTor_PRQ71806.1 RhGra_KPV72475.1 RhDio_TNY18116.1 RhDio_TNY18117.1 MiSap_SDA06078.1 MiSap_SDA06113.1 RhPal_g1387.t1 RhPal_g1388.t1
HG_20560	RhTor_PRQ77804.1 RhGra_KPV76490.1 RhDio_TNY18882.1 RhPal_g4397.t1
HG_20496	RhTor_PRQ75478.1 RhGra_KPV72930.1 MiSap_SDA05687.1 RhPal_g2862.t1
HG_9515	RhTor_PRQ71507.1 RhTor_PRQ75856.1 RhTor_PRQ77075.1 RhGra_KPV73974.1 RhGra_KPV78151.1 RhDio_TNY19721.1 RhDio_TNY21102.1 RhDio_TNY21662.1 MiSap_SCZ91311.1 MiSap_SCZ97116.1 RhPal_g1687.t1 RhPal_g1687.t2 RhPal_g270.t1 RhPal_g6473.t1
HG_20542	RhTor_PRQ77110.1 RhGra_KPV77993.1 RhDio_TNY19851.1 RhPal_g181.t1
HG_13808	RhTor_PRQ73334.1 RhTor_PRQ73340.1 RhGra_KPV77128.1 RhDio_TNY18272.1 MiSap_SDA05613.1 RhPal_g2747.t1 RhPal_g3515.t1
HG_24270	RhTor_PRQ71006.1 RhDio_TNY24116.1 RhPal_g2480.t1
HG_17431	RhTor_PRQ76794.1 RhGra_KPV75176.1 RhDio_TNY21939.1 MiSap_SDA07475.1 RhPal_g6188.t1
HG_17367	RhTor_PRQ74217.1 RhGra_KPV73611.1 RhDio_TNY23300.1 MiSap_SCZ93373.1 RhPal_g2088.t1
HG_20406	RhTor_PRQ72876.1 RhGra_KPV78603.1 RhDio_TNY19283.1 RhPal_g798.t1
HG_17262	RhTor_PRQ70862.1 RhGra_KPV73426.1 RhDio_TNY19022.1 MiSap_SCZ95271.1 RhPal_g2614.t1
HG_20301	RhTor_PRQ70057.1 RhTor_PRQ70062.1 RhDio_TNY20662.1 RhPal_g3407.t1
HG_20373	RhTor_PRQ72109.1 RhDio_TNY23857.1 MiSap_SDA06685.1 RhPal_g1097.t1
HG_16310	RhTor_PRQ75762.1 RhGra_KPV73838.1 RhDio_TNY18214.1 MiSap_SDA03552.1 RhPal_g1626.t1
HG_24357	RhTor_PRQ76594.1 RhDio_TNY22198.1 RhPal_g7214.t1
HG_17413	RhTor_PRQ75669.1 RhGra_KPV72825.1 RhDio_TNY18764.1 MiSap_SDA01994.1 RhPal_g2950.t1
HG_17349	RhTor_PRQ73870.1 RhGra_KPV75963.1 RhDio_TNY22494.1 MiSap_SDA06821.1 RhPal_g4972.t1
HG_20355	RhTor_PRQ71654.1 MiSap_SCZ88470.1 MiSap_SCZ88575.1 RhPal_g1494.t1
HG_20524	RhTor_PRQ76576.1 RhGra_KPV71751.1 RhDio_TNY22215.1 RhPal_g7235.t1
HG_20596	RhGra_KPV74135.1 RhDio_TNY20760.1 RhPal_g3174.t1 RhPal_g7279.t1
HG_17380	RhTor_PRQ74598.1 RhGra_KPV74977.1 RhDio_TNY24810.1 RhDio_TNY24819.1 RhPal_g6654.t1
HG_11892	RhTor_PRQ70547.1 RhTor_PRQ70572.1 RhGra_KPV73016.1 RhGra_KPV73034.1 RhDio_TNY21549.1 RhDio_TNY21566.1 MiSap_SDA04259.1 RhPal_g3249.t1 RhPal_g3265.t1
HG_12772	RhTor_PRQ69886.1 RhGra_KPV76668.1 RhDio_TNY20128.1 MiSap_SCZ88729.1 MiSap_SCZ94529.1 MiSap_SDA05046.1 MiSap_SDA06108.1 RhPal_g4625.t1
HG_20491	RhTor_PRQ75182.1 RhGra_KPV77542.1 RhDio_TNY21224.1 RhPal_g5445.t1
HG_10909	RhTor_PRQ72301.1 RhTor_PRQ72302.1 RhTor_PRQ74763.1 RhTor_PRQ76099.1 RhDio_TNY18169.1 MiSap_SCZ89312.1 RhPal_g4600.t1 RhPal_g7125.t1 RhPal_g866.t1 RhPal_g980.t1
HG_13821	RhTor_PRQ77274.1 RhTor_PRQ77277.1 RhTor_PRQ77296.1 RhGra_KPV77900.1 RhDio_TNY17591.1 RhDio_TNY17601.1 RhPal_g13.t1
HG_17244	RhTor_PRQ70183.1 RhGra_KPV74032.1 RhDio_TNY22835.1 RhPal_g1829.t1 RhPal_g1829.t2
HG_24339	RhTor_PRQ75706.1 RhDio_TNY17036.1 RhPal_g1574.t1
HG_24403	RhGra_KPV72364.1 RhDio_TNY17251.1 RhPal_g1508.t1
HG_24370	RhTor_PRQ77594.1 RhGra_KPV74328.1 RhDio_TNY19369.1
HG_17298	RhTor_PRQ72054.1 RhGra_KPV72670.1 MiSap_SDA06756.1 RhPal_g1141.t1 RhPal_g1141.t2
HG_17467	RhTor_PRQ77970.1 RhGra_KPV76281.1 RhDio_TNY24466.1 MiSap_SDA03913.1 RhPal_g4206.t1
HG_20337	RhTor_PRQ71114.1 RhGra_KPV71885.1 RhDio_TNY20223.1 RhPal_g2328.t1
HG_20506	RhTor_PRQ75664.1 RhGra_KPV72834.1 RhDio_TNY22240.1 RhPal_g2956.t1
HG_13803	RhTor_PRQ72685.1 RhTor_PRQ72690.1 RhTor_PRQ72750.1 RhTor_PRQ72751.1 RhGra_KPV78434.1 RhDio_TNY18996.1 RhPal_g600.t1
HG_17362	RhTor_PRQ74056.1 RhGra_KPV76107.1 RhDio_TNY21746.1 MiSap_SDA06596.1 RhPal_g5161.t1
HG_15297	RhTor_PRQ72562.1 RhGra_KPV78269.1 RhGra_KPV78270.1 RhDio_TNY20291.1 RhDio_TNY20292.1 RhPal_g387.t1
HG_20473	RhTor_PRQ74811.1 RhGra_KPV76710.1 RhDio_TNY24235.1 RhPal_g4007.t1
HG_8965	RhTor_PRQ70461.1 RhTor_PRQ70462.1 RhTor_PRQ71041.1 RhTor_PRQ71059.1 RhTor_PRQ71060.1 RhTor_PRQ71061.1 RhTor_PRQ76017.1 RhGra_KPV72050.1 RhDio_TNY19385.1 RhDio_TNY24068.1 MiSap_SCZ95405.1 MiSap_SCZ99797.1 MiSap_SDA03572.1 MiSap_SDA07279.1 RhPal_g2496.t1 RhPal_g5938.t1
HG_17449	RhTor_PRQ77263.1 RhGra_KPV77921.1 RhDio_TNY23712.1 MiSap_SCZ95548.1 RhPal_g35.t1
HG_20319	RhTor_PRQ70659.1 RhGra_KPV73274.1 RhDio_TNY22023.1 RhPal_g2802.t1
HG_24352	RhTor_PRQ76382.1 RhGra_KPV77813.1 RhPal_g6870.t1
HG_24288	RhTor_PRQ71693.1 RhGra_KPV72390.1 RhPal_g1472.t1
HG_20455	RhTor_PRQ74265.1 RhDio_TNY22585.1 MiSap_SCZ92991.1 RhPal_g2119.t1
HG_16328	RhTor_PRQ70514.1 RhTor_PRQ70515.1 RhGra_KPV73170.1 RhDio_TNY20321.1 RhPal_g3333.t1
HG_20591	RhGra_KPV73123.1 RhDio_TNY19675.1 RhPal_g3281.t1 RhPal_g3282.t1
HG_17344	RhTor_PRQ73728.1 RhGra_KPV75754.1 RhDio_TNY19195.1 MiSap_SCZ97863.1 RhPal_g4842.t1
HG_17326	RhTor_PRQ73039.1 RhTor_PRQ73040.1 RhGra_KPV76227.1 RhDio_TNY24554.1 RhPal_g4143.t1
HG_17293	RhTor_PRQ71832.1 RhGra_KPV71689.1 RhDio_TNY22444.1 MiSap_SDA06140.1 RhPal_g1248.t1
HG_15292	RhTor_PRQ71907.1 RhGra_KPV71665.1 RhDio_TNY21252.1 RhPal_g1296.t1 RhPal_g1296.t2 RhPal_g1296.t3
HG_17462	RhTor_PRQ77790.1 RhDio_TNY22391.1 MiSap_SDA07430.1 RhPal_g12.t1 RhPal_g4502.t1
HG_20332	RhTor_PRQ70969.1 RhGra_KPV72087.1 RhDio_TNY24050.1 RhPal_g2555.t1
HG_17398	RhTor_PRQ75101.1 RhGra_KPV77498.1 RhDio_TNY19493.1 MiSap_SCZ98653.1 RhPal_g5505.t1
HG_20501	RhTor_PRQ75575.1 RhGra_KPV72711.1 RhDio_TNY22314.1 RhPal_g3057.t1
HG_9859	RhTor_PRQ77697.1 RhTor_PRQ77752.1 RhTor_PRQ77753.1 RhGra_KPV74423.1 RhGra_KPV74425.1 RhGra_KPV74432.1 RhGra_KPV74470.1 RhDio_TNY17335.1 RhDio_TNY17337.1 RhDio_TNY24359.1 RhDio_TNY24404.1 RhPal_g7578.t1 RhPal_g7582.t1
HG_24316	RhTor_PRQ73506.1 RhGra_KPV74548.1 RhDio_TNY24389.1
HG_20555	RhTor_PRQ77633.1 MiSap_SDA03620.1 RhPal_g4523.t1 RhPal_g7514.t1
HG_17275	RhTor_PRQ71322.1 RhGra_KPV74899.1 RhDio_TNY24678.1 MiSap_SCZ91332.1 RhPal_g6521.t1
HG_17308	RhTor_PRQ72571.1 RhGra_KPV78280.1 RhDio_TNY20279.1 MiSap_SCZ96215.1 RhPal_g396.t1
HG_24283	RhTor_PRQ71464.1 RhDio_TNY22131.1 RhPal_g6433.t1
HG_15307	RhTor_PRQ73363.1 RhGra_KPV77240.1 RhGra_KPV77913.1 RhDio_TNY19125.1 RhPal_g3493.t1 RhPal_g3497.t1
HG_14499	RhGra_KPV72285.1 RhGra_KPV72286.1 RhDio_TNY23008.1 RhDio_TNY23009.1 MiSap_SDA06797.1 RhPal_g910.t1
HG_17444	RhTor_PRQ77091.1 RhGra_KPV78128.1 RhDio_TNY21655.1 MiSap_SCZ95458.1 RhPal_g291.t1
HG_20314	RhTor_PRQ70584.1 RhGra_KPV73124.1 RhDio_TNY19672.1 RhPal_g3283.t1
HG_22620	RhTor_PRQ75894.1 RhGra_KPV73893.1 RhPal_g1746.t1
HG_20419	RhTor_PRQ73123.1 RhGra_KPV76395.1 RhDio_TNY24457.1 RhPal_g4235.t1
HG_20386	RhTor_PRQ72416.1 RhGra_KPV75132.1 RhDio_TNY17823.1 RhPal_g6255.t1
HG_20450	RhTor_PRQ74120.1 RhDio_TNY21795.1 MiSap_SDA04592.1 RhPal_g5202.t1
HG_17426	RhTor_PRQ76439.1 RhGra_KPV77859.1 RhDio_TNY21858.1 MiSap_SCZ89434.1 RhPal_g6820.t1
HG_17393	RhTor_PRQ74999.1 RhGra_KPV77395.1 RhDio_TNY19742.1 MiSap_SCZ98271.1 RhPal_g5616.t1
HG_20432	RhTor_PRQ73481.1 RhGra_KPV74368.1 RhDio_TNY21502.1 RhPal_g7515.t1
HG_12785	RhTor_PRQ74961.1 RhTor_PRQ74962.1 RhTor_PRQ74966.1 RhGra_KPV77366.1 RhDio_TNY17443.1 RhDio_TNY17444.1 RhPal_g5632.t1 RhPal_g5636.t1
HG_20601	RhGra_KPV76223.1 RhDio_TNY24566.1 RhPal_g4131.t1 RhPal_g4132.t1
HG_20537	RhTor_PRQ76986.1 RhGra_KPV78133.1 RhDio_TNY21651.1 RhPal_g286.t1
HG_20368	RhTor_PRQ72030.1 RhDio_TNY21330.1 RhPal_g1171.t1 RhPal_g1171.t2
HG_13834	RhGra_KPV73219.1 RhDio_TNY19303.1 RhDio_TNY19307.1 RhDio_TNY22058.1 RhPal_g2353.t1 RhPal_g2374.t1 RhPal_g2745.t1
HG_17257	RhTor_PRQ70671.1 RhGra_KPV73221.1 RhDio_TNY17392.1 MiSap_SDA08418.1 RhPal_g2778.t1
HG_24265	RhTor_PRQ70907.1 RhGra_KPV71984.1 RhPal_g2433.t1
HG_11254	RhTor_PRQ70812.1 RhTor_PRQ71051.1 RhGra_KPV72015.1 RhGra_KPV74343.1 RhDio_TNY21476.1 MiSap_SDA07693.1 RhPal_g2485.t1 RhPal_g2486.t1 RhPal_g7459.t1 RhPal_g915.t1
HG_24416	RhGra_KPV73746.1 RhDio_TNY21189.1 RhPal_g2219.t1
HG_13816	RhTor_PRQ75401.1 RhTor_PRQ75418.1 RhTor_PRQ75419.1 RhTor_PRQ75420.1 RhDio_TNY22983.1 MiSap_SDA08437.1 RhPal_g5244.t1
HG_24311	RhTor_PRQ73329.1 RhGra_KPV76812.1 RhPal_g3787.t1
HG_17239	RhTor_PRQ69924.1 RhGra_KPV76674.1 RhDio_TNY17487.1 MiSap_SDA07335.1 RhPal_g4618.t1
HG_24247	RhTor_PRQ69911.1 RhGra_KPV76633.1 RhPal_g4537.t1
HG_20486	RhTor_PRQ75092.1 RhGra_KPV77483.1 RhDio_TNY22118.1 RhPal_g5516.t1
HG_20519	RhTor_PRQ76338.1 RhGra_KPV77649.1 RhDio_TNY21016.1 RhPal_g6966.t1
HG_16359	RhTor_PRQ77073.1 RhGra_KPV78148.1 RhDio_TNY21660.1 MiSap_SCZ97133.1 RhPal_g272.t1
HG_17303	RhTor_PRQ72343.1 RhGra_KPV71573.1 RhDio_TNY17310.1 MiSap_SDA06441.1 RhPal_g870.t1
HG_17375	RhTor_PRQ74426.1 RhGra_KPV73522.1 RhDio_TNY17951.1 MiSap_SCZ93564.1 RhPal_g1997.t1
HG_20414	RhTor_PRQ73018.1 RhDio_TNY24568.1 MiSap_SDA05168.1 RhPal_g4118.t1
HG_20381	RhTor_PRQ72276.1 RhGra_KPV71548.1 RhDio_TNY22629.1 RhPal_g991.t1
HG_20550	RhTor_PRQ77397.1 RhDio_TNY23934.1 MiSap_SDA05808.1 RhPal_g3854.t1
HG_22638	RhTor_PRQ75197.1 RhDio_TNY18051.1 RhPal_g4769.t1
HG_20468	RhTor_PRQ74678.1 RhGra_KPV75044.1 RhDio_TNY23582.1 RhPal_g6736.t1
HG_20299	RhTor_PRQ69947.1 RhGra_KPV76658.1 MiSap_SDA07327.1 RhPal_g4568.t1
HG_20532	RhTor_PRQ76806.1 RhDio_TNY21943.1 MiSap_SDA06580.1 RhPal_g6178.t1
HG_10917	RhTor_PRQ71478.1 RhTor_PRQ72225.1 RhGra_KPV71553.1 RhGra_KPV74653.1 RhDio_TNY17996.1 RhDio_TNY19449.1 MiSap_SCZ91792.1 MiSap_SDA03590.1 RhPal_g6310.t1 RhPal_g931.t1
HG_17421	RhTor_PRQ76144.1 RhGra_KPV77737.1 RhDio_TNY20368.1 RhPal_g7090.t1 RhPal_g7090.t2
HG_17357	RhTor_PRQ73963.1 RhGra_KPV76032.1 RhDio_TNY18101.1 MiSap_SDA07036.1 RhPal_g5068.t1
HG_17493	RhGra_KPV73101.1 RhGra_KPV73102.1 RhDio_TNY20108.1 MiSap_SDA04317.1 RhPal_g3170.t1
HG_20363	RhTor_PRQ71842.1 RhGra_KPV71648.1 MiSap_SCZ88494.1 RhPal_g1239.t1
HG_17508	RhGra_KPV78271.1 RhDio_TNY20288.1 RhDio_TNY20289.1 RhPal_g388.t1 RhPal_g389.t1
HG_11915	RhGra_KPV72547.1 RhDio_TNY18926.1 RhDio_TNY18935.1 RhDio_TNY20122.1 RhDio_TNY22012.1 RhDio_TNY22037.1 RhPal_g1308.t1 RhPal_g2525.t1 RhPal_g5621.t1
HG_17339	RhTor_PRQ73498.1 RhGra_KPV74547.1 RhDio_TNY24388.1 MiSap_SDA03557.1 RhPal_g7748.t1
HG_17475	RhTor_PRQ78228.1 RhGra_KPV74127.1 RhDio_TNY20750.1 MiSap_SDA00946.1 RhPal_g7271.t1
HG_20345	RhTor_PRQ71336.1 RhGra_KPV74678.1 RhDio_TNY19457.1 RhPal_g6406.t1
HG_20514	RhTor_PRQ76035.1 RhDio_TNY19394.1 MiSap_SDA02769.1 RhPal_g5955.t1
HG_20481	RhTor_PRQ74943.1 RhGra_KPV77338.1 RhDio_TNY19075.1 RhPal_g5661.t1
HG_16354	RhTor_PRQ74706.1 RhGra_KPV75040.1 RhDio_TNY23586.1 MiSap_SCZ91603.1 RhPal_g6776.t1
HG_20586	RhGra_KPV72384.1 RhDio_TNY23047.1 MiSap_SDA06211.1 RhPal_g1484.t1
HG_13811	RhTor_PRQ74108.1 RhTor_PRQ74109.1 RhGra_KPV76130.1 RhDio_TNY21783.1 MiSap_SDA06588.1 RhPal_g5191.t1 RhPal_g943.t1
HG_17370	RhTor_PRQ74283.1 RhGra_KPV73567.1 RhDio_TNY23269.1 MiSap_SCZ93810.1 RhPal_g2021.t1
HG_17403	RhTor_PRQ75184.1 RhGra_KPV77543.1 RhDio_TNY21223.1 MiSap_SCZ99050.1 RhPal_g5444.t1
HG_24329	RhTor_PRQ74576.1 RhDio_TNY24792.1 RhPal_g6626.t1
HG_20568	RhTor_PRQ78162.1 RhGra_KPV74193.1 RhDio_TNY17184.1 RhPal_g7332.t1
HG_24360	RhTor_PRQ76805.1 RhGra_KPV75169.1 RhPal_g6177.t1
HG_17288	RhTor_PRQ71676.1 RhGra_KPV72380.1 RhDio_TNY23040.1 RhDio_TNY23041.1 RhPal_g1488.t1
HG_17457	RhTor_PRQ77586.1 RhGra_KPV74336.1 RhDio_TNY19360.1 MiSap_SDA01171.1 RhPal_g7467.t1
HG_20327	RhTor_PRQ70875.1 MiSap_SCZ94097.1 MiSap_SCZ94099.1 RhPal_g2570.t1
HG_20463	RhTor_PRQ74552.1 RhGra_KPV74950.1 RhDio_TNY24745.1 RhPal_g6593.t1
HG_20399	RhTor_PRQ72654.1 RhGra_KPV78409.1 RhDio_TNY21056.1 RhPal_g629.t1
HG_16336	RhTor_PRQ77960.1 RhGra_KPV76390.1 RhDio_TNY19149.1 MiSap_SDA07793.1 RhPal_g4239.t1
HG_14504	RhTor_PRQ73650.1 RhGra_KPV75728.1 RhDio_TNY23679.1 RhPal_g4811.t1 RhPal_g4811.t2 RhPal_g4811.t3
HG_17352	RhTor_PRQ73935.1 RhGra_KPV75999.1 RhDio_TNY22517.1 MiSap_SDA07029.1 RhPal_g5034.t1
HG_15287	RhTor_PRQ70597.1 RhTor_PRQ70598.1 RhTor_PRQ70745.1 RhGra_KPV73305.1 RhDio_TNY23149.1 RhDio_TNY23150.1
HG_10679	RhTor_PRQ75708.1 RhTor_PRQ75715.1 RhGra_KPV73798.1 RhGra_KPV73806.1 RhDio_TNY17038.1 RhDio_TNY17361.1 RhDio_TNY17368.1 RhDio_TNY18028.1 MiSap_SDA02983.1 RhPal_g1576.t1 RhPal_g1584.t1
HG_17439	RhTor_PRQ76976.1 RhGra_KPV78214.1 RhDio_TNY19562.1 MiSap_SCZ94231.1 RhPal_g302.t1
HG_20445	RhTor_PRQ74004.1 RhGra_KPV76064.1 RhDio_TNY19869.1 RhPal_g5110.t1
HG_24342	RhTor_PRQ75870.1 MiSap_SDA03062.1 RhPal_g1691.t1
HG_15333	RhTor_PRQ77068.1 RhGra_KPV78143.1 RhDio_TNY21642.1 MiSap_SCZ94058.1 RhPal_g273.t1 RhPal_g273.t2
HG_17470	RhTor_PRQ78092.1 RhTor_PRQ78101.1 RhTor_PRQ78102.1 RhGra_KPV74231.1 RhDio_TNY20950.1
HG_20340	RhTor_PRQ71183.1 RhGra_KPV71898.1 RhDio_TNY20209.1 RhPal_g2364.t1
HG_20309	RhTor_PRQ70332.1 RhGra_KPV72953.1 RhDio_TNY17370.1 RhPal_g3093.t1
HG_25686	RhDio_TNY21213.1 MiSap_SCZ98889.1 RhPal_g5437.t1
HG_24429	RhGra_KPV75684.1 MiSap_SDA08171.1 RhPal_g4662.t1
HG_17316	RhTor_PRQ72833.1 RhGra_KPV78676.1 RhDio_TNY21691.1 MiSap_SCZ96459.1 RhPal_g752.t1
HG_24324	RhTor_PRQ73964.1 MiSap_SDA07118.1 RhPal_g5069.t1
HG_24291	RhTor_PRQ71836.1 MiSap_SCZ88526.1 RhPal_g1244.t1
HG_17388	RhTor_PRQ74806.1 RhGra_KPV76746.1 RhDio_TNY24263.1 RhPal_g3975.t1 RhPal_g3975.t2
HG_20427	RhTor_PRQ73287.1 RhGra_KPV76980.1 RhDio_TNY17492.1 RhPal_g3756.t1
HG_20499	RhTor_PRQ75490.1 RhDio_TNY20182.1 MiSap_SDA08320.1 RhPal_g2874.t1
HG_17283	RhTor_PRQ71587.1 RhGra_KPV72315.1 RhDio_TNY20541.1 MiSap_SCZ88663.1 RhPal_g1561.t1
HG_15315	RhTor_PRQ74339.1 RhTor_PRQ74340.1 RhTor_PRQ74349.1 RhGra_KPV71575.1 RhPal_g3949.t1 RhPal_g878.t1
HG_17452	RhTor_PRQ77398.1 RhGra_KPV77034.1 RhDio_TNY23936.1 MiSap_SDA05810.1 RhPal_g3856.t1
HG_10674	RhTor_PRQ70727.1 RhTor_PRQ71332.1 RhTor_PRQ74633.1 RhGra_KPV73404.1 RhGra_KPV75037.1 RhDio_TNY23136.1 RhDio_TNY23579.1 MiSap_SCZ91818.1 RhPal_g2709.t1 RhPal_g6389.t1 RhPal_g6680.t1
HG_20394	RhTor_PRQ72576.1 RhGra_KPV78319.1 RhDio_TNY21999.1 RhPal_g428.t1
HG_20563	RhTor_PRQ77936.1 RhDio_TNY22747.1 MiSap_SDA04951.1 RhPal_g4272.t1
HG_24306	RhTor_PRQ73132.1 RhGra_KPV76326.1 RhPal_g4308.t1
HG_24442	RhGra_KPV77317.1 RhDio_TNY19928.1 RhPal_g5710.t1
HG_20409	RhTor_PRQ72967.1 RhGra_KPV76176.1 RhDio_TNY24596.1 RhPal_g4074.t1
HG_20545	RhTor_PRQ77238.1 RhGra_KPV77965.1 RhDio_TNY23783.1 RhPal_g109.t1
HG_17265	RhTor_PRQ70970.1 RhGra_KPV72088.1 RhDio_TNY24049.1 MiSap_SDA02596.1 RhPal_g2556.t1
HG_17434	RhTor_PRQ76883.1 RhGra_KPV78373.1 RhDio_TNY19785.1 MiSap_SCZ94897.1 RhPal_g488.t1
HG_20304	RhTor_PRQ70113.1 RhGra_KPV77164.1 MiSap_SDA05839.1 RhPal_g3401.t1
HG_20440	RhTor_PRQ73803.1 RhGra_KPV75928.1 RhDio_TNY20227.1 RhPal_g4910.t1
HG_20376	RhTor_PRQ72191.1 RhGra_KPV72645.1 RhDio_TNY18873.1 RhPal_g937.t1
HG_12793	RhTor_PRQ76702.1 RhGra_KPV75264.1 RhGra_KPV76504.1 RhDio_TNY18895.1 RhDio_TNY23422.1 MiSap_SCZ89538.1 MiSap_SDA08196.1 RhPal_g6083.t1
HG_24424	RhGra_KPV74868.1 MiSap_SCZ91518.1 RhPal_g6556.t1
HG_17488	RhGra_KPV71726.1 RhDio_TNY22222.1 RhPal_g7241.t1 RhPal_g7241.t2 RhPal_g7242.t1
HG_20599	RhGra_KPV75962.1 RhDio_TNY22493.1 MiSap_SDA06820.1 RhPal_g4973.t1
HG_24255	RhTor_PRQ70347.1 RhDio_TNY18739.1 RhPal_g3118.t1
HG_20422	RhTor_PRQ73190.1 RhGra_KPV76877.1 RhDio_TNY23343.1 RhPal_g3641.t1
HG_20358	RhTor_PRQ71696.1 RhGra_KPV72387.1 MiSap_SCZ88459.1 RhPal_g1469.t1
HG_20494	RhTor_PRQ75327.1 RhGra_KPV72229.1 RhDio_TNY20462.1 RhPal_g5311.t1
HG_20527	RhTor_PRQ76639.1 RhGra_KPV75335.1 RhDio_TNY23480.1 RhPal_g6013.t1
HG_17311	RhTor_PRQ72605.1 RhGra_KPV78504.1 RhDio_TNY21845.1 MiSap_SCZ94556.1 RhPal_g533.t1
HG_13791	RhTor_PRQ70835.1 RhGra_KPV73374.1 RhDio_TNY23119.1 MiSap_SCZ93194.1 MiSap_SCZ94446.1 MiSap_SDA05678.1 RhPal_g2618.t1
HG_13824	RhTor_PRQ77905.1 RhGra_KPV74536.1 RhGra_KPV74559.1 RhGra_KPV76626.1 RhDio_TNY22405.1 MiSap_SDA04968.1 RhPal_g4574.t1
HG_15310	RhTor_PRQ73652.1 RhGra_KPV75730.1 RhDio_TNY23677.1 MiSap_SDA06882.1 RhPal_g4809.t1 RhPal_g4809.t2
HG_17247	RhTor_PRQ70283.1 RhTor_PRQ70284.1 RhGra_KPV75442.1 RhDio_TNY22678.1 RhPal_g5928.t1
HG_17416	RhTor_PRQ75812.1 RhGra_KPV73865.1 RhDio_TNY17506.1 MiSap_SDA03395.1 RhPal_g1669.t1
HG_17383	RhTor_PRQ74662.1 RhGra_KPV75022.1 RhDio_TNY18546.1 MiSap_SCZ92144.1 RhPal_g6719.t1
HG_24406	RhGra_KPV73042.1 RhDio_TNY21573.1 RhPal_g3233.t1
HG_17365	RhTor_PRQ74097.1 RhTor_PRQ74098.1 RhTor_PRQ74099.1 RhDio_TNY21785.1 RhPal_g5193.t1
HG_20404	RhTor_PRQ72861.1 RhGra_KPV78580.1 RhDio_TNY17463.1 RhPal_g675.t1
HG_20509	RhTor_PRQ75847.1 RhGra_KPV74004.1 RhDio_TNY21128.1 RhPal_g1665.t1
HG_20476	RhTor_PRQ74862.1 RhGra_KPV71824.1 RhPal_g3932.t1 RhPal_g4228.t1
HG_17260	RhTor_PRQ70734.1 RhGra_KPV73378.1 RhDio_TNY23123.1 MiSap_SDA07142.1 RhPal_g2693.t1
HG_20371	RhTor_PRQ72090.1 RhGra_KPV72528.1 RhDio_TNY23880.1 RhPal_g1107.t1
HG_20540	RhTor_PRQ77096.1 RhGra_KPV78118.1 RhDio_TNY23233.1 RhPal_g197.t1
HG_24355	RhTor_PRQ76480.1 RhGra_KPV76978.1 RhPal_g3754.t1
HG_9513	RhTor_PRQ70234.1 RhTor_PRQ70239.1 RhTor_PRQ71929.1 RhTor_PRQ71932.1 RhTor_PRQ71933.1 RhTor_PRQ71946.1 RhTor_PRQ71947.1 RhTor_PRQ71948.1 RhTor_PRQ74824.1 RhGra_KPV71602.1 RhGra_KPV71632.1 RhPal_g1261.t1 RhPal_g1325.t1 RhPal_g7691.t1
HG_20458	RhTor_PRQ74377.1 RhGra_KPV73720.1 RhDio_TNY22931.1 RhPal_g2267.t1
HG_20594	RhGra_KPV73373.1 RhDio_TNY17395.1 MiSap_SCZ94146.1 MiSap_SCZ94275.1
HG_24250	RhTor_PRQ70083.1 RhDio_TNY20643.1 RhPal_g3406.t1
HG_17347	RhTor_PRQ73811.1 RhGra_KPV75918.1 RhDio_TNY20238.1 MiSap_SDA07130.1 RhPal_g4919.t1
HG_20522	RhTor_PRQ76476.1 RhGra_KPV77881.1 RhDio_TNY18776.1 RhPal_g6812.t1
HG_14530	RhTor_PRQ70033.1 RhTor_PRQ70035.1 RhGra_KPV77223.1 RhDio_TNY18398.1 RhPal_g180.t1 RhPal_g3432.t1
HG_17242	RhTor_PRQ70011.1 RhGra_KPV77219.1 RhDio_TNY18700.1 MiSap_SDA05456.1 RhPal_g3460.t1
HG_17411	RhTor_PRQ75603.1 RhGra_KPV72819.1 RhDio_TNY18758.1 MiSap_SDA01902.1 RhPal_g2984.t1
HG_15346	RhGra_KPV75557.1 RhDio_TNY18645.1 RhDio_TNY18652.1 RhPal_g5783.t1 RhPal_g5852.t1 RhPal_g5852.t2
HG_20353	RhTor_PRQ71599.1 RhDio_TNY17252.1 RhDio_TNY20524.1 RhPal_g560.t1
HG_24337	RhTor_PRQ75601.1 MiSap_SCZ91623.1 RhPal_g2986.t1
HG_17329	RhTor_PRQ73145.1 RhGra_KPV76337.1 RhDio_TNY22776.1 MiSap_SDA04836.1 RhPal_g4297.t1
HG_17465	RhTor_PRQ77959.1 RhGra_KPV76391.1 RhDio_TNY19150.1 MiSap_SDA07794.1 RhPal_g4240.t1
HG_20609	RhGra_KPV78519.1 RhGra_KPV78520.1 RhDio_TNY19772.1 RhPal_g519.t1
HG_11905	RhTor_PRQ75842.1 RhTor_PRQ75843.1 RhTor_PRQ75844.1 RhTor_PRQ75969.1 RhGra_KPV74014.1 RhDio_TNY21119.1 RhDio_TNY21120.1 RhDio_TNY21121.1 RhPal_g1791.t1
HG_17296	RhTor_PRQ71990.1 RhGra_KPV72573.1 RhDio_TNY21316.1 MiSap_SDA06669.1 RhPal_g1192.t1
HG_20335	RhTor_PRQ71016.1 RhGra_KPV72029.1 RhDio_TNY24124.1 RhPal_g2470.t1
HG_20504	RhTor_PRQ75622.1 RhGra_KPV72730.1 RhDio_TNY22301.1 MiSap_SDA01853.1
HG_20471	RhTor_PRQ74755.1 RhGra_KPV76686.1 RhDio_TNY24285.1 RhPal_g4033.t1
HG_16344	RhTor_PRQ76195.1 RhGra_KPV77728.1 RhDio_TNY19417.1 RhPal_g7051.t1 RhPal_g7051.t2
HG_13801	RhTor_PRQ72147.1 RhTor_PRQ72949.1 RhGra_KPV74714.1 RhDio_TNY19712.1 RhDio_TNY24635.1 RhPal_g2969.t1 RhPal_g2969.t2
HG_17360	RhTor_PRQ74044.1 RhGra_KPV76101.1 RhDio_TNY17124.1 MiSap_SDA06731.1 RhPal_g5151.t1
HG_20558	RhTor_PRQ77716.1 RhGra_KPV74518.1 RhDio_TNY24300.1 RhPal_g7612.t1
HG_24350	RhTor_PRQ76320.1 RhGra_KPV77662.1 RhPal_g6979.t1
HG_24286	RhTor_PRQ71575.1 RhDio_TNY18331.1 RhPal_g6295.t1
HG_17447	RhTor_PRQ77246.1 RhGra_KPV77940.1 MiSap_SCZ95547.1 RhPal_g47.t1 RhPal_g48.t1
HG_17342	RhTor_PRQ73548.1 RhGra_KPV75691.1 RhDio_TNY20741.1 MiSap_SDA01738.1 RhPal_g4695.t1
HG_17278	RhTor_PRQ71357.1 RhGra_KPV74770.1 RhDio_TNY18511.1 MiSap_SCZ91259.1 RhPal_g6375.t1
HG_20317	RhTor_PRQ70628.1 RhGra_KPV73200.1 RhDio_TNY18911.1 RhPal_g2837.t1
HG_20453	RhTor_PRQ74207.1 RhGra_KPV73562.1 RhDio_TNY23262.1 RhPal_g2043.t1
HG_20389	RhTor_PRQ72517.1 RhGra_KPV78182.1 RhDio_TNY23201.1 RhPal_g330.t1
HG_13276	RhTor_PRQ72936.1 RhTor_PRQ72943.1 RhGra_KPV76150.1 RhGra_KPV76159.1 RhDio_TNY24617.1 RhPal_g4042.t1 RhPal_g4054.t1
HG_24332	RhTor_PRQ74844.1 RhDio_TNY24197.1 RhPal_g3961.t1
HG_24268	RhTor_PRQ70945.1 RhDio_TNY19500.1 RhPal_g2439.t1
HG_17429	RhTor_PRQ76753.1 RhGra_KPV75283.1 RhDio_TNY20013.1 MiSap_SDA07483.1 RhPal_g6133.t1
HG_24437	RhGra_KPV76526.1 RhDio_TNY17676.1 RhPal_g4479.t1
HG_20435	RhTor_PRQ73677.1 RhDio_TNY23647.1 MiSap_SDA07141.1 RhPal_g4776.t1
HG_12788	RhTor_PRQ75564.1 RhGra_KPV72767.1 RhDio_TNY18761.1 MiSap_SCZ93390.1 MiSap_SCZ98677.1 MiSap_SDA01859.1 RhPal_g2948.t1 RhPal_g3011.t1
HG_20604	RhGra_KPV77079.1 RhDio_TNY23326.1 RhPal_g3622.t1 RhPal_g3623.t1
HG_17291	RhTor_PRQ71748.1 RhGra_KPV72458.1 RhDio_TNY17052.1 MiSap_SDA06184.1 RhPal_g1402.t1
HG_11900	RhTor_PRQ73421.1 RhTor_PRQ73437.1 RhDio_TNY17330.1 RhDio_TNY17616.1 RhDio_TNY17630.1 RhDio_TNY21528.1 MiSap_SDA03587.1 RhPal_g7540.t1 RhPal_g7551.t1
HG_17324	RhTor_PRQ73000.1 RhGra_KPV76195.1 RhDio_TNY24543.1 MiSap_SDA04855.1 RhPal_g4100.t1
HG_13837	RhGra_KPV77069.1 RhDio_TNY16963.1 RhDio_TNY16965.1 RhDio_TNY17134.1 RhDio_TNY20082.1 RhPal_g3522.t1 RhPal_g3534.t1
HG_15323	RhTor_PRQ75472.1 RhGra_KPV72922.1 RhDio_TNY22287.1 MiSap_SDA05690.1 MiSap_SDA08356.1 RhPal_g2857.t1
HG_17460	RhTor_PRQ77667.1 RhGra_KPV74479.1 RhDio_TNY24329.1 MiSap_SDA00689.1 RhPal_g7696.t1
HG_20330	RhTor_PRQ70956.1 RhGra_KPV72102.1 RhDio_TNY24037.1 RhPal_g2549.t1
HG_17396	RhTor_PRQ75068.1 RhGra_KPV77448.1 RhDio_TNY18611.1 MiSap_SCZ98265.1 RhPal_g5584.t1
HG_10682	RhTor_PRQ77926.1 RhGra_KPV73364.1 RhGra_KPV73370.1 RhGra_KPV76460.1 RhDio_TNY17558.1 RhDio_TNY18685.1 RhDio_TNY22312.1 RhDio_TNY23132.1 MiSap_SCZ94174.1 MiSap_SDA04198.1 RhPal_g4436.t1
HG_11257	RhTor_PRQ74052.1 RhTor_PRQ74053.1 RhTor_PRQ74081.1 RhTor_PRQ74082.1 RhGra_KPV76067.1 RhDio_TNY19872.1 RhDio_TNY19873.1 RhPal_g5090.t1 RhPal_g5099.t1 RhPal_g5158.t1
HG_24314	RhTor_PRQ73397.1 RhDio_TNY19253.1 RhPal_g3470.t1
HG_24419	RhGra_KPV74019.1 RhDio_TNY21114.1 RhPal_g1784.t1
HG_17306	RhTor_PRQ72542.1 RhGra_KPV78247.1 RhDio_TNY18063.1 MiSap_SCZ96223.1 RhPal_g366.t1
HG_13819	RhTor_PRQ76800.1 RhGra_KPV75174.1 RhDio_TNY21941.1 MiSap_SCZ88693.1 MiSap_SDA04982.1 MiSap_SDA06114.1 RhPal_g6186.t1
HG_24281	RhTor_PRQ71385.1 RhGra_KPV74855.1 RhDio_TNY24753.1
HG_17442	RhTor_PRQ77046.1 RhDio_TNY23179.1 MiSap_SDA06865.1 RhPal_g147.t1 RhPal_g147.t2
HG_24450	RhGra_KPV78372.1 RhDio_TNY19786.1 RhPal_g489.t1
HG_17378	RhTor_PRQ74570.1 RhGra_KPV74806.1 RhDio_TNY24786.1 MiSap_SCZ92116.1 RhPal_g6631.t1
HG_20417	RhTor_PRQ73079.1 RhGra_KPV76258.1 RhDio_TNY24522.1 RhPal_g4172.t1
HG_20489	RhTor_PRQ75130.1 RhGra_KPV77515.1 MiSap_SCZ98874.1 RhPal_g5490.t1
HG_17273	RhTor_PRQ71220.1 RhGra_KPV75721.1 MiSap_SDA03538.1 RhPal_g4629.t1 RhPal_g4633.t1
HG_20312	RhTor_PRQ70447.1 RhGra_KPV73058.1 MiSap_SDA04588.1 RhPal_g3210.t1
HG_20384	RhTor_PRQ72381.1 RhTor_PRQ72424.1 RhGra_KPV75120.1 RhDio_TNY17711.1
HG_24368	RhTor_PRQ77383.1 RhDio_TNY23986.1 RhPal_g3813.t1
HG_20535	RhTor_PRQ76928.1 RhGra_KPV78294.1 RhDio_TNY20265.1 RhPal_g411.t1
HG_17255	RhTor_PRQ70586.1 RhGra_KPV73122.1 RhDio_TNY19656.1 RhDio_TNY19670.1 RhPal_g3293.t1
HG_17391	RhTor_PRQ74950.1 RhGra_KPV77361.1 RhDio_TNY17656.1 MiSap_SCZ99165.1 RhPal_g5652.t1
HG_17424	RhTor_PRQ76406.1 RhGra_KPV77829.1 RhDio_TNY21895.1 MiSap_SCZ89792.1 RhPal_g6854.t1
HG_20430	RhTor_PRQ73401.1 RhGra_KPV77199.1 RhDio_TNY18392.1 RhPal_g3454.t1
HG_20366	RhTor_PRQ71883.1 RhGra_KPV71611.1 RhDio_TNY22417.1 RhPal_g1270.t1
HG_12783	RhTor_PRQ74101.1 RhTor_PRQ74102.1 RhTor_PRQ74103.1 RhTor_PRQ74105.1 RhGra_KPV76135.1 RhDio_TNY21779.1 RhPal_g5188.t1 RhPal_g5189.t1
HG_11252	RhTor_PRQ70360.1 RhTor_PRQ70373.1 RhGra_KPV72994.1 RhGra_KPV73183.1 RhDio_TNY18732.1 RhDio_TNY20099.1 MiSap_SDA04251.1 RhPal_g3128.t1 RhPal_g3128.t2 RhPal_g3151.t1
HG_18768	RhGra_KPV73724.1 RhDio_TNY21164.1 MiSap_SCZ93246.1 RhPal_g2161.t1
HG_20517	RhTor_PRQ76291.1 RhGra_KPV77625.1 RhDio_TNY20704.1 RhPal_g6946.t1
HG_20589	RhGra_KPV72715.1 RhDio_TNY22309.1 MiSap_SDA01807.1 RhPal_g3049.t1
HG_24245	RhTor_PRQ69791.1 RhGra_KPV75504.1 RhPal_g5822.t1
HG_17406	RhTor_PRQ75480.1 RhGra_KPV72919.1 RhDio_TNY22292.1 MiSap_SDA08261.1 RhPal_g2864.t1
HG_24414	RhGra_KPV73576.1 RhDio_TNY23278.1 RhPal_g2030.t1
HG_11918	RhGra_KPV77102.1 RhGra_KPV77103.1 RhDio_TNY16989.1 RhDio_TNY16990.1 RhDio_TNY19215.1 RhDio_TNY19817.1 RhDio_TNY23341.1 RhPal_g3560.t1 RhPal_g3618.t1
HG_20412	RhTor_PRQ72986.1 RhGra_KPV73385.1 RhDio_TNY24531.1 MiSap_SDA05009.1
HG_20348	RhTor_PRQ71436.1 RhGra_KPV74791.1 RhDio_TNY18501.1 RhPal_g6359.t1
HG_20484	RhTor_PRQ75062.1 RhDio_TNY18605.1 MiSap_SCZ97797.1 RhPal_g5577.t1
HG_17301	RhTor_PRQ72252.1 RhGra_KPV71535.1 RhDio_TNY17775.1 RhDio_TNY17776.1 RhPal_g1005.t1
HG_15300	RhTor_PRQ72743.1 RhGra_KPV78637.1 RhDio_TNY18341.1 RhDio_TNY19265.1 MiSap_SCZ95370.1 RhPal_g778.t1
HG_17237	RhTor_PRQ69871.1 RhTor_PRQ69875.1 RhDio_TNY19965.1 RhDio_TNY19970.1 RhPal_g5756.t1
HG_24299	RhTor_PRQ72701.1 RhGra_KPV78495.1 MiSap_SCZ96179.1
HG_17355	RhTor_PRQ73955.1 RhGra_KPV76025.1 RhDio_TNY18105.1 MiSap_SDA07019.1 RhPal_g5060.t1
HG_20530	RhTor_PRQ76746.1 RhGra_KPV75279.1 RhDio_TNY20017.1 RhPal_g6113.t1
HG_20466	RhTor_PRQ74615.1 RhGra_KPV74982.1 RhDio_TNY24827.1 RhPal_g6660.t1
HG_20361	RhTor_PRQ71727.1 RhGra_KPV72405.1 RhDio_TNY23089.1 RhPal_g1433.t1
HG_17250	RhTor_PRQ70430.1 RhGra_KPV73076.1 RhDio_TNY18453.1 MiSap_SDA04288.1 RhPal_g3272.t1
HG_20448	RhTor_PRQ74106.1 RhGra_KPV76133.1 RhPal_g5186.t1 RhPal_g939.t1
HG_17401	RhTor_PRQ75142.1 RhGra_KPV77490.1 RhDio_TNY17858.1 MiSap_SCZ99157.1 RhPal_g5463.t1
HG_17337	RhTor_PRQ73477.1 RhGra_KPV74562.1 RhDio_TNY24384.1 MiSap_SDA00782.1 RhPal_g7654.t1
HG_17473	RhTor_PRQ78196.1 RhGra_KPV74156.1 RhDio_TNY20777.1 RhPal_g7284.t1 RhPal_g7308.t1
HG_20512	RhTor_PRQ75930.1 RhGra_KPV73871.1 RhDio_TNY17249.1 RhPal_g1777.t1
HG_16352	RhTor_PRQ76076.1 RhGra_KPV77602.1 RhDio_TNY18175.1 MiSap_SCZ90111.1 RhPal_g7145.t1
HG_20343	RhTor_PRQ71300.1 RhDio_TNY24662.1 MiSap_SCZ92134.1 RhPal_g6503.t1
HG_25689	RhDio_TNY24822.1 MiSap_SCZ92027.1 RhPal_g6656.t1
HG_24327	RhTor_PRQ74305.1 RhDio_TNY22562.1 RhPal_g2131.t1
HG_24399	RhGra_KPV72151.1 RhDio_TNY18411.1 RhPal_g5398.t1
HG_17455	RhTor_PRQ77536.1 RhGra_KPV74279.1 RhDio_TNY20986.1 MiSap_SDA01212.1 RhPal_g7432.t1
HG_20397	RhTor_PRQ72639.1 RhGra_KPV78398.1 RhDio_TNY21067.1 RhPal_g642.t1
HG_20566	RhTor_PRQ78118.1 RhGra_KPV74230.1 RhDio_TNY20951.1 RhPal_g7370.t1
HG_17286	RhTor_PRQ71622.1 RhGra_KPV72339.1 RhDio_TNY17255.1 MiSap_SCZ88554.1 RhPal_g1540.t1
HG_17319	RhTor_PRQ72923.1 RhGra_KPV78695.1 RhDio_TNY21728.1 RhPal_g838.t1 RhPal_g839.t1
HG_15318	RhTor_PRQ74988.1 RhTor_PRQ74989.1 RhGra_KPV77387.1 RhDio_TNY19733.1 MiSap_SCZ98013.1 RhPal_g5609.t1
HG_15285	RhTor_PRQ70382.1 RhTor_PRQ70383.1 RhDio_TNY20116.1 RhDio_TNY20119.1 MiSap_SDA04309.1 RhPal_g3160.t1
HG_20461	RhTor_PRQ74481.1 RhGra_KPV73511.1 RhDio_TNY17946.1 RhPal_g1977.t1
HG_10677	RhTor_PRQ73232.1 RhGra_KPV73331.1 RhGra_KPV76924.1 RhGra_KPV76925.1 RhDio_TNY23389.1 RhDio_TNY23390.1 MiSap_SCZ89681.1 MiSap_SCZ90514.1 MiSap_SCZ90584.1 MiSap_SCZ90598.1 RhPal_g3690.t1
HG_17350	RhTor_PRQ73880.1 RhGra_KPV75958.1 RhDio_TNY22490.1 MiSap_SDA07110.1 RhPal_g4976.t1
HG_24309	RhTor_PRQ73299.1 RhGra_KPV76992.1 RhDio_TNY17497.1
HG_24445	RhGra_KPV77792.1 MiSap_SCZ89449.1 RhPal_g6903.t1
HG_24340	RhTor_PRQ75719.1 RhDio_TNY18024.1 RhPal_g1587.t1
HG_24276	RhTor_PRQ71257.1 MiSap_SDA08163.1 RhPal_g4706.t1
HG_20379	RhTor_PRQ72209.1 RhGra_KPV71527.1 RhGra_KPV77029.1 RhPal_g892.t1
HG_20548	RhTor_PRQ77264.1 RhGra_KPV77920.1 RhDio_TNY23711.1 RhPal_g36.t1
HG_17332	RhTor_PRQ73328.1 RhGra_KPV76813.1 RhDio_TNY24014.1 MiSap_SDA05974.1 RhPal_g3786.t1
HG_17501	RhGra_KPV74525.1 RhDio_TNY24306.1 MiSap_SDA03274.1 RhPal_g7601.t1 RhPal_g7601.t2
HG_20307	RhTor_PRQ70185.1 RhTor_PRQ70300.1 RhGra_KPV74033.1 RhDio_TNY22836.1
HG_20443	RhTor_PRQ73934.1 RhGra_KPV75982.1 RhDio_TNY17573.1 RhPal_g5006.t1
HG_12796	RhGra_KPV77239.1 RhGra_KPV77241.1 RhDio_TNY18284.1 RhDio_TNY18402.1 RhDio_TNY18697.1 RhDio_TNY19241.1 RhPal_g3492.t1 RhPal_g3496.t1
HG_15331	RhTor_PRQ76945.1 RhGra_KPV78233.1 RhDio_TNY23224.1 MiSap_SCZ95067.1 MiSap_SDA05077.1 RhPal_g352.t1
HG_24427	RhGra_KPV75470.1 RhDio_TNY22707.1 RhPal_g5915.t1
HG_24322	RhTor_PRQ73834.1 MiSap_SDA07079.1 RhPal_g4939.t1
HG_17419	RhTor_PRQ76029.1 RhGra_KPV75419.1 RhDio_TNY19400.1 MiSap_SDA04645.1 RhPal_g5949.t1
HG_20392	RhTor_PRQ72545.1 RhDio_TNY18069.1 RhPal_g369.t1 RhPal_g372.t1
HG_20425	RhTor_PRQ73256.1 RhDio_TNY23413.1 MiSap_SDA05517.1 RhPal_g3713.t1
HG_20561	RhTor_PRQ77830.1 RhGra_KPV76597.1 MiSap_SDA07737.1 RhPal_g4507.t1
HG_20497	RhTor_PRQ75483.1 RhGra_KPV72917.1 RhDio_TNY20189.1 RhPal_g2866.t1
HG_17281	RhTor_PRQ71477.1 RhDio_TNY18296.1 RhPal_g2609.t1 RhPal_g2609.t2 RhPal_g6312.t1
HG_13794	RhTor_PRQ71203.1 RhTor_PRQ73221.1 RhTor_PRQ77499.1 RhGra_KPV77087.1 RhDio_TNY20068.1 RhDio_TNY23328.1 RhDio_TNY23387.1
HG_17450	RhTor_PRQ77374.1 RhGra_KPV77289.1 RhDio_TNY18195.1 MiSap_SCZ99084.1 RhPal_g5681.t1
HG_20320	RhTor_PRQ70662.1 RhGra_KPV73278.1 RhDio_TNY22020.1 RhPal_g2805.t1
HG_17386	RhTor_PRQ74760.1 RhGra_KPV76698.1 RhDio_TNY24275.1 MiSap_SDA06001.1 RhPal_g4026.t1
HG_11898	RhTor_PRQ71755.1 RhTor_PRQ76691.1 RhDio_TNY18424.1 RhDio_TNY23489.1 MiSap_SCZ94096.1 RhPal_g1416.t1 RhPal_g1416.t2 RhPal_g6025.t1 RhPal_g6025.t2
HG_24409	RhGra_KPV73314.1 RhDio_TNY20380.1 MiSap_SCZ94181.1
HG_24376	RhTor_PRQ77956.1 RhDio_TNY19144.1 RhPal_g4246.t1
HG_24271	RhTor_PRQ71131.1 RhDio_TNY19325.1 RhPal_g2281.t1
HG_13809	RhTor_PRQ73658.1 RhTor_PRQ73659.1 RhGra_KPV75736.1 RhDio_TNY23671.1 RhDio_TNY23672.1 RhPal_g4814.t1 RhPal_g4815.t1
HG_17432	RhTor_PRQ76834.1 RhGra_KPV78306.1 RhDio_TNY21979.1 MiSap_SCZ95055.1 RhPal_g445.t1
HG_17368	RhTor_PRQ74261.1 RhGra_KPV73646.1 RhDio_TNY22581.1 MiSap_SCZ93306.1 RhPal_g2115.t1
HG_20407	RhTor_PRQ72910.1 RhGra_KPV78605.1 RhDio_TNY19286.1 RhPal_g801.t1
HG_20374	RhTor_PRQ72144.1 RhGra_KPV72501.1 RhDio_TNY23884.1 RhPal_g1067.t1
HG_20543	RhTor_PRQ77112.1 RhGra_KPV77995.1 RhDio_TNY19848.1 RhPal_g178.t1
HG_20479	RhTor_PRQ74912.1 RhGra_KPV77005.1 RhDio_TNY18155.1 RhPal_g3883.t1
HG_17263	RhTor_PRQ70910.1 RhGra_KPV71986.1 RhDio_TNY19507.1 MiSap_SDA02617.1 RhPal_g2431.t1
HG_20302	RhTor_PRQ70094.1 RhGra_KPV77212.1 RhDio_TNY18709.1 RhPal_g3467.t1
HG_11260	RhTor_PRQ76820.1 RhTor_PRQ77984.1 RhGra_KPV75210.1 RhGra_KPV76300.1 RhDio_TNY19154.1 RhDio_TNY21910.1 MiSap_SDA08273.1 RhPal_g4214.t1 RhPal_g4215.t1 RhPal_g6166.t1
HG_9856	RhTor_PRQ74032.1 RhTor_PRQ74038.1 RhTor_PRQ74039.1 RhTor_PRQ74040.1 RhGra_KPV76083.1 RhDio_TNY17030.1 RhDio_TNY17102.1 RhDio_TNY17107.1 RhDio_TNY19891.1 RhPal_g5142.t1 RhPal_g5147.t1 RhPal_g5147.t2 RhPal_g5148.t1
HG_24422	RhGra_KPV74157.1 RhDio_TNY20778.1 RhPal_g7309.t1
HG_24358	RhTor_PRQ76651.1 RhGra_KPV75381.1 RhPal_g5981.t1
HG_20597	RhGra_KPV75083.1 RhDio_TNY23522.1 RhPal_g6770.t1 RhPal_g6770.t2
HG_13822	RhTor_PRQ77361.1 RhGra_KPV77330.1 RhDio_TNY17450.1 RhDio_TNY17647.1 RhDio_TNY19086.1 MiSap_SCZ98011.1 RhPal_g5669.t1
HG_17245	RhTor_PRQ70229.1 RhGra_KPV75475.1 RhDio_TNY20885.1 MiSap_SDA04810.1 RhPal_g5869.t1
HG_24253	RhTor_PRQ70209.1 RhDio_TNY22851.1 RhPal_g1897.t1
HG_20420	RhTor_PRQ73139.1 RhGra_KPV76322.1 RhDio_TNY22792.1 RhPal_g4312.t1
HG_17381	RhTor_PRQ74627.1 RhGra_KPV74996.1 RhDio_TNY24834.1 MiSap_SCZ91297.1 RhPal_g6685.t1
HG_17414	RhTor_PRQ75749.1 RhGra_KPV73828.1 RhDio_TNY18219.1 MiSap_SDA02926.1 RhPal_g1610.t1
HG_11893	RhTor_PRQ70757.1 RhGra_KPV73368.1 RhDio_TNY17396.1 RhDio_TNY17553.1 RhDio_TNY17554.1 RhDio_TNY17565.1 RhDio_TNY20407.1 RhDio_TNY22038.1 RhPal_g2671.t1
HG_20356	RhTor_PRQ71658.1 RhGra_KPV72357.1 RhDio_TNY17224.1 RhPal_g1501.t1
HG_12773	RhTor_PRQ70316.1 RhTor_PRQ70791.1 RhGra_KPV72952.1 RhDio_TNY17029.1 RhDio_TNY17369.1 RhDio_TNY17379.1 RhDio_TNY17768.1 RhPal_g3100.t1
HG_20492	RhTor_PRQ75269.1 RhGra_KPV72185.1 RhDio_TNY17580.1 RhPal_g5340.t1
HG_20338	RhTor_PRQ71127.1 RhGra_KPV71949.1 RhDio_TNY19330.1 RhPal_g2295.t1
HG_17468	RhTor_PRQ78048.1 RhTor_PRQ78049.1 RhGra_KPV76425.1 RhDio_TNY21406.1 RhPal_g4351.t1
HG_20507	RhTor_PRQ75746.1 RhGra_KPV73826.1 RhDio_TNY18217.1 RhPal_g1614.t1
HG_24371	RhTor_PRQ77620.1 RhGra_KPV74353.1 RhDio_TNY21487.1
HG_17299	RhTor_PRQ72115.1 RhGra_KPV72520.1 RhDio_TNY23854.1 MiSap_SDA06331.1 RhPal_g1095.t1
HG_15298	RhTor_PRQ72612.1 RhTor_PRQ72614.1 RhGra_KPV78467.1 RhDio_TNY21835.1 RhPal_g552.t1 RhPal_g553.t1
HG_20402	RhTor_PRQ72848.1 RhGra_KPV78645.1 RhDio_TNY18350.1 RhPal_g770.t1
HG_20474	RhTor_PRQ74836.1 RhGra_KPV76752.1 RhDio_TNY24206.1 RhPal_g3951.t1
HG_17363	RhTor_PRQ74058.1 RhGra_KPV76120.1 RhDio_TNY21749.1 MiSap_SDA07114.1 RhPal_g5163.t1
HG_24289	RhTor_PRQ71756.1 RhDio_TNY18430.1 RhPal_g1430.t1
HG_20456	RhTor_PRQ74281.1 RhGra_KPV73569.1 RhDio_TNY23271.1 RhPal_g2023.t1
HG_17345	RhTor_PRQ73776.1 RhGra_KPV75858.1 RhDio_TNY23622.1 MiSap_SDA06992.1 RhPal_g4886.t1
HG_20351	RhTor_PRQ71514.1 RhGra_KPV74716.1 RhDio_TNY17383.1 RhPal_g6461.t1
HG_20520	RhTor_PRQ76378.1 RhGra_KPV77812.1 RhDio_TNY20825.1 RhPal_g6871.t1
HG_16360	RhTor_PRQ76543.1 RhGra_KPV74779.1 RhDio_TNY24086.1 MiSap_SDA00122.1 RhPal_g3383.t1
HG_20438	RhTor_PRQ73749.1 RhGra_KPV75795.1 RhDio_TNY21625.1 RhPal_g4871.t1
HG_24335	RhTor_PRQ75133.1 RhDio_TNY19860.1 RhPal_g5100.t1
HG_17399	RhTor_PRQ75111.1 RhGra_KPV77534.1 MiSap_SCZ98379.1 MiSap_SCZ98397.1 RhPal_g5469.t1
HG_11903	RhTor_PRQ73946.1 RhTor_PRQ73947.1 RhTor_PRQ73948.1 RhGra_KPV76018.1 RhDio_TNY16917.1 RhDio_TNY16922.1 RhDio_TNY18030.1 RhDio_TNY18112.1 RhPal_g5053.t1
HG_17294	RhTor_PRQ71906.1 RhGra_KPV71664.1 RhDio_TNY21253.1 MiSap_SDA06172.1 RhPal_g1295.t1
HG_17327	RhTor_PRQ73059.1 RhGra_KPV76245.1 RhDio_TNY24504.1 MiSap_SDA07686.1 RhPal_g4159.t1
HG_15293	RhTor_PRQ72004.1 RhTor_PRQ74575.1 RhGra_KPV74810.1 RhDio_TNY24790.1 RhDio_TNY24791.1 RhPal_g6627.t1
HG_15326	RhTor_PRQ76127.1 RhTor_PRQ76128.1 RhGra_KPV77744.1 RhDio_TNY20358.1 MiSap_SCZ90043.1 RhPal_g7079.t1
HG_17463	RhTor_PRQ77903.1 RhGra_KPV76623.1 RhDio_TNY22402.1 MiSap_SDA07429.1 RhPal_g4576.t1
HG_20333	RhTor_PRQ70978.1 RhGra_KPV72070.1 MiSap_SCZ99764.1 RhPal_g2500.t1
HG_20502	RhTor_PRQ75588.1 RhTor_PRQ75593.1 RhGra_KPV72759.1 RhPal_g3013.t1
HG_24284	RhTor_PRQ71509.1 MiSap_SCZ91182.1 RhPal_g6471.t1
HG_15308	RhTor_PRQ73479.1 RhTor_PRQ73480.1 RhGra_KPV74367.1 RhDio_TNY21501.1 MiSap_SDA00556.1 RhPal_g7724.t1
HG_20451	RhTor_PRQ74151.1 RhGra_KPV73761.1 RhDio_TNY22941.1 RhPal_g2172.t1
HG_20556	RhTor_PRQ77659.1 RhGra_KPV74404.1 RhDio_TNY24343.1 RhPal_g7682.t1
HG_17276	RhTor_PRQ71338.1 RhGra_KPV74681.1 RhDio_TNY19461.1 MiSap_SCZ91660.1 RhPal_g6409.t1
HG_17309	RhTor_PRQ72582.1 RhGra_KPV78325.1 RhDio_TNY22005.1 MiSap_SCZ96181.1 RhPal_g422.t1
HG_13789	RhTor_PRQ70800.1 RhTor_PRQ72896.1 RhTor_PRQ72897.1 RhTor_PRQ72898.1 RhGra_KPV78667.1 RhDio_TNY21706.1 RhPal_g812.t1
HG_17340	RhTor_PRQ73527.1 RhGra_KPV73460.1 RhDio_TNY20561.1 MiSap_SCZ93277.1 RhPal_g1923.t1
HG_24266	RhTor_PRQ70923.1 RhDio_TNY22559.1 RhPal_g2530.t1
HG_24435	RhGra_KPV76361.1 RhDio_TNY22745.1 RhPal_g4269.t1
HG_9521	RhTor_PRQ76461.1 RhTor_PRQ76475.1 RhGra_KPV71434.1 RhGra_KPV71436.1 RhGra_KPV71438.1 RhGra_KPV77880.1 RhDio_TNY17162.1 RhDio_TNY17164.1 RhDio_TNY17167.1 RhDio_TNY18777.1 MiSap_SCZ93385.1 RhPal_g6798.t1 RhPal_g6811.t1 RhPal_g6814.t1
HG_17322	RhTor_PRQ72957.1 RhGra_KPV76165.1 RhDio_TNY24605.1 MiSap_SDA07367.1 RhPal_g4063.t1
HG_24330	RhTor_PRQ74740.1 RhDio_TNY24289.1 RhPal_g4037.t1
HG_17258	RhTor_PRQ70674.1 RhDio_TNY17389.1 MiSap_SDA04517.1 RhPal_g2774.t1 RhPal_g2775.t1
HG_20538	RhTor_PRQ77009.1 RhGra_KPV78114.1 RhDio_TNY23229.1 RhPal_g215.t1
HG_17394	RhTor_PRQ75006.1 RhGra_KPV77402.1 RhDio_TNY19727.1 MiSap_SCZ98028.1 RhPal_g5603.t1
HG_17427	RhTor_PRQ76479.1 RhGra_KPV77889.1 RhDio_TNY18786.1 MiSap_SCZ89511.1 RhPal_g6788.t1
HG_20433	RhTor_PRQ73515.1 RhDio_TNY24411.1 MiSap_SDA00997.1 RhPal_g7634.t1
HG_20369	RhTor_PRQ72059.1 RhTor_PRQ72064.1 RhDio_TNY21292.1 RhPal_g1138.t1
HG_20602	RhGra_KPV76695.1 RhGra_KPV76696.1 RhDio_TNY24277.1 RhPal_g2291.t1
HG_11255	RhTor_PRQ71548.1 RhTor_PRQ71555.1 RhTor_PRQ71556.1 RhTor_PRQ76812.1 RhGra_KPV74724.1 RhDio_TNY21949.1 RhDio_TNY24636.1 MiSap_SCZ92224.1 RhPal_g6179.t1 RhPal_g6455.t1
HG_10680	RhTor_PRQ75742.1 RhTor_PRQ75743.1 RhTor_PRQ75754.1 RhGra_KPV73823.1 RhGra_KPV73841.1 RhGra_KPV73868.1 RhGra_KPV76376.1 RhDio_TNY19271.1 RhPal_g1606.t1 RhPal_g1617.t1 RhPal_g1617.t2
HG_24248	RhTor_PRQ69987.1 RhGra_KPV76583.1 RhPal_g4527.t1
HG_20415	RhTor_PRQ73043.1 RhGra_KPV76222.1 RhDio_TNY24565.1 RhPal_g4133.t1
HG_20487	RhTor_PRQ75108.1 RhGra_KPV77537.1 RhDio_TNY21227.1 RhPal_g5352.t1
HG_13817	RhTor_PRQ76262.1 RhGra_KPV77673.1 RhGra_KPV77688.1 RhDio_TNY19177.1 RhDio_TNY21041.1 MiSap_SCZ89336.1 RhPal_g6998.t1
HG_24312	RhTor_PRQ73349.1 RhDio_TNY18278.1 RhPal_g3518.t1
HG_17376	RhTor_PRQ74519.1 RhGra_KPV74881.1 RhDio_TNY24693.1 RhPal_g6571.t1 RhPal_g6572.t1
HG_20382	RhTor_PRQ72310.1 RhGra_KPV72659.1 RhDio_TNY22642.1 RhPal_g956.t1
HG_20551	RhTor_PRQ77454.1 RhGra_KPV77020.1 MiSap_SDA08350.1 RhPal_g3863.t1
HG_17304	RhTor_PRQ72515.1 RhGra_KPV78221.1 RhDio_TNY23203.1 MiSap_SCZ95691.1 RhPal_g333.t1
HG_17271	RhTor_PRQ71142.1 RhGra_KPV71941.1 RhDio_TNY19337.1 MiSap_SDA05272.1 RhPal_g2302.t1
HG_15303	RhTor_PRQ73206.1 RhTor_PRQ73207.1 RhGra_KPV76878.1 RhDio_TNY23344.1 RhPal_g3561.t1 RhPal_g3640.t1
HG_17440	RhTor_PRQ76985.1 RhGra_KPV78134.1 RhDio_TNY21650.1 MiSap_SCZ97500.1 RhPal_g285.t1
HG_20310	RhTor_PRQ70376.1 RhGra_KPV73079.1 RhDio_TNY18451.1 RhPal_g3190.t1
HG_10252	RhGra_KPV74393.1 RhGra_KPV75148.1 RhGra_KPV75149.1 RhGra_KPV75190.1 RhGra_KPV75369.1 RhDio_TNY18086.1 RhDio_TNY19608.1 RhDio_TNY21942.1 RhDio_TNY22561.1 RhPal_g6169.t1 RhPal_g6170.t1 RhPal_g6176.t1
HG_24430	RhGra_KPV75743.1 RhDio_TNY23663.1 RhPal_g4820.t1
HG_17358	RhTor_PRQ74021.1 RhGra_KPV76079.1 RhDio_TNY19887.1 MiSap_SDA07102.1 RhPal_g5127.t1
HG_20469	RhTor_PRQ74704.1 RhGra_KPV75047.1 RhDio_TNY23591.1 RhPal_g6747.t1
HG_24261	RhTor_PRQ70620.1 RhGra_KPV73199.1 RhPal_g2838.t1
HG_17422	RhTor_PRQ76155.1 RhGra_KPV77779.1 RhDio_TNY17437.1 MiSap_SCZ89808.1 RhPal_g7106.t1
HG_17494	RhGra_KPV73293.1 RhGra_KPV73395.1 RhDio_TNY23140.1 MiSap_SCZ94102.1 MiSap_SCZ94168.1
HG_20364	RhTor_PRQ71865.1 RhGra_KPV71663.1 RhDio_TNY21275.1 RhPal_g1343.t1
HG_20533	RhTor_PRQ76842.1 RhGra_KPV78300.1 RhPal_g451.t1 RhPal_g451.t2
HG_17253	RhTor_PRQ70545.1 RhGra_KPV73014.1 RhDio_TNY21546.1 MiSap_SDA03928.1 RhPal_g3267.t1
HG_11250	RhTor_PRQ69904.1 RhTor_PRQ77458.1 RhGra_KPV76651.1 RhGra_KPV77014.1 RhDio_TNY18166.1 RhDio_TNY20836.1 MiSap_SDA04840.1 MiSap_SDA04842.1 RhPal_g3872.t1 RhPal_g4589.t1
HG_14541	RhTor_PRQ71118.1 RhTor_PRQ71171.1 RhGra_KPV71897.1 RhDio_TNY20207.1 MiSap_SCZ99786.1 RhPal_g2366.t1
HG_9855	RhTor_PRQ72227.1 RhTor_PRQ72237.1 RhTor_PRQ72244.1 RhGra_KPV71514.1 RhGra_KPV71522.1 RhGra_KPV71525.1 RhGra_KPV71549.1 RhGra_KPV71550.1 RhDio_TNY17999.1 RhPal_g925.t1 RhPal_g926.t1 RhPal_g927.t1 RhPal_g928.t1
HG_24348	RhTor_PRQ76218.1 RhGra_KPV77722.1 RhPal_g7044.t1
HG_20482	RhTor_PRQ74951.1 RhGra_KPV77360.1 RhDio_TNY17655.1 RhPal_g5651.t1
HG_17235	RhTor_PRQ69769.1 RhGra_KPV75540.1 RhDio_TNY20513.1 MiSap_SDA04626.1 RhPal_g5853.t1
HG_14490	RhTor_PRQ78164.1 RhGra_KPV74199.1 RhGra_KPV74304.1 RhPal_g7336.t1 RhPal_g7442.t1 RhPal_g7446.t1
HG_17404	RhTor_PRQ75201.1 RhGra_KPV72125.1 RhDio_TNY18261.1 MiSap_SCZ99289.1 RhPal_g5408.t1
HG_17371	RhTor_PRQ74319.1 RhGra_KPV73696.1 RhDio_TNY21149.1 MiSap_SCZ92949.1 RhPal_g2187.t1
HG_20410	RhTor_PRQ72972.1 RhGra_KPV76145.1 RhDio_TNY24627.1 RhPal_g4040.t1
HG_11916	RhGra_KPV73242.1 RhGra_KPV73298.1 RhGra_KPV73312.1 RhDio_TNY19308.1 RhDio_TNY20382.1 RhDio_TNY20395.1 RhDio_TNY22057.1 RhPal_g2623.t1 RhPal_g2730.t1
HG_20346	RhTor_PRQ71386.1 RhGra_KPV74845.1 RhDio_TNY24710.1 RhPal_g6536.t1
HG_20515	RhTor_PRQ76140.1 RhTor_PRQ76141.1 RhDio_TNY16998.1 RhPal_g7088.t1
HG_20569	RhTor_PRQ78165.1 RhGra_KPV74201.1 MiSap_SDA00730.1 RhPal_g7338.t1
HG_24297	RhTor_PRQ72549.1 RhGra_KPV78254.1 RhPal_g373.t1
HG_17458	RhTor_PRQ77597.1 RhGra_KPV74326.1 RhDio_TNY19372.1 RhPal_g7478.t1 RhPal_g7478.t2
HG_20328	RhTor_PRQ70927.1 RhGra_KPV72082.1 RhDio_TNY24099.1 RhPal_g2538.t1
HG_20464	RhTor_PRQ74592.1 RhGra_KPV74965.1 RhDio_TNY24803.1 RhPal_g6641.t1
HG_17353	RhTor_PRQ73941.1 RhGra_KPV76004.1 RhGra_KPV76136.1 RhDio_TNY22529.1 RhPal_g5044.t1
HG_24361	RhTor_PRQ76906.1 RhGra_KPV78528.1 RhPal_g512.t1
HG_17289	RhTor_PRQ71679.1 RhGra_KPV72393.1 RhGra_KPV72394.1 RhDio_TNY23075.1 RhPal_g1478.t1
HG_10029	RhTor_PRQ73559.1 RhTor_PRQ73560.1 RhTor_PRQ75972.1 RhGra_KPV74016.1 RhGra_KPV75652.1 RhGra_KPV75653.1 RhDio_TNY23641.1 MiSap_SDA04004.1 RhPal_g1788.t1 RhPal_g1788.t2 RhPal_g4674.t1 RhPal_g4676.t1
HG_15288	RhTor_PRQ70767.1 RhGra_KPV73358.1 RhDio_TNY17564.1 MiSap_SCZ94437.1 RhPal_g2682.t1 RhPal_g2682.t2
HG_24279	RhTor_PRQ71344.1 RhGra_KPV74646.1 RhDio_TNY19455.1
HG_24448	RhGra_KPV78251.1 RhDio_TNY18067.1 RhPal_g370.t1
HG_17335	RhTor_PRQ73445.1 RhTor_PRQ73446.1 RhGra_KPV74378.1 RhGra_KPV74386.1 RhDio_TNY21513.1
HG_24343	RhTor_PRQ75874.1 RhGra_KPV73916.1 RhDio_TNY18319.1
HG_17471	RhTor_PRQ78107.1 RhGra_KPV74264.1 RhDio_TNY18560.1 MiSap_SDA00873.1 RhPal_g7379.t1
HG_20341	RhTor_PRQ71194.1 RhDio_TNY19110.1 MiSap_SDA05266.1 RhPal_g2320.t1
HG_20510	RhTor_PRQ75902.1 RhGra_KPV73915.1 RhDio_TNY19653.1 RhPal_g1736.t1
HG_20446	RhTor_PRQ74047.1 RhTor_PRQ74048.1 RhGra_KPV76097.1 RhPal_g5149.t1
HG_20582	RhGra_KPV71981.1 RhDio_TNY19501.1 MiSap_SCZ99758.1 RhPal_g2436.t1
HG_20564	RhTor_PRQ77963.1 RhDio_TNY24459.1 MiSap_SDA07700.1 RhPal_g4236.t1
HG_17317	RhTor_PRQ72900.1 RhGra_KPV78669.1 RhDio_TNY21704.1 MiSap_SCZ96478.1 RhPal_g810.t1
HG_24292	RhTor_PRQ71859.1 RhDio_TNY21273.1 RhPal_g1341.t1
HG_24325	RhTor_PRQ73971.1 RhDio_TNY22532.1 RhPal_g5046.t1
HG_20428	RhTor_PRQ73313.1 RhGra_KPV76987.1 RhDio_TNY17345.1 RhPal_g3763.t1
HG_7173	RhTor_PRQ74984.1 RhTor_PRQ75758.1 RhTor_PRQ75787.1 RhTor_PRQ75788.1 RhTor_PRQ75789.1 RhTor_PRQ75806.1 RhTor_PRQ75807.1 RhTor_PRQ75839.1 RhTor_PRQ75840.1 RhGra_KPV72012.1 RhGra_KPV72026.1 RhGra_KPV72075.1 RhGra_KPV72095.1 RhGra_KPV72724.1 RhGra_KPV73193.1 RhGra_KPV73880.1 RhGra_KPV73903.1 RhGra_KPV73942.1 RhGra_KPV74011.1 RhGra_KPV74012.1 RhDio_TNY18220.1 RhDio_TNY18483.1 RhDio_TNY24120.1 RhDio_TNY24138.1 RhDio_TNY24407.1
HG_15316	RhTor_PRQ74442.1 RhGra_KPV73525.1 RhDio_TNY17979.1 RhDio_TNY17980.1 MiSap_SDA07722.1 RhPal_g1982.t1
HG_15283	RhTor_PRQ69959.1 RhTor_PRQ69961.1 RhTor_PRQ69962.1 RhTor_PRQ69963.1 RhGra_KPV76477.1 RhPal_g4417.t1
HG_17453	RhTor_PRQ77449.1 RhGra_KPV77016.1 RhDio_TNY23922.1 MiSap_SDA07936.1 RhPal_g3868.t1
HG_20323	RhTor_PRQ70786.1 RhTor_PRQ70787.1 RhGra_KPV73346.1 RhPal_g907.t1
HG_10675	RhTor_PRQ71277.1 RhTor_PRQ74466.1 RhGra_KPV73538.1 RhGra_KPV73780.1 RhDio_TNY17667.1 RhDio_TNY17976.1 RhDio_TNY17994.1 RhDio_TNY23238.1 RhPal_g2001.t1 RhPal_g2044.t1 RhPal_g2095.t1
HG_20395	RhTor_PRQ72621.1 RhTor_PRQ72622.1 RhGra_KPV78427.1 RhDio_TNY18989.1
HG_24379	RhTor_PRQ78133.1 RhDio_TNY20923.1 RhPal_g7343.t1
HG_9529	RhGra_KPV72128.1 RhGra_KPV72141.1 RhDio_TNY18816.1 RhDio_TNY20142.1 RhDio_TNY20152.1 RhDio_TNY20466.1 RhDio_TNY20481.1 RhDio_TNY20482.1 RhDio_TNY20834.1 RhDio_TNY23004.1 RhDio_TNY23976.1 RhDio_TNY24023.1 RhPal_g4060.t1 RhPal_g4584.t1
HG_17435	RhTor_PRQ76891.1 RhGra_KPV78364.1 RhDio_TNY20625.1 MiSap_SCZ94770.1 RhPal_g496.t1
HG_20546	RhTor_PRQ77241.1 RhGra_KPV77950.1 RhDio_TNY23767.1 RhPal_g92.t1
HG_24274	RhTor_PRQ71236.1 RhDio_TNY20717.1 RhPal_g4648.t1
HG_20305	RhTor_PRQ70127.1 RhGra_KPV74106.1 RhDio_TNY17719.1 RhPal_g1842.t1
HG_20441	RhTor_PRQ73810.1 RhGra_KPV75917.1 RhDio_TNY20239.1 RhPal_g4920.t1
HG_20377	RhTor_PRQ72204.1 RhGra_KPV72654.1 RhDio_TNY22637.1 RhPal_g955.t1
HG_17330	RhTor_PRQ73217.1 RhGra_KPV76910.1 RhDio_TNY23385.1 MiSap_SDA05745.1 RhPal_g3670.t1
HG_17266	RhTor_PRQ70997.1 RhTor_PRQ71046.1 RhTor_PRQ71047.1 RhDio_TNY22540.1 RhPal_g2471.t1
HG_24256	RhTor_PRQ70404.1 RhDio_TNY20115.1 RhPal_g3161.t1
HG_17417	RhTor_PRQ75929.1 RhGra_KPV73879.1 RhDio_TNY20437.1 MiSap_SDA01175.1 RhPal_g1764.t1
HG_24425	RhGra_KPV74983.1 MiSap_SCZ92013.1 RhPal_g6661.t1
HG_20528	RhTor_PRQ76707.1 RhGra_KPV75263.1 RhDio_TNY23421.1 RhPal_g6082.t1
HG_17312	RhTor_PRQ72608.1 RhGra_KPV78462.1 RhDio_TNY21840.1 MiSap_SCZ95819.1 RhPal_g547.t1
HG_24320	RhTor_PRQ73812.1 RhGra_KPV75919.1 MiSap_SDA03218.1
HG_15311	RhTor_PRQ74258.1 RhGra_KPV73642.1 RhDio_TNY22577.1 MiSap_SCZ93318.1 MiSap_SCZ93324.1 RhPal_g2113.t1
HG_17248	RhTor_PRQ70317.1 RhGra_KPV72950.1 MiSap_SCZ92196.1 RhPal_g3092.t1 RhPal_g4371.t1
HG_17384	RhTor_PRQ74665.1 RhGra_KPV75013.1 RhDio_TNY23568.1 MiSap_SCZ91204.1 RhPal_g6711.t1
HG_20423	RhTor_PRQ73205.1 RhGra_KPV76879.1 RhDio_TNY23346.1 RhPal_g3639.t1
HG_20390	RhTor_PRQ72531.1 RhGra_KPV78187.1 RhDio_TNY23195.1 RhPal_g326.t1
HG_20359	RhTor_PRQ71706.1 RhGra_KPV72425.1 MiSap_SDA06157.1 RhPal_g1456.t1
HG_20495	RhTor_PRQ75370.1 RhDio_TNY18828.1 MiSap_SCZ99100.1 RhPal_g5283.t1
HG_24407	RhGra_KPV73161.1 RhDio_TNY20329.1 RhPal_g3324.t1
HG_20541	RhTor_PRQ77099.1 RhGra_KPV78121.1 RhDio_TNY23236.1 RhPal_g194.t1
HG_20477	RhTor_PRQ74888.1 RhGra_KPV76796.1 RhDio_TNY24157.1 RhPal_g3906.t1
HG_24302	RhTor_PRQ72931.1 RhDio_TNY21738.1 RhPal_g846.t1
HG_13807	RhTor_PRQ73212.1 RhTor_PRQ74732.1 RhGra_KPV75038.1 RhDio_TNY23587.1 RhPal_g3590.t1 RhPal_g6773.t1 RhPal_g6773.t2
HG_17430	RhTor_PRQ76761.1 RhGra_KPV75158.1 RhDio_TNY21958.1 MiSap_SDA07872.1 RhPal_g6220.t1
HG_17366	RhTor_PRQ74215.1 RhGra_KPV73610.1 RhDio_TNY23301.1 MiSap_SCZ92334.1 RhPal_g2089.t1
HG_20405	RhTor_PRQ72873.1 RhGra_KPV78599.1 RhDio_TNY19279.1 RhPal_g792.t1
HG_17261	RhTor_PRQ70820.1 RhGra_KPV73371.1 RhDio_TNY23117.1 MiSap_SCZ94380.1 RhPal_g2666.t1
HG_20300	RhTor_PRQ70037.1 RhDio_TNY19122.1 MiSap_SDA05814.1 RhPal_g3444.t1
HG_20372	RhTor_PRQ72094.1 RhGra_KPV72530.1 RhDio_TNY23876.1 RhPal_g1110.t1
HG_24356	RhTor_PRQ76562.1 RhGra_KPV71775.1 RhDio_TNY17548.1
HG_22629	RhTor_PRQ72834.1 RhGra_KPV78550.1 RhPal_g668.t1
HG_17412	RhTor_PRQ75621.1 RhGra_KPV72717.1 RhDio_TNY22306.1 MiSap_SDA01892.1 RhPal_g3073.t1
HG_17348	RhTor_PRQ73844.1 RhGra_KPV75890.1 RhDio_TNY19815.1 MiSap_SDA08122.1 RhPal_g4948.t1
HG_20523	RhTor_PRQ76477.1 RhGra_KPV77887.1 RhDio_TNY18782.1 RhPal_g6790.t1
HG_20459	RhTor_PRQ74396.1 RhGra_KPV73550.1 RhDio_TNY23246.1 RhPal_g2006.t1
HG_20595	RhGra_KPV74017.1 RhDio_TNY21116.1 RhPal_g1786.t1 RhPal_g7146.t1
HG_15347	RhGra_KPV77135.1 RhGra_KPV77138.1 RhDio_TNY16974.1 RhDio_TNY18281.1 RhPal_g3521.t1 RhPal_g3531.t1
HG_12771	RhTor_PRQ69815.1 RhTor_PRQ70749.1 RhTor_PRQ74057.1 RhTor_PRQ74093.1 RhGra_KPV71917.1 RhPal_g2509.t1 RhPal_g2897.t1 RhPal_g3253.t1
HG_20490	RhTor_PRQ75171.1 RhDio_TNY21211.1 MiSap_SCZ98572.1 RhPal_g5435.t1
HG_16363	RhTor_PRQ75648.1 RhGra_KPV72849.1 RhDio_TNY22261.1 MiSap_SDA08272.1 RhPal_g3033.t1
HG_17243	RhTor_PRQ70046.1 RhGra_KPV77192.1 RhDio_TNY18389.1 MiSap_SDA05733.1 RhPal_g3427.t1
HG_8970	RhTor_PRQ77338.1 RhTor_PRQ77339.1 RhTor_PRQ77340.1 RhTor_PRQ77359.1 RhTor_PRQ77360.1 RhGra_KPV77305.1 RhGra_KPV77315.1 RhGra_KPV77372.1 RhGra_KPV77373.1 RhDio_TNY18194.1 RhDio_TNY19942.1 RhDio_TNY19943.1 RhDio_TNY19955.1 RhDio_TNY19956.1 RhPal_g5630.t1 RhPal_g5714.t1
HG_24338	RhTor_PRQ75617.1 RhDio_TNY22303.1 RhPal_g3070.t1
HG_17466	RhTor_PRQ77968.1 RhGra_KPV76278.1 RhDio_TNY24464.1 MiSap_SDA05017.1 RhPal_g4204.t1
HG_20505	RhTor_PRQ75641.1 RhGra_KPV72782.1 RhDio_TNY22330.1 RhPal_g3003.t1
HG_17361	RhTor_PRQ74055.1 RhGra_KPV76106.1 RhDio_TNY21745.1 MiSap_SDA06742.1 RhPal_g5160.t1
HG_17297	RhTor_PRQ72002.1 RhGra_KPV72583.1 RhDio_TNY21304.1 MiSap_SDA08043.1 RhPal_g1179.t1
HG_15329	RhTor_PRQ76519.1 RhTor_PRQ76523.1 RhTor_PRQ76524.1 RhGra_KPV71762.1 RhPal_g7187.t1 RhPal_g7212.t1
HG_11906	RhTor_PRQ76784.1 RhTor_PRQ76786.1 RhGra_KPV75179.1 RhGra_KPV75181.1 RhGra_KPV75182.1 RhDio_TNY21934.1 RhDio_TNY21936.1 RhPal_g6199.t1 RhPal_g6201.t1
HG_20400	RhTor_PRQ72766.1 RhGra_KPV78566.1 RhDio_TNY21367.1 RhPal_g691.t1
HG_15296	RhTor_PRQ72307.1 RhGra_KPV72661.1 RhDio_TNY22644.1 MiSap_SCZ95611.1 MiSap_SDA06953.1 RhPal_g958.t1
HG_20336	RhTor_PRQ71053.1 RhDio_TNY19525.1 MiSap_SDA02604.1 RhPal_g2419.t1
HG_20472	RhTor_PRQ74761.1 RhGra_KPV76702.1 RhDio_TNY24270.1 RhPal_g4023.t1
HG_17448	RhTor_PRQ77255.1 RhGra_KPV77926.1 RhDio_TNY23720.1 MiSap_SCZ95601.1 RhPal_g40.t1
HG_20559	RhTor_PRQ77764.1 RhGra_KPV74454.1 RhDio_TNY24333.1 RhPal_g5317.t1
HG_20318	RhTor_PRQ70651.1 RhGra_KPV73212.1 RhDio_TNY18921.1 RhPal_g2794.t1
HG_20454	RhTor_PRQ74209.1 RhTor_PRQ76221.1 RhDio_TNY23263.1 RhPal_g2045.t1
HG_20590	RhGra_KPV72735.1 RhDio_TNY21456.1 MiSap_SDA08274.1 RhPal_g3064.t1
HG_17343	RhTor_PRQ73724.1 RhGra_KPV75750.1 RhDio_TNY19199.1 MiSap_SDA08155.1 RhPal_g4839.t1
HG_17279	RhTor_PRQ71359.1 RhGra_KPV74636.1 RhDio_TNY18297.1 MiSap_SCZ91249.1 RhPal_g6391.t1
HG_15342	RhGra_KPV74189.1 RhGra_KPV74248.1 RhGra_KPV74266.1 RhDio_TNY18225.1 RhDio_TNY18558.1 RhPal_g7402.t1
HG_24438	RhGra_KPV76535.1 RhDio_TNY20863.1 RhPal_g4442.t1
HG_24269	RhTor_PRQ70954.1 RhDio_TNY24039.1 RhPal_g2547.t1
HG_9518	RhTor_PRQ75008.1 RhTor_PRQ75019.1 RhGra_KPV77457.1 RhGra_KPV77458.1 RhDio_TNY22103.1 RhDio_TNY22104.1 MiSap_SCZ98363.1 MiSap_SCZ98444.1 MiSap_SCZ98446.1 MiSap_SCZ98467.1 MiSap_SDA04471.1 MiSap_SDA06056.1 MiSap_SDA07206.1 RhPal_g5533.t1
HG_17325	RhTor_PRQ73031.1 RhGra_KPV76239.1 RhDio_TNY24493.1 MiSap_SDA04852.1 RhPal_g4145.t1
HG_17292	RhTor_PRQ71816.1 RhGra_KPV72490.1 RhDio_TNY18031.1 MiSap_SDA06173.1 RhPal_g1374.t1
HG_15291	RhTor_PRQ71070.1 RhGra_KPV71843.1 RhDio_TNY17299.1 MiSap_SCZ92995.1 MiSap_SCZ92996.1 RhPal_g2410.t1
HG_17461	RhTor_PRQ77674.1 RhGra_KPV74494.1 RhDio_TNY24319.1 MiSap_SDA01066.1 RhPal_g7685.t1
HG_20331	RhTor_PRQ70960.1 RhDio_TNY17426.1 MiSap_SDA02568.1 RhPal_g2445.t1
HG_17397	RhTor_PRQ75079.1 RhGra_KPV77407.1 RhDio_TNY17319.1 MiSap_SCZ98463.1 RhPal_g5596.t1
HG_20500	RhTor_PRQ75542.1 RhGra_KPV72868.1 RhDio_TNY22243.1 RhPal_g2928.t1
HG_20436	RhTor_PRQ73682.1 RhGra_KPV75660.1 RhDio_TNY19901.1 RhPal_g4771.t1
HG_12789	RhTor_PRQ75873.1 RhGra_KPV73969.1 RhGra_KPV73973.1 RhDio_TNY17058.1 RhDio_TNY17062.1 RhDio_TNY18499.1 RhDio_TNY21101.1 RhPal_g1688.t1
HG_11258	RhTor_PRQ74630.1 RhTor_PRQ74631.1 RhTor_PRQ74637.1 RhTor_PRQ74638.1 RhTor_PRQ74639.1 RhTor_PRQ74641.1 RhGra_KPV74987.1 RhGra_KPV75031.1 RhPal_g6695.t1 RhPal_g6696.t1
HG_10032	RhTor_PRQ71704.1 RhTor_PRQ76386.1 RhTor_PRQ76388.1 RhTor_PRQ76394.1 RhGra_KPV72423.1 RhGra_KPV77814.1 RhGra_KPV77817.1 RhDio_TNY17231.1 RhDio_TNY17238.1 RhDio_TNY23059.1 RhPal_g1458.t1 RhPal_g6863.t1
HG_20554	RhTor_PRQ77593.1 RhGra_KPV74329.1 RhDio_TNY19368.1 RhPal_g7475.t1
HG_17307	RhTor_PRQ72563.1 RhTor_PRQ72564.1 RhGra_KPV78272.1 RhDio_TNY20287.1 RhPal_g390.t1
HG_24282	RhTor_PRQ71430.1 RhGra_KPV74627.1 RhPal_g6314.t1
HG_17443	RhTor_PRQ77065.1 RhGra_KPV78140.1 RhDio_TNY21645.1 MiSap_SCZ97196.1 RhPal_g279.t1
HG_20418	RhTor_PRQ73088.1 RhGra_KPV76265.1 MiSap_SDA07359.1 RhPal_g4179.t1
HG_20385	RhTor_PRQ72388.1 RhGra_KPV75100.1 RhDio_TNY17886.1 RhPal_g6276.t1
HG_7172	RhTor_PRQ74839.1 RhTor_PRQ74854.1 RhTor_PRQ74855.1 RhTor_PRQ74856.1 RhTor_PRQ74857.1 RhTor_PRQ74864.1 RhTor_PRQ74865.1 RhTor_PRQ74866.1 RhTor_PRQ74867.1 RhTor_PRQ74868.1 RhTor_PRQ74869.1 RhTor_PRQ74870.1 RhGra_KPV76773.1 RhGra_KPV76778.1 RhGra_KPV76784.1 RhGra_KPV76785.1 RhDio_TNY24177.1 RhDio_TNY24183.1 RhDio_TNY24187.1 RhPal_g3916.t1 RhPal_g3917.t1 RhPal_g3928.t1 RhPal_g3934.t1 RhPal_g3935.t1 RhPal_g3936.t1
HG_17274	RhTor_PRQ71304.1 RhGra_KPV74910.1 RhDio_TNY24665.1 MiSap_SCZ91577.1 RhPal_g6506.t1
HG_15306	RhTor_PRQ73331.1 RhTor_PRQ73415.1 RhTor_PRQ73416.1 RhTor_PRQ74539.1 RhGra_KPV77150.1 RhDio_TNY19262.1
HG_24369	RhTor_PRQ77426.1 MiSap_SDA05769.1 RhPal_g3830.t1
HG_17392	RhTor_PRQ74974.1 RhGra_KPV77351.1 RhDio_TNY17136.1 MiSap_SCZ98103.1 RhPal_g5641.t1
HG_17425	RhTor_PRQ76430.1 RhGra_KPV77852.1 RhDio_TNY21871.1 MiSap_SCZ90265.1 RhPal_g6833.t1
HG_16304	RhTor_PRQ69989.1 RhGra_KPV76585.1 RhDio_TNY22372.1 MiSap_SDA04964.1 RhPal_g4529.t1
HG_20536	RhTor_PRQ76980.1 RhGra_KPV78108.1 RhDio_TNY19566.1 MiSap_SCZ95712.1
HG_20367	RhTor_PRQ71938.1 RhGra_KPV71680.1 RhDio_TNY18962.1 RhPal_g1311.t1
HG_20600	RhGra_KPV76104.1 RhDio_TNY21743.1 RhPal_g5156.t1 RhPal_g5156.t2
HG_17320	RhTor_PRQ72925.1 RhGra_KPV78700.1 RhDio_TNY21733.1 MiSap_SCZ96062.1 RhPal_g841.t1
HG_17256	RhTor_PRQ70590.1 RhGra_KPV73119.1 RhDio_TNY19678.1 MiSap_SDA04612.1 RhPal_g3280.t1
HG_24264	RhTor_PRQ70816.1 RhGra_KPV73291.1 RhPal_g921.t1
HG_8968	RhTor_PRQ74766.1 RhTor_PRQ74781.1 RhGra_KPV76734.1 RhGra_KPV76747.1 RhGra_KPV76767.1 RhDio_TNY24169.1 RhDio_TNY24170.1 RhDio_TNY24200.1 RhDio_TNY24213.1 RhDio_TNY24214.1 RhDio_TNY24215.1 RhDio_TNY24218.1 RhDio_TNY24219.1 RhDio_TNY24222.1 RhDio_TNY24226.1 RhDio_TNY24269.1
HG_24310	RhTor_PRQ73326.1 RhDio_TNY24010.1 RhPal_g3784.t1
HG_24246	RhTor_PRQ69876.1 RhGra_KPV75604.1 RhPal_g5744.t1
HG_17407	RhTor_PRQ75493.1 RhGra_KPV72891.1 RhDio_TNY20174.1 MiSap_SDA01804.1 RhPal_g2878.t1
HG_20349	RhTor_PRQ71486.1 RhGra_KPV72911.1 RhDio_TNY20183.1 RhPal_g2873.t1
HG_20518	RhTor_PRQ76337.1 RhGra_KPV77650.1 RhDio_TNY21017.1 RhPal_g6967.t1
HG_17302	RhTor_PRQ72289.1 RhGra_KPV71503.1 RhDio_TNY22666.1 MiSap_SDA06816.1 RhPal_g1015.t1
HG_15301	RhTor_PRQ73021.1 RhGra_KPV76218.1 RhDio_TNY24559.1 MiSap_SDA05157.1 RhPal_g4121.t1 RhPal_g4121.t2
HG_17238	RhTor_PRQ69887.1 RhGra_KPV76669.1 RhDio_TNY20130.1 MiSap_SDA05045.1 RhPal_g4624.t1
HG_17374	RhTor_PRQ74398.1 RhGra_KPV73542.1 RhDio_TNY23243.1 MiSap_SCZ93313.1 RhPal_g2004.t1
HG_20413	RhTor_PRQ72997.1 RhGra_KPV76198.1 RhDio_TNY24546.1 RhPal_g4103.t1
HG_20380	RhTor_PRQ72275.1 RhDio_TNY22630.1 MiSap_SDA06401.1 RhPal_g990.t1
HG_24364	RhTor_PRQ77117.1 MiSap_SCZ97393.1 RhPal_g89.t1
HG_20298	RhTor_PRQ69918.1 RhTor_PRQ69937.1 RhDio_TNY17482.1 RhPal_g4613.t1
HG_20531	RhTor_PRQ76747.1 RhGra_KPV75280.1 RhDio_TNY20016.1 RhPal_g6114.t1
HG_20467	RhTor_PRQ74670.1 RhDio_TNY23569.1 RhPal_g6710.t1 RhPal_g6710.t2
HG_17420	RhTor_PRQ76034.1 RhGra_KPV75415.1 RhDio_TNY19396.1 MiSap_SDA03973.1 RhPal_g5954.t1
HG_17356	RhTor_PRQ73960.1 RhGra_KPV76017.1 RhGra_KPV76030.1 RhPal_g5052.t1 RhPal_g5065.t1
HG_17492	RhGra_KPV72829.1 RhDio_TNY17569.1 MiSap_SDA03325.1 MiSap_SDA03573.1 MiSap_SDA03574.1
HG_20362	RhTor_PRQ71819.1 RhGra_KPV72480.1 RhDio_TNY18041.1 RhPal_g1372.t1
HG_16371	RhTor_PRQ70247.1 RhGra_KPV75452.1 RhDio_TNY22689.1 MiSap_SDA03985.1 RhPal_g5891.t1
HG_17251	RhTor_PRQ70446.1 RhGra_KPV73057.1 RhDio_TNY17410.1 MiSap_SDA04427.1 RhPal_g3209.t1
HG_24410	RhGra_KPV73334.1 RhDio_TNY19300.1 RhPal_g2658.t1
HG_24346	RhTor_PRQ76055.1 RhGra_KPV75310.1 RhPal_g6060.t1
HG_17338	RhTor_PRQ73483.1 RhGra_KPV74369.1 RhDio_TNY21503.1 MiSap_SDA00541.1 RhPal_g7516.t1
HG_15337	RhTor_PRQ77828.1 RhTor_PRQ77829.1 RhGra_KPV76598.1 RhDio_TNY22387.1 MiSap_SDA07736.1 RhPal_g4506.t1
HG_17474	RhTor_PRQ78203.1 RhGra_KPV74023.1 RhGra_KPV74153.1 RhDio_TNY20773.1 RhPal_g7294.t1
HG_20344	RhTor_PRQ71318.1 RhGra_KPV74895.1 RhDio_TNY24682.1 RhPal_g6517.t1
HG_20513	RhTor_PRQ75936.1 RhDio_TNY20444.1 RhDio_TNY20445.1 RhPal_g6533.t1
HG_20480	RhTor_PRQ74915.1 RhDio_TNY18158.1 MiSap_SDA05484.1 RhPal_g3880.t1
HG_20449	RhTor_PRQ74111.1 RhGra_KPV76137.1 RhDio_TNY21789.1 RhPal_g5194.t1
HG_16353	RhTor_PRQ70974.1 RhGra_KPV72090.1 RhDio_TNY24048.1 MiSap_SDA02534.1 RhPal_g2559.t1
HG_20585	RhGra_KPV72377.1 RhDio_TNY23033.1 MiSap_SCZ88319.1 RhPal_g1503.t1
HG_13810	RhTor_PRQ73945.1 RhTor_PRQ73962.1 RhGra_KPV76015.1 RhGra_KPV76031.1 RhDio_TNY17151.1 MiSap_SDA07035.1 RhPal_g5067.t1
HG_17402	RhTor_PRQ75150.1 RhGra_KPV77565.1 RhDio_TNY21200.1 MiSap_SDA06571.1 RhPal_g5423.t1
HG_24328	RhTor_PRQ74520.1 RhGra_KPV74882.1 RhDio_TNY24692.1
HG_17287	RhTor_PRQ71632.1 RhGra_KPV72348.1 RhDio_TNY17940.1 MiSap_SCZ88833.1 RhPal_g1528.t1
HG_24295	RhTor_PRQ72013.1 RhDio_TNY21310.1 RhPal_g1186.t1
HG_15319	RhTor_PRQ75115.1 RhGra_KPV77530.1 RhDio_TNY21234.1 MiSap_SCZ98551.1 RhPal_g5473.t1 RhPal_g5473.t2
HG_17456	RhTor_PRQ77585.1 RhGra_KPV74321.1 RhDio_TNY18622.1 MiSap_SDA01086.1 RhPal_g7483.t1
HG_20326	RhTor_PRQ70849.1 RhGra_KPV73394.1 RhDio_TNY23141.1 RhPal_g2700.t1
HG_20398	RhTor_PRQ72643.1 RhGra_KPV78402.1 RhDio_TNY21063.1 RhPal_g638.t1
HG_14503	RhTor_PRQ73180.1 RhTor_PRQ73186.1 RhGra_KPV76888.1 RhDio_TNY23356.1 MiSap_SDA05786.1 RhPal_g3644.t1
HG_17351	RhTor_PRQ73886.1 RhGra_KPV75994.1 RhDio_TNY22482.1 MiSap_SDA07031.1 RhPal_g4995.t1
HG_15286	RhTor_PRQ70548.1 RhTor_PRQ70549.1 RhGra_KPV73017.1 RhDio_TNY21550.1 MiSap_SDA04357.1 RhPal_g3264.t1
HG_20462	RhTor_PRQ74548.1 RhGra_KPV74959.1 RhDio_TNY24763.1 RhPal_g6602.t1
HG_24446	RhGra_KPV78074.1 RhDio_TNY23159.1 RhPal_g237.t1
HG_20308	RhTor_PRQ70307.1 RhGra_KPV72943.1 RhDio_TNY17759.1 RhPal_g3084.t1
HG_24341	RhTor_PRQ75740.1 RhDio_TNY18208.1 RhPal_g1619.t1
HG_17269	RhTor_PRQ71106.1 RhGra_KPV71904.1 RhDio_TNY20216.1 RhPal_g2357.t1 RhPal_g2357.t2
HG_17438	RhTor_PRQ76960.1 RhDio_TNY19582.1 MiSap_SCZ95934.1 RhPal_g317.t1 RhPal_g317.t2
HG_20444	RhTor_PRQ73972.1 RhGra_KPV76046.1 MiSap_SDA08069.1 RhPal_g5076.t1
HG_17333	RhTor_PRQ73369.1 RhGra_KPV77141.1 RhDio_TNY19220.1 MiSap_SDA05724.1 RhPal_g3535.t1
HG_24428	RhGra_KPV75534.1 RhDio_TNY20509.1 RhPal_g5844.t1
HG_24259	RhTor_PRQ70490.1 MiSap_SDA04016.1 RhPal_g3313.t1
HG_17387	RhTor_PRQ74804.1 RhGra_KPV76757.1 RhDio_TNY24165.1 MiSap_SDA02006.1 RhPal_g3965.t1
HG_20498	RhTor_PRQ75487.1 RhGra_KPV72913.1 RhDio_TNY20185.1 RhPal_g2871.t1
HG_17282	RhTor_PRQ71511.1 RhGra_KPV74710.1 RhDio_TNY19716.1 MiSap_SCZ91985.1 RhPal_g6469.t1
HG_24290	RhTor_PRQ71796.1 MiSap_SDA06168.1 RhPal_g1253.t1
HG_15314	RhTor_PRQ74333.1 RhTor_PRQ74338.1 RhGra_KPV73710.1 RhDio_TNY22891.1 RhPal_g2247.t1 RhPal_g2252.t1
HG_17451	RhTor_PRQ77387.1 RhGra_KPV76837.1 RhDio_TNY23991.1 MiSap_SDA05928.1 RhPal_g3808.t1
HG_20321	RhTor_PRQ70672.1 RhGra_KPV73222.1 RhDio_TNY17391.1 RhPal_g2777.t1
HG_20393	RhTor_PRQ72569.1 RhGra_KPV78277.1 RhDio_TNY20282.1 RhPal_g393.t1
HG_20426	RhTor_PRQ73261.1 RhGra_KPV76953.1 RhDio_TNY19539.1 RhPal_g3719.t1
HG_12779	RhTor_PRQ72135.1 RhTor_PRQ73896.1 RhDio_TNY23891.1 MiSap_SDA06761.1 RhPal_g1078.t1 RhPal_g6835.t1 RhPal_g6847.t1 RhPal_g940.t1
HG_20562	RhTor_PRQ77860.1 RhDio_TNY18809.1 RhPal_g4465.t1 RhPal_g4465.t2
HG_24441	RhGra_KPV76690.1 RhDio_TNY24283.1 MiSap_SDA08400.1
HG_24377	RhTor_PRQ77979.1 RhDio_TNY24471.1 RhPal_g4210.t1
HG_20544	RhTor_PRQ77188.1 RhGra_KPV77946.1 RhDio_TNY23763.1 RhPal_g87.t1
HG_17264	RhTor_PRQ70936.1 RhGra_KPV71992.1 RhDio_TNY19515.1 MiSap_SDA02563.1 RhPal_g2426.t1
HG_24272	RhTor_PRQ71132.1 RhDio_TNY16966.1 RhPal_g850.t1
HG_17433	RhTor_PRQ76846.1 RhGra_KPV78331.1 RhDio_TNY21971.1 MiSap_SCZ94631.1 RhPal_g454.t1
HG_20303	RhTor_PRQ70106.1 RhGra_KPV77157.1 RhDio_TNY20637.1 RhPal_g3370.t1
HG_20408	RhTor_PRQ72911.1 RhGra_KPV78600.1 RhDio_TNY19280.1 RhPal_g794.t1
HG_20375	RhTor_PRQ72148.1 RhGra_KPV72600.1 RhDio_TNY23889.1 RhPal_g1072.t1
HG_12792	RhTor_PRQ76699.1 RhGra_KPV75300.1 RhGra_KPV75307.1 RhDio_TNY23444.1 RhDio_TNY23447.1 MiSap_SDA04775.1 RhPal_g6063.t1 RhPal_g6075.t1
HG_9527	RhGra_KPV71770.1 RhGra_KPV71815.1 RhGra_KPV71816.1 RhGra_KPV71817.1 RhGra_KPV71818.1 RhDio_TNY16878.1 RhDio_TNY17537.1 RhDio_TNY17538.1 RhDio_TNY18466.1 RhDio_TNY18473.1 RhDio_TNY18479.1 RhDio_TNY20354.1 RhDio_TNY22235.1 RhPal_g7132.t1
HG_24359	RhTor_PRQ76654.1 RhGra_KPV75384.1 RhDio_TNY22729.1
HG_24254	RhTor_PRQ70334.1 RhGra_KPV72965.1 RhPal_g3104.t1
HG_20421	RhTor_PRQ73172.1 RhGra_KPV76903.1 RhDio_TNY23368.1 RhPal_g3685.t1
HG_12774	RhTor_PRQ70435.1 RhTor_PRQ70438.1 RhGra_KPV73064.1 RhGra_KPV73067.1 RhDio_TNY17018.1 RhDio_TNY17021.1 RhPal_g3201.t1 RhPal_g3204.t1
HG_20526	RhTor_PRQ76597.1 RhGra_KPV71738.1 RhDio_TNY22201.1 RhPal_g7216.t1
HG_20493	RhTor_PRQ75279.1 RhGra_KPV72174.1 RhDio_TNY18835.1 RhPal_g5331.t1
HG_17310	RhTor_PRQ72589.1 RhGra_KPV78509.1 RhDio_TNY19760.1 MiSap_SCZ94759.1 RhPal_g528.t1
HG_20598	RhGra_KPV75665.1 RhDio_TNY18356.1 RhDio_TNY20728.1 RhPal_g4637.t1
HG_17246	RhTor_PRQ70280.1 RhGra_KPV75445.1 RhDio_TNY22681.1 MiSap_SDA05088.1 RhPal_g5931.t1
HG_17415	RhTor_PRQ75768.1 RhGra_KPV73859.1 RhDio_TNY17511.1 MiSap_SDA03010.1 RhPal_g1629.t1
HG_17382	RhTor_PRQ74629.1 RhGra_KPV74998.1 RhDio_TNY24832.1 MiSap_SCZ91234.1 RhPal_g6683.t1
HG_8967	RhTor_PRQ73980.1 RhTor_PRQ73981.1 RhTor_PRQ75167.1 RhTor_PRQ75168.1 RhTor_PRQ75335.1 RhTor_PRQ75337.1 RhTor_PRQ75338.1 RhTor_PRQ75378.1 RhTor_PRQ75379.1 RhTor_PRQ75404.1 RhTor_PRQ75405.1 RhGra_KPV72870.1 RhDio_TNY18097.1 RhPal_g5085.t1 RhPal_g5086.t1 RhPal_g5262.t1
HG_24405	RhGra_KPV73007.1 RhDio_TNY21539.1 RhPal_g3340.t1
HG_24300	RhTor_PRQ72739.1 RhDio_TNY17241.1 RhPal_g750.t1
HG_17364	RhTor_PRQ74094.1 RhTor_PRQ74095.1 MiSap_SDA06651.1 RhPal_g5181.t1 RhPal_g5181.t2
HG_24372	RhTor_PRQ77655.1 MiSap_SDA01059.1 RhPal_g7679.t1
HG_17469	RhTor_PRQ78060.1 RhGra_KPV76430.1 RhDio_TNY21400.1 MiSap_SDA07296.1 RhPal_g4359.t1
HG_20339	RhTor_PRQ71170.1 RhDio_TNY20208.1 RhPal_g2365.t1 RhPal_g2365.t2
HG_20475	RhTor_PRQ74842.1 RhGra_KPV76763.1 MiSap_SDA08290.1 RhPal_g3958.t1
HG_20508	RhTor_PRQ75827.1 RhGra_KPV73959.1 RhGra_KPV73960.1 RhDio_TNY20419.1
