HG_15299 	MiSa	RhDi	RhGr	RhPa	RhTo
HG_20403 	RhDi	RhGr	RhPa	RhTo
HG_20370 	RhDi	RhGr	RhPa	RhTo
HG_17346 	MiSa	RhDi	RhGr	RhPa	RhTo
HG_20457 	RhDi	RhGr	RhPa	RhTo
HG_20352 	MiSa	RhDi	RhPa	RhTo
HG_20521 	RhDi	RhGr	RhPa	RhTo
HG_316 	RhDi	RhGr	RhPa	RhTo
HG_20439 	RhDi	RhGr	RhPa	RhTo
HG_17464 	MiSa	RhDi	RhGr	RhPa	RhTo
HG_20334 	RhDi	RhGr	RhPa	RhTo
HG_20470 	MiSa	RhDi	RhPa	RhTo
HG_20503 	RhDi	RhGr	RhPa	RhTo
HG_20557 	RhDi	RhGr	RhPa	RhTo
HG_20316 	RhDi	RhGr	RhPa	RhTo
HG_20388 	MiSa	RhGr	RhPa	RhTo
HG_17341 	MiSa	RhDi	RhGr	RhPa	RhTo
HG_17277 	MiSa	RhDi	RhGr	RhPa	RhTo
HG_15309 	MiSa	RhDi	RhGr	RhPa	RhTo
HG_15340 	MiSa	RhDi	RhGr	RhPa	RhTo
HG_20539 	MiSa	RhDi	RhPa	RhTo
HG_17290 	MiSa	RhDi	RhGr	RhPa	RhTo
HG_17259 	MiSa	RhDi	RhGr	RhPa	RhTo
HG_17395 	MiSa	RhDi	RhGr	RhPa	RhTo
HG_17428 	RhDi	RhGr	RhPa	RhTo
HG_20603 	MiSa	RhDi	RhGr	RhPa
HG_20570 	RhDi	RhGr	RhPa	RhTo
HG_20416 	MiSa	RhDi	RhPa	RhTo
HG_20552 	RhDi	RhGr	RhPa	RhTo
HG_20488 	RhDi	RhGr	RhPa	RhTo
HG_17305 	MiSa	RhDi	RhGr	RhPa	RhTo
HG_17377 	MiSa	RhDi	RhGr	RhPa	RhTo
HG_16320 	MiSa	RhDi	RhGr	RhPa	RhTo
HG_17272 	MiSa	RhDi	RhGr	RhPa	RhTo
HG_12359 	RhDi	RhGr	RhPa	RhTo
HG_13785 	MiSa	RhDi	RhGr	RhPa	RhTo
HG_15304 	MiSa	RhDi	RhGr	RhPa	RhTo
HG_13303 	MiSa	RhDi	RhGr	RhPa	RhTo
HG_17441 	MiSa	RhDi	RhGr	RhPa	RhTo
HG_20311 	RhDi	RhGr	RhPa	RhTo
HG_17359 	MiSa	RhDi	RhGr	RhPa	RhTo
HG_17495 	MiSa	RhDi	RhGr	RhPa
HG_20534 	RhDi	RhGr	RhPa	RhTo
HG_18713 	MiSa	RhDi	RhGr	RhPa
HG_17390 	RhDi	RhGr	RhPa	RhTo
HG_17423 	MiSa	RhDi	RhGr	RhPa	RhTo
HG_20365 	RhDi	RhGr	RhPa	RhTo
HG_12782 	RhDi	RhGr	RhPa	RhTo
HG_16374 	MiSa	RhDi	RhGr	RhPa	RhTo
HG_17254 	MiSa	RhDi	RhGr	RhPa	RhTo
HG_8101 	MiSa	RhDi	RhGr	RhPa	RhTo
HG_20516 	RhDi	RhGr	RhPa	RhTo
HG_17300 	MiSa	RhDi	RhGr	RhPa	RhTo
HG_17236 	MiSa	RhDi	RhGr	RhPa	RhTo
HG_17372 	RhDi	RhGr	RhPa	RhTo
HG_17405 	MiSa	RhDi	RhPa	RhTo
HG_20411 	MiSa	RhGr	RhPa	RhTo
HG_20347 	MiSa	RhDi	RhPa	RhTo
HG_20483 	MiSa	RhDi	RhPa	RhTo
HG_17459 	MiSa	RhDi	RhGr	RhPa	RhTo
HG_20329 	RhDi	RhGr	RhPa	RhTo
HG_20465 	RhDi	RhGr	RhPa	RhTo
HG_17354 	RhDi	RhGr	RhPa	RhTo
HG_20360 	RhDi	RhGr	RhPa	RhTo
HG_17400 	RhDi	RhGr	RhPa	RhTo
HG_17336 	MiSa	RhDi	RhGr	RhPa	RhTo
HG_17472 	MiSa	RhDi	RhGr	RhPa	RhTo
HG_20511 	RhDi	RhGr	RhPa	RhTo
HG_20447 	RhDi	RhGr	RhPa	RhTo
HG_20565 	MiSa	RhDi	RhPa	RhTo
HG_17318 	MiSa	RhDi	RhGr	RhPa	RhTo
HG_17454 	MiSa	RhDi	RhGr	RhPa	RhTo
HG_20429 	RhDi	RhGr	RhPa	RhTo
HG_14501 	MiSa	RhDi	RhGr	RhPa
HG_17285 	MiSa	RhDi	RhGr	RhPa	RhTo
HG_15317 	RhDi	RhGr	RhPa	RhTo
HG_20460 	RhDi	RhGr	RhPa	RhTo
HG_20396 	MiSa	RhDi	RhPa	RhTo
HG_9851 	RhDi	RhGr	RhPa	RhTo
HG_17436 	MiSa	RhDi	RhGr	RhPa	RhTo
HG_20547 	RhDi	RhGr	RhPa	RhTo
HG_20306 	RhDi	RhGr	RhPa	RhTo
HG_20442 	RhDi	RhGr	RhPa	RhTo
HG_20378 	RhDi	RhGr	RhPa	RhTo
HG_17331 	RhDi	RhGr	RhPa	RhTo
HG_17267 	MiSa	RhDi	RhGr	RhPa	RhTo
HG_15330 	MiSa	RhDi	RhGr	RhPa	RhTo
HG_17418 	MiSa	RhDi	RhGr	RhPa	RhTo
HG_20529 	RhDi	RhGr	RhPa	RhTo
HG_17280 	MiSa	RhDi	RhGr	RhPa	RhTo
HG_17313 	MiSa	RhDi	RhGr	RhPa	RhTo
HG_17249 	MiSa	RhDi	RhGr	RhPa	RhTo
HG_17385 	MiSa	RhDi	RhGr	RhPa	RhTo
HG_20391 	RhDi	RhGr	RhPa	RhTo
HG_20424 	RhDi	RhGr	RhPa	RhTo
HG_12777 	MiSa	RhDi	RhGr	RhPa	RhTo
HG_20560 	RhDi	RhGr	RhPa	RhTo
HG_20496 	MiSa	RhGr	RhPa	RhTo
HG_9515 	MiSa	RhDi	RhGr	RhPa	RhTo
HG_20542 	RhDi	RhGr	RhPa	RhTo
HG_13808 	MiSa	RhDi	RhGr	RhPa	RhTo
HG_17431 	MiSa	RhDi	RhGr	RhPa	RhTo
HG_17367 	MiSa	RhDi	RhGr	RhPa	RhTo
HG_20406 	RhDi	RhGr	RhPa	RhTo
HG_17262 	MiSa	RhDi	RhGr	RhPa	RhTo
HG_20373 	MiSa	RhDi	RhPa	RhTo
HG_16310 	MiSa	RhDi	RhGr	RhPa	RhTo
HG_17413 	MiSa	RhDi	RhGr	RhPa	RhTo
HG_17349 	MiSa	RhDi	RhGr	RhPa	RhTo
HG_20524 	RhDi	RhGr	RhPa	RhTo
HG_17380 	RhDi	RhGr	RhPa	RhTo
HG_11892 	MiSa	RhDi	RhGr	RhPa	RhTo
HG_12772 	MiSa	RhDi	RhGr	RhPa	RhTo
HG_20491 	RhDi	RhGr	RhPa	RhTo
HG_10909 	MiSa	RhDi	RhPa	RhTo
HG_13821 	RhDi	RhGr	RhPa	RhTo
HG_17244 	RhDi	RhGr	RhPa	RhTo
HG_17298 	MiSa	RhGr	RhPa	RhTo
HG_17467 	MiSa	RhDi	RhGr	RhPa	RhTo
HG_20337 	RhDi	RhGr	RhPa	RhTo
HG_20506 	RhDi	RhGr	RhPa	RhTo
HG_13803 	RhDi	RhGr	RhPa	RhTo
HG_17362 	MiSa	RhDi	RhGr	RhPa	RhTo
HG_15297 	RhDi	RhGr	RhPa	RhTo
HG_20473 	RhDi	RhGr	RhPa	RhTo
HG_8965 	MiSa	RhDi	RhGr	RhPa	RhTo
HG_17449 	MiSa	RhDi	RhGr	RhPa	RhTo
HG_20319 	RhDi	RhGr	RhPa	RhTo
HG_20455 	MiSa	RhDi	RhPa	RhTo
HG_16328 	RhDi	RhGr	RhPa	RhTo
HG_17344 	MiSa	RhDi	RhGr	RhPa	RhTo
HG_17326 	RhDi	RhGr	RhPa	RhTo
HG_17293 	MiSa	RhDi	RhGr	RhPa	RhTo
HG_15292 	RhDi	RhGr	RhPa	RhTo
HG_17462 	MiSa	RhDi	RhPa	RhTo
HG_20332 	RhDi	RhGr	RhPa	RhTo
HG_17398 	MiSa	RhDi	RhGr	RhPa	RhTo
HG_20501 	RhDi	RhGr	RhPa	RhTo
HG_9859 	RhDi	RhGr	RhPa	RhTo
HG_17275 	MiSa	RhDi	RhGr	RhPa	RhTo
HG_17308 	MiSa	RhDi	RhGr	RhPa	RhTo
HG_15307 	RhDi	RhGr	RhPa	RhTo
HG_14499 	MiSa	RhDi	RhGr	RhPa
HG_17444 	MiSa	RhDi	RhGr	RhPa	RhTo
HG_20314 	RhDi	RhGr	RhPa	RhTo
HG_20419 	RhDi	RhGr	RhPa	RhTo
HG_20386 	RhDi	RhGr	RhPa	RhTo
HG_20450 	MiSa	RhDi	RhPa	RhTo
HG_17426 	MiSa	RhDi	RhGr	RhPa	RhTo
HG_17393 	MiSa	RhDi	RhGr	RhPa	RhTo
HG_20432 	RhDi	RhGr	RhPa	RhTo
HG_12785 	RhDi	RhGr	RhPa	RhTo
HG_20537 	RhDi	RhGr	RhPa	RhTo
HG_17257 	MiSa	RhDi	RhGr	RhPa	RhTo
HG_11254 	MiSa	RhDi	RhGr	RhPa	RhTo
HG_13816 	MiSa	RhDi	RhPa	RhTo
HG_17239 	MiSa	RhDi	RhGr	RhPa	RhTo
HG_20486 	RhDi	RhGr	RhPa	RhTo
HG_20519 	RhDi	RhGr	RhPa	RhTo
HG_16359 	MiSa	RhDi	RhGr	RhPa	RhTo
HG_17303 	MiSa	RhDi	RhGr	RhPa	RhTo
HG_17375 	MiSa	RhDi	RhGr	RhPa	RhTo
HG_20414 	MiSa	RhDi	RhPa	RhTo
HG_20381 	RhDi	RhGr	RhPa	RhTo
HG_20550 	MiSa	RhDi	RhPa	RhTo
HG_20468 	RhDi	RhGr	RhPa	RhTo
HG_20299 	MiSa	RhGr	RhPa	RhTo
HG_20532 	MiSa	RhDi	RhPa	RhTo
HG_10917 	MiSa	RhDi	RhGr	RhPa	RhTo
HG_17421 	RhDi	RhGr	RhPa	RhTo
HG_17357 	MiSa	RhDi	RhGr	RhPa	RhTo
HG_17493 	MiSa	RhDi	RhGr	RhPa
HG_20363 	MiSa	RhGr	RhPa	RhTo
HG_17339 	MiSa	RhDi	RhGr	RhPa	RhTo
HG_17475 	MiSa	RhDi	RhGr	RhPa	RhTo
HG_20345 	RhDi	RhGr	RhPa	RhTo
HG_20514 	MiSa	RhDi	RhPa	RhTo
HG_20481 	RhDi	RhGr	RhPa	RhTo
HG_16354 	MiSa	RhDi	RhGr	RhPa	RhTo
HG_20586 	MiSa	RhDi	RhGr	RhPa
HG_13811 	MiSa	RhDi	RhGr	RhPa	RhTo
HG_17370 	MiSa	RhDi	RhGr	RhPa	RhTo
HG_17403 	MiSa	RhDi	RhGr	RhPa	RhTo
HG_20568 	RhDi	RhGr	RhPa	RhTo
HG_17288 	RhDi	RhGr	RhPa	RhTo
HG_17457 	MiSa	RhDi	RhGr	RhPa	RhTo
HG_20463 	RhDi	RhGr	RhPa	RhTo
HG_20399 	RhDi	RhGr	RhPa	RhTo
HG_16336 	MiSa	RhDi	RhGr	RhPa	RhTo
HG_14504 	RhDi	RhGr	RhPa	RhTo
HG_17352 	MiSa	RhDi	RhGr	RhPa	RhTo
HG_10679 	MiSa	RhDi	RhGr	RhPa	RhTo
HG_17439 	MiSa	RhDi	RhGr	RhPa	RhTo
HG_20445 	RhDi	RhGr	RhPa	RhTo
HG_15333 	MiSa	RhDi	RhGr	RhPa	RhTo
HG_20340 	RhDi	RhGr	RhPa	RhTo
HG_20309 	RhDi	RhGr	RhPa	RhTo
HG_17316 	MiSa	RhDi	RhGr	RhPa	RhTo
HG_17388 	RhDi	RhGr	RhPa	RhTo
HG_20427 	RhDi	RhGr	RhPa	RhTo
HG_20499 	MiSa	RhDi	RhPa	RhTo
HG_17283 	MiSa	RhDi	RhGr	RhPa	RhTo
HG_17452 	MiSa	RhDi	RhGr	RhPa	RhTo
HG_10674 	MiSa	RhDi	RhGr	RhPa	RhTo
HG_20394 	RhDi	RhGr	RhPa	RhTo
HG_20563 	MiSa	RhDi	RhPa	RhTo
HG_20409 	RhDi	RhGr	RhPa	RhTo
HG_20545 	RhDi	RhGr	RhPa	RhTo
HG_17265 	MiSa	RhDi	RhGr	RhPa	RhTo
HG_17434 	MiSa	RhDi	RhGr	RhPa	RhTo
HG_20304 	MiSa	RhGr	RhPa	RhTo
HG_20440 	RhDi	RhGr	RhPa	RhTo
HG_20376 	RhDi	RhGr	RhPa	RhTo
HG_12793 	MiSa	RhDi	RhGr	RhPa	RhTo
HG_20599 	MiSa	RhDi	RhGr	RhPa
HG_20422 	RhDi	RhGr	RhPa	RhTo
HG_20358 	MiSa	RhGr	RhPa	RhTo
HG_20494 	RhDi	RhGr	RhPa	RhTo
HG_20527 	RhDi	RhGr	RhPa	RhTo
HG_17311 	MiSa	RhDi	RhGr	RhPa	RhTo
HG_13791 	MiSa	RhDi	RhGr	RhPa	RhTo
HG_13824 	MiSa	RhDi	RhGr	RhPa	RhTo
HG_15310 	MiSa	RhDi	RhGr	RhPa	RhTo
HG_17247 	RhDi	RhGr	RhPa	RhTo
HG_17416 	MiSa	RhDi	RhGr	RhPa	RhTo
HG_17383 	MiSa	RhDi	RhGr	RhPa	RhTo
HG_20404 	RhDi	RhGr	RhPa	RhTo
HG_20509 	RhDi	RhGr	RhPa	RhTo
HG_17260 	MiSa	RhDi	RhGr	RhPa	RhTo
HG_20371 	RhDi	RhGr	RhPa	RhTo
HG_20540 	RhDi	RhGr	RhPa	RhTo
HG_20458 	RhDi	RhGr	RhPa	RhTo
HG_17347 	MiSa	RhDi	RhGr	RhPa	RhTo
HG_20522 	RhDi	RhGr	RhPa	RhTo
HG_14530 	RhDi	RhGr	RhPa	RhTo
HG_17242 	MiSa	RhDi	RhGr	RhPa	RhTo
HG_17411 	MiSa	RhDi	RhGr	RhPa	RhTo
HG_17329 	MiSa	RhDi	RhGr	RhPa	RhTo
HG_17465 	MiSa	RhDi	RhGr	RhPa	RhTo
HG_11905 	RhDi	RhGr	RhPa	RhTo
HG_17296 	MiSa	RhDi	RhGr	RhPa	RhTo
HG_20335 	RhDi	RhGr	RhPa	RhTo
HG_20504 	MiSa	RhDi	RhGr	RhTo
HG_20471 	RhDi	RhGr	RhPa	RhTo
HG_16344 	RhDi	RhGr	RhPa	RhTo
HG_13801 	RhDi	RhGr	RhPa	RhTo
HG_17360 	MiSa	RhDi	RhGr	RhPa	RhTo
HG_20558 	RhDi	RhGr	RhPa	RhTo
HG_17447 	MiSa	RhGr	RhPa	RhTo
HG_17342 	MiSa	RhDi	RhGr	RhPa	RhTo
HG_17278 	MiSa	RhDi	RhGr	RhPa	RhTo
HG_20317 	RhDi	RhGr	RhPa	RhTo
HG_20453 	RhDi	RhGr	RhPa	RhTo
HG_20389 	RhDi	RhGr	RhPa	RhTo
HG_13276 	RhDi	RhGr	RhPa	RhTo
HG_17429 	MiSa	RhDi	RhGr	RhPa	RhTo
HG_20435 	MiSa	RhDi	RhPa	RhTo
HG_12788 	MiSa	RhDi	RhGr	RhPa	RhTo
HG_17291 	MiSa	RhDi	RhGr	RhPa	RhTo
HG_11900 	MiSa	RhDi	RhPa	RhTo
HG_17324 	MiSa	RhDi	RhGr	RhPa	RhTo
HG_15323 	MiSa	RhDi	RhGr	RhPa	RhTo
HG_17460 	MiSa	RhDi	RhGr	RhPa	RhTo
HG_20330 	RhDi	RhGr	RhPa	RhTo
HG_17396 	MiSa	RhDi	RhGr	RhPa	RhTo
HG_10682 	MiSa	RhDi	RhGr	RhPa	RhTo
HG_11257 	RhDi	RhGr	RhPa	RhTo
HG_17306 	MiSa	RhDi	RhGr	RhPa	RhTo
HG_13819 	MiSa	RhDi	RhGr	RhPa	RhTo
HG_17442 	MiSa	RhDi	RhPa	RhTo
HG_17378 	MiSa	RhDi	RhGr	RhPa	RhTo
HG_20417 	RhDi	RhGr	RhPa	RhTo
HG_20489 	MiSa	RhGr	RhPa	RhTo
HG_17273 	MiSa	RhGr	RhPa	RhTo
HG_20312 	MiSa	RhGr	RhPa	RhTo
HG_20535 	RhDi	RhGr	RhPa	RhTo
HG_17255 	RhDi	RhGr	RhPa	RhTo
HG_17391 	MiSa	RhDi	RhGr	RhPa	RhTo
HG_17424 	MiSa	RhDi	RhGr	RhPa	RhTo
HG_20430 	RhDi	RhGr	RhPa	RhTo
HG_20366 	RhDi	RhGr	RhPa	RhTo
HG_12783 	RhDi	RhGr	RhPa	RhTo
HG_11252 	MiSa	RhDi	RhGr	RhPa	RhTo
HG_18768 	MiSa	RhDi	RhGr	RhPa
HG_20517 	RhDi	RhGr	RhPa	RhTo
HG_20589 	MiSa	RhDi	RhGr	RhPa
HG_17406 	MiSa	RhDi	RhGr	RhPa	RhTo
HG_20412 	MiSa	RhDi	RhGr	RhTo
HG_20348 	RhDi	RhGr	RhPa	RhTo
HG_20484 	MiSa	RhDi	RhPa	RhTo
HG_17301 	RhDi	RhGr	RhPa	RhTo
HG_15300 	MiSa	RhDi	RhGr	RhPa	RhTo
HG_17355 	MiSa	RhDi	RhGr	RhPa	RhTo
HG_20530 	RhDi	RhGr	RhPa	RhTo
HG_20466 	RhDi	RhGr	RhPa	RhTo
HG_20361 	RhDi	RhGr	RhPa	RhTo
HG_17250 	MiSa	RhDi	RhGr	RhPa	RhTo
HG_17401 	MiSa	RhDi	RhGr	RhPa	RhTo
HG_17337 	MiSa	RhDi	RhGr	RhPa	RhTo
HG_17473 	RhDi	RhGr	RhPa	RhTo
HG_20512 	RhDi	RhGr	RhPa	RhTo
HG_16352 	MiSa	RhDi	RhGr	RhPa	RhTo
HG_20343 	MiSa	RhDi	RhPa	RhTo
HG_17455 	MiSa	RhDi	RhGr	RhPa	RhTo
HG_20397 	RhDi	RhGr	RhPa	RhTo
HG_20566 	RhDi	RhGr	RhPa	RhTo
HG_17286 	MiSa	RhDi	RhGr	RhPa	RhTo
HG_17319 	RhDi	RhGr	RhPa	RhTo
HG_15318 	MiSa	RhDi	RhGr	RhPa	RhTo
HG_15285 	MiSa	RhDi	RhPa	RhTo
HG_20461 	RhDi	RhGr	RhPa	RhTo
HG_10677 	MiSa	RhDi	RhGr	RhPa	RhTo
HG_17350 	MiSa	RhDi	RhGr	RhPa	RhTo
HG_20548 	RhDi	RhGr	RhPa	RhTo
HG_17332 	MiSa	RhDi	RhGr	RhPa	RhTo
HG_17501 	MiSa	RhDi	RhGr	RhPa
HG_20443 	RhDi	RhGr	RhPa	RhTo
HG_15331 	MiSa	RhDi	RhGr	RhPa	RhTo
HG_17419 	MiSa	RhDi	RhGr	RhPa	RhTo
HG_20425 	MiSa	RhDi	RhPa	RhTo
HG_20561 	MiSa	RhGr	RhPa	RhTo
HG_20497 	RhDi	RhGr	RhPa	RhTo
HG_17450 	MiSa	RhDi	RhGr	RhPa	RhTo
HG_20320 	RhDi	RhGr	RhPa	RhTo
HG_17386 	MiSa	RhDi	RhGr	RhPa	RhTo
HG_11898 	MiSa	RhDi	RhPa	RhTo
HG_13809 	RhDi	RhGr	RhPa	RhTo
HG_17432 	MiSa	RhDi	RhGr	RhPa	RhTo
HG_17368 	MiSa	RhDi	RhGr	RhPa	RhTo
HG_20407 	RhDi	RhGr	RhPa	RhTo
HG_20374 	RhDi	RhGr	RhPa	RhTo
HG_20543 	RhDi	RhGr	RhPa	RhTo
HG_20479 	RhDi	RhGr	RhPa	RhTo
HG_17263 	MiSa	RhDi	RhGr	RhPa	RhTo
HG_20302 	RhDi	RhGr	RhPa	RhTo
HG_11260 	MiSa	RhDi	RhGr	RhPa	RhTo
HG_9856 	RhDi	RhGr	RhPa	RhTo
HG_13822 	MiSa	RhDi	RhGr	RhPa	RhTo
HG_17245 	MiSa	RhDi	RhGr	RhPa	RhTo
HG_20420 	RhDi	RhGr	RhPa	RhTo
HG_17381 	MiSa	RhDi	RhGr	RhPa	RhTo
HG_17414 	MiSa	RhDi	RhGr	RhPa	RhTo
HG_11893 	RhDi	RhGr	RhPa	RhTo
HG_20356 	RhDi	RhGr	RhPa	RhTo
HG_12773 	RhDi	RhGr	RhPa	RhTo
HG_20492 	RhDi	RhGr	RhPa	RhTo
HG_20338 	RhDi	RhGr	RhPa	RhTo
HG_17468 	RhDi	RhGr	RhPa	RhTo
HG_20507 	RhDi	RhGr	RhPa	RhTo
HG_17299 	MiSa	RhDi	RhGr	RhPa	RhTo
HG_15298 	RhDi	RhGr	RhPa	RhTo
HG_20402 	RhDi	RhGr	RhPa	RhTo
HG_20474 	RhDi	RhGr	RhPa	RhTo
HG_17363 	MiSa	RhDi	RhGr	RhPa	RhTo
HG_20456 	RhDi	RhGr	RhPa	RhTo
HG_17345 	MiSa	RhDi	RhGr	RhPa	RhTo
HG_20351 	RhDi	RhGr	RhPa	RhTo
HG_20520 	RhDi	RhGr	RhPa	RhTo
HG_16360 	MiSa	RhDi	RhGr	RhPa	RhTo
HG_20438 	RhDi	RhGr	RhPa	RhTo
HG_17399 	MiSa	RhGr	RhPa	RhTo
HG_11903 	RhDi	RhGr	RhPa	RhTo
HG_17294 	MiSa	RhDi	RhGr	RhPa	RhTo
HG_17327 	MiSa	RhDi	RhGr	RhPa	RhTo
HG_15293 	RhDi	RhGr	RhPa	RhTo
HG_15326 	MiSa	RhDi	RhGr	RhPa	RhTo
HG_17463 	MiSa	RhDi	RhGr	RhPa	RhTo
HG_20333 	MiSa	RhGr	RhPa	RhTo
HG_15308 	MiSa	RhDi	RhGr	RhPa	RhTo
HG_20451 	RhDi	RhGr	RhPa	RhTo
HG_20556 	RhDi	RhGr	RhPa	RhTo
HG_17276 	MiSa	RhDi	RhGr	RhPa	RhTo
HG_17309 	MiSa	RhDi	RhGr	RhPa	RhTo
HG_13789 	RhDi	RhGr	RhPa	RhTo
HG_17340 	MiSa	RhDi	RhGr	RhPa	RhTo
HG_9521 	MiSa	RhDi	RhGr	RhPa	RhTo
HG_17322 	MiSa	RhDi	RhGr	RhPa	RhTo
HG_17258 	MiSa	RhDi	RhPa	RhTo
HG_20538 	RhDi	RhGr	RhPa	RhTo
HG_17394 	MiSa	RhDi	RhGr	RhPa	RhTo
HG_17427 	MiSa	RhDi	RhGr	RhPa	RhTo
HG_20433 	MiSa	RhDi	RhPa	RhTo
HG_11255 	MiSa	RhDi	RhGr	RhPa	RhTo
HG_10680 	RhDi	RhGr	RhPa	RhTo
HG_20415 	RhDi	RhGr	RhPa	RhTo
HG_20487 	RhDi	RhGr	RhPa	RhTo
HG_13817 	MiSa	RhDi	RhGr	RhPa	RhTo
HG_17376 	RhDi	RhGr	RhPa	RhTo
HG_20382 	RhDi	RhGr	RhPa	RhTo
HG_20551 	MiSa	RhGr	RhPa	RhTo
HG_17304 	MiSa	RhDi	RhGr	RhPa	RhTo
HG_17271 	MiSa	RhDi	RhGr	RhPa	RhTo
HG_15303 	RhDi	RhGr	RhPa	RhTo
HG_17440 	MiSa	RhDi	RhGr	RhPa	RhTo
HG_20310 	RhDi	RhGr	RhPa	RhTo
HG_17358 	MiSa	RhDi	RhGr	RhPa	RhTo
HG_20469 	RhDi	RhGr	RhPa	RhTo
HG_17422 	MiSa	RhDi	RhGr	RhPa	RhTo
HG_20364 	RhDi	RhGr	RhPa	RhTo
HG_17253 	MiSa	RhDi	RhGr	RhPa	RhTo
HG_11250 	MiSa	RhDi	RhGr	RhPa	RhTo
HG_14541 	MiSa	RhDi	RhGr	RhPa	RhTo
HG_9855 	RhDi	RhGr	RhPa	RhTo
HG_20482 	RhDi	RhGr	RhPa	RhTo
HG_17235 	MiSa	RhDi	RhGr	RhPa	RhTo
HG_17404 	MiSa	RhDi	RhGr	RhPa	RhTo
HG_17371 	MiSa	RhDi	RhGr	RhPa	RhTo
HG_20410 	RhDi	RhGr	RhPa	RhTo
HG_20346 	RhDi	RhGr	RhPa	RhTo
HG_20569 	MiSa	RhGr	RhPa	RhTo
HG_17458 	RhDi	RhGr	RhPa	RhTo
HG_20328 	RhDi	RhGr	RhPa	RhTo
HG_20464 	RhDi	RhGr	RhPa	RhTo
HG_17353 	RhDi	RhGr	RhPa	RhTo
HG_17289 	RhDi	RhGr	RhPa	RhTo
HG_10029 	MiSa	RhDi	RhGr	RhPa	RhTo
HG_15288 	MiSa	RhDi	RhGr	RhPa	RhTo
HG_17471 	MiSa	RhDi	RhGr	RhPa	RhTo
HG_20341 	MiSa	RhDi	RhPa	RhTo
HG_20510 	RhDi	RhGr	RhPa	RhTo
HG_20582 	MiSa	RhDi	RhGr	RhPa
HG_20564 	MiSa	RhDi	RhPa	RhTo
HG_17317 	MiSa	RhDi	RhGr	RhPa	RhTo
HG_20428 	RhDi	RhGr	RhPa	RhTo
HG_15316 	MiSa	RhDi	RhGr	RhPa	RhTo
HG_17453 	MiSa	RhDi	RhGr	RhPa	RhTo
HG_10675 	RhDi	RhGr	RhPa	RhTo
HG_17435 	MiSa	RhDi	RhGr	RhPa	RhTo
HG_20546 	RhDi	RhGr	RhPa	RhTo
HG_20305 	RhDi	RhGr	RhPa	RhTo
HG_20441 	RhDi	RhGr	RhPa	RhTo
HG_20377 	RhDi	RhGr	RhPa	RhTo
HG_17330 	MiSa	RhDi	RhGr	RhPa	RhTo
HG_17417 	MiSa	RhDi	RhGr	RhPa	RhTo
HG_20528 	RhDi	RhGr	RhPa	RhTo
HG_17312 	MiSa	RhDi	RhGr	RhPa	RhTo
HG_15311 	MiSa	RhDi	RhGr	RhPa	RhTo
HG_17248 	MiSa	RhGr	RhPa	RhTo
HG_17384 	MiSa	RhDi	RhGr	RhPa	RhTo
HG_20423 	RhDi	RhGr	RhPa	RhTo
HG_20390 	RhDi	RhGr	RhPa	RhTo
HG_20359 	MiSa	RhGr	RhPa	RhTo
HG_20495 	MiSa	RhDi	RhPa	RhTo
HG_20541 	RhDi	RhGr	RhPa	RhTo
HG_20477 	RhDi	RhGr	RhPa	RhTo
HG_13807 	RhDi	RhGr	RhPa	RhTo
HG_17430 	MiSa	RhDi	RhGr	RhPa	RhTo
HG_17366 	MiSa	RhDi	RhGr	RhPa	RhTo
HG_20405 	RhDi	RhGr	RhPa	RhTo
HG_17261 	MiSa	RhDi	RhGr	RhPa	RhTo
HG_20300 	MiSa	RhDi	RhPa	RhTo
HG_20372 	RhDi	RhGr	RhPa	RhTo
HG_17412 	MiSa	RhDi	RhGr	RhPa	RhTo
HG_17348 	MiSa	RhDi	RhGr	RhPa	RhTo
HG_20523 	RhDi	RhGr	RhPa	RhTo
HG_20459 	RhDi	RhGr	RhPa	RhTo
HG_20490 	MiSa	RhDi	RhPa	RhTo
HG_16363 	MiSa	RhDi	RhGr	RhPa	RhTo
HG_17243 	MiSa	RhDi	RhGr	RhPa	RhTo
HG_8970 	RhDi	RhGr	RhPa	RhTo
HG_17466 	MiSa	RhDi	RhGr	RhPa	RhTo
HG_20505 	RhDi	RhGr	RhPa	RhTo
HG_17361 	MiSa	RhDi	RhGr	RhPa	RhTo
HG_17297 	MiSa	RhDi	RhGr	RhPa	RhTo
HG_11906 	RhDi	RhGr	RhPa	RhTo
HG_20400 	RhDi	RhGr	RhPa	RhTo
HG_15296 	MiSa	RhDi	RhGr	RhPa	RhTo
HG_20336 	MiSa	RhDi	RhPa	RhTo
HG_20472 	RhDi	RhGr	RhPa	RhTo
HG_17448 	MiSa	RhDi	RhGr	RhPa	RhTo
HG_20559 	RhDi	RhGr	RhPa	RhTo
HG_20318 	RhDi	RhGr	RhPa	RhTo
HG_20590 	MiSa	RhDi	RhGr	RhPa
HG_17343 	MiSa	RhDi	RhGr	RhPa	RhTo
HG_17279 	MiSa	RhDi	RhGr	RhPa	RhTo
HG_9518 	MiSa	RhDi	RhGr	RhPa	RhTo
HG_17325 	MiSa	RhDi	RhGr	RhPa	RhTo
HG_17292 	MiSa	RhDi	RhGr	RhPa	RhTo
HG_15291 	MiSa	RhDi	RhGr	RhPa	RhTo
HG_17461 	MiSa	RhDi	RhGr	RhPa	RhTo
HG_20331 	MiSa	RhDi	RhPa	RhTo
HG_17397 	MiSa	RhDi	RhGr	RhPa	RhTo
HG_20500 	RhDi	RhGr	RhPa	RhTo
HG_20436 	RhDi	RhGr	RhPa	RhTo
HG_12789 	RhDi	RhGr	RhPa	RhTo
HG_10032 	RhDi	RhGr	RhPa	RhTo
HG_20554 	RhDi	RhGr	RhPa	RhTo
HG_17307 	RhDi	RhGr	RhPa	RhTo
HG_17443 	MiSa	RhDi	RhGr	RhPa	RhTo
HG_20418 	MiSa	RhGr	RhPa	RhTo
HG_20385 	RhDi	RhGr	RhPa	RhTo
HG_7172 	RhDi	RhGr	RhPa	RhTo
HG_17274 	MiSa	RhDi	RhGr	RhPa	RhTo
HG_17392 	MiSa	RhDi	RhGr	RhPa	RhTo
HG_17425 	MiSa	RhDi	RhGr	RhPa	RhTo
HG_16304 	MiSa	RhDi	RhGr	RhPa	RhTo
HG_20536 	MiSa	RhDi	RhGr	RhTo
HG_20367 	RhDi	RhGr	RhPa	RhTo
HG_17320 	MiSa	RhDi	RhGr	RhPa	RhTo
HG_17256 	MiSa	RhDi	RhGr	RhPa	RhTo
HG_17407 	MiSa	RhDi	RhGr	RhPa	RhTo
HG_20349 	RhDi	RhGr	RhPa	RhTo
HG_20518 	RhDi	RhGr	RhPa	RhTo
HG_17302 	MiSa	RhDi	RhGr	RhPa	RhTo
HG_15301 	MiSa	RhDi	RhGr	RhPa	RhTo
HG_17238 	MiSa	RhDi	RhGr	RhPa	RhTo
HG_17374 	MiSa	RhDi	RhGr	RhPa	RhTo
HG_20413 	RhDi	RhGr	RhPa	RhTo
HG_20380 	MiSa	RhDi	RhPa	RhTo
HG_20531 	RhDi	RhGr	RhPa	RhTo
HG_17420 	MiSa	RhDi	RhGr	RhPa	RhTo
HG_20362 	RhDi	RhGr	RhPa	RhTo
HG_16371 	MiSa	RhDi	RhGr	RhPa	RhTo
HG_17251 	MiSa	RhDi	RhGr	RhPa	RhTo
HG_17338 	MiSa	RhDi	RhGr	RhPa	RhTo
HG_15337 	MiSa	RhDi	RhGr	RhPa	RhTo
HG_17474 	RhDi	RhGr	RhPa	RhTo
HG_20344 	RhDi	RhGr	RhPa	RhTo
HG_20480 	MiSa	RhDi	RhPa	RhTo
HG_20449 	RhDi	RhGr	RhPa	RhTo
HG_16353 	MiSa	RhDi	RhGr	RhPa	RhTo
HG_20585 	MiSa	RhDi	RhGr	RhPa
HG_13810 	MiSa	RhDi	RhGr	RhPa	RhTo
HG_17402 	MiSa	RhDi	RhGr	RhPa	RhTo
HG_17287 	MiSa	RhDi	RhGr	RhPa	RhTo
HG_15319 	MiSa	RhDi	RhGr	RhPa	RhTo
HG_17456 	MiSa	RhDi	RhGr	RhPa	RhTo
HG_20326 	RhDi	RhGr	RhPa	RhTo
HG_20398 	RhDi	RhGr	RhPa	RhTo
HG_14503 	MiSa	RhDi	RhGr	RhPa	RhTo
HG_17351 	MiSa	RhDi	RhGr	RhPa	RhTo
HG_15286 	MiSa	RhDi	RhGr	RhPa	RhTo
HG_20462 	RhDi	RhGr	RhPa	RhTo
HG_20308 	RhDi	RhGr	RhPa	RhTo
HG_17269 	RhDi	RhGr	RhPa	RhTo
HG_17438 	MiSa	RhDi	RhPa	RhTo
HG_20444 	MiSa	RhGr	RhPa	RhTo
HG_17333 	MiSa	RhDi	RhGr	RhPa	RhTo
HG_17387 	MiSa	RhDi	RhGr	RhPa	RhTo
HG_20498 	RhDi	RhGr	RhPa	RhTo
HG_17282 	MiSa	RhDi	RhGr	RhPa	RhTo
HG_15314 	RhDi	RhGr	RhPa	RhTo
HG_17451 	MiSa	RhDi	RhGr	RhPa	RhTo
HG_20321 	RhDi	RhGr	RhPa	RhTo
HG_20393 	RhDi	RhGr	RhPa	RhTo
HG_20426 	RhDi	RhGr	RhPa	RhTo
HG_12779 	MiSa	RhDi	RhPa	RhTo
HG_20544 	RhDi	RhGr	RhPa	RhTo
HG_17264 	MiSa	RhDi	RhGr	RhPa	RhTo
HG_17433 	MiSa	RhDi	RhGr	RhPa	RhTo
HG_20303 	RhDi	RhGr	RhPa	RhTo
HG_20408 	RhDi	RhGr	RhPa	RhTo
HG_20375 	RhDi	RhGr	RhPa	RhTo
HG_12792 	MiSa	RhDi	RhGr	RhPa	RhTo
HG_20421 	RhDi	RhGr	RhPa	RhTo
HG_12774 	RhDi	RhGr	RhPa	RhTo
HG_20526 	RhDi	RhGr	RhPa	RhTo
HG_20493 	RhDi	RhGr	RhPa	RhTo
HG_17310 	MiSa	RhDi	RhGr	RhPa	RhTo
HG_17246 	MiSa	RhDi	RhGr	RhPa	RhTo
HG_17415 	MiSa	RhDi	RhGr	RhPa	RhTo
HG_17382 	MiSa	RhDi	RhGr	RhPa	RhTo
HG_8967 	RhDi	RhGr	RhPa	RhTo
HG_17469 	MiSa	RhDi	RhGr	RhPa	RhTo
HG_20475 	MiSa	RhGr	RhPa	RhTo
