HG_7778	
This group of homology does not contain any annotated genome
HG_7608	
This group of homology does not contain any annotated genome
HG_4110	
This group of homology does not contain any annotated genome
HG_7825	
This group of homology does not contain any annotated genome
HG_6724	
This group of homology does not contain any annotated genome
HG_4434	
MaJap_WFD40171.1	
HG_7788	
This group of homology does not contain any annotated genome
HG_7835	
This group of homology does not contain any annotated genome
HG_5369	
DaQue_KZT69994.1	
HG_120	
DaQue_KZT63836.1	DaQue_KZT74814.1	
HG_4573	
DaQue_KZT69050.1	
HG_4532	
DaQue_KZT71503.1	
MaJap_WFD40823.1	
HG_7845	
This group of homology does not contain any annotated genome
HG_6939	
This group of homology does not contain any annotated genome
HG_7814	
This group of homology does not contain any annotated genome
HG_7582	
This group of homology does not contain any annotated genome
HG_3687	
DaQue_KZT74779.1	DaQue_KZT74780.1	
HG_7092	
This group of homology does not contain any annotated genome
HG_123	
DaQue_KZT64959.1	DaQue_KZT64962.1	DaQue_KZT64964.1	DaQue_KZT66333.1	DaQue_KZT72256.1	DaQue_KZT73722.1	
HG_7592	
This group of homology does not contain any annotated genome
HG_7422	
This group of homology does not contain any annotated genome
HG_4128	
DaQue_KZT74327.1	
MaJap_WFD39599.1	
HG_5261	
This group of homology does not contain any annotated genome
HG_7787	
This group of homology does not contain any annotated genome
HG_6862	
This group of homology does not contain any annotated genome
HG_7834	
This group of homology does not contain any annotated genome
HG_7385	
This group of homology does not contain any annotated genome
HG_7256	
This group of homology does not contain any annotated genome
HG_7803	
This group of homology does not contain any annotated genome
HG_7844	
This group of homology does not contain any annotated genome
HG_7797	
This group of homology does not contain any annotated genome
HG_3949	
DaQue_KZT73742.1	
HG_411	
DaQue_KZT71518.1	DaQue_KZT71695.1	DaQue_KZT71725.1	DaQue_KZT73748.1	
MaJap_WFD38505.1	
HG_7266	
This group of homology does not contain any annotated genome
HG_4324	
DaQue_KZT71420.1	
HG_5966	
This group of homology does not contain any annotated genome
HG_4180	
DaQue_KZT63342.1	DaQue_KZT63810.1	DaQue_KZT63902.1	
HG_7766	
This group of homology does not contain any annotated genome
HG_7813	
This group of homology does not contain any annotated genome
HG_5306	
This group of homology does not contain any annotated genome
HG_7581	
This group of homology does not contain any annotated genome
HG_6134	
This group of homology does not contain any annotated genome
HG_7091	
This group of homology does not contain any annotated genome
HG_7606	
This group of homology does not contain any annotated genome
HG_127	
DaQue_KZT64693.1	DaQue_KZT65427.1	DaQue_KZT65429.1	DaQue_KZT65430.1	DaQue_KZT66610.1	DaQue_KZT66613.1	DaQue_KZT74598.1	
HG_4561	
DaQue_KZT65853.1	DaQue_KZT73035.1	
HG_8217	
This group of homology does not contain any annotated genome
HG_177	
This group of homology does not contain any annotated genome
HG_586	
DaQue_KZT70864.1	DaQue_KZT71568.1	
MaJap_WFD39929.1	
HG_7616	
This group of homology does not contain any annotated genome
HG_5543	
DaQue_KZT72331.1	
HG_7079	
This group of homology does not contain any annotated genome
HG_7796	
This group of homology does not contain any annotated genome
HG_7626	
This group of homology does not contain any annotated genome
HG_7843	
This group of homology does not contain any annotated genome
HG_7802	
This group of homology does not contain any annotated genome
HG_5770	
DaQue_KZT72510.1	
HG_4911	
DaQue_KZT65591.1	
HG_4518	
DaQue_KZT73832.1	
MaJap_WFD37483.1	
HG_7765	
This group of homology does not contain any annotated genome
HG_7636	
This group of homology does not contain any annotated genome
HG_7589	
This group of homology does not contain any annotated genome
HG_7080	
This group of homology does not contain any annotated genome
HG_5780	
This group of homology does not contain any annotated genome
HG_5305	
DaQue_KZT74704.1	
HG_6988	
This group of homology does not contain any annotated genome
HG_3597	
DaQue_KZT69599.1	
HG_5790	
DaQue_KZT68126.1	
HG_696	
This group of homology does not contain any annotated genome
HG_7590	
This group of homology does not contain any annotated genome
HG_7420	
This group of homology does not contain any annotated genome
HG_7115	
This group of homology does not contain any annotated genome
HG_876	
This group of homology does not contain any annotated genome
HG_7785	
This group of homology does not contain any annotated genome
HG_1276	
DaQue_KZT63392.1	DaQue_KZT67596.1	
MaJap_WFD37852.1	
HG_4482	
DaQue_KZT74269.1	
HG_5149	
DaQue_KZT64738.1	
HG_8226	
This group of homology does not contain any annotated genome
HG_3164	
This group of homology does not contain any annotated genome
HG_2619	
DaQue_KZT70424.1	
MaJap_WFD37467.1	
HG_7795	
This group of homology does not contain any annotated genome
HG_7625	
This group of homology does not contain any annotated genome
HG_7578	
This group of homology does not contain any annotated genome
HG_7801	
This group of homology does not contain any annotated genome
HG_6163	
This group of homology does not contain any annotated genome
HG_7852	
This group of homology does not contain any annotated genome
HG_7588	
This group of homology does not contain any annotated genome
HG_7418	
This group of homology does not contain any annotated genome
HG_2	
DaQue_KZT66295.1	DaQue_KZT66458.1	DaQue_KZT68563.1	DaQue_KZT71282.1	DaQue_KZT72959.1	
HG_7598	
This group of homology does not contain any annotated genome
HG_7821	
This group of homology does not contain any annotated genome
HG_577	
DaQue_KZT70530.1	
HG_2181	
This group of homology does not contain any annotated genome
HG_6827	
This group of homology does not contain any annotated genome
HG_7831	
This group of homology does not contain any annotated genome
HG_331	
DaQue_KZT70084.1	DaQue_KZT70153.1	DaQue_KZT70157.1	DaQue_KZT74128.1	DaQue_KZT74143.1	DaQue_KZT74145.1	DaQue_KZT74149.1	
HG_7438	
This group of homology does not contain any annotated genome
HG_8049	
This group of homology does not contain any annotated genome
HG_7809	
This group of homology does not contain any annotated genome
HG_6837	
DaQue_KZT70867.1	DaQue_KZT72221.1	
HG_7794	
This group of homology does not contain any annotated genome
HG_349	
This group of homology does not contain any annotated genome
HG_7624	
This group of homology does not contain any annotated genome
HG_7841	
This group of homology does not contain any annotated genome
HG_6476	
This group of homology does not contain any annotated genome
HG_4959	
DaQue_KZT64323.1	
HG_7819	
This group of homology does not contain any annotated genome
HG_8050	
This group of homology does not contain any annotated genome
HG_7810	
This group of homology does not contain any annotated genome
HG_7417	
This group of homology does not contain any annotated genome
HG_7820	
This group of homology does not contain any annotated genome
HG_7603	
This group of homology does not contain any annotated genome
HG_6238	
This group of homology does not contain any annotated genome
HG_7839	
This group of homology does not contain any annotated genome
HG_5549	
This group of homology does not contain any annotated genome
HG_23	
DaQue_KZT64524.1	DaQue_KZT64786.1	DaQue_KZT66093.1	DaQue_KZT67572.1	DaQue_KZT69973.1	DaQue_KZT70598.1	DaQue_KZT70599.1	DaQue_KZT72300.1	DaQue_KZT72304.1	DaQue_KZT73242.1	DaQue_KZT73268.1	DaQue_KZT73287.1	DaQue_KZT73294.1	DaQue_KZT73374.1	DaQue_KZT73525.1	
HG_7830	
This group of homology does not contain any annotated genome
HG_7849	
This group of homology does not contain any annotated genome
HG_4175	
DaQue_KZT63689.1	
MaJap_WFD39512.1	
HG_7840	
This group of homology does not contain any annotated genome
HG_7406	
This group of homology does not contain any annotated genome
HG_7623	
This group of homology does not contain any annotated genome
HG_3945	
DaQue_KZT73112.1	
MaJap_WFD39770.1	
HG_8234	
This group of homology does not contain any annotated genome
HG_4273	
DaQue_KZT72277.1	
MaJap_WFD37749.1	
HG_8017	
This group of homology does not contain any annotated genome
HG_5921	
DaQue_KZT63608.1	
HG_7416	
This group of homology does not contain any annotated genome
HG_7633	
This group of homology does not contain any annotated genome
HG_7457	
This group of homology does not contain any annotated genome
HG_3826	
DaQue_KZT74762.1	
MaJap_WFD37428.1	
HG_4154	
DaQue_KZT73004.1	
MaJap_WFD37999.1	
HG_6856	
This group of homology does not contain any annotated genome
HG_550	
This group of homology does not contain any annotated genome
HG_4742	
This group of homology does not contain any annotated genome
HG_7426	
This group of homology does not contain any annotated genome
HG_2993	
DaQue_KZT64087.1	DaQue_KZT64703.1	DaQue_KZT64704.1	
HG_159	
DaQue_KZT65176.1	DaQue_KZT72216.1	DaQue_KZT74563.1	
HG_748	
DaQue_KZT75064.1	DaQue_KZT75068.1	
HG_6376	
This group of homology does not contain any annotated genome
HG_3434	
DaQue_KZT71528.1	
MaJap_WFD39760.1	
HG_7848	
This group of homology does not contain any annotated genome
HG_7792	
This group of homology does not contain any annotated genome
HG_6474	
This group of homology does not contain any annotated genome
HG_5285	
DaQue_KZT65989.1	
HG_7858	
This group of homology does not contain any annotated genome
HG_6974	
This group of homology does not contain any annotated genome
HG_7817	
This group of homology does not contain any annotated genome
HG_3171	
MaJap_WFD37551.1	
HG_7632	
This group of homology does not contain any annotated genome
HG_6572	
This group of homology does not contain any annotated genome
HG_6267	
This group of homology does not contain any annotated genome
HG_5295	
DaQue_KZT74926.1	
HG_6984	
This group of homology does not contain any annotated genome
HG_3608	
DaQue_KZT69690.1	DaQue_KZT72411.1	
HG_6726	
This group of homology does not contain any annotated genome
HG_2589	
DaQue_KZT65715.1	
MaJap_WFD39820.1	
HG_7095	
This group of homology does not contain any annotated genome
HG_7101	
This group of homology does not contain any annotated genome
HG_7595	
This group of homology does not contain any annotated genome
HG_7642	
This group of homology does not contain any annotated genome
HG_4719	
DaQue_KZT67682.1	
HG_7837	
This group of homology does not contain any annotated genome
HG_6607	
This group of homology does not contain any annotated genome
HG_4792	
DaQue_KZT74320.1	
HG_7259	
This group of homology does not contain any annotated genome
HG_4390	
MaJap_WFD39590.1	
HG_7445	
This group of homology does not contain any annotated genome
HG_4739	
DaQue_KZT69141.1	
HG_7857	
This group of homology does not contain any annotated genome
HG_8015	
This group of homology does not contain any annotated genome
HG_7260	
This group of homology does not contain any annotated genome
HG_5309	
This group of homology does not contain any annotated genome
HG_4378	
DaQue_KZT67067.1	
MaJap_WFD37584.1	
HG_7631	
This group of homology does not contain any annotated genome
HG_6571	
This group of homology does not contain any annotated genome
HG_6266	
DaQue_KZT66269.1	
HG_7109	
This group of homology does not contain any annotated genome
HG_4193	
DaQue_KZT72853.1	
MaJap_WFD41186.1	
HG_3953	
DaQue_KZT75149.1	
MaJap_WFD39229.1	
HG_3777	
DaQue_KZT66255.1	DaQue_KZT66997.1	DaQue_KZT73570.1	DaQue_KZT73591.1	DaQue_KZT74621.1	
HG_7094	
This group of homology does not contain any annotated genome
HG_4435	
DaQue_KZT72733.1	
MaJap_WFD38330.1	
HG_329	
DaQue_KZT64785.1	
HG_4523	
MaJap_WFD40405.1	
HG_7836	
This group of homology does not contain any annotated genome
HG_1003	
DaQue_KZT64335.1	DaQue_KZT68172.1	DaQue_KZT72230.1	
MaJap_WFD38154.1	
HG_7619	
This group of homology does not contain any annotated genome
HG_4486	
DaQue_KZT75133.1	
HG_7780	
This group of homology does not contain any annotated genome
HG_4316	
DaQue_KZT74205.1	
HG_79	
DaQue_KZT63749.1	DaQue_KZT65160.1	DaQue_KZT65161.1	DaQue_KZT67272.1	DaQue_KZT67283.1	DaQue_KZT67286.1	DaQue_KZT67860.1	DaQue_KZT67864.1	DaQue_KZT69925.1	DaQue_KZT72389.1	
HG_6374	
This group of homology does not contain any annotated genome
HG_7799	
This group of homology does not contain any annotated genome
HG_5015	
DaQue_KZT68416.1	
HG_7846	
This group of homology does not contain any annotated genome
HG_7629	
This group of homology does not contain any annotated genome
HG_5468	
DaQue_KZT75065.1	
HG_4672	
DaQue_KZT67776.1	
HG_7790	
This group of homology does not contain any annotated genome
HG_7268	
This group of homology does not contain any annotated genome
HG_6472	
This group of homology does not contain any annotated genome
HG_903	
This group of homology does not contain any annotated genome
HG_3766	
DaQue_KZT74657.1	DaQue_KZT75051.1	
HG_5025	
This group of homology does not contain any annotated genome
HG_7639	
This group of homology does not contain any annotated genome
HG_544	
DaQue_KZT69860.1	DaQue_KZT70277.1	DaQue_KZT71364.1	
HG_7237	
This group of homology does not contain any annotated genome
HG_7454	
This group of homology does not contain any annotated genome
HG_4836	
DaQue_KZT65421.1	
