HG_10409	CaAlb_g005750.m1 SaCer_g000145.m1 ToAga_g001734.m1 SpLac_g004401.m1 LaNot_g001157.m1 LiChi_g001270.m1 LiKon_g001216.m1 NaAna_g002067.m1 DeUde_g004767.m1 AlAfr_g000387.m1 SaSel_g005670.m1 YaLip_g003843.m1
HG_10404	CaAlb_g001123.m1 SaCer_g000636.m1 ToAga_g005183.m1 SpLac_g005390.m1 LaNot_g002914.m1 LiChi_g006156.m1 LiKon_g003217.m1 NaAna_g003167.m1 DeUde_g003597.m1 AlAfr_g005830.m1 SaSel_g004324.m1 YaLip_g003423.m1
HG_9655	CaAlb_g004388.m1 SaCer_g002597.m1 ToAga_g003993.m1 SpLac_g003143.m1 LaNot_g000165.m1 LiChi_g005555.m1 LiKon_g002817.m1 NaAna_g000230.m1 DeUde_g002752.m1 AlAfr_g007019.m1 AlAfr_g008459.m1 SaSel_g003671.m1 YaLip_g005069.m1
HG_9329	CaAlb_g000016.m1 SaCer_g001297.m1 ToAga_g004003.m1 ToAga_g004261.m1 SpLac_g003977.m1 LaNot_g000844.m1 LiChi_g002490.m1 LiChi_g004927.m1 LiKon_g000658.m1 NaAna_g003433.m1 DeUde_g004932.m1 AlAfr_g002794.m1 AlAfr_g005646.m1 SaSel_g006138.m1 YaLip_g002650.m1
HG_9330	CaAlb_g005866.m1 SaCer_g002455.m1 ToAga_g003112.m1 ToAga_g003718.m1 SpLac_g003232.m1 LaNot_g001276.m1 LiChi_g004153.m1 LiKon_g005844.m1 NaAna_g000067.m1 NaAna_g005157.m1 DeUde_g003736.m1 AlAfr_g000168.m1 AlAfr_g005342.m1 AlAfr_g005382.m1 SaSel_g003444.m1
HG_8779	CaAlb_g005277.m1 SaCer_g000222.m1 ToAga_g000832.m1 SpLac_g001756.m1 SpLac_g003756.m1 LaNot_g005086.m1 LiChi_g004803.m1 LiKon_g004134.m1 NaAna_g000353.m1 NaAna_g003791.m1 DeUde_g004726.m1 AlAfr_g004261.m1 AlAfr_g006063.m1 AlAfr_g007528.m1 SaSel_g001400.m1 SaSel_g001699.m1 YaLip_g005197.m1
HG_10871	CaAlb_g000114.m1 SaCer_g003317.m1 ToAga_g000122.m1 SpLac_g004170.m1 LaNot_g002128.m1 LiChi_g002293.m1 LiKon_g001875.m1 NaAna_g004872.m1 DeUde_g001893.m1 AlAfr_g004653.m1 YaLip_g003805.m1
HG_9623	CaAlb_g004572.m1 SaCer_g002045.m1 ToAga_g000083.m1 SpLac_g005295.m1 LaNot_g002552.m1 LiChi_g006093.m1 LiChi_g006094.m1 LiKon_g006726.m1 LiKon_g006727.m1 NaAna_g005779.m1 DeUde_g004996.m1 AlAfr_g006469.m1 SaSel_g001561.m1 YaLip_g000466.m1
HG_9998	CaAlb_g005056.m1 SaCer_g004361.m1 SaCer_g005477.m1 ToAga_g003884.m1 SpLac_g000428.m1 LaNot_g001014.m1 LiChi_g003143.m1 LiKon_g005338.m1 NaAna_g004960.m1 DeUde_g005766.m1 AlAfr_g007099.m1 SaSel_g006043.m1 YaLip_g000239.m1
HG_10407	CaAlb_g002332.m1 SaCer_g004955.m1 ToAga_g000771.m1 SpLac_g000453.m1 LaNot_g003384.m1 LiChi_g004575.m1 LiKon_g004766.m1 NaAna_g000398.m1 DeUde_g003491.m1 AlAfr_g001819.m1 SaSel_g005642.m1 YaLip_g006062.m1
HG_6330	CaAlb_g001216.m1 CaAlb_g001628.m1 CaAlb_g002717.m1 SaCer_g001124.m1 SaCer_g003688.m1 SaCer_g004147.m1 SaCer_g005158.m1 ToAga_g003216.m1 SpLac_g001246.m1 SpLac_g005184.m1 LaNot_g001292.m1 LaNot_g001659.m1 LaNot_g003517.m1 LiChi_g002576.m1 LiChi_g003800.m1 LiKon_g004888.m1 LiKon_g006354.m1 NaAna_g004736.m1 NaAna_g005961.m1 NaAna_g006113.m1 DeUde_g000298.m1 DeUde_g000796.m1 DeUde_g003774.m1 AlAfr_g000657.m1 AlAfr_g003021.m1 AlAfr_g004566.m1 AlAfr_g004751.m1 SaSel_g000271.m1 SaSel_g003899.m1 SaSel_g006090.m1 YaLip_g000885.m1 YaLip_g004667.m1
HG_7972	CaAlb_g002389.m1 CaAlb_g005933.m1 SaCer_g000306.m1 SaCer_g000990.m1 SpLac_g003367.m1 SpLac_g003392.m1 LaNot_g000081.m1 LaNot_g001327.m1 LiChi_g001912.m1 LiKon_g006034.m1 NaAna_g003448.m1 NaAna_g005734.m1 DeUde_g004680.m1 DeUde_g004748.m1 AlAfr_g002492.m1 AlAfr_g003868.m1 SaSel_g000050.m1 SaSel_g005224.m1 YaLip_g000516.m1 YaLip_g002257.m1
HG_8778	CaAlb_g003019.m1 SaCer_g002220.m1 SaCer_g003975.m1 ToAga_g001303.m1 SpLac_g001088.m1 LaNot_g003290.m1 LiChi_g005819.m1 LiKon_g002527.m1 NaAna_g000805.m1 NaAna_g003082.m1 DeUde_g002634.m1 AlAfr_g000076.m1 AlAfr_g000508.m1 AlAfr_g003596.m1 AlAfr_g005827.m1 SaSel_g000849.m1 YaLip_g000860.m1
HG_9653	CaAlb_g003180.m1 SaCer_g003166.m1 SpLac_g001976.m1 LaNot_g000281.m1 LiChi_g005482.m1 LiKon_g000150.m1 NaAna_g006150.m1 DeUde_g001613.m1 AlAfr_g004343.m1 AlAfr_g004962.m1 SaSel_g002525.m1 SaSel_g005254.m1 YaLip_g002075.m1
HG_9622	CaAlb_g003919.m1 SaCer_g000996.m1 SaCer_g003927.m1 ToAga_g002605.m1 ToAga_g004729.m1 SpLac_g002391.m1 LaNot_g000490.m1 LiChi_g001555.m1 LiKon_g000322.m1 NaAna_g003194.m1 DeUde_g000236.m1 AlAfr_g006958.m1 SaSel_g001826.m1 YaLip_g004735.m1
HG_8777	CaAlb_g001528.m1 SaCer_g000558.m1 ToAga_g002486.m1 ToAga_g002491.m1 SpLac_g000658.m1 SpLac_g005025.m1 LaNot_g000586.m1 LiChi_g004159.m1 LiKon_g005850.m1 NaAna_g001883.m1 NaAna_g005231.m1 DeUde_g003878.m1 AlAfr_g000226.m1 AlAfr_g001050.m1 SaSel_g004045.m1 YaLip_g000003.m1 YaLip_g003624.m1
HG_9621	CaAlb_g002379.m1 SaCer_g003025.m1 SaCer_g004393.m1 ToAga_g000399.m1 SpLac_g001611.m1 LaNot_g002080.m1 LiChi_g002129.m1 LiKon_g001931.m1 NaAna_g000516.m1 DeUde_g004892.m1 AlAfr_g002217.m1 AlAfr_g008475.m1 SaSel_g002936.m1 YaLip_g006045.m1
HG_10405	CaAlb_g001354.m1 SaCer_g001082.m1 ToAga_g004446.m1 SpLac_g001576.m1 LaNot_g002285.m1 LiChi_g004662.m1 LiKon_g001441.m1 NaAna_g002563.m1 DeUde_g004948.m1 AlAfr_g008554.m1 SaSel_g000217.m1 YaLip_g001865.m1
HG_9996	CaAlb_g002854.m1 SaCer_g003251.m1 ToAga_g004949.m1 SpLac_g001617.m1 SpLac_g002634.m1 LaNot_g000368.m1 LiChi_g003338.m1 LiKon_g002441.m1 NaAna_g000570.m1 DeUde_g001852.m1 AlAfr_g004685.m1 SaSel_g001257.m1 YaLip_g001467.m1
HG_10882	CaAlb_g005310.m1 SaCer_g002779.m1 SpLac_g001387.m1 LaNot_g001452.m1 LiChi_g000694.m1 LiKon_g002337.m1 NaAna_g002929.m1 DeUde_g002266.m1 AlAfr_g006909.m1 SaSel_g004400.m1 YaLip_g004050.m1
HG_9620	CaAlb_g000167.m1 SaCer_g004580.m1 ToAga_g004002.m1 SpLac_g004543.m1 LaNot_g005070.m1 LiChi_g004431.m1 LiKon_g001839.m1 NaAna_g000677.m1 DeUde_g003159.m1 AlAfr_g003229.m1 SaSel_g002056.m1 SaSel_g002891.m1 SaSel_g004233.m1 YaLip_g002647.m1
HG_10403	CaAlb_g000474.m1 SaCer_g001990.m1 ToAga_g005202.m1 SpLac_g002042.m1 LaNot_g004130.m1 LiChi_g001593.m1 LiKon_g000271.m1 NaAna_g000977.m1 DeUde_g000674.m1 AlAfr_g001655.m1 SaSel_g005883.m1 YaLip_g001051.m1
HG_7749	CaAlb_g000890.m1 CaAlb_g001657.m1 SaCer_g000838.m1 SaCer_g004699.m1 ToAga_g000295.m1 SpLac_g001655.m1 SpLac_g004948.m1 LaNot_g000811.m1 LaNot_g001925.m1 LiChi_g001381.m1 LiKon_g001837.m1 NaAna_g000111.m1 NaAna_g005698.m1 DeUde_g004246.m1 DeUde_g005516.m1 AlAfr_g001148.m1 AlAfr_g003303.m1 AlAfr_g007317.m1 SaSel_g000067.m1 SaSel_g002773.m1 YaLip_g001369.m1 YaLip_g005867.m1
HG_9993	CaAlb_g001111.m1 SaCer_g001998.m1 ToAga_g003433.m1 SpLac_g002121.m1 LaNot_g004108.m1 LiChi_g005513.m1 LiKon_g003842.m1 NaAna_g001999.m1 DeUde_g004307.m1 AlAfr_g007482.m1 SaSel_g000682.m1 YaLip_g003464.m1 YaLip_g004046.m1
HG_3484	CaAlb_g002840.m1 CaAlb_g002841.m1 CaAlb_g002842.m1 CaAlb_g003025.m1 CaAlb_g003815.m1 CaAlb_g003976.m1 CaAlb_g003977.m1 CaAlb_g004882.m1 SaCer_g000015.m1 SaCer_g001022.m1 ToAga_g002748.m1 ToAga_g003067.m1 ToAga_g004779.m1 ToAga_g005497.m1 SpLac_g003762.m1 SpLac_g005377.m1 SpLac_g005378.m1 LaNot_g001926.m1 LaNot_g001931.m1 LiChi_g004898.m1 LiChi_g004905.m1 LiKon_g002788.m1 LiKon_g002793.m1 NaAna_g002680.m1 NaAna_g002681.m1 NaAna_g002682.m1 NaAna_g005347.m1 NaAna_g005597.m1 NaAna_g005928.m1 NaAna_g005929.m1 NaAna_g005930.m1 DeUde_g000022.m1 DeUde_g000429.m1 DeUde_g000435.m1 DeUde_g000436.m1 DeUde_g001254.m1 DeUde_g001645.m1 DeUde_g001766.m1 DeUde_g001790.m1 DeUde_g002553.m1 DeUde_g003283.m1 DeUde_g003832.m1 DeUde_g005179.m1 DeUde_g005195.m1 DeUde_g005345.m1 DeUde_g005504.m1 DeUde_g005505.m1 DeUde_g005506.m1 AlAfr_g000139.m1 AlAfr_g000385.m1 AlAfr_g001556.m1 AlAfr_g002324.m1 AlAfr_g003406.m1 AlAfr_g003407.m1 AlAfr_g003408.m1 AlAfr_g003409.m1 AlAfr_g003410.m1 AlAfr_g003674.m1 AlAfr_g003675.m1 AlAfr_g006578.m1 AlAfr_g007632.m1 AlAfr_g007633.m1 AlAfr_g007634.m1 AlAfr_g007637.m1 AlAfr_g007639.m1 AlAfr_g008695.m1 SaSel_g001548.m1 SaSel_g002076.m1 SaSel_g005658.m1 YaLip_g005826.m1 YaLip_g005828.m1
HG_10406	CaAlb_g002098.m1 SaCer_g004422.m1 ToAga_g001633.m1 ToAga_g004228.m1 SpLac_g003422.m1 LaNot_g002211.m1 LiChi_g001226.m1 LiKon_g001081.m1 NaAna_g004516.m1 DeUde_g001504.m1 AlAfr_g006782.m1 YaLip_g002939.m1
