HG_16243 	CaAl	DeUd	LaNo	NaAn	SaCe	SaSe
HG_11530 	AlAf	CaAl	DeUd	LaNo	NaAn	SaCe	SpLa	YaLi
HG_13226 	AlAf	CaAl	DeUd	LaNo	NaAn	SaSe	SpLa
HG_16225 	AlAf	CaAl	DeUd	NaAn	SpLa	YaLi
HG_11512 	AlAf	CaAl	DeUd	LaNo	NaAn	SaCe	SaSe	SpLa
HG_10873 	AlAf	CaAl	DeUd	LaNo	NaAn	SaSe	SpLa	ToAg	YaLi
HG_12277 	AlAf	CaAl	DeUd	LaNo	NaAn	SaCe	SaSe	SpLa	ToAg
HG_14447 	AlAf	LiCh	LiKo	NaAn	SaSe	ToAg	YaLi
HG_16207 	CaAl	DeUd	LaNo	NaAn	SaCe	SaSe
HG_13221 	AlAf	CaAl	DeUd	LaNo	NaAn	SaCe	SaSe	SpLa
HG_10445 	AlAf	CaAl	DeUd	LaNo	NaAn	SaCe	SaSe	SpLa	ToAg	YaLi
HG_14429 	AlAf	CaAl	LaNo	NaAn	SaCe	SaSe	SpLa
HG_12290 	AlAf	CaAl	DeUd	LaNo	NaAn	SaCe	SaSe	SpLa	YaLi
HG_10409 	AlAf	CaAl	DeUd	LaNo	LiCh	LiKo	NaAn	SaCe	SaSe	SpLa	ToAg	YaLi
HG_12305 	AlAf	LaNo	NaAn	SaCe	SaSe	SpLa	ToAg	YaLi
HG_12272 	AlAf	CaAl	DeUd	LaNo	NaAn	SaCe	SaSe
HG_16256 	AlAf	LiCh	LiKo	NaAn	SpLa	YaLi
HG_14424 	AlAf	CaAl	DeUd	NaAn	SaSe	SpLa
HG_13239 	AlAf	CaAl	DeUd	LaNo	NaAn	SaCe
HG_16238 	CaAl	DeUd	LaNo	NaAn	SaCe	SaSe
HG_13252 	AlAf	CaAl	DeUd	LaNo	NaAn	SaSe	SpLa	YaLi
HG_12300 	AlAf	CaAl	DeUd	LaNo	NaAn	SaSe	SpLa
HG_11525 	AlAf	CaAl	DeUd	LiCh	LiKo	NaAn	SaSe	SpLa	ToAg	YaLi
HG_10404 	AlAf	CaAl	DeUd	LaNo	LiCh	LiKo	NaAn	SaCe	SaSe	SpLa	ToAg	YaLi
HG_9655 	AlAf	CaAl	DeUd	LaNo	LiCh	LiKo	NaAn	SaCe	SaSe	SpLa	ToAg	YaLi
HG_13234 	AlAf	CaAl	DeUd	LaNo	NaAn	SaCe	SaSe	SpLa
HG_16233 	AlAf	CaAl	DeUd	NaAn	SaSe	SpLa
HG_11520 	AlAf	CaAl	DeUd	LiCh	LiKo	SaSe	SpLa
HG_10881 	AlAf	CaAl	DeUd	LaNo	NaAn	SaCe	SaSe	SpLa	ToAg	YaLi
HG_16215 	AlAf	CaAl	DeUd	NaAn	SaSe	SpLa
HG_12285 	AlAf	CaAl	DeUd	LaNo	NaAn	SaCe	SaSe
HG_14437 	AlAf	CaAl	DeUd	LiCh	LiKo	SaSe	SpLa
HG_9329 	AlAf	CaAl	DeUd	LaNo	LiCh	LiKo	NaAn	SaCe	SaSe	SpLa	ToAg	YaLi
HG_14419 	AlAf	CaAl	DeUd	LaNo	NaAn	SaCe	SaSe
HG_16210 	AlAf	CaAl	DeUd	NaAn	SaSe	SpLa
HG_12280 	CaAl	DeUd	LiCh	LiKo	NaAn	SaSe	SpLa	ToAg	YaLi
HG_13247 	CaAl	DeUd	LaNo	NaAn	SaCe	SaSe	SpLa
HG_14432 	AlAf	CaAl	DeUd	LaNo	NaAn	SaCe	SaSe
HG_16246 	CaAl	DeUd	LaNo	NaAn	SaCe	SaSe
HG_13260 	AlAf	LiCh	LiKo	NaAn	SaSe	SpLa	ToAg	YaLi
HG_13229 	AlAf	CaAl	DeUd	LaNo	NaAn	SaCe	SaSe	SpLa
HG_9330 	AlAf	CaAl	DeUd	LaNo	LiCh	LiKo	NaAn	SaCe	SaSe	SpLa	ToAg
HG_8779 	AlAf	CaAl	DeUd	LaNo	LiCh	LiKo	NaAn	SaCe	SaSe	SpLa	ToAg	YaLi
HG_16228 	CaAl	DeUd	LaNo	NaAn	SaCe	SpLa
HG_10876 	AlAf	CaAl	DeUd	LiCh	LiKo	NaAn	SaSe	SpLa	ToAg	YaLi
HG_13242 	AlAf	CaAl	DeUd	LaNo	NaAn	SaCe	SaSe	SpLa
HG_11515 	AlAf	CaAl	DeUd	LaNo	SaCe	SaSe	SpLa	ToAg	YaLi
HG_12298 	AlAf	CaAl	DeUd	LaNo	NaAn	SaCe	SaSe	SpLa
HG_13224 	AlAf	CaAl	DeUd	LaNo	NaAn	SaCe	SaSe	SpLa
HG_16223 	AlAf	CaAl	DeUd	LiCh	LiKo	NaAn
HG_11510 	AlAf	CaAl	DeUd	LaNo	LiCh	SaCe	SaSe	SpLa	ToAg	YaLi
HG_10871 	AlAf	CaAl	DeUd	LaNo	LiCh	LiKo	NaAn	SaCe	SpLa	ToAg	YaLi
HG_12293 	AlAf	CaAl	DeUd	LaNo	NaAn	SaCe	SaSe	SpLa	YaLi
HG_9623 	AlAf	CaAl	DeUd	LaNo	LiCh	LiKo	NaAn	SaCe	SaSe	SpLa	ToAg	YaLi
HG_16205 	AlAf	CaAl	DeUd	LiCh	LiKo	SpLa
HG_12308 	AlAf	LiCh	LiKo	NaAn	SaSe	SpLa	ToAg	YaLi
HG_12275 	AlAf	CaAl	DeUd	LaNo	NaAn	SaCe	SaSe	SpLa	ToAg
HG_16259 	AlAf	DeUd	LaNo	LiCh	LiKo	SaSe
HG_14427 	AlAf	CaAl	DeUd	NaAn	SaSe	SpLa
HG_5584 	CaAl	DeUd	LaNo	NaAn	SaCe	SaSe	SpLa
HG_11528 	AlAf	CaAl	DeUd	LaNo	LiCh	LiKo	NaAn	SaCe	YaLi
HG_10953 	AlAf	CaAl	DeUd	SpLa	ToAg	YaLi
HG_12303 	AlAf	CaAl	DeUd	LiCh	LiKo	NaAn	SaSe	SpLa	ToAg
HG_14440 	AlAf	CaAl	DeUd	LaNo	NaAn	SaCe	SaSe
HG_9998 	AlAf	CaAl	DeUd	LaNo	LiCh	LiKo	NaAn	SaCe	SaSe	SpLa	ToAg	YaLi
HG_10407 	AlAf	CaAl	DeUd	LaNo	LiCh	LiKo	NaAn	SaCe	SaSe	SpLa	ToAg	YaLi
HG_13255 	AlAf	CaAl	DeUd	LaNo	NaAn	SaCe	SaSe
HG_6330 	AlAf	CaAl	DeUd	LaNo	LiCh	LiKo	NaAn	SaCe	SaSe	SpLa	ToAg	YaLi
HG_7972 	AlAf	CaAl	DeUd	LaNo	LiCh	LiKo	NaAn	SaCe	SaSe	SpLa	YaLi
HG_13237 	CaAl	DeUd	LaNo	NaAn	SaCe	SaSe	SpLa	ToAg
HG_14422 	AlAf	CaAl	DeUd	LaNo	NaAn	SaCe	SaSe
HG_16236 	CaAl	DeUd	NaAn	SaCe	SaSe	YaLi
HG_11523 	AlAf	CaAl	DeUd	LaNo	NaAn	SaCe	SaSe	SpLa
HG_13250 	AlAf	CaAl	DeUd	LaNo	LiCh	LiKo	NaAn	YaLi
HG_8778 	AlAf	CaAl	DeUd	LaNo	LiCh	LiKo	NaAn	SaCe	SaSe	SpLa	ToAg	YaLi
HG_16218 	AlAf	CaAl	DeUd	NaAn	SpLa	YaLi
HG_12288 	AlAf	CaAl	DeUd	LaNo	NaAn	SaCe	SaSe	SpLa
HG_13232 	AlAf	CaAl	DeUd	LaNo	NaAn	SaCe	SaSe	SpLa
HG_9653 	AlAf	CaAl	DeUd	LaNo	LiCh	LiKo	NaAn	SaCe	SaSe	SpLa	YaLi
HG_12334 	AlAf	CaAl	DeUd	NaAn	SaSe	SpLa
HG_12283 	AlAf	CaAl	DeUd	LiCh	LiKo	NaAn	SaSe	SpLa	YaLi
HG_9622 	AlAf	CaAl	DeUd	LaNo	LiCh	LiKo	NaAn	SaCe	SaSe	SpLa	ToAg	YaLi
HG_14435 	AlAf	CaAl	DeUd	LaNo	NaAn	SaCe	SaSe
HG_16249 	DeUd	LaNo	NaAn	SaCe	SaSe	SpLa
HG_14417 	AlAf	CaAl	DeUd	LaNo	NaAn	SaCe	SaSe
HG_11518 	AlAf	CaAl	DeUd	LaNo	NaAn	SaCe	SaSe	SpLa	YaLi
HG_14430 	AlAf	CaAl	DeUd	LaNo	NaAn	SaCe	SaSe
HG_10879 	AlAf	CaAl	DeUd	LaNo	NaAn	SaCe	SaSe	ToAg
HG_13245 	AlAf	CaAl	DeUd	LaNo	NaAn	SaCe	SaSe
HG_9997 	AlAf	CaAl	DeUd	SaCe	SaSe	SpLa	YaLi
HG_13227 	AlAf	CaAl	DeUd	NaAn	SaSe	SpLa	YaLi
HG_16244 	AlAf	CaAl	DeUd	NaAn	SaSe	SpLa
HG_11531 	AlAf	CaAl	DeUd	LaNo	NaAn	SaCe	SaSe	ToAg	YaLi
HG_14412 	AlAf	CaAl	DeUd	LaNo	NaAn	SaCe	SaSe
HG_10925 	AlAf	CaAl	DeUd	LaNo	NaAn	SaCe	SaSe	SpLa	ToAg	YaLi
HG_10874 	AlAf	CaAl	DeUd	LaNo	NaAn	SaCe	SaSe	SpLa	YaLi
HG_16226 	AlAf	CaAl	DeUd	NaAn	SaSe	SpLa
HG_11513 	AlAf	CaAl	DeUd	LiCh	LiKo	NaAn	SaSe	SpLa	ToAg	YaLi
HG_12296 	AlAf	CaAl	DeUd	LaNo	NaAn	SaCe	SaSe
HG_13240 	AlAf	CaAl	DeUd	LaNo	NaAn	SaCe	SaSe	SpLa
HG_8777 	AlAf	CaAl	DeUd	LaNo	LiCh	LiKo	NaAn	SaCe	SaSe	SpLa	ToAg	YaLi
HG_16208 	AlAf	CaAl	DeUd	NaAn	SaCe	SaSe
HG_12278 	CaAl	DeUd	LaNo	LiCh	LiKo	NaAn	SaSe	SpLa	ToAg
HG_13222 	AlAf	CaAl	DeUd	LaNo	NaAn	SaCe	SaSe	SpLa
HG_9347 	AlAf	CaAl	DeUd	LaNo	NaAn	SaCe	SaSe	SpLa	ToAg	YaLi
HG_12291 	AlAf	CaAl	DeUd	NaAn	SaSe	SpLa	YaLi
HG_16221 	AlAf	CaAl	DeUd	NaAn	SaSe	SpLa
HG_12306 	AlAf	DeUd	LaNo	LiCh	NaAn	SaCe	SaSe	YaLi
HG_14443 	AlAf	LaNo	NaAn	SaCe	SaSe	SpLa
HG_9621 	AlAf	CaAl	DeUd	LaNo	LiCh	LiKo	NaAn	SaCe	SaSe	SpLa	ToAg	YaLi
HG_14425 	AlAf	CaAl	DeUd	LaNo	NaAn	SaCe	SaSe
HG_16239 	CaAl	DeUd	LaNo	NaAn	SaCe	SaSe
HG_12301 	AlAf	CaAl	DeUd	NaAn	SaSe	ToAg
HG_11526 	AlAf	CaAl	DeUd	LaNo	NaAn	SaCe	SaSe	SpLa
HG_10405 	AlAf	CaAl	DeUd	LaNo	LiCh	LiKo	NaAn	SaCe	SaSe	SpLa	ToAg	YaLi
HG_13253 	AlAf	CaAl	DeUd	NaAn	SaCe	SaSe	SpLa	YaLi
HG_16252 	AlAf	LiCh	LiKo	SpLa	ToAg	YaLi
HG_11508 	AlAf	CaAl	DeUd	LaNo	LiCh	LiKo	NaAn	SaCe	ToAg	YaLi
HG_14420 	AlAf	CaAl	DeUd	LaNo	SaCe	SaSe	ToAg
HG_13235 	AlAf	CaAl	DeUd	NaAn	SpLa	ToAg	YaLi
HG_9996 	AlAf	CaAl	DeUd	LaNo	LiCh	LiKo	NaAn	SaCe	SaSe	SpLa	ToAg	YaLi
HG_16234 	CaAl	DeUd	LaNo	NaAn	SaCe	SaSe
HG_11521 	AlAf	CaAl	DeUd	LaNo	NaAn	SaSe	SpLa	ToAg	YaLi
HG_10882 	AlAf	CaAl	DeUd	LaNo	LiCh	LiKo	NaAn	SaCe	SaSe	SpLa	YaLi
HG_16216 	AlAf	CaAl	DeUd	NaAn	SaSe	SpLa
HG_13230 	CaAl	DeUd	LaNo	NaAn	SaCe	SaSe
HG_14438 	CaAl	DeUd	LaNo	NaAn	SaCe	SaSe	ToAg
HG_16211 	CaAl	DeUd	LaNo	NaAn	SaCe	SaSe
HG_7361 	AlAf	CaAl	DeUd	LaNo	NaAn	SaCe	SpLa	ToAg
HG_12281 	AlAf	CaAl	DeUd	LaNo	NaAn	SaCe	SaSe	SpLa	YaLi
HG_14433 	CaAl	DeUd	LaNo	NaAn	SaCe	SpLa
HG_13248 	AlAf	CaAl	DeUd	NaAn	SpLa	YaLi
HG_9620 	AlAf	CaAl	DeUd	LaNo	LiCh	LiKo	NaAn	SaCe	SaSe	SpLa	ToAg	YaLi
HG_16247 	CaAl	DeUd	LaNo	NaAn	SaCe	SaSe
HG_14415 	AlAf	CaAl	DeUd	LaNo	NaAn	SaCe	SaSe
HG_10877 	AlAf	CaAl	DeUd	LaNo	LiCh	LiKo	NaAn	SaCe	SaSe	SpLa
HG_11516 	AlAf	CaAl	DeUd	LaNo	NaAn	SaCe	SaSe	SpLa	ToAg	YaLi
HG_12363 	AlAf	CaAl	LiCh	LiKo	NaAn	SpLa	YaLi
HG_13243 	AlAf	CaAl	DeUd	LaNo	LiCh	NaAn	SaCe	YaLi
HG_16242 	CaAl	DeUd	LaNo	NaAn	SaCe	SaSe
HG_13225 	CaAl	DeUd	LaNo	NaAn	SaCe	SaSe	SpLa	YaLi
HG_9995 	AlAf	CaAl	DeUd	LaNo	LiCh	LiKo	SaCe	ToAg	YaLi
HG_16224 	CaAl	DeUd	LaNo	NaAn	SaCe	SaSe
HG_11511 	AlAf	CaAl	DeUd	LaNo	NaAn	SaCe	SaSe	SpLa	ToAg	YaLi
HG_10872 	AlAf	CaAl	DeUd	NaAn	SaSe	SpLa
HG_12294 	AlAf	CaAl	DeUd	LaNo	NaAn	SaCe	SaSe	SpLa	YaLi
HG_12276 	AlAf	CaAl	DeUd	LaNo	NaAn	SaCe	SaSe	SpLa
HG_14446 	AlAf	DeUd	LaNo	NaAn	SaCe	SaSe	SpLa
HG_16206 	AlAf	CaAl	LaNo	NaAn	SaCe	SaSe
HG_14428 	AlAf	CaAl	DeUd	LaNo	NaAn	SaCe	SaSe
HG_14441 	CaAl	DeUd	LaNo	NaAn	SaCe	SaSe	SpLa
HG_11529 	AlAf	CaAl	DeUd	LiCh	SpLa	ToAg	YaLi
HG_10408 	CaAl	DeUd	LaNo	NaAn	SaCe	SaSe	SpLa	ToAg	YaLi
HG_13256 	AlAf	CaAl	LaNo	NaAn	SaCe	SaSe	SpLa
HG_12271 	AlAf	CaAl	DeUd	LaNo	NaAn	SaCe	SaSe	SpLa	YaLi
HG_14423 	AlAf	CaAl	DeUd	LaNo	SaCe	SaSe	SpLa
HG_13238 	AlAf	CaAl	DeUd	LaNo	NaAn	SaCe	SaSe	YaLi
HG_16237 	CaAl	DeUd	LaNo	NaAn	SaCe	SaSe
HG_13251 	AlAf	CaAl	DeUd	LaNo	NaAn	SaCe	SaSe	SpLa
HG_11524 	AlAf	CaAl	DeUd	LaNo	NaAn	SaCe	SaSe	SpLa	YaLi
HG_10403 	AlAf	CaAl	DeUd	LaNo	LiCh	LiKo	NaAn	SaCe	SaSe	SpLa	ToAg	YaLi
HG_9082 	AlAf	CaAl	DeUd	LaNo	NaAn	SaCe	SaSe	SpLa	ToAg	YaLi
HG_12289 	AlAf	CaAl	DeUd	LaNo	NaAn	SaCe	SaSe	SpLa	YaLi
HG_13233 	AlAf	CaAl	DeUd	LaNo	NaAn	SaCe	SaSe	SpLa
HG_16250 	AlAf	DeUd	LaNo	NaAn	SaCe	SaSe
HG_16232 	CaAl	DeUd	LaNo	NaAn	SaCe	SaSe
HG_9994 	AlAf	CaAl	DeUd	LiCh	LiKo	NaAn	SaSe	SpLa	ToAg	YaLi
HG_16214 	CaAl	DeUd	LaNo	NaAn	SaSe	SpLa
HG_12284 	AlAf	CaAl	DeUd	LaNo	LiCh	LiKo	NaAn	SaCe	SpLa
HG_14436 	CaAl	DeUd	LaNo	NaAn	SaCe	SaSe	SpLa
HG_13246 	AlAf	CaAl	DeUd	LaNo	SaCe	SpLa	YaLi
HG_8331 	AlAf	LaNo	NaAn	SaSe	SpLa	ToAg
HG_14431 	CaAl	DeUd	LaNo	NaAn	SaCe	SaSe	YaLi
HG_16245 	CaAl	DeUd	LaNo	NaAn	SaCe	SaSe
HG_11532 	AlAf	DeUd	LaNo	LiCh	LiKo	NaAn	SaCe	SaSe	SpLa	YaLi
HG_14413 	AlAf	CaAl	DeUd	LaNo	NaAn	SaCe	SaSe
HG_12348 	AlAf	CaAl	DeUd	LaNo	NaAn	SaCe	SaSe	SpLa
HG_13228 	CaAl	DeUd	LaNo	NaAn	SaCe	SaSe
HG_7749 	AlAf	CaAl	DeUd	LaNo	LiCh	LiKo	NaAn	SaCe	SaSe	SpLa	ToAg	YaLi
HG_16227 	CaAl	DeUd	LaNo	NaAn	SaCe	SaSe
HG_10875 	AlAf	CaAl	DeUd	LaNo	NaAn	SaCe	SaSe	SpLa	ToAg
HG_13241 	AlAf	CaAl	DeUd	NaAn	SaSe	SpLa
HG_11514 	AlAf	CaAl	DeUd	LaNo	LiCh	LiKo	NaAn	SaCe	SpLa	YaLi
HG_12297 	AlAf	CaAl	DeUd	LaNo	NaAn	SaCe	SaSe	SpLa
HG_12279 	AlAf	CaAl	DeUd	LaNo	NaAn	SaCe	SaSe	SpLa	YaLi
HG_14449 	AlAf	DeUd	LaNo	LiCh	LiKo	NaAn	SaSe
HG_13223 	CaAl	DeUd	LiCh	LiKo	NaAn	SaSe	SpLa	YaLi
HG_16240 	CaAl	DeUd	LaNo	NaAn	SaCe	SaSe
HG_16209 	CaAl	DeUd	LaNo	NaAn	SaCe	SaSe
HG_16222 	CaAl	DeUd	LaNo	SaCe	SaSe	SpLa
HG_12292 	AlAf	CaAl	DeUd	LiCh	LiKo	NaAn	SaSe	SpLa	YaLi
HG_9993 	AlAf	CaAl	DeUd	LaNo	LiCh	LiKo	NaAn	SaCe	SaSe	SpLa	ToAg	YaLi
HG_9647 	CaAl	DeUd	LaNo	NaAn	SaCe	SaSe
HG_3484 	AlAf	CaAl	DeUd	LaNo	LiCh	LiKo	NaAn	SaCe	SaSe	SpLa	ToAg	YaLi
HG_12307 	AlAf	LaNo	LiCh	LiKo	NaAn	SaCe	SaSe	SpLa	ToAg
HG_12274 	AlAf	CaAl	DeUd	LaNo	NaAn	SaCe	SaSe	SpLa	YaLi
HG_7533 	AlAf	CaAl	DeUd	LiCh	LiKo	ToAg
HG_14426 	AlAf	CaAl	DeUd	NaAn	SaSe	SpLa	YaLi
HG_11527 	AlAf	CaAl	DeUd	LaNo	NaAn	SaCe	SaSe	SpLa	ToAg	YaLi
HG_12302 	AlAf	CaAl	DeUd	LiCh	LiKo	NaAn	SpLa	ToAg	YaLi
HG_10406 	AlAf	CaAl	DeUd	LaNo	LiCh	LiKo	NaAn	SaCe	SpLa	ToAg	YaLi
HG_13254 	AlAf	CaAl	DeUd	NaAn	SaSe	SpLa	YaLi
HG_13236 	AlAf	CaAl	DeUd	LaNo	NaAn	SaCe	SaSe	SpLa
HG_16253 	AlAf	LiCh	LiKo	SpLa	ToAg	YaLi
HG_11509 	AlAf	CaAl	DeUd	LaNo	NaAn	SaCe	SaSe	SpLa	ToAg	YaLi
HG_14421 	AlAf	CaAl	DeUd	LaNo	NaAn	SaCe	SaSe
HG_16235 	CaAl	DeUd	LaNo	NaAn	SaCe	SaSe
HG_11522 	AlAf	CaAl	DeUd	LaNo	NaAn	SaCe	SaSe	SpLa
HG_10883 	AlAf	CaAl	DeUd	LaNo	NaAn	SaCe	SaSe	SpLa	YaLi
HG_13218 	CaAl	DeUd	LaNo	NaAn	SaCe	SaSe
HG_16217 	AlAf	CaAl	DeUd	NaAn	SpLa	YaLi
HG_12287 	AlAf	CaAl	DeUd	LaNo	NaAn	SaCe	SaSe	SpLa
HG_13231 	CaAl	DeUd	LaNo	NaAn	SaCe	SaSe	SpLa	YaLi
HG_14439 	CaAl	DeUd	LaNo	NaAn	SaCe	SaSe	SpLa
HG_13285 	AlAf	CaAl	DeUd	NaAn	SpLa	ToAg	YaLi
HG_16230 	CaAl	DeUd	LaNo	NaAn	SaCe	SaSe
HG_10027 	CaAl	DeUd	LaNo	NaAn	SaCe	SaSe
HG_16212 	AlAf	CaAl	DeUd	LaNo	SaCe	SaSe
HG_10009 	AlAf	CaAl	DeUd	LaNo	LiCh	LiKo	NaAn	SaCe	SaSe	YaLi
HG_12282 	AlAf	CaAl	DeUd	LaNo	NaAn	SaCe	SaSe	SpLa	ToAg
HG_13249 	AlAf	CaAl	DeUd	NaAn	SaSe	SpLa
HG_14434 	CaAl	DeUd	LaNo	NaAn	SaCe	SaSe
HG_14416 	CaAl	DeUd	LiCh	LiKo	NaAn	SpLa	YaLi
HG_11517 	AlAf	CaAl	DeUd	LiCh	LiKo	NaAn	SaSe	SpLa	ToAg	YaLi
HG_10878 	AlAf	CaAl	DeUd	NaAn	ToAg	YaLi
HG_13244 	CaAl	DeUd	LaNo	NaAn	SaCe	SaSe	SpLa	YaLi
