HG_7778 	AmRe	AsNi	AuMe	AuPu	AuTh	ExVi	GeCa	KaPf	MoSn	NeCr	PeCa	PeEc	PeUc	PyTe	RhCo	SeLi	SpBr	TeBo	TiNi	TrAs	TuMe
HG_7608 	AmRe	AsNi	AuMe	AuPu	AuTh	ExVi	GeCa	KaPf	MoSn	NeCr	PeCa	PeEc	PeUc	PyTe	RhCo	SeLi	SpBr	TaDe	TeBo	TiNi	TrAs	TuMe
HG_4110 	AmRe	AsNi	AuMe	AuPu	AuTh	ExVi	GeCa	KaPf	MoSn	NeCr	PeCa	PeEc	PeUc	PyTe	RhCo	SeLi	SpBr	TeBo	TiNi	TrAs	TuMe
HG_7825 	AmRe	AsNi	AuMe	AuPu	AuTh	ExVi	GeCa	KaPf	MoSn	NeCr	PeCa	PeEc	PeUc	PyTe	RhCo	SeLi	SpBr	TeBo	TiNi	TrAs	TuMe
HG_6724 	AmRe	AsNi	AuMe	AuPu	AuTh	ExVi	GeCa	KaPf	MoSn	NeCr	PeCa	PeEc	PeUc	PnCa	PrLa	PyTe	RhCo	ScCr	ScOc	ScOs	ScPo	SeLi	SpBr	TeBo	TiNi	TrAs	TuMe
HG_4434 	AbBi	AcIn	AmRe	AsNi	AuMe	AuPu	AuTh	BoEd	CuOl	ExRh	GaLe	GeCa	GlCe	KaBr	KaPf	KwBe	KwDe	KwPi	KwSh	MaJa	MaRe	MaSy	MoAp	MoSn	NeCr	PeCa	PeEc	PeUc	PhCo	PlOs	PrLa	PyTe	RhCo	ScCr	ScOc	ScOs	ScPo	SeLi	SpBr	SpRe	TeBo	TiNi	TiWa	TrAs	TuMe	UmVi	UsMa
HG_7788 	AmRe	AsNi	AuMe	AuPu	AuTh	ExVi	GeCa	KaPf	MoSn	NeCr	PeCa	PeEc	PeUc	PyTe	RhCo	SeLi	SpBr	TeBo	TiNi	TrAs	TuMe
HG_7835 	AmRe	AsNi	AuMe	AuPu	AuTh	ExVi	GeCa	KaPf	MoSn	NeCr	PeCa	PeEc	PeUc	PyTe	RhCo	SeLi	SpBr	TeBo	TiNi	TrAs	TuMe
HG_5369 	AmRe	AsNi	AuMe	AuPu	AuTh	BoEd	DaQu	GaLe	GeCa	GlCe	KaPf	MiSa	MoSn	NeCr	PeCa	PeEc	PeUc	PrLa	PyTe	RhCo	RhDi	RhGr	RhPa	RhTo	ScCr	ScOc	ScOs	ScPo	SeLi	SpBr	TaDe	TeBo	TiNi	TrAs	TuMe
HG_120 	AbBi	AcIn	AmRe	AsNi	AuMe	AuPu	AuTh	BoEd	DaQu	ExVi	GaLe	GeCa	KaPf	MoSn	NeCr	PeCa	PeEc	PeUc	PhCo	PlOs	PyTe	RhCo	RhDi	RhGr	RhPa	RhTo	SeLi	SpBr	TeBo	TiNi	TrAs	TuMe	UmVi
HG_4573 	AbBi	AmRe	AsNi	AuMe	AuPu	AuTh	BoEd	CaCo	CaVi	CrAm	CrQu	CuOl	DaQu	ExVi	GaLe	GeCa	KaPf	KwBe	KwDe	KwPi	KwSh	MeLa	MiSa	MoSn	NeCr	NeIr	PeCa	PeEc	PeUc	PhCo	PlOs	PuSt	PyTe	RhCo	RhDi	RhGr	RhPa	RhTo	ScCr	ScOc	ScOs	ScPo	SeLi	SpBr	TeBo	TiNi	TrAs	TuMe	UmVi
HG_4532 	AbBi	AcIn	AmRe	AsNi	AuMe	AuPu	AuTh	BoEd	CaCo	CaVi	CrAm	CrQu	CuOl	DaQu	ExRh	ExVi	GaLe	GeCa	GlCe	KaBr	KaPf	KwBe	KwDe	KwPi	KwSh	MaJa	MaSy	MeLa	MiSa	MoAp	MoSn	NeCr	PeCa	PeEc	PeUc	PhCo	PlOs	PuSt	PyTe	RhCo	RhDi	RhGr	RhPa	RhTo	SeLi	SpBr	SpRe	TeBo	TiNi	TiWa	TrAs	TuMe	UmVi	UsMa
HG_7845 	AmRe	AsNi	AuMe	AuPu	AuTh	ExVi	GeCa	KaPf	MoSn	NeCr	PeCa	PeEc	PeUc	PyTe	RhCo	SeLi	SpBr	TeBo	TiNi	TrAs	TuMe
HG_6939 	AcIn	AmRe	AsNi	AuMe	AuPu	AuTh	CrAm	ExVi	GeCa	KaPf	MoSn	NeCr	PeCa	PeEc	PeUc	PyTe	RhCo	RhPa	SeLi	SpBr	TeBo	TiNi	TrAs	TuMe
HG_7814 	AmRe	AsNi	AuMe	AuPu	AuTh	ExVi	GeCa	KaPf	MoSn	NeCr	PeCa	PeEc	PeUc	PyTe	RhCo	SeLi	SpBr	TeBo	TiNi	TrAs	TuMe
HG_7582 	AmRe	AsNi	AuMe	AuPu	AuTh	ExVi	GeCa	KaPf	MoSn	NeCr	PeCa	PeEc	PeUc	PyTe	RhCo	SeLi	SpBr	TeBo	TiNi	TrAs	TuMe
HG_3687 	AbBi	AcIn	AmRe	AsNi	AuMe	AuPu	AuTh	BoEd	CaCo	CaVi	CrAm	CrQu	CuOl	DaQu	ExRh	ExVi	GaLe	GeCa	GlCe	KaPf	KwBe	KwDe	KwPi	KwSh	MeLa	MiSa	MoAp	MoSn	NeCr	NeIr	PeCa	PeEc	PeUc	PhCo	PlOs	PuSt	PyTe	RhCo	RhDi	RhGr	RhPa	RhTo	SeLi	SpBr	SpRe	TeBo	TiNi	TiWa	TrAs	TuMe	UmVi	UsMa
HG_7092 	AmRe	AsNi	AuMe	AuPu	AuTh	ExVi	GeCa	KaPf	MoSn	NeCr	PeCa	PeEc	PeUc	PyTe	RhCo	SeLi	SpBr	TeBo	TiNi	TrAs	TuMe
HG_123 	AbBi	AmRe	AsNi	AuMe	AuPu	AuTh	CaCo	CaVi	DaQu	ExVi	GaLe	GeCa	GlCe	KaPf	KwDe	KwSh	MiSa	MoAp	MoSn	NeCr	PeCa	PeEc	PeUc	PhCo	PlOs	PyTe	RhCo	RhDi	RhGr	RhPa	RhTo	SeLi	SpBr	TeBo	TiNi	TrAs	TuMe
HG_7592 	AmRe	AsNi	AuMe	AuPu	AuTh	ExVi	GeCa	KaPf	MoSn	NeCr	PeCa	PeEc	PeUc	PyTe	RhCo	SeLi	SpBr	TeBo	TiNi	TrAs	TuMe
HG_7422 	AmRe	AsNi	AuMe	AuPu	AuTh	ExVi	GeCa	KaPf	MoSn	NeCr	PeCa	PeEc	PeUc	PrLa	PyTe	RhCo	SeLi	SpBr	TaDe	TeBo	TiNi	TrAs	TuMe
HG_4128 	AbBi	AcIn	AmRe	AsNi	AuMe	AuPu	AuTh	BoEd	CaCo	CaVi	CrAm	CrQu	CuOl	DaQu	ExRh	ExVi	GaLe	GeCa	GlCe	KaBr	KaPf	KwBe	KwDe	KwPi	KwSh	MaJa	MaRe	MaSy	MeLa	MiSa	MoAp	MoSn	NeCr	NeIr	PeCa	PeEc	PeUc	PhCo	PlOs	PnCa	PnJi	PrLa	PuSt	PyTe	RhCo	RhDi	RhGr	RhPa	RhTo	SeLi	SpBr	SpRe	TeBo	TiNi	TiWa	TrAs	TuMe	UmVi	UsMa
HG_5261 	AcIn	AmRe	AsNi	AuMe	AuPu	AuTh	CaCo	CaVi	CuOl	ExRh	ExVi	GeCa	KaBr	KaPf	MoAp	MoSn	NeCr	PeCa	PeEc	PeUc	PhCo	PlOs	PyTe	RhCo	SeLi	SpBr	SpRe	TeBo	TiNi	TiWa	TrAs	TuMe	UsMa
HG_7787 	AmRe	AsNi	AuMe	AuPu	AuTh	ExVi	GeCa	KaPf	MoSn	NeCr	PeCa	PeEc	PeUc	PyTe	RhCo	SeLi	SpBr	TeBo	TiNi	TrAs	TuMe
HG_6862 	AmRe	AsNi	AuMe	AuPu	AuTh	ExVi	GeCa	KaPf	MoSn	NeCr	NeIr	PeCa	PeEc	PeUc	PnCa	PnJi	PrLa	PyTe	RhCo	SeLi	SpBr	TeBo	TiNi	TrAs	TuMe
HG_7834 	AmRe	AsNi	AuMe	AuPu	AuTh	ExVi	GeCa	KaPf	MoSn	NeCr	PeCa	PeEc	PeUc	PyTe	RhCo	SeLi	SpBr	TeBo	TiNi	TrAs	TuMe
HG_7385 	AmRe	AsNi	AuMe	AuPu	AuTh	ExVi	GeCa	KaPf	MoSn	NeCr	PeCa	PeEc	PeUc	PyTe	RhCo	SeLi	SpBr	TeBo	TiNi	TrAs	TuMe
HG_7256 	AmRe	AsNi	AuMe	AuPu	AuTh	ExVi	GeCa	GlCe	KaPf	MoSn	NeCr	PeCa	PeEc	PeUc	PyTe	RhCo	SeLi	SpBr	TaDe	TeBo	TiNi	TrAs	TuMe	UmVi
HG_7803 	AmRe	AsNi	AuMe	AuPu	AuTh	ExVi	GeCa	KaPf	MoSn	NeCr	PeCa	PeEc	PeUc	PyTe	RhCo	SeLi	SpBr	TeBo	TiNi	TrAs	TuMe
HG_7844 	AmRe	AsNi	AuMe	AuPu	AuTh	ExVi	GeCa	KaPf	MoSn	NeCr	PeCa	PeEc	PeUc	PyTe	RhCo	SeLi	SpBr	TeBo	TiNi	TrAs	TuMe
HG_7797 	AmRe	AsNi	AuMe	AuPu	AuTh	ExVi	GeCa	KaPf	MoSn	NeCr	PeCa	PeEc	PeUc	PyTe	RhCo	SeLi	SpBr	TeBo	TiNi	TrAs	TuMe
HG_3949 	AbBi	AcIn	AmRe	AsNi	AuMe	AuPu	AuTh	BoEd	CaCo	CaVi	DaQu	ExVi	GaLe	GeCa	GlCe	KaPf	MaRe	MaSy	MiSa	MoSn	NeCr	PeCa	PeEc	PeUc	PhCo	PlOs	PyTe	RhCo	RhGr	RhPa	RhTo	SeLi	SpBr	TeBo	TiNi	TiWa	TrAs	TuMe	UmVi
HG_411 	AbBi	AcIn	AmRe	AsNi	AuMe	AuPu	AuTh	BoEd	CaCo	CaVi	CrAm	CrQu	CuOl	DaQu	ExRh	ExVi	GaLe	GeCa	GlCe	KaBr	KaPf	KwBe	KwDe	KwPi	KwSh	MaJa	MaRe	MeLa	MiSa	MoAp	MoSn	NeCr	PeCa	PeEc	PeUc	PhCo	PlOs	PyTe	RhCo	RhDi	RhGr	RhPa	RhTo	SeLi	SpBr	SpRe	TaDe	TeBo	TiNi	TiWa	TrAs	TuMe	UsMa
HG_7266 	AmRe	AsNi	AuMe	AuPu	AuTh	ExVi	GeCa	KaPf	MoSn	NeCr	NeIr	PeCa	PeEc	PeUc	PnCa	PnJi	PyTe	RhCo	SeLi	SpBr	TeBo	TiNi	TrAs	TuMe
HG_4324 	AbBi	AcIn	AmRe	AsNi	AuMe	AuPu	AuTh	BoEd	CaCo	CaVi	CrAm	CrQu	CuOl	DaQu	ExRh	ExVi	GaLe	GeCa	GlCe	KaBr	KaPf	KwBe	KwDe	KwPi	KwSh	MeLa	MiSa	MoAp	MoSn	NeCr	NeIr	PeCa	PeEc	PeUc	PhCo	PlOs	PrLa	PuSt	PyTe	RhCo	RhDi	RhGr	RhPa	RhTo	SeLi	SpBr	SpRe	TaDe	TeBo	TiNi	TiWa	TrAs	TuMe	UmVi	UsMa
HG_5966 	AmRe	AsNi	AuMe	AuPu	AuTh	ExVi	GeCa	KaPf	MoSn	NeCr	NeIr	PeCa	PeEc	PeUc	PrLa	PyTe	RhCo	SeLi	SpBr	TaDe	TeBo	TiNi	TrAs	TuMe	UmVi
HG_4180 	AbBi	AcIn	AmRe	AsNi	AuMe	AuPu	AuTh	BoEd	CaCo	CaVi	CrQu	CuOl	DaQu	ExRh	ExVi	GaLe	GeCa	GlCe	KaBr	KaPf	KwBe	KwDe	KwPi	KwSh	MeLa	MiSa	MoAp	MoSn	NeCr	NeIr	PeCa	PeEc	PeUc	PhCo	PlOs	PrLa	PyTe	RhCo	RhGr	RhPa	RhTo	SeLi	SpBr	SpRe	TeBo	TiNi	TiWa	TrAs	TuMe	UmVi	UsMa
HG_7766 	AmRe	AsNi	AuMe	AuPu	AuTh	ExVi	GeCa	KaPf	MoSn	NeCr	PeCa	PeEc	PeUc	PyTe	RhCo	SeLi	SpBr	TeBo	TiNi	TrAs	TuMe
HG_7813 	AmRe	AsNi	AuMe	AuPu	AuTh	ExVi	GeCa	KaPf	MoSn	NeCr	PeCa	PeEc	PeUc	PyTe	RhCo	SeLi	SpBr	TeBo	TiNi	TrAs	TuMe
HG_5306 	AcIn	AmRe	AsNi	AuMe	AuPu	AuTh	CuOl	ExRh	ExVi	GeCa	GlCe	KaBr	KaPf	KwBe	KwDe	KwPi	KwSh	MoAp	MoSn	NeCr	NeIr	PeCa	PeEc	PeUc	PnCa	PnJi	PrLa	PyTe	RhCo	SeLi	SpBr	SpRe	TeBo	TiNi	TiWa	TrAs	TuMe	UmVi	UsMa
HG_7581 	AmRe	AsNi	AuMe	AuPu	AuTh	ExVi	GeCa	KaPf	MoSn	NeCr	NeIr	PeCa	PeEc	PeUc	PyTe	RhCo	SeLi	SpBr	TeBo	TiNi	TrAs	TuMe
HG_6134 	AmRe	AsNi	AuMe	AuPu	AuTh	ExVi	GeCa	GlCe	KaPf	MoSn	NeCr	NeIr	PeCa	PeEc	PeUc	PyTe	RhCo	SeLi	SpBr	TaDe	TeBo	TiNi	TrAs	TuMe	UmVi
HG_7091 	AmRe	AsNi	AuMe	AuPu	AuTh	ExVi	GeCa	KaPf	MoSn	NeCr	NeIr	PeCa	PeEc	PeUc	PyTe	RhCo	SeLi	SpBr	TeBo	TiNi	TrAs	TuMe
HG_7606 	AmRe	AsNi	AuMe	AuPu	AuTh	ExVi	GeCa	KaPf	MoSn	NeCr	NeIr	PeCa	PeEc	PeUc	PyTe	RhCo	SeLi	SpBr	TeBo	TiNi	TrAs	TuMe
HG_127 	AbBi	AmRe	AsNi	AuMe	AuPu	AuTh	BoEd	CaCo	CaVi	CrQu	DaQu	ExVi	GaLe	GeCa	KaPf	MoSn	NeCr	NeIr	PeCa	PeEc	PeUc	PhCo	PlOs	PuSt	PyTe	RhCo	RhPa	RhTo	SeLi	SpBr	TeBo	TiNi	TiWa	TrAs	TuMe
HG_4561 	AbBi	AcIn	AmRe	AsNi	AuMe	AuPu	AuTh	BoEd	CaCo	CaVi	DaQu	ExVi	GaLe	GeCa	KaPf	MoSn	NeCr	PeCa	PeEc	PeUc	PhCo	PlOs	PyTe	RhCo	SeLi	SpBr	TaDe	TeBo	TiNi	TrAs	TuMe
HG_8217 	AmRe	AsNi	AuPu	AuTh	GeCa	KaPf	MoSn	NeCr	PeCa	PeEc	PeUc	PyTe	RhCo	SeLi	SpBr	TeBo	TiNi	TrAs	TuMe
HG_177 	AmRe	AsNi	AuMe	AuPu	AuTh	CrAm	CuOl	ExVi	GeCa	GlCe	KaPf	KwBe	KwDe	KwPi	KwSh	MiSa	MoSn	NeCr	NeIr	PeCa	PeEc	PeUc	PrLa	PyTe	RhCo	RhDi	RhGr	RhPa	RhTo	SeLi	SpBr	TeBo	TiNi	TrAs	TuMe
HG_586 	AbBi	AcIn	AmRe	AsNi	AuMe	AuPu	AuTh	BoEd	CaCo	CaVi	CrAm	CrQu	CuOl	DaQu	ExRh	ExVi	GaLe	GeCa	KaPf	KwBe	KwDe	KwPi	KwSh	MaJa	MeLa	MiSa	MoSn	NeCr	PeCa	PeEc	PeUc	PlOs	PuSt	PyTe	RhCo	RhDi	RhGr	RhPa	RhTo	SeLi	SpBr	TeBo	TiNi	TiWa	TrAs	TuMe
HG_7616 	AmRe	AsNi	AuMe	AuPu	AuTh	ExVi	GeCa	KaPf	MoSn	NeCr	PeCa	PeEc	PeUc	PyTe	RhCo	SeLi	SpBr	TeBo	TiNi	TrAs	TuMe
HG_5543 	AbBi	AmRe	AsNi	AuMe	AuPu	AuTh	BoEd	CrQu	DaQu	ExVi	GaLe	GeCa	KaPf	MeLa	MiSa	MoSn	NeCr	PeCa	PeEc	PeUc	PhCo	PlOs	PrLa	PuSt	PyTe	RhCo	RhDi	RhGr	RhPa	RhTo	SeLi	SpBr	TaDe	TeBo	TiNi	TrAs	TuMe
HG_7079 	AmRe	AsNi	AuMe	AuPu	AuTh	ExVi	GeCa	KaPf	MoSn	NeCr	NeIr	PeCa	PeEc	PeUc	PhCo	PyTe	RhCo	SeLi	SpBr	TeBo	TiNi	TrAs	TuMe
HG_7796 	AmRe	AsNi	AuMe	AuPu	AuTh	ExVi	GeCa	KaPf	MoSn	NeCr	PeCa	PeEc	PeUc	PyTe	RhCo	SeLi	SpBr	TeBo	TiNi	TrAs	TuMe
HG_7626 	AmRe	AsNi	AuMe	AuPu	AuTh	ExVi	GeCa	KaPf	MoSn	NeCr	PeCa	PeEc	PeUc	PyTe	RhCo	SeLi	SpBr	TeBo	TiNi	TrAs	TuMe
HG_7843 	AmRe	AsNi	AuMe	AuPu	AuTh	ExVi	GeCa	KaPf	MoSn	NeCr	PeCa	PeEc	PeUc	PyTe	RhCo	SeLi	SpBr	TeBo	TiNi	TrAs	TuMe
HG_7802 	AmRe	AsNi	AuMe	AuPu	AuTh	ExVi	GeCa	KaPf	MoSn	NeCr	PeCa	PeEc	PeUc	PyTe	RhCo	SeLi	SpBr	TeBo	TiNi	TrAs	TuMe
HG_5770 	AbBi	AmRe	AsNi	AuMe	AuPu	AuTh	BoEd	DaQu	ExVi	GaLe	GeCa	GlCe	KaPf	MoSn	NeCr	PeCa	PeEc	PeUc	PhCo	PlOs	PyTe	RhCo	SeLi	SpBr	TeBo	TiNi	TrAs	TuMe
HG_4911 	AbBi	AmRe	AsNi	BoEd	CaCo	CaVi	CrAm	CrQu	CuOl	DaQu	ExVi	GaLe	GeCa	GlCe	KaPf	KwBe	KwDe	KwPi	KwSh	MeLa	MiSa	MoSn	NeCr	PeCa	PeEc	PeUc	PhCo	PlOs	PuSt	PyTe	RhCo	SeLi	SpBr	TaDe	TeBo	TiNi	TiWa	TrAs	TuMe	UmVi
HG_4518 	AbBi	AcIn	AmRe	AsNi	AuMe	AuPu	AuTh	BoEd	CaCo	CaVi	CrAm	CuOl	DaQu	ExRh	ExVi	GaLe	GeCa	KaBr	KaPf	KwBe	KwDe	KwPi	KwSh	MaJa	MaRe	MaSy	MiSa	MoAp	MoSn	NeCr	PeCa	PeEc	PeUc	PhCo	PlOs	PrLa	PyTe	RhCo	RhDi	RhPa	RhTo	SeLi	SpBr	SpRe	TaDe	TeBo	TiNi	TiWa	TrAs	TuMe	UmVi	UsMa
HG_7765 	AmRe	AsNi	AuMe	AuPu	AuTh	ExVi	GeCa	KaPf	MoSn	NeCr	PeCa	PeEc	PeUc	PyTe	RhCo	SeLi	SpBr	TeBo	TiNi	TrAs	TuMe
HG_7636 	AmRe	AsNi	AuMe	AuPu	AuTh	ExVi	GeCa	KaPf	MoSn	NeCr	PeCa	PeEc	PeUc	PyTe	RhCo	SeLi	SpBr	TaDe	TeBo	TiNi	TrAs	TuMe
HG_7589 	AmRe	AsNi	AuMe	AuPu	AuTh	ExVi	GeCa	KaPf	MoSn	NeCr	PeCa	PeEc	PeUc	PyTe	RhCo	SeLi	SpBr	TeBo	TiNi	TrAs	TuMe
HG_7080 	AmRe	AsNi	AuPu	AuTh	CaCo	CaVi	ExVi	GeCa	KaPf	MoSn	NeCr	PeCa	PeEc	PeUc	PhCo	PlOs	PyTe	RhCo	SeLi	SpBr	TeBo	TiNi	TrAs	TuMe
HG_5780 	AcIn	AmRe	AsNi	AuPu	AuTh	ExRh	ExVi	GeCa	KaBr	KaPf	MoAp	MoSn	NeCr	PeCa	PeEc	PeUc	PrLa	PyTe	RhCo	ScCr	ScOc	ScOs	ScPo	SeLi	SpBr	SpRe	TaDe	TeBo	TiNi	TiWa	TrAs	TuMe	UsMa
HG_5305 	AbBi	AmRe	AsNi	AuMe	AuPu	AuTh	BoEd	CaCo	CaVi	CrAm	CuOl	DaQu	ExVi	GaLe	GeCa	KaBr	KaPf	KwBe	KwDe	KwPi	KwSh	MiSa	MoAp	MoSn	NeCr	PeCa	PeEc	PeUc	PhCo	PlOs	PyTe	RhCo	SeLi	SpBr	SpRe	TeBo	TiNi	TrAs	TuMe	UmVi	UsMa
HG_6988 	AmRe	AsNi	AuMe	AuPu	AuTh	ExVi	GeCa	KaPf	MoSn	NeCr	PeCa	PeEc	PeUc	PyTe	RhCo	SeLi	SpBr	TeBo	TiNi	TrAs	TuMe
HG_3597 	AbBi	AmRe	AsNi	AuMe	AuPu	AuTh	BoEd	CaCo	CaVi	CrAm	CrQu	CuOl	DaQu	ExVi	GaLe	GeCa	GlCe	KaPf	KwBe	KwDe	KwPi	KwSh	MeLa	MiSa	MoSn	NeCr	PeCa	PeEc	PeUc	PhCo	PlOs	PnCa	PnJi	PrLa	PuSt	PyTe	RhCo	RhDi	RhGr	RhPa	RhTo	ScCr	ScOc	ScOs	ScPo	SeLi	SpBr	TaDe	TeBo	TiNi	TiWa	TrAs	TuMe	UmVi
HG_5790 	AbBi	AmRe	AsNi	AuMe	AuPu	AuTh	BoEd	CaCo	CaVi	DaQu	ExVi	GaLe	GeCa	KaBr	KaPf	MoAp	MoSn	NeCr	PeCa	PeEc	PeUc	PhCo	PlOs	PyTe	RhCo	SeLi	SpBr	SpRe	TeBo	TiNi	TrAs	TuMe	UsMa
HG_696 	AmRe	AsNi	AuMe	AuPu	AuTh	CrAm	ExVi	GaLe	GeCa	KaPf	KwBe	KwDe	KwPi	KwSh	MoSn	NeCr	NeIr	PeCa	PeEc	PeUc	PyTe	RhCo	RhDi	RhGr	RhPa	RhTo	SeLi	SpBr	TaDe	TeBo	TiNi	TiWa	TrAs	TuMe	UmVi
HG_7590 	AmRe	AsNi	AuMe	AuPu	AuTh	ExVi	GeCa	KaPf	MoSn	NeCr	PeCa	PeEc	PeUc	PrLa	PyTe	RhCo	SeLi	SpBr	TeBo	TiNi	TrAs	TuMe
HG_7420 	AmRe	AsNi	AuMe	AuPu	AuTh	ExVi	GeCa	KaPf	MoSn	NeCr	PeCa	PeEc	PeUc	PyTe	RhCo	SeLi	SpBr	TeBo	TiNi	TrAs	TuMe
HG_7115 	AmRe	AsNi	AuMe	AuPu	AuTh	ExVi	GeCa	KaPf	MoSn	NeCr	NeIr	PeCa	PeEc	PeUc	PrLa	PyTe	RhCo	SeLi	SpBr	TaDe	TeBo	TiNi	TrAs	TuMe	UmVi
HG_876 	AmRe	AsNi	AuMe	AuPu	AuTh	ExVi	GeCa	KaPf	MoSn	NeCr	PeCa	PeEc	PeUc	PyTe	RhCo	SeLi	SpBr	TaDe	TeBo	TiNi	TrAs	TuMe
HG_7785 	AmRe	AsNi	AuMe	AuPu	AuTh	ExVi	GeCa	KaPf	MoSn	NeCr	PeCa	PeEc	PeUc	PyTe	RhCo	SeLi	SpBr	TeBo	TiNi	TrAs	TuMe
HG_1276 	AbBi	AcIn	AmRe	AsNi	AuMe	AuPu	AuTh	BoEd	CaCo	CaVi	CrAm	CrQu	CuOl	DaQu	ExRh	GaLe	GeCa	GlCe	KaBr	KaPf	KwBe	KwDe	KwPi	KwSh	MaJa	MaRe	MaSy	MiSa	MoAp	MoSn	NeCr	NeIr	PeCa	PeEc	PeUc	PhCo	PlOs	PnCa	PnJi	PrLa	PuSt	PyTe	RhCo	RhDi	RhGr	RhPa	RhTo	SeLi	SpBr	SpRe	TaDe	TeBo	TiNi	TiWa	TrAs	TuMe	UmVi	UsMa
HG_4482 	AbBi	AcIn	AmRe	AsNi	AuMe	AuPu	AuTh	BoEd	CaCo	CaVi	CrAm	CrQu	CuOl	DaQu	ExRh	ExVi	GaLe	GeCa	GlCe	KaBr	KaPf	KwBe	KwDe	KwPi	KwSh	MeLa	MiSa	MoAp	MoSn	NeCr	NeIr	PeCa	PeEc	PeUc	PhCo	PlOs	PrLa	PuSt	PyTe	RhCo	RhGr	RhPa	RhTo	SeLi	SpBr	SpRe	TeBo	TiNi	TiWa	TrAs	TuMe	UmVi	UsMa
HG_5149 	AbBi	AmRe	AsNi	AuMe	AuPu	AuTh	BoEd	CaCo	CaVi	CrQu	DaQu	ExVi	GaLe	GeCa	GlCe	KaPf	KwBe	KwDe	KwPi	KwSh	MeLa	MiSa	MoSn	NeCr	NeIr	PeCa	PeEc	PeUc	PhCo	PlOs	PrLa	PyTe	RhCo	RhPa	RhTo	SeLi	SpBr	TaDe	TeBo	TiNi	TrAs	TuMe
HG_8226 	AmRe	AsNi	ExVi	GeCa	KaPf	MoSn	NeCr	PeCa	PeEc	PeUc	PyTe	RhCo	SeLi	SpBr	TeBo	TiNi	TrAs	TuMe
HG_3164 	AmRe	AsNi	AuMe	AuPu	AuTh	CaCo	CaVi	CrAm	CuOl	ExRh	ExVi	GeCa	GlCe	KaPf	KwBe	KwDe	KwPi	KwSh	MiSa	MoSn	NeCr	PeCa	PeEc	PeUc	PrLa	PyTe	RhCo	RhDi	RhGr	RhPa	RhTo	SeLi	SpBr	TaDe	TeBo	TiNi	TiWa	TrAs	TuMe	UmVi
HG_2619 	AbBi	AmRe	AsNi	AuMe	AuPu	AuTh	BoEd	CaCo	CaVi	CrAm	CuOl	DaQu	ExVi	GaLe	GeCa	GlCe	KaBr	KaPf	KwBe	KwDe	KwPi	KwSh	MaJa	MiSa	MoAp	MoSn	NeCr	PeCa	PeEc	PeUc	PhCo	PlOs	PrLa	PyTe	RhCo	RhDi	RhGr	RhPa	RhTo	SeLi	SpBr	SpRe	TaDe	TeBo	TiNi	TrAs	TuMe	UsMa
HG_7795 	AmRe	AsNi	AuMe	AuPu	AuTh	ExVi	GeCa	KaPf	MoSn	NeCr	PeCa	PeEc	PeUc	PyTe	RhCo	SeLi	SpBr	TeBo	TiNi	TrAs	TuMe
HG_7625 	AmRe	AsNi	AuMe	AuPu	AuTh	ExVi	GeCa	KaPf	MoSn	NeCr	PeCa	PeEc	PeUc	PyTe	RhCo	SeLi	SpBr	TeBo	TiNi	TrAs	TuMe
HG_7578 	AmRe	AsNi	AuMe	AuPu	AuTh	ExVi	GeCa	KaPf	MoSn	NeCr	NeIr	PeCa	PeEc	PeUc	PyTe	RhCo	SeLi	SpBr	TeBo	TiNi	TrAs	TuMe
HG_7801 	AmRe	AsNi	AuMe	AuPu	AuTh	ExVi	GeCa	KaPf	MoSn	NeCr	PeCa	PeEc	PeUc	PyTe	RhCo	SeLi	SpBr	TeBo	TiNi	TrAs	TuMe
HG_6163 	AmRe	AsNi	ExVi	GeCa	GlCe	KaPf	MoSn	NeCr	NeIr	PeCa	PeEc	PeUc	PrLa	PyTe	RhCo	SeLi	SpBr	TaDe	TeBo	TiNi	TrAs	TuMe	UmVi
HG_7852 	AmRe	AsNi	AuMe	AuPu	AuTh	ExVi	GeCa	KaPf	MoSn	NeCr	PeCa	PeEc	PeUc	PyTe	RhCo	SeLi	SpBr	TeBo	TiNi	TrAs	TuMe
HG_7588 	AmRe	AsNi	AuMe	AuPu	AuTh	ExVi	GeCa	KaPf	MoSn	NeCr	PeCa	PeEc	PeUc	PyTe	RhCo	SeLi	SpBr	TeBo	TiNi	TrAs	TuMe
HG_7418 	AmRe	AsNi	AuMe	AuPu	AuTh	ExVi	GeCa	GlCe	KaPf	MoSn	NeCr	PeCa	PeEc	PeUc	PyTe	RhCo	SeLi	SpBr	TeBo	TiNi	TrAs	TuMe	UmVi
HG_2 	AbBi	AcIn	AmRe	AsNi	AuMe	AuPu	AuTh	BoEd	CaCo	CaVi	CrAm	CuOl	DaQu	ExVi	GaLe	GeCa	GlCe	KaPf	KwBe	KwDe	KwPi	KwSh	MoSn	NeCr	NeIr	PeCa	PeEc	PeUc	PhCo	PlOs	PrLa	PyTe	RhCo	SeLi	SpBr	TaDe	TeBo	TiNi	TrAs	TuMe	UmVi
HG_7598 	AmRe	AsNi	AuMe	AuPu	AuTh	ExVi	GeCa	KaPf	MoSn	NeCr	PeCa	PeEc	PeUc	PyTe	RhCo	SeLi	SpBr	TeBo	TiNi	TrAs	TuMe
HG_7821 	AmRe	AsNi	AuMe	AuPu	AuTh	ExVi	GeCa	KaPf	MoSn	NeCr	PeCa	PeEc	PeUc	PyTe	RhCo	SeLi	SpBr	TeBo	TiNi	TrAs	TuMe
HG_577 	AbBi	AcIn	AmRe	AsNi	AuMe	AuPu	AuTh	BoEd	CaCo	CaVi	CrAm	CuOl	DaQu	ExVi	GaLe	GeCa	KaPf	KwBe	KwDe	KwPi	KwSh	MiSa	MoSn	NeCr	PeCa	PeEc	PeUc	PhCo	PlOs	PyTe	RhCo	RhPa	RhTo	SeLi	SpBr	TeBo	TiNi	TrAs	TuMe
HG_2181 	AcIn	AmRe	AsNi	AuMe	AuPu	AuTh	CrAm	CuOl	ExRh	ExVi	GeCa	KaBr	KaPf	KwBe	KwDe	KwPi	KwSh	MoAp	MoSn	NeCr	PeCa	PeEc	PeUc	PhCo	PlOs	PyTe	RhCo	SeLi	SpBr	SpRe	TeBo	TiNi	TiWa	TrAs	TuMe	UmVi	UsMa
HG_6827 	AmRe	AsNi	AuMe	AuPu	AuTh	CuOl	ExVi	GeCa	GlCe	KaPf	MoSn	NeCr	PeCa	PeEc	PeUc	PhCo	PyTe	RhCo	SeLi	SpBr	TeBo	TiNi	TrAs	TuMe
HG_7831 	AmRe	AsNi	AuMe	AuPu	AuTh	ExVi	GeCa	KaPf	MoSn	NeCr	PeCa	PeEc	PeUc	PyTe	RhCo	SeLi	SpBr	TeBo	TiNi	TrAs	TuMe
HG_331 	AbBi	AmRe	AsNi	AuMe	AuPu	AuTh	BoEd	CaCo	CaVi	DaQu	GaLe	GeCa	KaPf	KwBe	KwDe	KwPi	MiSa	MoSn	NeCr	PeCa	PeEc	PeUc	PhCo	PlOs	PrLa	PyTe	RhCo	RhDi	RhGr	RhPa	RhTo	SeLi	SpBr	TeBo	TiNi	TrAs	TuMe	UmVi
HG_7438 	AmRe	AsNi	AuMe	AuPu	AuTh	ExVi	GeCa	KaPf	MoSn	NeCr	PeCa	PeEc	PeUc	PyTe	RhCo	SeLi	SpBr	TeBo	TiNi	TrAs	TuMe
HG_8049 	AmRe	AsNi	AuPu	AuTh	ExVi	GeCa	KaPf	MoSn	NeCr	PeCa	PeEc	PeUc	PyTe	RhCo	SeLi	SpBr	TeBo	TiNi	TrAs	TuMe
HG_7809 	AmRe	AsNi	AuMe	AuPu	AuTh	ExVi	GeCa	KaPf	MoSn	NeCr	PeCa	PeEc	PeUc	PyTe	RhCo	SeLi	SpBr	TeBo	TiNi	TrAs	TuMe
HG_6837 	AbBi	AmRe	AsNi	AuMe	AuPu	AuTh	DaQu	ExVi	GaLe	GeCa	GlCe	KaPf	MoSn	NeCr	PeCa	PeEc	PeUc	PyTe	RhCo	SeLi	SpBr	TeBo	TiNi	TrAs	TuMe	UmVi
HG_7794 	AmRe	AsNi	AuMe	AuPu	AuTh	ExVi	GeCa	KaPf	MoSn	NeCr	PeCa	PeEc	PeUc	PyTe	RhCo	SeLi	SpBr	TeBo	TiNi	TrAs	TuMe
HG_349 	AbBi	AmRe	AsNi	AuMe	AuPu	AuTh	BoEd	CrQu	ExVi	GeCa	KaPf	MeLa	MiSa	MoSn	NeCr	PeCa	PeEc	PeUc	PhCo	PlOs	PuSt	PyTe	RhCo	RhDi	RhGr	RhPa	SeLi	SpBr	TeBo	TiNi	TrAs	TuMe
HG_7624 	AmRe	AsNi	AuMe	AuPu	AuTh	ExVi	GeCa	KaPf	MoSn	NeCr	PeCa	PeEc	PeUc	PyTe	RhCo	SeLi	SpBr	TeBo	TiNi	TrAs	TuMe
HG_7841 	AmRe	AsNi	AuMe	AuPu	AuTh	ExVi	GeCa	KaPf	MoSn	NeCr	PeCa	PeEc	PeUc	PyTe	RhCo	SeLi	SpBr	TeBo	TiNi	TrAs	TuMe
HG_6476 	AmRe	AsNi	AuMe	AuPu	AuTh	ExVi	GeCa	KaPf	MoSn	NeCr	PeCa	PeEc	PeUc	PyTe	RhCo	SeLi	SpBr	TeBo	TiNi	TrAs	TuMe
HG_4959 	AbBi	AmRe	AsNi	AuMe	AuPu	AuTh	BoEd	CaCo	CaVi	CrAm	CuOl	DaQu	ExVi	GaLe	GeCa	KaPf	KwBe	KwDe	KwPi	KwSh	MoSn	NeCr	NeIr	PeCa	PeEc	PeUc	PhCo	PlOs	PyTe	RhCo	SeLi	SpBr	TaDe	TeBo	TiNi	TiWa	TrAs	TuMe	UmVi	UsMa
HG_7819 	AmRe	AsNi	AuMe	AuPu	AuTh	ExVi	GeCa	KaPf	MoSn	NeCr	PeCa	PeEc	PeUc	PyTe	RhCo	SeLi	SpBr	TeBo	TiNi	TrAs	TuMe
HG_8050 	AmRe	AsNi	AuPu	AuTh	ExVi	GeCa	KaPf	MoSn	NeCr	PeCa	PeEc	PeUc	PyTe	RhCo	SeLi	SpBr	TeBo	TiNi	TrAs	TuMe
HG_7810 	AmRe	AsNi	AuMe	AuPu	AuTh	ExVi	GeCa	KaPf	MoSn	NeCr	PeCa	PeEc	PeUc	PyTe	RhCo	SeLi	SpBr	TeBo	TiNi	TrAs	TuMe
HG_7417 	AmRe	AsNi	AuMe	AuPu	AuTh	ExVi	GeCa	KaPf	MoSn	NeCr	NeIr	PeCa	PeEc	PeUc	PnJi	PyTe	RhCo	SeLi	SpBr	TeBo	TiNi	TrAs	TuMe
HG_7820 	AmRe	AsNi	AuMe	AuPu	AuTh	ExVi	GeCa	KaPf	MoSn	NeCr	PeCa	PeEc	PeUc	PyTe	RhCo	SeLi	SpBr	TeBo	TiNi	TrAs	TuMe
HG_7603 	AmRe	AsNi	AuMe	AuPu	AuTh	ExVi	GeCa	KaPf	MoSn	NeCr	PeCa	PeEc	PeUc	PyTe	RhCo	SeLi	SpBr	TeBo	TiNi	TrAs	TuMe
HG_6238 	AmRe	AsNi	AuPu	AuTh	ExRh	ExVi	GeCa	GlCe	KaPf	MoSn	NeCr	PeCa	PeEc	PeUc	PrLa	PyTe	RhCo	SeLi	SpBr	TaDe	TeBo	TiNi	TrAs	TuMe	UmVi	UsMa
HG_7839 	AmRe	AsNi	AuMe	AuPu	AuTh	ExVi	GeCa	KaPf	MoSn	NeCr	PeCa	PeEc	PeUc	PyTe	RhCo	SeLi	SpBr	TeBo	TiNi	TrAs	TuMe
HG_5549 	AbBi	AmRe	AsNi	AuPu	AuTh	CaCo	CaVi	CrAm	CrQu	ExVi	GaLe	GeCa	GlCe	KaPf	KwBe	KwDe	KwPi	MeLa	MoSn	NeCr	PeCa	PeEc	PeUc	PhCo	PlOs	PrLa	PuSt	PyTe	RhCo	RhDi	RhGr	RhPa	RhTo	SeLi	SpBr	TeBo	TiNi	TrAs	TuMe
HG_23 	AbBi	AcIn	AmRe	AsNi	AuMe	AuPu	AuTh	BoEd	CaCo	CaVi	DaQu	ExRh	ExVi	GaLe	GeCa	GlCe	KaPf	MoSn	NeCr	NeIr	PeCa	PeEc	PeUc	PhCo	PlOs	PyTe	RhCo	SeLi	SpBr	TeBo	TiNi	TrAs	TuMe	UmVi
HG_7830 	AmRe	AsNi	AuMe	AuPu	AuTh	ExVi	GeCa	KaPf	MoSn	NeCr	PeCa	PeEc	PeUc	PyTe	RhCo	SeLi	SpBr	TeBo	TiNi	TrAs	TuMe
HG_7849 	AmRe	AsNi	AuMe	AuPu	AuTh	GeCa	KaPf	MoSn	NeCr	PeCa	PeEc	PeUc	PyTe	RhCo	SeLi	SpBr	TeBo	TiNi	TrAs	TuMe
HG_4175 	AbBi	AcIn	AmRe	AsNi	AuMe	AuPu	AuTh	BoEd	CaCo	CaVi	CrAm	CrQu	CuOl	DaQu	ExRh	ExVi	GaLe	GeCa	GlCe	KaBr	KaPf	KwBe	KwDe	KwPi	KwSh	MaJa	MaRe	MaSy	MeLa	MiSa	MoAp	MoSn	NeCr	NeIr	PeCa	PeEc	PeUc	PhCo	PlOs	PnCa	PnJi	PrLa	PuSt	PyTe	RhCo	RhDi	RhGr	RhPa	RhTo	SeLi	SpBr	SpRe	TaDe	TeBo	TiNi	TiWa	TrAs	TuMe	UmVi	UsMa
HG_7840 	AmRe	AsNi	AuMe	AuPu	AuTh	ExVi	GeCa	KaPf	MoSn	NeCr	PeCa	PeEc	PeUc	PyTe	RhCo	SeLi	SpBr	TeBo	TiNi	TrAs	TuMe
HG_7406 	AmRe	AsNi	AuMe	AuPu	AuTh	ExVi	GeCa	KaPf	MoSn	NeCr	PeCa	PeEc	PeUc	PrLa	PyTe	RhCo	SeLi	SpBr	TaDe	TeBo	TiNi	TrAs	TuMe
HG_7623 	AmRe	AsNi	AuMe	AuPu	AuTh	ExVi	GeCa	KaPf	MoSn	NeCr	NeIr	PeCa	PeEc	PeUc	PyTe	RhCo	SeLi	SpBr	TeBo	TiNi	TrAs	TuMe
HG_3945 	AbBi	AcIn	AmRe	AsNi	AuMe	AuPu	AuTh	BoEd	CaCo	CaVi	CrAm	CrQu	CuOl	DaQu	ExRh	ExVi	GaLe	GeCa	GlCe	KaBr	KaPf	KwBe	KwDe	KwPi	KwSh	MaJa	MaRe	MaSy	MeLa	MiSa	MoAp	MoSn	NeCr	NeIr	PeCa	PeEc	PeUc	PhCo	PlOs	PrLa	PuSt	PyTe	RhCo	RhDi	RhGr	RhPa	RhTo	ScCr	ScOc	ScOs	ScPo	SeLi	SpBr	SpRe	TaDe	TeBo	TiNi	TiWa	TrAs	TuMe	UmVi	UsMa
HG_8234 	AmRe	AsNi	ExVi	GeCa	KaPf	MoSn	NeCr	PeCa	PeEc	PeUc	PyTe	RhCo	SeLi	SpBr	TeBo	TiNi	TrAs	TuMe
HG_4273 	AbBi	AcIn	AmRe	AsNi	AuMe	AuPu	AuTh	BoEd	CaCo	CaVi	CrAm	CrQu	CuOl	DaQu	ExRh	ExVi	GaLe	GeCa	GlCe	KaBr	KaPf	KwBe	KwDe	KwPi	KwSh	MaJa	MaRe	MaSy	MeLa	MiSa	MoAp	MoSn	NeCr	NeIr	PeCa	PeEc	PeUc	PhCo	PlOs	PrLa	PyTe	RhCo	RhDi	RhGr	RhPa	RhTo	ScCr	ScOc	ScOs	ScPo	SeLi	SpBr	SpRe	TeBo	TiNi	TiWa	TrAs	TuMe	UmVi	UsMa
HG_8017 	AmRe	AsNi	AuMe	AuPu	AuTh	GeCa	KaPf	MoSn	NeCr	PeCa	PeEc	PeUc	PyTe	RhCo	SeLi	SpBr	TeBo	TiNi	TrAs	TuMe
HG_5921 	AcIn	AmRe	AsNi	AuMe	AuPu	AuTh	CrAm	DaQu	ExRh	ExVi	GeCa	KaPf	KwBe	KwDe	KwPi	KwSh	MoSn	NeCr	PeCa	PeEc	PeUc	PhCo	PlOs	PrLa	PyTe	RhCo	SeLi	SpBr	TaDe	TeBo	TiNi	TrAs	TuMe
HG_7416 	AmRe	AsNi	AuMe	AuPu	AuTh	ExVi	GeCa	KaPf	MoSn	NeCr	PeCa	PeEc	PeUc	PrLa	PyTe	RhCo	SeLi	SpBr	TaDe	TeBo	TiNi	TrAs	TuMe
HG_7633 	AmRe	AsNi	AuMe	AuPu	AuTh	ExVi	GeCa	KaPf	MoSn	NeCr	PeCa	PeEc	PeUc	PyTe	RhCo	SeLi	SpBr	TeBo	TiNi	TrAs	TuMe
HG_7457 	AmRe	AsNi	ExVi	GeCa	GlCe	KaPf	MoSn	NeCr	NeIr	PeCa	PeEc	PeUc	PrLa	PyTe	RhCo	SeLi	SpBr	TeBo	TiNi	TrAs	TuMe	UmVi
HG_3826 	AbBi	AcIn	AmRe	AsNi	AuMe	AuPu	AuTh	BoEd	CaCo	CaVi	CrAm	CrQu	CuOl	DaQu	ExRh	ExVi	GaLe	GeCa	GlCe	KaBr	KaPf	KwBe	KwDe	KwPi	KwSh	MaJa	MaRe	MaSy	MeLa	MiSa	MoAp	MoSn	NeCr	PeCa	PeEc	PeUc	PhCo	PlOs	PrLa	PuSt	PyTe	RhCo	RhDi	RhGr	RhPa	RhTo	ScCr	ScOc	ScOs	ScPo	SeLi	SpBr	SpRe	TaDe	TeBo	TiNi	TiWa	TrAs	TuMe	UmVi	UsMa
HG_4154 	AbBi	AcIn	AmRe	AsNi	AuMe	AuPu	AuTh	BoEd	CaCo	CaVi	CrAm	CrQu	CuOl	DaQu	ExRh	ExVi	GaLe	GeCa	KaBr	KaPf	KwBe	KwDe	KwPi	KwSh	MaJa	MaRe	MaSy	MeLa	MiSa	MoAp	MoSn	NeCr	NeIr	PeCa	PeEc	PeUc	PhCo	PlOs	PnCa	PnJi	PrLa	PuSt	PyTe	RhCo	RhDi	RhGr	RhPa	RhTo	ScCr	ScOc	ScOs	ScPo	SeLi	SpBr	SpRe	TaDe	TeBo	TiNi	TiWa	TrAs	TuMe	UsMa
HG_6856 	AmRe	AsNi	AuMe	AuPu	AuTh	CaCo	CaVi	ExVi	GeCa	KaPf	MoSn	NeCr	PeCa	PeEc	PeUc	PuSt	PyTe	RhCo	SeLi	SpBr	TeBo	TiNi	TrAs	TuMe	UmVi
HG_550 	AmRe	AsNi	AuMe	AuPu	AuTh	CaCo	CaVi	CrAm	CuOl	ExVi	GeCa	GlCe	KaPf	KwBe	KwDe	KwPi	KwSh	MeLa	MoSn	NeCr	PeCa	PeEc	PeUc	PhCo	PyTe	RhCo	SeLi	SpBr	TeBo	TiNi	TrAs	TuMe
HG_4742 	AbBi	AcIn	AmRe	AsNi	AuMe	AuPu	AuTh	BoEd	CaCo	CaVi	CrAm	CrQu	CuOl	ExVi	GaLe	GeCa	GlCe	KaBr	KaPf	KwBe	KwDe	KwPi	KwSh	MeLa	MiSa	MoAp	MoSn	NeCr	NeIr	PeCa	PeEc	PeUc	PhCo	PlOs	PrLa	PuSt	PyTe	RhCo	RhDi	RhGr	RhPa	SeLi	SpBr	SpRe	TeBo	TiNi	TiWa	TrAs	TuMe	UsMa
HG_7426 	AmRe	AsNi	AuMe	AuPu	AuTh	ExVi	GeCa	KaPf	MoSn	NeCr	PeCa	PeEc	PeUc	PyTe	RhCo	SeLi	SpBr	TeBo	TiNi	TrAs	TuMe
HG_2993 	AcIn	AmRe	AsNi	CrQu	DaQu	ExRh	GeCa	KaBr	KaPf	MeLa	MoAp	MoSn	NeCr	PeCa	PeEc	PeUc	PhCo	PuSt	PyTe	RhCo	SeLi	SpBr	SpRe	TeBo	TiNi	TiWa	TrAs	TuMe	UsMa
HG_159 	AbBi	AmRe	AsNi	AuMe	AuPu	AuTh	BoEd	CaVi	CuOl	DaQu	ExVi	GaLe	GeCa	GlCe	KaPf	MoSn	NeCr	NeIr	PeCa	PeEc	PeUc	PhCo	PlOs	PyTe	RhCo	ScCr	ScOc	ScOs	ScPo	SeLi	SpBr	TeBo	TiNi	TiWa	TrAs	TuMe	UmVi
HG_748 	AbBi	AcIn	AmRe	AsNi	AuMe	AuPu	AuTh	BoEd	CaCo	CaVi	CrAm	CrQu	DaQu	ExVi	GaLe	GeCa	KaPf	KwBe	KwDe	KwPi	KwSh	MeLa	MoSn	NeCr	NeIr	PeCa	PeEc	PeUc	PhCo	PlOs	PrLa	PuSt	PyTe	RhCo	RhPa	ScPo	SeLi	SpBr	TeBo	TiNi	TrAs	TuMe
HG_6376 	AmRe	AsNi	AuMe	AuPu	AuTh	ExVi	GeCa	GlCe	KaPf	MoSn	NeCr	NeIr	PeCa	PeEc	PeUc	PnCa	PnJi	PyTe	RhCo	ScCr	ScOc	ScOs	ScPo	SeLi	SpBr	TaDe	TeBo	TiNi	TrAs	TuMe	UmVi
HG_3434 	AbBi	AcIn	AmRe	AsNi	AuMe	AuPu	AuTh	BoEd	CaCo	CaVi	CrAm	CrQu	CuOl	DaQu	ExRh	ExVi	GaLe	GeCa	GlCe	KaBr	KaPf	KwBe	KwDe	KwPi	KwSh	MaJa	MaRe	MaSy	MiSa	MoAp	MoSn	NeCr	NeIr	PeCa	PeEc	PeUc	PhCo	PlOs	PnCa	PnJi	PrLa	PuSt	PyTe	RhCo	RhDi	RhGr	RhPa	RhTo	ScCr	ScOc	ScOs	ScPo	SeLi	SpBr	SpRe	TeBo	TiNi	TiWa	TrAs	TuMe	UmVi	UsMa
HG_7848 	AmRe	AsNi	AuMe	AuPu	AuTh	ExVi	GeCa	KaPf	MoSn	NeCr	PeCa	PeEc	PeUc	PyTe	RhCo	SeLi	SpBr	TeBo	TiNi	TrAs	TuMe
HG_7792 	AmRe	AsNi	AuMe	AuPu	AuTh	ExVi	GeCa	KaPf	MoSn	NeCr	PeCa	PeEc	PeUc	PyTe	RhCo	SeLi	SpBr	TeBo	TiNi	TrAs	TuMe
HG_6474 	AmRe	AsNi	AuMe	AuPu	AuTh	ExVi	GeCa	GlCe	KaPf	MiSa	MoSn	NeCr	PeCa	PeEc	PeUc	PrLa	PyTe	RhCo	RhDi	RhGr	RhPa	RhTo	SeLi	SpBr	TaDe	TeBo	TiNi	TrAs	TuMe
HG_5285 	AbBi	AmRe	AsNi	AuMe	AuPu	AuTh	BoEd	CaCo	CaVi	CrAm	CuOl	DaQu	ExVi	GaLe	GeCa	GlCe	KaBr	KaPf	KwSh	MoAp	MoSn	NeCr	PeCa	PeEc	PeUc	PhCo	PlOs	PyTe	RhCo	SeLi	SpBr	SpRe	TeBo	TiNi	TrAs	TuMe	UmVi	UsMa
HG_7858 	AmRe	AsNi	AuMe	AuPu	AuTh	ExVi	GeCa	KaPf	MoSn	NeCr	PeCa	PeEc	PeUc	PyTe	RhCo	SeLi	SpBr	TeBo	TiNi	TrAs	TuMe
HG_6974 	AmRe	AsNi	AuMe	AuPu	AuTh	ExVi	GeCa	GlCe	KaPf	MoSn	NeCr	PeCa	PeEc	PeUc	PyTe	RhCo	SeLi	SpBr	TeBo	TiNi	TrAs	TuMe	UmVi
HG_7817 	AmRe	AsNi	AuMe	AuPu	AuTh	ExVi	GeCa	KaPf	MoSn	NeCr	PeCa	PeEc	PeUc	PyTe	RhCo	SeLi	SpBr	TeBo	TiNi	TrAs	TuMe
HG_3171 	AcIn	AmRe	AsNi	AuMe	AuPu	AuTh	ExRh	ExVi	GeCa	KaBr	KaPf	MaJa	MaRe	MaSy	MoAp	MoSn	NeCr	PeCa	PeEc	PeUc	PyTe	RhCo	SeLi	SpBr	SpRe	TaDe	TeBo	TiNi	TiWa	TrAs	TuMe	UsMa
HG_7632 	AmRe	AsNi	AuMe	AuPu	AuTh	ExVi	GeCa	KaPf	MoSn	NeCr	NeIr	PeCa	PeEc	PeUc	PyTe	RhCo	SeLi	SpBr	TeBo	TiNi	TrAs	TuMe
HG_6572 	AmRe	AsNi	AuMe	AuPu	AuTh	ExVi	GeCa	GlCe	KaPf	MoSn	NeCr	NeIr	PeCa	PeEc	PeUc	PrLa	PyTe	RhCo	ScCr	ScOc	ScOs	ScPo	SeLi	SpBr	TaDe	TeBo	TiNi	TrAs	TuMe
HG_6267 	AmRe	AsNi	AuMe	AuPu	AuTh	ExVi	GeCa	GlCe	KaPf	MoSn	NeCr	NeIr	PeCa	PeEc	PeUc	PnCa	PnJi	PrLa	PyTe	RhCo	ScCr	ScOc	ScOs	ScPo	SeLi	SpBr	TaDe	TeBo	TiNi	TrAs	TuMe	UmVi
HG_5295 	AbBi	AmRe	AsNi	AuMe	AuPu	AuTh	BoEd	CaCo	CaVi	CrAm	CuOl	DaQu	ExRh	ExVi	GaLe	GeCa	KaPf	KwBe	KwDe	KwPi	KwSh	MiSa	MoSn	NeCr	PeCa	PeEc	PeUc	PhCo	PlOs	PyTe	RhCo	RhDi	RhGr	RhPa	RhTo	SeLi	SpBr	TeBo	TiNi	TrAs	TuMe
HG_6984 	AmRe	AsNi	AuMe	AuPu	AuTh	ExVi	GeCa	KaPf	MoSn	NeCr	PeCa	PeEc	PeUc	PyTe	RhCo	SeLi	SpBr	TeBo	TiNi	TrAs	TuMe
HG_3608 	AbBi	AmRe	AsNi	AuMe	AuPu	AuTh	BoEd	CaCo	CaVi	CuOl	DaQu	ExVi	GaLe	GeCa	GlCe	KaPf	MoSn	NeCr	PeCa	PeEc	PeUc	PhCo	PlOs	PyTe	RhCo	SeLi	SpBr	TeBo	TiNi	TrAs	TuMe
HG_6726 	AmRe	AsNi	AuMe	AuPu	AuTh	ExVi	GeCa	GlCe	KaPf	MoSn	NeCr	NeIr	PeCa	PeEc	PeUc	PyTe	RhCo	SeLi	SpBr	TaDe	TeBo	TiNi	TrAs	TuMe
HG_2589 	AbBi	AcIn	AmRe	AsNi	AuMe	AuPu	AuTh	BoEd	CaCo	CaVi	CrAm	CrQu	CuOl	DaQu	ExRh	ExVi	GaLe	GeCa	GlCe	KaBr	KaPf	KwBe	KwDe	KwPi	KwSh	MaJa	MaRe	MaSy	MeLa	MiSa	MoAp	MoSn	NeCr	NeIr	PeCa	PeEc	PeUc	PhCo	PlOs	PrLa	PuSt	PyTe	RhCo	RhDi	RhGr	RhPa	RhTo	ScCr	ScOc	ScOs	ScPo	SeLi	SpBr	SpRe	TaDe	TeBo	TiNi	TiWa	TrAs	TuMe	UmVi	UsMa
HG_7095 	AmRe	AsNi	AuMe	AuPu	AuTh	ExVi	GeCa	KaPf	MoSn	NeCr	NeIr	PeCa	PeEc	PeUc	PrLa	PyTe	RhCo	SeLi	SpBr	TaDe	TeBo	TiNi	TrAs	TuMe
HG_7101 	AmRe	AsNi	AuMe	AuPu	AuTh	ExVi	GeCa	GlCe	KaPf	MoSn	NeCr	NeIr	PeCa	PeEc	PeUc	PyTe	RhCo	SeLi	SpBr	TeBo	TiNi	TrAs	TuMe
HG_7595 	AmRe	AsNi	AuMe	AuPu	AuTh	ExVi	GeCa	KaPf	MoSn	NeCr	NeIr	PeCa	PeEc	PeUc	PyTe	RhCo	SeLi	SpBr	TeBo	TiNi	TrAs	TuMe
HG_7642 	AmRe	AsNi	AuPu	AuTh	ExVi	GeCa	KaPf	MoSn	NeCr	PeCa	PeEc	PeUc	PyTe	RhCo	SeLi	SpBr	TeBo	TiNi	TrAs	TuMe
HG_4719 	AcIn	AmRe	AsNi	AuPu	AuTh	BoEd	CaCo	CaVi	CrQu	DaQu	ExVi	GaLe	GeCa	GlCe	KaPf	KwBe	KwDe	KwPi	MeLa	MoSn	NeCr	NeIr	PeCa	PeEc	PeUc	PhCo	PlOs	PnCa	PnJi	PyTe	RhCo	ScCr	ScOc	ScOs	ScPo	SeLi	SpBr	TaDe	TeBo	TiNi	TiWa	TrAs	TuMe	UmVi
HG_7837 	AmRe	AsNi	AuMe	AuPu	AuTh	ExVi	GeCa	KaPf	MoSn	NeCr	PeCa	PeEc	PeUc	PyTe	RhCo	SeLi	SpBr	TeBo	TiNi	TrAs	TuMe
HG_6607 	AmRe	AsNi	AuMe	AuPu	AuTh	ExVi	GeCa	KaPf	MoSn	NeCr	PeCa	PeEc	PeUc	PyTe	RhCo	SeLi	SpBr	TeBo	TiNi	TrAs	TuMe
HG_4792 	AbBi	AmRe	AsNi	AuMe	AuPu	AuTh	BoEd	CaCo	CaVi	CrAm	CrQu	DaQu	ExVi	GaLe	GeCa	GlCe	KaPf	KwBe	KwDe	KwPi	KwSh	MeLa	MiSa	MoSn	NeCr	NeIr	PeCa	PeEc	PeUc	PhCo	PlOs	PrLa	PuSt	PyTe	RhCo	RhDi	RhGr	RhPa	RhTo	SeLi	SpBr	SpRe	TeBo	TiNi	TrAs	TuMe	UmVi
HG_7259 	AmRe	AsNi	AuMe	AuPu	AuTh	ExVi	GeCa	KaPf	MoSn	NeCr	NeIr	PeCa	PeEc	PeUc	PrLa	PyTe	RhCo	SeLi	SpBr	TaDe	TeBo	TiNi	TrAs	TuMe
HG_4390 	AbBi	AcIn	AmRe	AsNi	AuPu	AuTh	BoEd	CaCo	CaVi	CrAm	CuOl	ExRh	ExVi	GaLe	GeCa	GlCe	KaBr	KaPf	KwBe	KwDe	KwPi	KwSh	MaJa	MaSy	MiSa	MoAp	MoSn	NeCr	NeIr	PeCa	PeEc	PeUc	PhCo	PlOs	PrLa	PyTe	RhCo	RhDi	RhGr	RhPa	RhTo	ScOs	ScPo	SeLi	SpBr	SpRe	TaDe	TeBo	TiNi	TiWa	TrAs	TuMe	UmVi	UsMa
HG_7445 	AmRe	AsNi	AuMe	AuPu	AuTh	ExVi	GeCa	KaPf	MoSn	NeCr	NeIr	PeCa	PeEc	PeUc	PyTe	RhCo	SeLi	SpBr	TaDe	TeBo	TiNi	TrAs	TuMe
HG_4739 	AbBi	AcIn	AmRe	AsNi	AuMe	AuPu	AuTh	BoEd	CrQu	DaQu	ExRh	ExVi	GaLe	GeCa	KaBr	KaPf	KwBe	KwDe	KwPi	KwSh	MeLa	MiSa	MoAp	MoSn	NeCr	PeCa	PeEc	PeUc	PlOs	PrLa	PuSt	PyTe	RhCo	RhDi	RhGr	RhPa	RhTo	SeLi	SpBr	SpRe	TaDe	TeBo	TiNi	TiWa	TrAs	TuMe	UsMa
HG_7857 	AmRe	AsNi	AuMe	AuPu	AuTh	ExVi	GeCa	KaPf	MoSn	NeCr	PeCa	PeEc	PeUc	PyTe	RhCo	SeLi	SpBr	TeBo	TiNi	TrAs	TuMe
HG_8015 	AmRe	AsNi	AuMe	AuPu	AuTh	GeCa	KaPf	MoSn	NeCr	PeCa	PeEc	PeUc	PyTe	RhCo	SeLi	SpBr	TeBo	TiNi	TrAs	TuMe
HG_7260 	AmRe	AsNi	AuMe	AuPu	AuTh	CuOl	ExVi	GeCa	KaPf	MoSn	NeCr	PeCa	PeEc	PeUc	PyTe	RhCo	SeLi	SpBr	TeBo	TiNi	TrAs	TuMe
HG_5309 	AmRe	AsNi	AuMe	AuPu	AuTh	ExVi	GeCa	KaPf	MoSn	NeCr	PeCa	PeEc	PeUc	PyTe	RhCo	SeLi	SpBr	TeBo	TiNi	TrAs	TuMe
HG_4378 	AbBi	AcIn	AmRe	AsNi	AuMe	AuPu	AuTh	BoEd	CaCo	CaVi	CrAm	CrQu	CuOl	DaQu	ExRh	ExVi	GaLe	GeCa	GlCe	KaPf	KwBe	KwDe	KwPi	KwSh	MaJa	MaRe	MaSy	MeLa	MiSa	MoSn	NeCr	NeIr	PeCa	PeEc	PeUc	PhCo	PlOs	PrLa	PuSt	PyTe	RhCo	RhDi	RhGr	RhPa	RhTo	ScCr	ScOc	ScOs	ScPo	SeLi	SpBr	TeBo	TiNi	TiWa	TrAs	TuMe	UmVi
HG_7631 	AmRe	AsNi	AuMe	AuPu	AuTh	ExVi	GeCa	KaPf	MoSn	NeCr	PeCa	PeEc	PeUc	PyTe	RhCo	SeLi	SpBr	TeBo	TiNi	TrAs	TuMe
HG_6571 	AmRe	AsNi	AuMe	AuPu	AuTh	ExVi	GeCa	GlCe	KaPf	MoSn	NeCr	NeIr	PeCa	PeEc	PeUc	PrLa	PyTe	RhCo	SeLi	SpBr	TeBo	TiNi	TrAs	TuMe	UmVi
HG_6266 	AmRe	AsNi	AuMe	AuPu	AuTh	DaQu	ExVi	GeCa	KaPf	MoSn	NeCr	PeCa	PeEc	PeUc	PyTe	RhCo	SeLi	SpBr	TeBo	TiNi	TrAs	TuMe
HG_7109 	AmRe	AsNi	AuMe	AuPu	AuTh	ExVi	GeCa	KaPf	MoSn	NeCr	PeCa	PeEc	PeUc	PyTe	RhCo	SeLi	SpBr	TeBo	TiNi	TrAs	TuMe
HG_4193 	AbBi	AcIn	AmRe	AsNi	AuMe	AuPu	AuTh	BoEd	CaCo	CaVi	CrAm	CrQu	CuOl	DaQu	ExRh	ExVi	GaLe	GeCa	GlCe	KaBr	KaPf	KwBe	KwDe	KwPi	KwSh	MaJa	MaRe	MaSy	MeLa	MiSa	MoAp	MoSn	NeCr	NeIr	PeCa	PeEc	PeUc	PhCo	PlOs	PnCa	PnJi	PuSt	PyTe	RhCo	RhGr	RhPa	RhTo	ScCr	ScOc	ScOs	ScPo	SeLi	SpBr	SpRe	TeBo	TiNi	TiWa	TrAs	TuMe	UmVi	UsMa
HG_3953 	AbBi	AcIn	AmRe	AsNi	AuMe	AuPu	AuTh	BoEd	CaCo	CaVi	CrAm	CrQu	CuOl	DaQu	ExRh	ExVi	GaLe	GeCa	GlCe	KaBr	KaPf	KwBe	KwDe	KwPi	KwSh	MaJa	MaRe	MaSy	MeLa	MiSa	MoAp	MoSn	NeCr	NeIr	PeCa	PeEc	PeUc	PhCo	PlOs	PrLa	PuSt	PyTe	RhCo	RhDi	RhGr	RhPa	RhTo	ScCr	ScOc	ScOs	ScPo	SeLi	SpBr	SpRe	TaDe	TeBo	TiNi	TiWa	TrAs	TuMe	UmVi	UsMa
HG_3777 	AbBi	AcIn	AmRe	AsNi	AuMe	AuPu	AuTh	BoEd	CaCo	CaVi	CuOl	DaQu	ExRh	ExVi	GaLe	GeCa	KaPf	MoSn	NeCr	PeCa	PeEc	PeUc	PhCo	PlOs	PyTe	RhCo	SeLi	SpBr	TeBo	TiNi	TrAs	TuMe
HG_7094 	AmRe	AsNi	AuMe	AuPu	AuTh	ExVi	GeCa	KaPf	MoSn	NeCr	NeIr	PeCa	PeEc	PeUc	PrLa	PyTe	RhCo	SeLi	SpBr	TeBo	TiNi	TrAs	TuMe	UmVi
HG_4435 	AbBi	AcIn	AmRe	AsNi	AuMe	AuPu	AuTh	BoEd	CaCo	CaVi	CrAm	CuOl	DaQu	ExRh	ExVi	GaLe	GeCa	GlCe	KaBr	KaPf	KwBe	KwDe	KwPi	KwSh	MaJa	MaRe	MaSy	MeLa	MiSa	MoAp	MoSn	NeCr	NeIr	PeCa	PeEc	PeUc	PhCo	PlOs	PnCa	PuSt	PyTe	RhCo	RhDi	RhGr	RhPa	RhTo	SeLi	SpBr	SpRe	TaDe	TeBo	TiNi	TiWa	TrAs	TuMe	UmVi	UsMa
HG_329 	AbBi	AcIn	AmRe	AsNi	AuMe	AuPu	AuTh	BoEd	DaQu	ExVi	GaLe	GeCa	KaPf	MoSn	NeCr	PeCa	PeEc	PeUc	PlOs	PyTe	RhCo	SeLi	SpBr	TeBo	TiNi	TiWa	TrAs	TuMe	UmVi
HG_4523 	AcIn	AmRe	AsNi	AuMe	AuTh	CaCo	CaVi	CrQu	ExRh	ExVi	GeCa	KaBr	KaPf	MaJa	MaSy	MeLa	MiSa	MoAp	MoSn	NeCr	PeCa	PeEc	PeUc	PrLa	PuSt	PyTe	RhCo	RhDi	RhGr	RhPa	RhTo	SeLi	SpBr	SpRe	TaDe	TeBo	TiNi	TiWa	TrAs	TuMe	UsMa
HG_7836 	AmRe	AsNi	AuMe	AuPu	AuTh	ExVi	GeCa	KaPf	MoSn	NeCr	PeCa	PeEc	PeUc	PyTe	RhCo	SeLi	SpBr	TeBo	TiNi	TrAs	TuMe
HG_1003 	AbBi	AmRe	AsNi	AuMe	AuPu	AuTh	BoEd	CaCo	CaVi	DaQu	ExVi	GaLe	GeCa	KaBr	KaPf	MaJa	MaRe	MaSy	MoAp	MoSn	NeCr	PeCa	PeEc	PeUc	PhCo	PlOs	PyTe	RhCo	SeLi	SpBr	SpRe	TeBo	TiNi	TiWa	TrAs	TuMe	UmVi	UsMa
HG_7619 	AmRe	AsNi	AuMe	AuPu	AuTh	ExVi	GeCa	KaPf	MoSn	NeCr	PeCa	PeEc	PeUc	PyTe	RhCo	SeLi	SpBr	TeBo	TiNi	TrAs	TuMe
HG_4486 	AbBi	AcIn	AmRe	AsNi	AuMe	AuPu	AuTh	BoEd	CaCo	CaVi	CrAm	CrQu	CuOl	DaQu	ExRh	ExVi	GaLe	GeCa	GlCe	KaBr	KaPf	KwBe	KwDe	KwPi	KwSh	MeLa	MoAp	MoSn	NeCr	PeCa	PeEc	PeUc	PhCo	PlOs	PuSt	PyTe	RhCo	RhDi	RhPa	RhTo	SeLi	SpBr	SpRe	TeBo	TiNi	TiWa	TrAs	TuMe	UmVi	UsMa
HG_7780 	AmRe	AsNi	AuMe	AuPu	AuTh	ExVi	GeCa	KaPf	MoSn	NeCr	PeCa	PeEc	PeUc	PyTe	RhCo	SeLi	SpBr	TeBo	TiNi	TrAs	TuMe
HG_4316 	AbBi	AcIn	AmRe	AsNi	AuMe	AuPu	AuTh	BoEd	CaCo	CaVi	CrAm	CrQu	CuOl	DaQu	ExRh	ExVi	GaLe	GeCa	GlCe	KaBr	KaPf	KwBe	KwDe	KwPi	KwSh	MeLa	MiSa	MoAp	MoSn	NeCr	NeIr	PeCa	PeEc	PeUc	PhCo	PlOs	PuSt	PyTe	RhCo	RhDi	RhGr	RhPa	RhTo	SeLi	SpBr	SpRe	TeBo	TiNi	TiWa	TrAs	TuMe	UmVi
HG_79 	AbBi	AmRe	AsNi	AuMe	AuPu	AuTh	BoEd	CaVi	DaQu	ExVi	GaLe	GeCa	GlCe	KaPf	MeLa	MiSa	MoSn	NeCr	NeIr	PeCa	PeEc	PeUc	PhCo	PlOs	PrLa	PyTe	RhCo	RhGr	RhTo	SeLi	SpBr	TeBo	TiNi	TrAs	TuMe
HG_6374 	AmRe	AsNi	AuMe	AuPu	AuTh	ExVi	GeCa	GlCe	KaPf	MiSa	MoSn	NeCr	PeCa	PeEc	PeUc	PrLa	PyTe	RhCo	RhDi	RhGr	RhPa	RhTo	SeLi	SpBr	TaDe	TeBo	TiNi	TrAs	TuMe	UmVi
HG_7799 	AmRe	AsNi	AuMe	AuPu	AuTh	ExVi	GeCa	KaPf	MoSn	NeCr	PeCa	PeEc	PeUc	PyTe	RhCo	SeLi	SpBr	TeBo	TiNi	TrAs	TuMe
HG_5015 	AbBi	AcIn	AmRe	AsNi	AuMe	AuPu	AuTh	DaQu	ExRh	ExVi	GaLe	GeCa	KaBr	KaPf	MoAp	MoSn	NeCr	PeCa	PeEc	PeUc	PhCo	PlOs	PrLa	PyTe	RhCo	SeLi	SpBr	SpRe	TeBo	TiNi	TiWa	TrAs	TuMe	UsMa
HG_7846 	AmRe	AsNi	AuMe	AuPu	AuTh	ExVi	GeCa	KaPf	MoSn	NeCr	PeCa	PeEc	PeUc	PyTe	RhCo	SeLi	SpBr	TeBo	TiNi	TrAs	TuMe
HG_7629 	AmRe	AsNi	AuMe	AuPu	AuTh	ExVi	GeCa	KaPf	MoSn	NeCr	PeCa	PeEc	PeUc	PyTe	RhCo	SeLi	SpBr	TeBo	TiNi	TrAs	TuMe
HG_5468 	AbBi	AmRe	AsNi	AuPu	AuTh	BoEd	CaCo	CaVi	DaQu	ExVi	GaLe	GeCa	GlCe	KaPf	MiSa	MoSn	NeCr	NeIr	PeCa	PeEc	PeUc	PhCo	PlOs	PnCa	PnJi	PrLa	PyTe	RhCo	RhDi	RhGr	RhPa	RhTo	SeLi	SpBr	TaDe	TeBo	TiNi	TrAs	TuMe	UmVi
HG_4672 	AbBi	AmRe	AsNi	AuMe	AuPu	AuTh	CaCo	CaVi	CrAm	CrQu	DaQu	ExRh	ExVi	GaLe	GeCa	GlCe	KaBr	KaPf	KwBe	KwDe	KwPi	KwSh	MeLa	MoSn	NeCr	PeCa	PeEc	PeUc	PhCo	PrLa	PuSt	PyTe	RhCo	RhDi	RhGr	RhPa	RhTo	SeLi	SpBr	SpRe	TaDe	TeBo	TiNi	TiWa	TrAs	TuMe	UmVi	UsMa
HG_7790 	AmRe	AsNi	AuMe	AuPu	AuTh	ExVi	GeCa	KaPf	MoSn	NeCr	PeCa	PeEc	PeUc	PyTe	RhCo	SeLi	SpBr	TeBo	TiNi	TrAs	TuMe
HG_7268 	AmRe	AsNi	AuPu	AuTh	ExVi	GeCa	KaPf	MoSn	NeCr	NeIr	PeCa	PeEc	PeUc	PyTe	RhCo	SeLi	SpBr	TeBo	TiNi	TrAs	TuMe
HG_6472 	AmRe	AsNi	AuMe	AuPu	AuTh	ExVi	GeCa	GlCe	KaPf	MoSn	NeCr	NeIr	PeCa	PeEc	PeUc	PrLa	PyTe	RhCo	ScCr	ScOc	ScOs	ScPo	SeLi	SpBr	TeBo	TiNi	TrAs	TuMe	UmVi
HG_903 	AcIn	AmRe	AsNi	AuMe	AuPu	AuTh	ExVi	GeCa	KaPf	MoSn	NeCr	PeCa	PeEc	PeUc	PyTe	RhCo	SeLi	SpBr	TeBo	TiNi	TrAs	TuMe
HG_3766 	AbBi	AcIn	AmRe	AsNi	AuMe	AuPu	AuTh	BoEd	CaCo	CaVi	CrQu	CuOl	DaQu	ExRh	ExVi	GaLe	GeCa	KaBr	KaPf	KwSh	MeLa	MiSa	MoAp	MoSn	NeCr	PeCa	PeEc	PeUc	PhCo	PlOs	PrLa	PyTe	RhCo	RhDi	RhGr	RhPa	RhTo	SeLi	SpBr	SpRe	TaDe	TeBo	TiNi	TiWa	TrAs	TuMe	UsMa
HG_5025 	AmRe	AsNi	AuMe	AuPu	AuTh	ExRh	ExVi	GeCa	KaBr	KaPf	MiSa	MoAp	MoSn	NeCr	NeIr	PeCa	PeEc	PeUc	PrLa	PyTe	RhCo	RhDi	RhGr	RhPa	RhTo	SeLi	SpBr	SpRe	TaDe	TeBo	TiNi	TrAs	TuMe	UmVi	UsMa
HG_7639 	AmRe	AsNi	AuPu	AuTh	ExVi	GeCa	KaPf	MoSn	NeCr	NeIr	PeCa	PeEc	PeUc	PyTe	RhCo	SeLi	SpBr	TaDe	TeBo	TiNi	TrAs	TuMe
HG_544 	AbBi	AcIn	AmRe	AsNi	AuMe	AuPu	AuTh	BoEd	CaVi	DaQu	ExRh	ExVi	GaLe	GeCa	GlCe	KaBr	KaPf	MoSn	NeCr	PeCa	PeEc	PeUc	PhCo	PlOs	PrLa	PyTe	RhCo	SeLi	SpBr	SpRe	TaDe	TeBo	TiNi	TrAs	TuMe	UmVi	UsMa
HG_7237 	AmRe	AsNi	AuMe	AuPu	AuTh	ExVi	GeCa	KaPf	MoSn	NeCr	PeCa	PeEc	PeUc	PyTe	RhCo	SeLi	SpBr	TeBo	TiNi	TrAs	TuMe
HG_7454 	AmRe	AsNi	AuPu	AuTh	ExVi	GeCa	KaPf	MoSn	NeCr	NeIr	PeCa	PeEc	PeUc	PrLa	PyTe	RhCo	SeLi	SpBr	TaDe	TeBo	TiNi	TrAs	TuMe
HG_4836 	AbBi	AcIn	AmRe	AsNi	AuMe	AuPu	AuTh	BoEd	CaCo	CaVi	CrQu	CuOl	DaQu	ExRh	ExVi	GaLe	GeCa	GlCe	KaBr	KaPf	MeLa	MoAp	MoSn	NeCr	PeCa	PeEc	PeUc	PhCo	PlOs	PyTe	RhCo	SeLi	SpBr	SpRe	TeBo	TiNi	TiWa	TrAs	TuMe	UsMa
