HG_16243	CaAlb_g005026.m1 SaCer_g004984.m1 LaNot_g002800.m1 NaAna_g000426.m1 DeUde_g003040.m1 SaSel_g005097.m1
HG_11530	CaAlb_g004805.m1 SaCer_g004042.m1 SpLac_g000691.m1 LaNot_g001859.m1 NaAna_g003869.m1 DeUde_g000257.m1 AlAfr_g006956.m1 AlAfr_g008335.m1 YaLip_g004669.m1 YaLip_g005067.m1
HG_13226	CaAlb_g001694.m1 SpLac_g000389.m1 LaNot_g000103.m1 NaAna_g006243.m1 DeUde_g001734.m1 AlAfr_g004859.m1 AlAfr_g007315.m1 SaSel_g004058.m1
HG_16225	CaAlb_g002981.m1 SpLac_g004761.m1 NaAna_g000883.m1 DeUde_g004151.m1 AlAfr_g007251.m1 YaLip_g001673.m1
HG_11512	CaAlb_g000969.m1 SaCer_g004447.m1 SpLac_g004042.m1 LaNot_g002411.m1 NaAna_g002370.m1 DeUde_g000717.m1 AlAfr_g005465.m1 AlAfr_g007540.m1 AlAfr_g007909.m1 SaSel_g003085.m1
HG_10873	CaAlb_g001207.m1 ToAga_g005479.m1 SpLac_g004489.m1 LaNot_g001617.m1 NaAna_g006071.m1 DeUde_g000331.m1 AlAfr_g002406.m1 AlAfr_g004491.m1 AlAfr_g008129.m1 SaSel_g000143.m1 YaLip_g003719.m1
HG_12277	CaAlb_g001039.m1 SaCer_g004180.m1 ToAga_g002929.m1 SpLac_g001694.m1 LaNot_g001558.m1 NaAna_g006038.m1 DeUde_g000404.m1 AlAfr_g007955.m1 SaSel_g000127.m1
HG_14447	ToAga_g004566.m1 LiChi_g000158.m1 LiKon_g003977.m1 NaAna_g006263.m1 AlAfr_g000391.m1 SaSel_g001339.m1 YaLip_g003936.m1
HG_16207	CaAlb_g000273.m1 SaCer_g000465.m1 LaNot_g004681.m1 NaAna_g001523.m1 DeUde_g002115.m1 SaSel_g000735.m1
HG_13221	CaAlb_g000887.m1 SaCer_g004381.m1 SpLac_g002560.m1 LaNot_g000980.m1 NaAna_g005171.m1 DeUde_g005217.m1 AlAfr_g001496.m1 SaSel_g002194.m1
HG_10445	CaAlb_g002327.m1 SaCer_g005499.m1 ToAga_g004628.m1 SpLac_g004110.m1 LaNot_g002108.m1 NaAna_g003159.m1 DeUde_g002829.m1 AlAfr_g005224.m1 AlAfr_g008435.m1 SaSel_g005386.m1 YaLip_g003393.m1
HG_14429	CaAlb_g002423.m1 SaCer_g004199.m1 SpLac_g002003.m1 LaNot_g001600.m1 NaAna_g006075.m1 AlAfr_g008124.m1 SaSel_g005825.m1
HG_12290	CaAlb_g003418.m1 SaCer_g003621.m1 SpLac_g005322.m1 LaNot_g004960.m1 NaAna_g005217.m1 DeUde_g003000.m1 AlAfr_g005045.m1 SaSel_g005477.m1 YaLip_g001719.m1
HG_10409	CaAlb_g005750.m1 SaCer_g000145.m1 ToAga_g001734.m1 SpLac_g004401.m1 LaNot_g001157.m1 LiChi_g001270.m1 LiKon_g001216.m1 NaAna_g002067.m1 DeUde_g004767.m1 AlAfr_g000387.m1 SaSel_g005670.m1 YaLip_g003843.m1
HG_12305	SaCer_g005087.m1 ToAga_g003891.m1 SpLac_g001640.m1 LaNot_g004034.m1 NaAna_g000718.m1 AlAfr_g002373.m1 AlAfr_g003703.m1 SaSel_g000730.m1 YaLip_g001289.m1
HG_12272	CaAlb_g000451.m1 SaCer_g001255.m1 LaNot_g001068.m1 NaAna_g000003.m1 NaAna_g000542.m1 DeUde_g005088.m1 AlAfr_g004251.m1 AlAfr_g004259.m1 SaSel_g003791.m1
HG_16256	SpLac_g005021.m1 LiChi_g000765.m1 LiKon_g006454.m1 NaAna_g003794.m1 AlAfr_g003090.m1 YaLip_g005654.m1
HG_14424	CaAlb_g001655.m1 SpLac_g000841.m1 NaAna_g000103.m1 DeUde_g004250.m1 AlAfr_g000059.m1 AlAfr_g008633.m1 SaSel_g001235.m1
HG_13239	CaAlb_g003202.m1 SaCer_g005309.m1 LaNot_g000784.m1 NaAna_g001396.m1 DeUde_g005800.m1 AlAfr_g000181.m1 AlAfr_g004035.m1 AlAfr_g004770.m1
HG_16238	CaAlb_g004422.m1 SaCer_g004755.m1 LaNot_g002505.m1 NaAna_g006100.m1 DeUde_g002774.m1 SaSel_g004323.m1
HG_13252	CaAlb_g005265.m1 SpLac_g000203.m1 LaNot_g002001.m1 NaAna_g000254.m1 DeUde_g004713.m1 AlAfr_g002810.m1 SaSel_g001096.m1 YaLip_g003795.m1
HG_12300	CaAlb_g005012.m1 SpLac_g004759.m1 LaNot_g001033.m1 NaAna_g003639.m1 DeUde_g000227.m1 AlAfr_g001940.m1 AlAfr_g002723.m1 AlAfr_g004658.m1 SaSel_g004863.m1
HG_11525	CaAlb_g003786.m1 ToAga_g003670.m1 SpLac_g000798.m1 LiChi_g003276.m1 LiKon_g005960.m1 NaAna_g006141.m1 DeUde_g000480.m1 AlAfr_g002337.m1 SaSel_g002521.m1 YaLip_g005492.m1
HG_10404	CaAlb_g001123.m1 SaCer_g000636.m1 ToAga_g005183.m1 SpLac_g005390.m1 LaNot_g002914.m1 LiChi_g006156.m1 LiKon_g003217.m1 NaAna_g003167.m1 DeUde_g003597.m1 AlAfr_g005830.m1 SaSel_g004324.m1 YaLip_g003423.m1
HG_9655	CaAlb_g004388.m1 SaCer_g002597.m1 ToAga_g003993.m1 SpLac_g003143.m1 LaNot_g000165.m1 LiChi_g005555.m1 LiKon_g002817.m1 NaAna_g000230.m1 DeUde_g002752.m1 AlAfr_g007019.m1 AlAfr_g008459.m1 SaSel_g003671.m1 YaLip_g005069.m1
HG_13234	CaAlb_g002798.m1 SaCer_g000167.m1 SpLac_g001801.m1 LaNot_g001189.m1 NaAna_g006232.m1 DeUde_g002993.m1 AlAfr_g008792.m1 SaSel_g005252.m1
HG_16233	CaAlb_g003509.m1 SpLac_g000621.m1 NaAna_g001340.m1 DeUde_g002864.m1 AlAfr_g002707.m1 SaSel_g005284.m1
HG_11520	CaAlb_g002466.m1 SpLac_g005517.m1 LiChi_g005014.m1 LiKon_g004999.m1 DeUde_g001860.m1 AlAfr_g000769.m1 AlAfr_g007470.m1 AlAfr_g007518.m1 SaSel_g000597.m1 SaSel_g005559.m1
HG_10881	CaAlb_g004639.m1 SaCer_g003408.m1 ToAga_g005025.m1 SpLac_g002541.m1 LaNot_g001954.m1 NaAna_g003024.m1 DeUde_g003542.m1 AlAfr_g001399.m1 AlAfr_g008085.m1 SaSel_g004627.m1 YaLip_g002240.m1
HG_16215	CaAlb_g001185.m1 SpLac_g005079.m1 NaAna_g001805.m1 DeUde_g000389.m1 AlAfr_g008302.m1 SaSel_g001789.m1
HG_12285	CaAlb_g002693.m1 SaCer_g002509.m1 SaCer_g005000.m1 LaNot_g000610.m1 LaNot_g004391.m1 NaAna_g000641.m1 DeUde_g004341.m1 AlAfr_g006078.m1 SaSel_g005483.m1
HG_14437	CaAlb_g004237.m1 SpLac_g001673.m1 LiChi_g002405.m1 LiKon_g001920.m1 DeUde_g004499.m1 AlAfr_g002799.m1 SaSel_g001916.m1
HG_9329	CaAlb_g000016.m1 SaCer_g001297.m1 ToAga_g004003.m1 ToAga_g004261.m1 SpLac_g003977.m1 LaNot_g000844.m1 LiChi_g002490.m1 LiChi_g004927.m1 LiKon_g000658.m1 NaAna_g003433.m1 DeUde_g004932.m1 AlAfr_g002794.m1 AlAfr_g005646.m1 SaSel_g006138.m1 YaLip_g002650.m1
HG_14419	CaAlb_g001131.m1 SaCer_g000815.m1 LaNot_g000628.m1 NaAna_g004662.m1 DeUde_g003607.m1 AlAfr_g007981.m1 SaSel_g005216.m1
HG_16210	CaAlb_g000795.m1 SpLac_g002900.m1 NaAna_g002400.m1 DeUde_g005617.m1 AlAfr_g000138.m1 SaSel_g001158.m1
HG_12280	CaAlb_g001666.m1 ToAga_g001572.m1 SpLac_g002711.m1 LiChi_g000955.m1 LiKon_g007167.m1 NaAna_g003634.m1 DeUde_g001475.m1 SaSel_g001195.m1 YaLip_g004896.m1
HG_13247	CaAlb_g004457.m1 SaCer_g000997.m1 SpLac_g004144.m1 LaNot_g001207.m1 NaAna_g002518.m1 DeUde_g000161.m1 SaSel_g004675.m1 SaSel_g004702.m1
HG_14432	CaAlb_g002537.m1 SaCer_g002609.m1 LaNot_g000190.m1 NaAna_g002684.m1 DeUde_g003954.m1 AlAfr_g005700.m1 SaSel_g000559.m1
HG_16246	CaAlb_g005749.m1 SaCer_g001138.m1 LaNot_g003490.m1 NaAna_g006264.m1 DeUde_g004764.m1 SaSel_g000330.m1
HG_13260	ToAga_g004943.m1 SpLac_g001277.m1 LiChi_g003376.m1 LiKon_g002480.m1 NaAna_g005402.m1 AlAfr_g001867.m1 SaSel_g004987.m1 YaLip_g003414.m1
HG_13229	CaAlb_g002045.m1 SaCer_g000178.m1 SpLac_g004720.m1 LaNot_g001204.m1 NaAna_g000495.m1 DeUde_g002979.m1 AlAfr_g006140.m1 SaSel_g002653.m1
HG_9330	CaAlb_g005866.m1 SaCer_g002455.m1 ToAga_g003112.m1 ToAga_g003718.m1 SpLac_g003232.m1 LaNot_g001276.m1 LiChi_g004153.m1 LiKon_g005844.m1 NaAna_g000067.m1 NaAna_g005157.m1 DeUde_g003736.m1 AlAfr_g000168.m1 AlAfr_g005342.m1 AlAfr_g005382.m1 SaSel_g003444.m1
HG_8779	CaAlb_g005277.m1 SaCer_g000222.m1 ToAga_g000832.m1 SpLac_g001756.m1 SpLac_g003756.m1 LaNot_g005086.m1 LiChi_g004803.m1 LiKon_g004134.m1 NaAna_g000353.m1 NaAna_g003791.m1 DeUde_g004726.m1 AlAfr_g004261.m1 AlAfr_g006063.m1 AlAfr_g007528.m1 SaSel_g001400.m1 SaSel_g001699.m1 YaLip_g005197.m1
HG_16228	CaAlb_g003149.m1 SaCer_g002641.m1 SpLac_g005233.m1 LaNot_g003608.m1 NaAna_g000437.m1 DeUde_g005791.m1
HG_10876	CaAlb_g003708.m1 ToAga_g003202.m1 SpLac_g001252.m1 LiChi_g001132.m1 LiKon_g000884.m1 NaAna_g003233.m1 DeUde_g005317.m1 AlAfr_g006400.m1 AlAfr_g008356.m1 SaSel_g004624.m1 YaLip_g003067.m1
HG_13242	CaAlb_g003451.m1 SaCer_g001464.m1 SpLac_g000440.m1 LaNot_g005134.m1 NaAna_g003202.m1 DeUde_g002004.m1 AlAfr_g006704.m1 SaSel_g002836.m1
HG_11515	CaAlb_g001506.m1 SaCer_g003206.m1 ToAga_g000634.m1 SpLac_g000519.m1 LaNot_g001051.m1 DeUde_g003626.m1 AlAfr_g003022.m1 AlAfr_g004441.m1 SaSel_g003084.m1 YaLip_g003838.m1
HG_12298	CaAlb_g004581.m1 SaCer_g003821.m1 SpLac_g003071.m1 LaNot_g003898.m1 NaAna_g004215.m1 DeUde_g000761.m1 AlAfr_g001142.m1 AlAfr_g003915.m1 SaSel_g001232.m1
HG_13224	CaAlb_g001145.m1 SaCer_g005552.m1 SpLac_g004005.m1 LaNot_g000759.m1 NaAna_g000188.m1 DeUde_g000284.m1 AlAfr_g007912.m1 SaSel_g002045.m1
HG_16223	CaAlb_g002667.m1 LiChi_g006141.m1 LiKon_g003232.m1 NaAna_g004857.m1 DeUde_g002007.m1 AlAfr_g004162.m1
HG_11510	CaAlb_g000524.m1 SaCer_g001218.m1 ToAga_g005187.m1 SpLac_g003353.m1 LaNot_g001071.m1 LiChi_g006155.m1 DeUde_g001702.m1 AlAfr_g002479.m1 SaSel_g005191.m1 YaLip_g005372.m1
HG_10871	CaAlb_g000114.m1 SaCer_g003317.m1 ToAga_g000122.m1 SpLac_g004170.m1 LaNot_g002128.m1 LiChi_g002293.m1 LiKon_g001875.m1 NaAna_g004872.m1 DeUde_g001893.m1 AlAfr_g004653.m1 YaLip_g003805.m1
HG_12293	CaAlb_g003813.m1 SaCer_g000857.m1 SpLac_g005078.m1 LaNot_g002692.m1 NaAna_g001801.m1 DeUde_g000431.m1 AlAfr_g003106.m1 SaSel_g004600.m1 YaLip_g004641.m1
HG_9623	CaAlb_g004572.m1 SaCer_g002045.m1 ToAga_g000083.m1 SpLac_g005295.m1 LaNot_g002552.m1 LiChi_g006093.m1 LiChi_g006094.m1 LiKon_g006726.m1 LiKon_g006727.m1 NaAna_g005779.m1 DeUde_g004996.m1 AlAfr_g006469.m1 SaSel_g001561.m1 YaLip_g000466.m1
HG_16205	CaAlb_g000076.m1 SpLac_g005205.m1 LiChi_g003805.m1 LiKon_g006358.m1 DeUde_g002100.m1 AlAfr_g008252.m1
HG_12308	ToAga_g005685.m1 SpLac_g004028.m1 LiChi_g006173.m1 LiKon_g003202.m1 NaAna_g001556.m1 AlAfr_g003818.m1 AlAfr_g006867.m1 SaSel_g005708.m1 YaLip_g001174.m1
HG_12275	CaAlb_g000918.m1 SaCer_g005532.m1 ToAga_g005730.m1 SpLac_g003133.m1 LaNot_g003442.m1 NaAna_g006136.m1 DeUde_g005544.m1 AlAfr_g005361.m1 SaSel_g001436.m1
HG_16259	LaNot_g004077.m1 LiChi_g001881.m1 LiKon_g003936.m1 DeUde_g000194.m1 AlAfr_g004348.m1 SaSel_g004690.m1
HG_14427	CaAlb_g002036.m1 SpLac_g001290.m1 NaAna_g006223.m1 DeUde_g002910.m1 AlAfr_g001666.m1 AlAfr_g003219.m1 SaSel_g002369.m1
HG_5584	CaAlb_g000825.m1 CaAlb_g002191.m1 CaAlb_g002579.m1 CaAlb_g003242.m1 CaAlb_g003243.m1 CaAlb_g003248.m1 CaAlb_g003343.m1 CaAlb_g003344.m1 CaAlb_g003349.m1 SaCer_g000898.m1 SaCer_g001993.m1 SaCer_g003492.m1 SaCer_g003849.m1 SpLac_g001346.m1 SpLac_g002157.m1 LaNot_g000930.m1 LaNot_g001234.m1 LaNot_g002607.m1 LaNot_g002658.m1 LaNot_g003150.m1 LaNot_g003957.m1 LaNot_g004120.m1 LaNot_g005014.m1 NaAna_g000366.m1 NaAna_g002148.m1 NaAna_g004757.m1 DeUde_g000965.m1 DeUde_g000970.m1 DeUde_g003329.m1 DeUde_g003958.m1 DeUde_g005074.m1 SaSel_g000681.m1 SaSel_g000779.m1 SaSel_g001760.m1 SaSel_g004104.m1 SaSel_g004715.m1 SaSel_g004872.m1 SaSel_g005497.m1 SaSel_g006182.m1
HG_11528	CaAlb_g004295.m1 SaCer_g003115.m1 LaNot_g004250.m1 LiChi_g000362.m1 LiKon_g005343.m1 NaAna_g002737.m1 DeUde_g004515.m1 AlAfr_g000863.m1 AlAfr_g008515.m1 YaLip_g000411.m1
HG_10953	CaAlb_g000670.m1 ToAga_g004588.m1 SpLac_g004730.m1 DeUde_g003988.m1 AlAfr_g000031.m1 AlAfr_g001451.m1 AlAfr_g004118.m1 YaLip_g000253.m1 YaLip_g002360.m1 YaLip_g002675.m1
HG_12303	CaAlb_g005834.m1 ToAga_g003095.m1 SpLac_g003289.m1 LiChi_g005066.m1 LiKon_g004038.m1 NaAna_g000090.m1 DeUde_g003709.m1 AlAfr_g001813.m1 SaSel_g005980.m1
HG_14440	CaAlb_g005544.m1 SaCer_g001949.m1 LaNot_g001949.m1 NaAna_g004464.m1 DeUde_g003547.m1 AlAfr_g005518.m1 SaSel_g003178.m1
HG_9998	CaAlb_g005056.m1 SaCer_g004361.m1 SaCer_g005477.m1 ToAga_g003884.m1 SpLac_g000428.m1 LaNot_g001014.m1 LiChi_g003143.m1 LiKon_g005338.m1 NaAna_g004960.m1 DeUde_g005766.m1 AlAfr_g007099.m1 SaSel_g006043.m1 YaLip_g000239.m1
HG_10407	CaAlb_g002332.m1 SaCer_g004955.m1 ToAga_g000771.m1 SpLac_g000453.m1 LaNot_g003384.m1 LiChi_g004575.m1 LiKon_g004766.m1 NaAna_g000398.m1 DeUde_g003491.m1 AlAfr_g001819.m1 SaSel_g005642.m1 YaLip_g006062.m1
HG_13255	CaAlb_g005459.m1 SaCer_g004591.m1 SaCer_g004642.m1 LaNot_g003104.m1 NaAna_g004657.m1 DeUde_g001224.m1 AlAfr_g005120.m1 SaSel_g000501.m1
HG_6330	CaAlb_g001216.m1 CaAlb_g001628.m1 CaAlb_g002717.m1 SaCer_g001124.m1 SaCer_g003688.m1 SaCer_g004147.m1 SaCer_g005158.m1 ToAga_g003216.m1 SpLac_g001246.m1 SpLac_g005184.m1 LaNot_g001292.m1 LaNot_g001659.m1 LaNot_g003517.m1 LiChi_g002576.m1 LiChi_g003800.m1 LiKon_g004888.m1 LiKon_g006354.m1 NaAna_g004736.m1 NaAna_g005961.m1 NaAna_g006113.m1 DeUde_g000298.m1 DeUde_g000796.m1 DeUde_g003774.m1 AlAfr_g000657.m1 AlAfr_g003021.m1 AlAfr_g004566.m1 AlAfr_g004751.m1 SaSel_g000271.m1 SaSel_g003899.m1 SaSel_g006090.m1 YaLip_g000885.m1 YaLip_g004667.m1
HG_7972	CaAlb_g002389.m1 CaAlb_g005933.m1 SaCer_g000306.m1 SaCer_g000990.m1 SpLac_g003367.m1 SpLac_g003392.m1 LaNot_g000081.m1 LaNot_g001327.m1 LiChi_g001912.m1 LiKon_g006034.m1 NaAna_g003448.m1 NaAna_g005734.m1 DeUde_g004680.m1 DeUde_g004748.m1 AlAfr_g002492.m1 AlAfr_g003868.m1 SaSel_g000050.m1 SaSel_g005224.m1 YaLip_g000516.m1 YaLip_g002257.m1
HG_13237	CaAlb_g003015.m1 SaCer_g005345.m1 ToAga_g004231.m1 SpLac_g001726.m1 LaNot_g001404.m1 NaAna_g003770.m1 DeUde_g004088.m1 SaSel_g005629.m1
HG_14422	CaAlb_g001539.m1 SaCer_g001485.m1 LaNot_g004591.m1 NaAna_g004902.m1 DeUde_g005334.m1 AlAfr_g003067.m1 SaSel_g005707.m1
HG_16236	CaAlb_g004131.m1 SaCer_g001872.m1 NaAna_g000009.m1 DeUde_g001093.m1 SaSel_g000387.m1 YaLip_g004569.m1
HG_11523	CaAlb_g003221.m1 SaCer_g000011.m1 SaCer_g002504.m1 SpLac_g000641.m1 LaNot_g001817.m1 NaAna_g005355.m1 DeUde_g000977.m1 AlAfr_g002661.m1 SaSel_g002461.m1 SaSel_g002471.m1
HG_13250	CaAlb_g005070.m1 LaNot_g004163.m1 LiChi_g002493.m1 LiKon_g000655.m1 NaAna_g001928.m1 DeUde_g005402.m1 AlAfr_g002182.m1 YaLip_g001678.m1
HG_8778	CaAlb_g003019.m1 SaCer_g002220.m1 SaCer_g003975.m1 ToAga_g001303.m1 SpLac_g001088.m1 LaNot_g003290.m1 LiChi_g005819.m1 LiKon_g002527.m1 NaAna_g000805.m1 NaAna_g003082.m1 DeUde_g002634.m1 AlAfr_g000076.m1 AlAfr_g000508.m1 AlAfr_g003596.m1 AlAfr_g005827.m1 SaSel_g000849.m1 YaLip_g000860.m1
HG_16218	CaAlb_g001936.m1 SpLac_g004345.m1 NaAna_g005334.m1 DeUde_g001300.m1 AlAfr_g006963.m1 YaLip_g005370.m1
HG_12288	CaAlb_g003049.m1 SaCer_g001189.m1 SpLac_g005605.m1 LaNot_g002581.m1 NaAna_g002208.m1 DeUde_g004113.m1 AlAfr_g003133.m1 AlAfr_g004040.m1 SaSel_g000707.m1
HG_13232	CaAlb_g002290.m1 SaCer_g000462.m1 SpLac_g000789.m1 LaNot_g004678.m1 NaAna_g001520.m1 DeUde_g001380.m1 AlAfr_g001066.m1 SaSel_g000776.m1
HG_9653	CaAlb_g003180.m1 SaCer_g003166.m1 SpLac_g001976.m1 LaNot_g000281.m1 LiChi_g005482.m1 LiKon_g000150.m1 NaAna_g006150.m1 DeUde_g001613.m1 AlAfr_g004343.m1 AlAfr_g004962.m1 SaSel_g002525.m1 SaSel_g005254.m1 YaLip_g002075.m1
HG_12334	CaAlb_g005232.m1 SpLac_g003797.m1 NaAna_g000372.m1 DeUde_g000589.m1 AlAfr_g000374.m1 AlAfr_g005286.m1 AlAfr_g005388.m1 SaSel_g005294.m1
HG_12283	CaAlb_g002176.m1 SpLac_g003800.m1 LiChi_g000248.m1 LiKon_g004254.m1 NaAna_g000374.m1 DeUde_g005759.m1 AlAfr_g005386.m1 SaSel_g003744.m1 YaLip_g000728.m1
HG_9622	CaAlb_g003919.m1 SaCer_g000996.m1 SaCer_g003927.m1 ToAga_g002605.m1 ToAga_g004729.m1 SpLac_g002391.m1 LaNot_g000490.m1 LiChi_g001555.m1 LiKon_g000322.m1 NaAna_g003194.m1 DeUde_g000236.m1 AlAfr_g006958.m1 SaSel_g001826.m1 YaLip_g004735.m1
HG_14435	CaAlb_g003849.m1 SaCer_g002076.m1 LaNot_g005055.m1 NaAna_g000016.m1 DeUde_g000505.m1 AlAfr_g008389.m1 SaSel_g000003.m1
HG_16249	SaCer_g001118.m1 SpLac_g004647.m1 LaNot_g003522.m1 NaAna_g003799.m1 DeUde_g000916.m1 SaSel_g000381.m1
HG_14417	CaAlb_g000624.m1 SaCer_g004961.m1 LaNot_g003054.m1 NaAna_g000240.m1 DeUde_g001913.m1 AlAfr_g001323.m1 SaSel_g000503.m1
HG_11518	CaAlb_g001840.m1 SaCer_g000824.m1 SaCer_g001454.m1 SpLac_g000588.m1 LaNot_g005118.m1 NaAna_g003827.m1 DeUde_g004185.m1 AlAfr_g006907.m1 SaSel_g000536.m1 YaLip_g004629.m1
HG_14430	CaAlb_g002432.m1 SaCer_g005414.m1 LaNot_g004883.m1 NaAna_g003779.m1 DeUde_g004862.m1 AlAfr_g004101.m1 SaSel_g002024.m1
HG_10879	CaAlb_g004330.m1 SaCer_g000331.m1 SaCer_g000450.m1 ToAga_g004304.m1 LaNot_g000835.m1 NaAna_g003262.m1 DeUde_g004373.m1 AlAfr_g008247.m1 SaSel_g002013.m1 SaSel_g003141.m1 SaSel_g005133.m1
HG_13245	CaAlb_g004176.m1 SaCer_g001004.m1 SaCer_g003913.m1 LaNot_g004503.m1 NaAna_g002166.m1 DeUde_g000738.m1 AlAfr_g000597.m1 SaSel_g004387.m1
HG_9997	CaAlb_g003924.m1 SaCer_g001356.m1 SpLac_g002112.m1 SpLac_g005573.m1 DeUde_g005815.m1 AlAfr_g001381.m1 AlAfr_g005954.m1 AlAfr_g007556.m1 SaSel_g004353.m1 SaSel_g005366.m1 SaSel_g005751.m1 SaSel_g006219.m1 YaLip_g005792.m1
HG_13227	CaAlb_g001943.m1 SpLac_g004343.m1 NaAna_g005810.m1 DeUde_g001310.m1 AlAfr_g006772.m1 AlAfr_g008250.m1 SaSel_g002475.m1 YaLip_g004107.m1
HG_16244	CaAlb_g005143.m1 SpLac_g005524.m1 NaAna_g006218.m1 DeUde_g004928.m1 AlAfr_g002219.m1 SaSel_g001350.m1
HG_11531	CaAlb_g004903.m1 SaCer_g003334.m1 ToAga_g004419.m1 LaNot_g002294.m1 NaAna_g006182.m1 DeUde_g003099.m1 AlAfr_g003220.m1 AlAfr_g006807.m1 SaSel_g000814.m1 YaLip_g002916.m1
HG_14412	CaAlb_g000131.m1 SaCer_g003292.m1 LaNot_g002468.m1 NaAna_g001487.m1 DeUde_g004847.m1 AlAfr_g002734.m1 SaSel_g002809.m1
HG_10925	CaAlb_g005415.m1 SaCer_g000526.m1 ToAga_g000182.m1 SpLac_g004798.m1 LaNot_g002854.m1 NaAna_g001264.m1 DeUde_g004438.m1 AlAfr_g003907.m1 SaSel_g003718.m1 YaLip_g005945.m1
HG_10874	CaAlb_g001861.m1 SaCer_g001913.m1 SpLac_g002223.m1 SpLac_g005008.m1 LaNot_g004920.m1 NaAna_g002649.m1 DeUde_g000531.m1 AlAfr_g002156.m1 AlAfr_g005410.m1 SaSel_g001240.m1 YaLip_g006034.m1
HG_16226	CaAlb_g003006.m1 SpLac_g004291.m1 NaAna_g005062.m1 DeUde_g004081.m1 AlAfr_g002137.m1 SaSel_g000237.m1
HG_11513	CaAlb_g001233.m1 ToAga_g004022.m1 SpLac_g002986.m1 LiChi_g001866.m1 LiKon_g001400.m1 NaAna_g001776.m1 DeUde_g001441.m1 AlAfr_g001541.m1 SaSel_g005079.m1 YaLip_g004503.m1
HG_12296	CaAlb_g004449.m1 SaCer_g002348.m1 SaCer_g002687.m1 LaNot_g001754.m1 NaAna_g001177.m1 DeUde_g005479.m1 AlAfr_g002606.m1 AlAfr_g004253.m1 SaSel_g000420.m1
HG_13240	CaAlb_g003313.m1 SaCer_g005334.m1 SpLac_g000955.m1 LaNot_g004005.m1 NaAna_g000655.m1 DeUde_g001115.m1 AlAfr_g008430.m1 SaSel_g005564.m1
HG_8777	CaAlb_g001528.m1 SaCer_g000558.m1 ToAga_g002486.m1 ToAga_g002491.m1 SpLac_g000658.m1 SpLac_g005025.m1 LaNot_g000586.m1 LiChi_g004159.m1 LiKon_g005850.m1 NaAna_g001883.m1 NaAna_g005231.m1 DeUde_g003878.m1 AlAfr_g000226.m1 AlAfr_g001050.m1 SaSel_g004045.m1 YaLip_g000003.m1 YaLip_g003624.m1
HG_16208	CaAlb_g000418.m1 SaCer_g004226.m1 NaAna_g002820.m1 DeUde_g001953.m1 AlAfr_g007608.m1 SaSel_g005117.m1
HG_12278	CaAlb_g001384.m1 ToAga_g001284.m1 SpLac_g002133.m1 LaNot_g002958.m1 LiChi_g001493.m1 LiKon_g003132.m1 NaAna_g006132.m1 DeUde_g003650.m1 SaSel_g001869.m1
HG_13222	CaAlb_g000994.m1 SaCer_g004054.m1 SpLac_g002666.m1 LaNot_g003324.m1 NaAna_g002028.m1 DeUde_g000837.m1 AlAfr_g003560.m1 SaSel_g000616.m1
HG_9347	CaAlb_g005027.m1 SaCer_g001065.m1 SaCer_g001067.m1 ToAga_g002077.m1 ToAga_g004445.m1 SpLac_g002212.m1 LaNot_g002330.m1 NaAna_g001802.m1 NaAna_g004855.m1 NaAna_g006229.m1 DeUde_g003039.m1 AlAfr_g005601.m1 SaSel_g005098.m1 YaLip_g006377.m1
HG_12291	CaAlb_g003686.m1 CaAlb_g003687.m1 SpLac_g002091.m1 SpLac_g003509.m1 NaAna_g000154.m1 DeUde_g005232.m1 AlAfr_g001501.m1 SaSel_g005608.m1 YaLip_g005569.m1
HG_16221	CaAlb_g002119.m1 SpLac_g000930.m1 NaAna_g000685.m1 DeUde_g002963.m1 AlAfr_g000639.m1 SaSel_g004931.m1
HG_12306	SaCer_g001116.m1 LaNot_g003526.m1 LiChi_g005820.m1 NaAna_g000810.m1 DeUde_g000706.m1 AlAfr_g005747.m1 SaSel_g005433.m1 YaLip_g004078.m1 YaLip_g006380.m1
HG_14443	SaCer_g003318.m1 SpLac_g002548.m1 LaNot_g002127.m1 NaAna_g001866.m1 AlAfr_g001355.m1 AlAfr_g003668.m1 SaSel_g000998.m1
HG_9621	CaAlb_g002379.m1 SaCer_g003025.m1 SaCer_g004393.m1 ToAga_g000399.m1 SpLac_g001611.m1 LaNot_g002080.m1 LiChi_g002129.m1 LiKon_g001931.m1 NaAna_g000516.m1 DeUde_g004892.m1 AlAfr_g002217.m1 AlAfr_g008475.m1 SaSel_g002936.m1 YaLip_g006045.m1
HG_14425	CaAlb_g001806.m1 SaCer_g002241.m1 LaNot_g003256.m1 NaAna_g005685.m1 DeUde_g002833.m1 AlAfr_g002463.m1 SaSel_g002108.m1
HG_16239	CaAlb_g004444.m1 SaCer_g000649.m1 LaNot_g002324.m1 NaAna_g005076.m1 DeUde_g004983.m1 SaSel_g001152.m1
HG_12301	CaAlb_g005545.m1 ToAga_g004415.m1 NaAna_g003561.m1 NaAna_g004066.m1 DeUde_g003507.m1 DeUde_g004418.m1 AlAfr_g000843.m1 AlAfr_g002398.m1 SaSel_g001853.m1
HG_11526	CaAlb_g004035.m1 SaCer_g002195.m1 SaCer_g004157.m1 SpLac_g004468.m1 LaNot_g001637.m1 NaAna_g003384.m1 DeUde_g000053.m1 AlAfr_g005910.m1 AlAfr_g007118.m1 SaSel_g001391.m1
HG_10405	CaAlb_g001354.m1 SaCer_g001082.m1 ToAga_g004446.m1 SpLac_g001576.m1 LaNot_g002285.m1 LiChi_g004662.m1 LiKon_g001441.m1 NaAna_g002563.m1 DeUde_g004948.m1 AlAfr_g008554.m1 SaSel_g000217.m1 YaLip_g001865.m1
HG_13253	CaAlb_g005350.m1 SaCer_g003587.m1 SpLac_g001865.m1 NaAna_g001646.m1 DeUde_g004462.m1 AlAfr_g004663.m1 SaSel_g003880.m1 YaLip_g005991.m1
HG_16252	ToAga_g001137.m1 SpLac_g004221.m1 LiChi_g000374.m1 LiKon_g006144.m1 AlAfr_g002575.m1 YaLip_g001969.m1
HG_11508	CaAlb_g000108.m1 SaCer_g004377.m1 ToAga_g000049.m1 LaNot_g000987.m1 LiChi_g004934.m1 LiKon_g006249.m1 NaAna_g005701.m1 DeUde_g001899.m1 AlAfr_g003843.m1 YaLip_g006394.m1
HG_14420	CaAlb_g001237.m1 SaCer_g004686.m1 ToAga_g002853.m1 LaNot_g002215.m1 DeUde_g003146.m1 AlAfr_g001629.m1 SaSel_g004043.m1
HG_13235	CaAlb_g002895.m1 ToAga_g003155.m1 SpLac_g002961.m1 NaAna_g003010.m1 DeUde_g004579.m1 AlAfr_g002211.m1 AlAfr_g008436.m1 YaLip_g004621.m1
HG_9996	CaAlb_g002854.m1 SaCer_g003251.m1 ToAga_g004949.m1 SpLac_g001617.m1 SpLac_g002634.m1 LaNot_g000368.m1 LiChi_g003338.m1 LiKon_g002441.m1 NaAna_g000570.m1 DeUde_g001852.m1 AlAfr_g004685.m1 SaSel_g001257.m1 YaLip_g001467.m1
HG_16234	CaAlb_g003773.m1 SaCer_g003435.m1 LaNot_g001343.m1 NaAna_g004182.m1 DeUde_g002438.m1 SaSel_g002768.m1
HG_11521	CaAlb_g002720.m1 ToAga_g000830.m1 SpLac_g000099.m1 LaNot_g003357.m1 NaAna_g005412.m1 DeUde_g000793.m1 AlAfr_g007259.m1 AlAfr_g008826.m1 SaSel_g003505.m1 YaLip_g005642.m1
HG_10882	CaAlb_g005310.m1 SaCer_g002779.m1 SpLac_g001387.m1 LaNot_g001452.m1 LiChi_g000694.m1 LiKon_g002337.m1 NaAna_g002929.m1 DeUde_g002266.m1 AlAfr_g006909.m1 SaSel_g004400.m1 YaLip_g004050.m1
HG_16216	CaAlb_g001690.m1 SpLac_g001093.m1 NaAna_g000303.m1 DeUde_g001738.m1 AlAfr_g005367.m1 SaSel_g005841.m1
HG_13230	CaAlb_g002081.m1 SaCer_g004364.m1 SaCer_g005476.m1 LaNot_g001010.m1 NaAna_g000967.m1 NaAna_g005375.m1 DeUde_g001498.m1 SaSel_g004564.m1
HG_14438	CaAlb_g004860.m1 SaCer_g000792.m1 ToAga_g002267.m1 LaNot_g000639.m1 NaAna_g001319.m1 DeUde_g003261.m1 SaSel_g001511.m1
HG_16211	CaAlb_g000851.m1 SaCer_g002421.m1 LaNot_g003564.m1 NaAna_g003698.m1 DeUde_g004314.m1 SaSel_g004398.m1
HG_7361	CaAlb_g000042.m1 CaAlb_g000043.m1 CaAlb_g000739.m1 CaAlb_g001114.m1 CaAlb_g003172.m1 SaCer_g001235.m1 SaCer_g001600.m1 SaCer_g002017.m1 ToAga_g000945.m1 SpLac_g002291.m1 LaNot_g000889.m1 NaAna_g000540.m1 NaAna_g001480.m1 NaAna_g002608.m1 NaAna_g003911.m1 DeUde_g002133.m1 DeUde_g002134.m1 DeUde_g002137.m1 DeUde_g002727.m1 DeUde_g003904.m1 DeUde_g005171.m1 AlAfr_g000116.m1 AlAfr_g003529.m1 AlAfr_g006830.m1
HG_12281	CaAlb_g001952.m1 SaCer_g004911.m1 SpLac_g002753.m1 LaNot_g004623.m1 NaAna_g004574.m1 DeUde_g001302.m1 AlAfr_g008257.m1 SaSel_g004986.m1 YaLip_g000795.m1
HG_14433	CaAlb_g003048.m1 SaCer_g001182.m1 SaCer_g001287.m1 SpLac_g001118.m1 LaNot_g004738.m1 NaAna_g001527.m1 DeUde_g004112.m1
HG_13248	CaAlb_g004774.m1 SpLac_g001113.m1 NaAna_g004812.m1 DeUde_g002088.m1 AlAfr_g000839.m1 AlAfr_g000857.m1 AlAfr_g003422.m1 YaLip_g006396.m1
HG_9620	CaAlb_g000167.m1 SaCer_g004580.m1 ToAga_g004002.m1 SpLac_g004543.m1 LaNot_g005070.m1 LiChi_g004431.m1 LiKon_g001839.m1 NaAna_g000677.m1 DeUde_g003159.m1 AlAfr_g003229.m1 SaSel_g002056.m1 SaSel_g002891.m1 SaSel_g004233.m1 YaLip_g002647.m1
HG_16247	CaAlb_g005940.m1 SaCer_g003489.m1 LaNot_g004123.m1 NaAna_g005839.m1 DeUde_g004687.m1 SaSel_g002495.m1
HG_14415	CaAlb_g000489.m1 SaCer_g003337.m1 LaNot_g002298.m1 NaAna_g000145.m1 DeUde_g005120.m1 AlAfr_g004895.m1 SaSel_g003828.m1
HG_10877	CaAlb_g003965.m1 SaCer_g002114.m1 SpLac_g001547.m1 LaNot_g004271.m1 LiChi_g000941.m1 LiKon_g003248.m1 LiKon_g003249.m1 NaAna_g005826.m1 DeUde_g000444.m1 AlAfr_g006853.m1 SaSel_g000605.m1
HG_11516	CaAlb_g001535.m1 SaCer_g003716.m1 ToAga_g001205.m1 SpLac_g003694.m1 LaNot_g001054.m1 NaAna_g005910.m1 DeUde_g000620.m1 AlAfr_g002442.m1 SaSel_g002352.m1 YaLip_g002536.m1
HG_12363	CaAlb_g000581.m1 SpLac_g002424.m1 LiChi_g002701.m1 LiKon_g005635.m1 NaAna_g006003.m1 NaAna_g006145.m1 AlAfr_g000380.m1 YaLip_g002712.m1
HG_13243	CaAlb_g003670.m1 SaCer_g003895.m1 LaNot_g004530.m1 LiChi_g005012.m1 NaAna_g006104.m1 DeUde_g000899.m1 AlAfr_g004433.m1 YaLip_g005527.m1
HG_16242	CaAlb_g004975.m1 SaCer_g001583.m1 LaNot_g000914.m1 NaAna_g001941.m1 DeUde_g004543.m1 SaSel_g001335.m1
HG_13225	CaAlb_g001323.m1 SaCer_g005236.m1 SpLac_g001469.m1 LaNot_g000942.m1 NaAna_g000876.m1 DeUde_g002476.m1 SaSel_g003620.m1 YaLip_g004301.m1
HG_9995	CaAlb_g002553.m1 SaCer_g000214.m1 SaCer_g000640.m1 ToAga_g002872.m1 ToAga_g004724.m1 LaNot_g002310.m1 LiChi_g006486.m1 LiChi_g006490.m1 LiKon_g007132.m1 LiKon_g007136.m1 DeUde_g003938.m1 AlAfr_g005536.m1 YaLip_g000534.m1
HG_16224	CaAlb_g002911.m1 SaCer_g004742.m1 LaNot_g002480.m1 NaAna_g001955.m1 DeUde_g004039.m1 SaSel_g000189.m1
HG_11511	CaAlb_g000934.m1 SaCer_g000151.m1 ToAga_g003097.m1 SpLac_g002902.m1 LaNot_g001167.m1 NaAna_g000600.m1 DeUde_g005533.m1 AlAfr_g001217.m1 SaSel_g002867.m1 YaLip_g002613.m1
HG_10872	CaAlb_g000133.m1 SpLac_g003709.m1 SpLac_g004447.m1 SpLac_g004449.m1 NaAna_g001490.m1 DeUde_g004846.m1 AlAfr_g002003.m1 AlAfr_g002468.m1 AlAfr_g007951.m1 AlAfr_g008840.m1 SaSel_g003391.m1
HG_12294	CaAlb_g003834.m1 SaCer_g000100.m1 SpLac_g003068.m1 LaNot_g001092.m1 NaAna_g005522.m1 DeUde_g000197.m1 AlAfr_g005682.m1 SaSel_g004383.m1 YaLip_g005151.m1
HG_12276	CaAlb_g000926.m1 SaCer_g002820.m1 SaCer_g002990.m1 SpLac_g002098.m1 LaNot_g002020.m1 NaAna_g002628.m1 DeUde_g005205.m1 AlAfr_g003217.m1 SaSel_g005875.m1
HG_14446	SaCer_g004160.m1 SpLac_g004842.m1 LaNot_g001877.m1 NaAna_g000616.m1 DeUde_g000350.m1 AlAfr_g008771.m1 SaSel_g005502.m1
HG_16206	CaAlb_g000088.m1 SaCer_g005269.m1 LaNot_g000554.m1 NaAna_g002922.m1 AlAfr_g006666.m1 SaSel_g005014.m1
HG_14428	CaAlb_g002349.m1 SaCer_g000634.m1 LaNot_g002913.m1 NaAna_g004341.m1 DeUde_g003076.m1 AlAfr_g003271.m1 SaSel_g004264.m1
HG_14441	CaAlb_g005548.m1 SaCer_g004863.m1 SpLac_g005607.m1 LaNot_g002725.m1 NaAna_g002950.m1 DeUde_g004415.m1 SaSel_g001450.m1
HG_11529	CaAlb_g004311.m1 ToAga_g002473.m1 SpLac_g003275.m1 LiChi_g002231.m1 LiChi_g002232.m1 DeUde_g004388.m1 AlAfr_g004375.m1 AlAfr_g007433.m1 AlAfr_g008248.m1 YaLip_g004813.m1
HG_10408	CaAlb_g002393.m1 SaCer_g004719.m1 ToAga_g000370.m1 ToAga_g001581.m1 SpLac_g003847.m1 LaNot_g000147.m1 NaAna_g005049.m1 DeUde_g003934.m1 SaSel_g005244.m1 YaLip_g003206.m1 YaLip_g004797.m1 YaLip_g004876.m1
HG_13256	CaAlb_g005513.m1 SaCer_g002866.m1 SpLac_g000495.m1 SpLac_g004891.m1 LaNot_g004642.m1 NaAna_g002411.m1 AlAfr_g003805.m1 SaSel_g005847.m1
HG_12271	CaAlb_g000206.m1 SaCer_g000120.m1 SpLac_g005506.m1 LaNot_g001119.m1 NaAna_g001099.m1 DeUde_g002662.m1 AlAfr_g001669.m1 SaSel_g006175.m1 YaLip_g002379.m1
HG_14423	CaAlb_g001627.m1 SaCer_g002197.m1 SpLac_g002514.m1 LaNot_g001639.m1 DeUde_g003770.m1 AlAfr_g003002.m1 SaSel_g004791.m1
HG_13238	CaAlb_g003051.m1 SaCer_g002760.m1 LaNot_g001258.m1 NaAna_g001559.m1 DeUde_g004116.m1 AlAfr_g000210.m1 SaSel_g005667.m1 YaLip_g001998.m1
HG_16237	CaAlb_g004375.m1 SaCer_g001677.m1 LaNot_g000216.m1 NaAna_g000421.m1 DeUde_g003487.m1 SaSel_g003685.m1
HG_13251	CaAlb_g005237.m1 SaCer_g001818.m1 SpLac_g004870.m1 LaNot_g000528.m1 NaAna_g000454.m1 DeUde_g000579.m1 AlAfr_g004552.m1 SaSel_g003817.m1
HG_11524	CaAlb_g003778.m1 SaCer_g002490.m1 SpLac_g004260.m1 LaNot_g001795.m1 NaAna_g003861.m1 DeUde_g000488.m1 AlAfr_g003100.m1 AlAfr_g008297.m1 SaSel_g004088.m1 YaLip_g002199.m1
HG_10403	CaAlb_g000474.m1 SaCer_g001990.m1 ToAga_g005202.m1 SpLac_g002042.m1 LaNot_g004130.m1 LiChi_g001593.m1 LiKon_g000271.m1 NaAna_g000977.m1 DeUde_g000674.m1 AlAfr_g001655.m1 SaSel_g005883.m1 YaLip_g001051.m1
HG_9082	CaAlb_g000028.m1 CaAlb_g004853.m1 SaCer_g003761.m1 SaCer_g003762.m1 SaCer_g003763.m1 ToAga_g002958.m1 SpLac_g000318.m1 LaNot_g004500.m1 NaAna_g003165.m1 DeUde_g002682.m1 DeUde_g003624.m1 AlAfr_g008742.m1 SaSel_g002015.m1 YaLip_g000040.m1 YaLip_g004433.m1
HG_12289	CaAlb_g003103.m1 SaCer_g002691.m1 SpLac_g001159.m1 LaNot_g000333.m1 NaAna_g003798.m1 DeUde_g001127.m1 AlAfr_g006066.m1 SaSel_g001301.m1 YaLip_g000079.m1
HG_13233	CaAlb_g002358.m1 SaCer_g004836.m1 SpLac_g001711.m1 LaNot_g002260.m1 NaAna_g000582.m1 DeUde_g004865.m1 AlAfr_g008604.m1 SaSel_g004100.m1
HG_16250	SaCer_g002898.m1 LaNot_g002134.m1 NaAna_g005791.m1 DeUde_g003392.m1 AlAfr_g002638.m1 SaSel_g000974.m1
HG_16232	CaAlb_g003504.m1 SaCer_g000279.m1 LaNot_g000648.m1 NaAna_g001824.m1 DeUde_g002859.m1 SaSel_g005333.m1
HG_9994	CaAlb_g001651.m1 ToAga_g000299.m1 SpLac_g002007.m1 SpLac_g004147.m1 LiChi_g004358.m1 LiKon_g002172.m1 NaAna_g004996.m1 DeUde_g000127.m1 DeUde_g000443.m1 AlAfr_g007857.m1 AlAfr_g008746.m1 SaSel_g002873.m1 YaLip_g005627.m1
HG_16214	CaAlb_g001155.m1 SpLac_g002981.m1 LaNot_g004393.m1 NaAna_g001774.m1 DeUde_g001443.m1 SaSel_g000193.m1
HG_12284	CaAlb_g002336.m1 SaCer_g002246.m1 SpLac_g000855.m1 LaNot_g003244.m1 LiChi_g005672.m1 LiKon_g000459.m1 NaAna_g000198.m1 DeUde_g003496.m1 AlAfr_g004296.m1
HG_14436	CaAlb_g004126.m1 SaCer_g005053.m1 SpLac_g005162.m1 LaNot_g000787.m1 NaAna_g003519.m1 DeUde_g001082.m1 SaSel_g001687.m1
HG_13246	CaAlb_g004210.m1 SaCer_g001803.m1 SpLac_g004595.m1 LaNot_g005153.m1 DeUde_g004385.m1 AlAfr_g001446.m1 AlAfr_g007802.m1 YaLip_g006410.m1
HG_8331	ToAga_g002299.m1 SpLac_g004392.m1 LaNot_g004048.m1 NaAna_g000737.m1 AlAfr_g000586.m1 AlAfr_g000617.m1 AlAfr_g000773.m1 AlAfr_g001430.m1 AlAfr_g001509.m1 AlAfr_g002386.m1 AlAfr_g003466.m1 AlAfr_g004365.m1 AlAfr_g005365.m1 AlAfr_g005727.m1 AlAfr_g005731.m1 AlAfr_g006483.m1 AlAfr_g007473.m1 AlAfr_g008268.m1 SaSel_g005986.m1
HG_14431	CaAlb_g002481.m1 SaCer_g002218.m1 LaNot_g003292.m1 NaAna_g002504.m1 DeUde_g001632.m1 SaSel_g002096.m1 YaLip_g002151.m1
HG_16245	CaAlb_g005312.m1 SaCer_g003231.m1 LaNot_g000409.m1 NaAna_g001967.m1 DeUde_g002267.m1 SaSel_g003587.m1
HG_11532	SaCer_g003734.m1 SpLac_g000958.m1 LaNot_g003801.m1 LiChi_g003239.m1 LiKon_g006218.m1 NaAna_g004361.m1 DeUde_g004695.m1 AlAfr_g002694.m1 SaSel_g002063.m1 YaLip_g000967.m1
HG_14413	CaAlb_g000136.m1 SaCer_g002299.m1 LaNot_g003373.m1 NaAna_g001696.m1 DeUde_g003687.m1 AlAfr_g005247.m1 SaSel_g004514.m1
HG_12348	CaAlb_g000800.m1 SaCer_g003903.m1 SpLac_g004768.m1 LaNot_g004516.m1 NaAna_g002169.m1 DeUde_g004306.m1 AlAfr_g008804.m1 SaSel_g002837.m1
HG_13228	CaAlb_g001981.m1 SaCer_g002603.m1 SaCer_g004779.m1 LaNot_g000177.m1 NaAna_g004404.m1 DeUde_g002412.m1 SaSel_g004527.m1 SaSel_g004529.m1
HG_7749	CaAlb_g000890.m1 CaAlb_g001657.m1 SaCer_g000838.m1 SaCer_g004699.m1 ToAga_g000295.m1 SpLac_g001655.m1 SpLac_g004948.m1 LaNot_g000811.m1 LaNot_g001925.m1 LiChi_g001381.m1 LiKon_g001837.m1 NaAna_g000111.m1 NaAna_g005698.m1 DeUde_g004246.m1 DeUde_g005516.m1 AlAfr_g001148.m1 AlAfr_g003303.m1 AlAfr_g007317.m1 SaSel_g000067.m1 SaSel_g002773.m1 YaLip_g001369.m1 YaLip_g005867.m1
HG_16227	CaAlb_g003106.m1 SaCer_g005018.m1 LaNot_g000697.m1 NaAna_g003038.m1 DeUde_g001133.m1 SaSel_g004427.m1
HG_10875	CaAlb_g002243.m1 SaCer_g001760.m1 ToAga_g005099.m1 SpLac_g000934.m1 LaNot_g005213.m1 NaAna_g000681.m1 DeUde_g003090.m1 AlAfr_g001860.m1 AlAfr_g005790.m1 SaSel_g001427.m1 SaSel_g002286.m1
HG_13241	CaAlb_g003407.m1 SpLac_g002086.m1 NaAna_g005223.m1 DeUde_g005781.m1 AlAfr_g001781.m1 AlAfr_g007151.m1 SaSel_g000874.m1 SaSel_g005338.m1
HG_11514	CaAlb_g001240.m1 SaCer_g003052.m1 SpLac_g002540.m1 LaNot_g000304.m1 LiChi_g003704.m1 LiKon_g001478.m1 NaAna_g005234.m1 DeUde_g003576.m1 AlAfr_g004742.m1 YaLip_g002221.m1
HG_12297	CaAlb_g004558.m1 SaCer_g005404.m1 SpLac_g000978.m1 LaNot_g004867.m1 NaAna_g003781.m1 DeUde_g005481.m1 AlAfr_g000345.m1 AlAfr_g007565.m1 SaSel_g002026.m1
HG_12279	CaAlb_g001652.m1 SaCer_g003384.m1 SpLac_g002006.m1 LaNot_g001596.m1 NaAna_g004997.m1 DeUde_g000128.m1 AlAfr_g002154.m1 SaSel_g006111.m1 YaLip_g003846.m1
HG_14449	LaNot_g003538.m1 LiChi_g000207.m1 LiKon_g004299.m1 NaAna_g000329.m1 DeUde_g003871.m1 AlAfr_g001597.m1 SaSel_g003312.m1
HG_13223	CaAlb_g001041.m1 SpLac_g001454.m1 LiChi_g004990.m1 LiKon_g000184.m1 NaAna_g006040.m1 DeUde_g000402.m1 SaSel_g001882.m1 YaLip_g003989.m1
HG_16240	CaAlb_g004616.m1 SaCer_g000144.m1 LaNot_g001156.m1 NaAna_g001149.m1 DeUde_g004432.m1 SaSel_g003733.m1
HG_16209	CaAlb_g000557.m1 SaCer_g000039.m1 LaNot_g001757.m1 NaAna_g005361.m1 DeUde_g003043.m1 SaSel_g002469.m1
HG_16222	CaAlb_g002397.m1 SaCer_g001000.m1 SpLac_g003880.m1 LaNot_g000495.m1 DeUde_g000233.m1 SaSel_g006094.m1
HG_12292	CaAlb_g003693.m1 SpLac_g000268.m1 LiChi_g005700.m1 LiKon_g000430.m1 NaAna_g005429.m1 DeUde_g003977.m1 AlAfr_g007544.m1 SaSel_g002574.m1 YaLip_g002514.m1
HG_9993	CaAlb_g001111.m1 SaCer_g001998.m1 ToAga_g003433.m1 SpLac_g002121.m1 LaNot_g004108.m1 LiChi_g005513.m1 LiKon_g003842.m1 NaAna_g001999.m1 DeUde_g004307.m1 AlAfr_g007482.m1 SaSel_g000682.m1 YaLip_g003464.m1 YaLip_g004046.m1
HG_9647	CaAlb_g002476.m1 CaAlb_g002479.m1 CaAlb_g004505.m1 SaCer_g004662.m1 LaNot_g003073.m1 NaAna_g003299.m1 DeUde_g001274.m1 DeUde_g001634.m1 DeUde_g001635.m1 DeUde_g001636.m1 DeUde_g001637.m1 DeUde_g005702.m1 SaSel_g005447.m1
HG_3484	CaAlb_g002840.m1 CaAlb_g002841.m1 CaAlb_g002842.m1 CaAlb_g003025.m1 CaAlb_g003815.m1 CaAlb_g003976.m1 CaAlb_g003977.m1 CaAlb_g004882.m1 SaCer_g000015.m1 SaCer_g001022.m1 ToAga_g002748.m1 ToAga_g003067.m1 ToAga_g004779.m1 ToAga_g005497.m1 SpLac_g003762.m1 SpLac_g005377.m1 SpLac_g005378.m1 LaNot_g001926.m1 LaNot_g001931.m1 LiChi_g004898.m1 LiChi_g004905.m1 LiKon_g002788.m1 LiKon_g002793.m1 NaAna_g002680.m1 NaAna_g002681.m1 NaAna_g002682.m1 NaAna_g005347.m1 NaAna_g005597.m1 NaAna_g005928.m1 NaAna_g005929.m1 NaAna_g005930.m1 DeUde_g000022.m1 DeUde_g000429.m1 DeUde_g000435.m1 DeUde_g000436.m1 DeUde_g001254.m1 DeUde_g001645.m1 DeUde_g001766.m1 DeUde_g001790.m1 DeUde_g002553.m1 DeUde_g003283.m1 DeUde_g003832.m1 DeUde_g005179.m1 DeUde_g005195.m1 DeUde_g005345.m1 DeUde_g005504.m1 DeUde_g005505.m1 DeUde_g005506.m1 AlAfr_g000139.m1 AlAfr_g000385.m1 AlAfr_g001556.m1 AlAfr_g002324.m1 AlAfr_g003406.m1 AlAfr_g003407.m1 AlAfr_g003408.m1 AlAfr_g003409.m1 AlAfr_g003410.m1 AlAfr_g003674.m1 AlAfr_g003675.m1 AlAfr_g006578.m1 AlAfr_g007632.m1 AlAfr_g007633.m1 AlAfr_g007634.m1 AlAfr_g007637.m1 AlAfr_g007639.m1 AlAfr_g008695.m1 SaSel_g001548.m1 SaSel_g002076.m1 SaSel_g005658.m1 YaLip_g005826.m1 YaLip_g005828.m1
HG_12307	SaCer_g002788.m1 ToAga_g000357.m1 SpLac_g003193.m1 LaNot_g001447.m1 LiChi_g006186.m1 LiKon_g002585.m1 NaAna_g002785.m1 AlAfr_g002825.m1 SaSel_g005348.m1
HG_12274	CaAlb_g000791.m1 SaCer_g001906.m1 SpLac_g002896.m1 LaNot_g004910.m1 NaAna_g000226.m1 DeUde_g001538.m1 AlAfr_g004569.m1 SaSel_g006006.m1 YaLip_g005328.m1
HG_7533	CaAlb_g000575.m1 CaAlb_g002268.m1 CaAlb_g003391.m1 CaAlb_g003392.m1 CaAlb_g003393.m1 CaAlb_g003621.m1 CaAlb_g003622.m1 CaAlb_g003623.m1 CaAlb_g004366.m1 CaAlb_g004801.m1 CaAlb_g004802.m1 CaAlb_g004803.m1 ToAga_g000505.m1 ToAga_g000506.m1 ToAga_g000507.m1 LiChi_g001662.m1 LiKon_g000967.m1 DeUde_g001708.m1 DeUde_g004613.m1 DeUde_g004766.m1 AlAfr_g005275.m1 AlAfr_g006380.m1 AlAfr_g006381.m1
HG_14426	CaAlb_g001903.m1 SpLac_g001312.m1 NaAna_g002641.m1 DeUde_g001328.m1 AlAfr_g006337.m1 SaSel_g000291.m1 YaLip_g005734.m1
HG_11527	CaAlb_g004139.m1 SaCer_g003634.m1 ToAga_g002071.m1 SpLac_g001263.m1 LaNot_g004566.m1 NaAna_g005770.m1 DeUde_g001100.m1 AlAfr_g006413.m1 SaSel_g004496.m1 YaLip_g002709.m1
HG_12302	CaAlb_g005661.m1 ToAga_g005441.m1 SpLac_g000607.m1 LiChi_g002475.m1 LiKon_g000674.m1 NaAna_g002109.m1 DeUde_g003440.m1 AlAfr_g001787.m1 YaLip_g003249.m1
HG_10406	CaAlb_g002098.m1 SaCer_g004422.m1 ToAga_g001633.m1 ToAga_g004228.m1 SpLac_g003422.m1 LaNot_g002211.m1 LiChi_g001226.m1 LiKon_g001081.m1 NaAna_g004516.m1 DeUde_g001504.m1 AlAfr_g006782.m1 YaLip_g002939.m1
HG_13254	CaAlb_g005401.m1 SpLac_g002435.m1 NaAna_g001122.m1 DeUde_g002228.m1 AlAfr_g002499.m1 AlAfr_g004416.m1 SaSel_g002357.m1 YaLip_g005903.m1
HG_13236	CaAlb_g002996.m1 SaCer_g002357.m1 SpLac_g003493.m1 LaNot_g003683.m1 NaAna_g003073.m1 DeUde_g004154.m1 AlAfr_g003794.m1 SaSel_g002539.m1
HG_16253	ToAga_g005270.m1 SpLac_g003970.m1 LiChi_g005352.m1 LiKon_g001188.m1 AlAfr_g005176.m1 YaLip_g001833.m1
HG_11509	CaAlb_g000479.m1 SaCer_g003990.m1 ToAga_g004483.m1 SpLac_g000323.m1 LaNot_g004755.m1 NaAna_g003397.m1 DeUde_g000668.m1 AlAfr_g000444.m1 SaSel_g002608.m1 YaLip_g004352.m1
HG_14421	CaAlb_g001537.m1 SaCer_g003642.m1 LaNot_g004589.m1 NaAna_g004899.m1 DeUde_g005336.m1 AlAfr_g006855.m1 SaSel_g004880.m1
HG_16235	CaAlb_g004114.m1 SaCer_g005066.m1 LaNot_g000019.m1 NaAna_g003046.m1 DeUde_g001080.m1 SaSel_g001293.m1
HG_11522	CaAlb_g003125.m1 SaCer_g000721.m1 SaCer_g005391.m1 SpLac_g002681.m1 LaNot_g000237.m1 NaAna_g005557.m1 DeUde_g000207.m1 AlAfr_g001491.m1 AlAfr_g002465.m1 SaSel_g001612.m1
HG_10883	CaAlb_g005510.m1 SaCer_g002865.m1 SpLac_g000880.m1 LaNot_g004645.m1 NaAna_g002427.m1 DeUde_g000071.m1 AlAfr_g002250.m1 AlAfr_g004910.m1 AlAfr_g005214.m1 SaSel_g006146.m1 YaLip_g004256.m1
HG_13218	CaAlb_g000066.m1 SaCer_g001527.m1 SaCer_g002552.m1 LaNot_g004199.m1 NaAna_g004830.m1 DeUde_g002110.m1 SaSel_g002993.m1 SaSel_g004910.m1
HG_16217	CaAlb_g001705.m1 SpLac_g000436.m1 NaAna_g006241.m1 DeUde_g001731.m1 AlAfr_g002727.m1 YaLip_g004676.m1
HG_12287	CaAlb_g002976.m1 SaCer_g004430.m1 SaCer_g004668.m1 SpLac_g002114.m1 LaNot_g002188.m1 NaAna_g005141.m1 DeUde_g001365.m1 AlAfr_g003898.m1 SaSel_g001924.m1
HG_13231	CaAlb_g002267.m1 SaCer_g002390.m1 SpLac_g002334.m1 LaNot_g003625.m1 NaAna_g004021.m1 DeUde_g003059.m1 SaSel_g000548.m1 YaLip_g002806.m1
HG_14439	CaAlb_g005467.m1 SaCer_g004594.m1 SpLac_g001923.m1 LaNot_g003107.m1 NaAna_g000649.m1 DeUde_g001024.m1 SaSel_g000372.m1
HG_13285	CaAlb_g004813.m1 ToAga_g001727.m1 SpLac_g001241.m1 NaAna_g003945.m1 DeUde_g000250.m1 AlAfr_g007064.m1 YaLip_g002030.m1
HG_16230	CaAlb_g003395.m1 SaCer_g000009.m1 LaNot_g001822.m1 NaAna_g004324.m1 DeUde_g003414.m1 SaSel_g004976.m1
HG_10027	CaAlb_g002613.m1 CaAlb_g004498.m1 SaCer_g001226.m1 SaCer_g001474.m1 SaCer_g003655.m1 LaNot_g001261.m1 LaNot_g004453.m1 NaAna_g002097.m1 NaAna_g003425.m1 NaAna_g003818.m1 DeUde_g002186.m1 SaSel_g001945.m1
HG_16212	CaAlb_g001012.m1 SaCer_g002053.m1 LaNot_g000201.m1 DeUde_g005653.m1 AlAfr_g001248.m1 SaSel_g003732.m1
HG_10009	CaAlb_g000144.m1 CaAlb_g001729.m1 SaCer_g002394.m1 LaNot_g003609.m1 LiChi_g006391.m1 LiKon_g005213.m1 NaAna_g001451.m1 DeUde_g003695.m1 DeUde_g004223.m1 AlAfr_g004822.m1 SaSel_g000670.m1 YaLip_g004657.m1
HG_12282	CaAlb_g002163.m1 SaCer_g003976.m1 ToAga_g005459.m1 SpLac_g001918.m1 LaNot_g004782.m1 NaAna_g002638.m1 DeUde_g005499.m1 AlAfr_g002294.m1 SaSel_g003316.m1
HG_13249	CaAlb_g004865.m1 SpLac_g001913.m1 NaAna_g001143.m1 DeUde_g003266.m1 AlAfr_g005336.m1 AlAfr_g006004.m1 AlAfr_g007028.m1 SaSel_g003293.m1
HG_14434	CaAlb_g003602.m1 SaCer_g004044.m1 SaCer_g005254.m1 LaNot_g003307.m1 NaAna_g003424.m1 DeUde_g000608.m1 SaSel_g000859.m1
HG_14416	CaAlb_g000620.m1 SpLac_g000241.m1 LiChi_g006552.m1 LiKon_g006526.m1 NaAna_g005754.m1 DeUde_g001916.m1 YaLip_g003991.m1
HG_11517	CaAlb_g001542.m1 ToAga_g001673.m1 SpLac_g004034.m1 LiChi_g005520.m1 LiKon_g003835.m1 NaAna_g002069.m1 DeUde_g005331.m1 AlAfr_g003065.m1 SaSel_g000361.m1 YaLip_g004829.m1
HG_10878	CaAlb_g004249.m1 CaAlb_g004250.m1 ToAga_g004700.m1 NaAna_g003823.m1 NaAna_g003824.m1 DeUde_g004486.m1 DeUde_g004488.m1 AlAfr_g002801.m1 AlAfr_g006312.m1 AlAfr_g007714.m1 YaLip_g005621.m1
HG_13244	CaAlb_g003759.m1 SaCer_g003754.m1 SpLac_g001476.m1 LaNot_g004232.m1 NaAna_g005505.m1 DeUde_g004452.m1 SaSel_g003331.m1 YaLip_g000489.m1
