HG_6941	
DaQue_KZT63929.1	DaQue_KZT63930.1	DaQue_KZT65014.1	DaQue_KZT68950.1	DaQue_KZT72107.1	DaQue_KZT74216.1	DaQue_KZT74217.1	DaQue_KZT74218.1	DaQue_KZT74219.1	DaQue_KZT74220.1	DaQue_KZT74223.1	DaQue_KZT74224.1	DaQue_KZT74274.1	DaQue_KZT74280.1	
HG_7093	
This group of homology does not contain any annotated genome
HG_5840	
DaQue_KZT67934.1	
MaJap_WFD37162.1	
HG_24869	
This group of homology does not contain any annotated genome
HG_7464	
This group of homology does not contain any annotated genome
HG_5262	
DaQue_KZT72199.1	
MaJap_WFD39700.1	
HG_31344	
This group of homology does not contain any annotated genome
HG_3874	
DaQue_KZT72294.1	
MaJap_WFD40052.1	
HG_6992	
This group of homology does not contain any annotated genome
HG_3921	
DaQue_KZT72097.1	DaQue_KZT74583.1	
HG_5850	
DaQue_KZT64601.1	
HG_24864	
This group of homology does not contain any annotated genome
HG_6461	
This group of homology does not contain any annotated genome
HG_10153	
This group of homology does not contain any annotated genome
HG_6156	
DaQue_KZT66972.1	
HG_23387	
This group of homology does not contain any annotated genome
HG_7798	
This group of homology does not contain any annotated genome
HG_12031	
This group of homology does not contain any annotated genome
HG_6961	
DaQue_KZT75018.1	
MaJap_WFD37427.1	
HG_4630	
DaQue_KZT70491.1	
HG_11543	
DaQue_KZT69013.1	
HG_3353	
DaQue_KZT65460.1	DaQue_KZT67299.1	
HG_11889	
This group of homology does not contain any annotated genome
HG_580	
This group of homology does not contain any annotated genome
HG_9067	
This group of homology does not contain any annotated genome
HG_8095	
DaQue_KZT67411.1	
HG_6883	
This group of homology does not contain any annotated genome
HG_245	
DaQue_KZT63926.1	DaQue_KZT66118.1	DaQue_KZT70789.1	DaQue_KZT70790.1	DaQue_KZT70799.1	DaQue_KZT70800.1	DaQue_KZT70801.1	DaQue_KZT70802.1	
HG_12933	
This group of homology does not contain any annotated genome
HG_319	
DaQue_KZT65293.1	
HG_3234	
MaJap_WFD41240.1	
HG_6006	
This group of homology does not contain any annotated genome
HG_4876	
DaQue_KZT65137.1	
HG_31339	
This group of homology does not contain any annotated genome
HG_5163	
This group of homology does not contain any annotated genome
HG_3687	
DaQue_KZT74779.1	DaQue_KZT74780.1	
HG_3646	
DaQue_KZT68458.1	
MaJap_WFD38349.1	
HG_8023	
This group of homology does not contain any annotated genome
HG_3910	
DaQue_KZT70358.1	DaQue_KZT70359.1	
MaJap_WFD40101.1	
HG_8476	
MaJap_WFD40245.1	
HG_4562	
DaQue_KZT66370.1	
HG_3656	
DaQue_KZT65847.1	
HG_9892	
This group of homology does not contain any annotated genome
HG_5456	
This group of homology does not contain any annotated genome
HG_3939	
DaQue_KZT65140.1	
HG_8445	
This group of homology does not contain any annotated genome
HG_16692	
This group of homology does not contain any annotated genome
HG_10963	
This group of homology does not contain any annotated genome
HG_4226	
DaQue_KZT64675.1	DaQue_KZT68263.1	
HG_4943	
DaQue_KZT74331.1	
HG_31160	
This group of homology does not contain any annotated genome
HG_5230	
DaQue_KZT74454.1	
MaJap_WFD40917.1	
HG_24393	
This group of homology does not contain any annotated genome
HG_8816	
This group of homology does not contain any annotated genome
HG_3930	
DaQue_KZT69763.1	
MaJap_WFD38975.1	
HG_6960	
DaQue_KZT63907.1	
HG_9820	
MaJap_WFD38202.1	
HG_7483	
DaQue_KZT72840.1	
HG_690	
This group of homology does not contain any annotated genome
HG_9830	
This group of homology does not contain any annotated genome
HG_5781	
DaQue_KZT67947.1	
MaJap_WFD40944.1	
HG_5435	
This group of homology does not contain any annotated genome
HG_7581	
This group of homology does not contain any annotated genome
HG_6819	
This group of homology does not contain any annotated genome
HG_5935	
DaQue_KZT63168.1	DaQue_KZT63483.1	
HG_8192	
This group of homology does not contain any annotated genome
HG_14737	
This group of homology does not contain any annotated genome
HG_8836	
This group of homology does not contain any annotated genome
HG_7776	
This group of homology does not contain any annotated genome
HG_13921	
DaQue_KZT64288.1	DaQue_KZT64296.1	DaQue_KZT64298.1	DaQue_KZT64301.1	
HG_7091	
This group of homology does not contain any annotated genome
HG_7606	
This group of homology does not contain any annotated genome
HG_7823	
This group of homology does not contain any annotated genome
HG_3557	
DaQue_KZT75177.1	
MaJap_WFD37441.1	
HG_642	
DaQue_KZT73794.1	DaQue_KZT74403.1	
HG_10051	
This group of homology does not contain any annotated genome
HG_127	
DaQue_KZT64693.1	DaQue_KZT65427.1	DaQue_KZT65429.1	DaQue_KZT65430.1	DaQue_KZT66610.1	DaQue_KZT66613.1	DaQue_KZT74598.1	
HG_5750	
DaQue_KZT72762.1	
MaJap_WFD39540.1	
HG_9447	
DaQue_KZT64621.1	
HG_8475	
MaJap_WFD39845.1	
HG_110	
This group of homology does not contain any annotated genome
HG_4039	
This group of homology does not contain any annotated genome
HG_12034	
This group of homology does not contain any annotated genome
HG_7028	
DaQue_KZT63061.1	DaQue_KZT66696.1	
HG_4973	
DaQue_KZT67487.1	DaQue_KZT67904.1	DaQue_KZT67907.1	DaQue_KZT67933.1	DaQue_KZT67943.1	DaQue_KZT67944.1	
HG_9350	
This group of homology does not contain any annotated genome
HG_5002	
DaQue_KZT65513.1	
MaJap_WFD38949.1	
HG_9891	
This group of homology does not contain any annotated genome
HG_5238	
DaQue_KZT63556.1	
MaJap_WFD40007.1	
HG_16377	
This group of homology does not contain any annotated genome
HG_7079	
This group of homology does not contain any annotated genome
HG_5182	
This group of homology does not contain any annotated genome
HG_5141	
This group of homology does not contain any annotated genome
HG_20896	
This group of homology does not contain any annotated genome
HG_8903	
DaQue_KZT63011.1	
HG_15648	
MaJap_WFD41099.1	MaJap_WFD41100.1	
HG_5100	
This group of homology does not contain any annotated genome
HG_4081	
DaQue_KZT73392.1	DaQue_KZT73393.1	
HG_13	
DaQue_KZT66218.1	DaQue_KZT66443.1	
HG_5207	
This group of homology does not contain any annotated genome
HG_7441	
This group of homology does not contain any annotated genome
HG_3392	
DaQue_KZT70161.1	
MaJap_WFD37338.1	
HG_6849	
This group of homology does not contain any annotated genome
HG_5789	
DaQue_KZT73337.1	
HG_24875	
This group of homology does not contain any annotated genome
HG_5387	
This group of homology does not contain any annotated genome
HG_20906	
This group of homology does not contain any annotated genome
HG_5434	
This group of homology does not contain any annotated genome
HG_11728	
This group of homology does not contain any annotated genome
HG_2986	
DaQue_KZT67788.1	
HG_5846	
DaQue_KZT64815.1	
HG_6004	
This group of homology does not contain any annotated genome
HG_7822	
This group of homology does not contain any annotated genome
HG_5485	
DaQue_KZT63465.1	DaQue_KZT69556.1	DaQue_KZT73688.1	DaQue_KZT73689.1	DaQue_KZT73690.1	
HG_2414	
This group of homology does not contain any annotated genome
HG_4255	
DaQue_KZT66718.1	
MaJap_WFD39717.1	
HG_10538	
This group of homology does not contain any annotated genome
HG_2738	
DaQue_KZT73373.1	DaQue_KZT73517.1	
HG_29839	
This group of homology does not contain any annotated genome
HG_5985	
DaQue_KZT71287.1	
HG_6143	
This group of homology does not contain any annotated genome
HG_4796	
DaQue_KZT71892.1	
MaJap_WFD38639.1	
HG_4579	
DaQue_KZT66827.1	
MaJap_WFD38077.1	
HG_8160	
DaQue_KZT69287.1	DaQue_KZT74062.1	
HG_7439	
This group of homology does not contain any annotated genome
HG_6684	
DaQue_KZT70023.1	
HG_4394	
This group of homology does not contain any annotated genome
HG_12670	
This group of homology does not contain any annotated genome
HG_6709	
This group of homology does not contain any annotated genome
HG_4589	
DaQue_KZT64935.1	DaQue_KZT64936.1	DaQue_KZT66177.1	
HG_9230	
This group of homology does not contain any annotated genome
HG_4765	
DaQue_KZT66741.1	
HG_2780	
This group of homology does not contain any annotated genome
HG_10482	
This group of homology does not contain any annotated genome
HG_7578	
This group of homology does not contain any annotated genome
HG_7408	
This group of homology does not contain any annotated genome
HG_6389	
DaQue_KZT65640.1	
HG_29	
DaQue_KZT65645.1	DaQue_KZT65648.1	DaQue_KZT66904.1	DaQue_KZT69686.1	DaQue_KZT73674.1	
HG_7264	
This group of homology does not contain any annotated genome
HG_10633	
This group of homology does not contain any annotated genome
HG_17739	
This group of homology does not contain any annotated genome
HG_27577	
This group of homology does not contain any annotated genome
HG_5521	
This group of homology does not contain any annotated genome
HG_4068	
DaQue_KZT68769.1	DaQue_KZT74484.1	
MaJap_WFD40302.1	
HG_7098	
This group of homology does not contain any annotated genome
HG_5845	
DaQue_KZT74337.1	
MaJap_WFD37139.1	
HG_2042	
This group of homology does not contain any annotated genome
HG_5628	
This group of homology does not contain any annotated genome
HG_7862	
This group of homology does not contain any annotated genome
HG_8020	
This group of homology does not contain any annotated genome
HG_12032	
This group of homology does not contain any annotated genome
HG_9445	
This group of homology does not contain any annotated genome
HG_24860	
This group of homology does not contain any annotated genome
HG_4471	
DaQue_KZT72475.1	
HG_3709	
DaQue_KZT70107.1	
HG_8215	
This group of homology does not contain any annotated genome
HG_12391	
This group of homology does not contain any annotated genome
HG_151	
DaQue_KZT70521.1	
HG_10646	
This group of homology does not contain any annotated genome
HG_6378	
DaQue_KZT72576.1	
HG_6249	
DaQue_KZT73998.1	DaQue_KZT73999.1	
HG_4908	
DaQue_KZT70454.1	DaQue_KZT70471.1	DaQue_KZT70472.1	
HG_8571	
This group of homology does not contain any annotated genome
HG_5500	
MaJap_WFD38473.1	
HG_7470	
DaQue_KZT69488.1	
HG_11780	
This group of homology does not contain any annotated genome
HG_24878	
This group of homology does not contain any annotated genome
HG_4811	
DaQue_KZT64586.1	DaQue_KZT68331.1	DaQue_KZT68333.1	DaQue_KZT68350.1	DaQue_KZT68354.1	DaQue_KZT71647.1	DaQue_KZT71658.1	
HG_4676	
This group of homology does not contain any annotated genome
HG_3446	
DaQue_KZT68322.1	
HG_7407	
This group of homology does not contain any annotated genome
HG_58	
DaQue_KZT64537.1	DaQue_KZT65718.1	DaQue_KZT66915.1	DaQue_KZT66933.1	DaQue_KZT69190.1	DaQue_KZT70280.1	DaQue_KZT70281.1	DaQue_KZT71966.1	DaQue_KZT73289.1	
MaJap_WFD37383.1	MaJap_WFD37384.1	MaJap_WFD37385.1	
HG_9424	
This group of homology does not contain any annotated genome
HG_5205	
DaQue_KZT71540.1	
HG_4186	
DaQue_KZT64228.1	DaQue_KZT69314.1	
HG_4321	
DaQue_KZT67256.1	
HG_7310	
DaQue_KZT75053.1	
HG_7134	
DaQue_KZT73055.1	
HG_6718	
This group of homology does not contain any annotated genome
HG_24873	
This group of homology does not contain any annotated genome
HG_8647	
This group of homology does not contain any annotated genome
HG_3585	
This group of homology does not contain any annotated genome
HG_6486	
This group of homology does not contain any annotated genome
HG_6404	
DaQue_KZT66320.1	
HG_10280	
This group of homology does not contain any annotated genome
HG_10418	
This group of homology does not contain any annotated genome
HG_5627	
This group of homology does not contain any annotated genome
HG_13312	
This group of homology does not contain any annotated genome
HG_3771	
DaQue_KZT70506.1	
MaJap_WFD40222.1	
HG_10126	
This group of homology does not contain any annotated genome
HG_5571	
DaQue_KZT71723.1	
MaJap_WFD37958.1	
HG_4077	
This group of homology does not contain any annotated genome
HG_3925	
DaQue_KZT65871.1	
HG_8884	
This group of homology does not contain any annotated genome
HG_23	
DaQue_KZT64524.1	DaQue_KZT64786.1	DaQue_KZT66093.1	DaQue_KZT67572.1	DaQue_KZT69973.1	DaQue_KZT70598.1	DaQue_KZT70599.1	DaQue_KZT72300.1	DaQue_KZT72304.1	DaQue_KZT73242.1	DaQue_KZT73268.1	DaQue_KZT73287.1	DaQue_KZT73294.1	DaQue_KZT73374.1	DaQue_KZT73525.1	
HG_8667	
This group of homology does not contain any annotated genome
HG_4536	
DaQue_KZT64561.1	
HG_10226	
This group of homology does not contain any annotated genome
HG_7252	
This group of homology does not contain any annotated genome
HG_14000	
DaQue_KZT74468.1	
HG_8900	
This group of homology does not contain any annotated genome
HG_7623	
This group of homology does not contain any annotated genome
HG_11583	
This group of homology does not contain any annotated genome
HG_5591	
This group of homology does not contain any annotated genome
HG_31343	
This group of homology does not contain any annotated genome
HG_5333	
This group of homology does not contain any annotated genome
HG_3816	
DaQue_KZT63521.1	
MaJap_WFD39893.1	
HG_13904	
This group of homology does not contain any annotated genome
HG_7086	
This group of homology does not contain any annotated genome
HG_1614	
This group of homology does not contain any annotated genome
HG_6485	
This group of homology does not contain any annotated genome
HG_190	
This group of homology does not contain any annotated genome
HG_517	
DaQue_KZT64092.1	DaQue_KZT69915.1	DaQue_KZT72375.1	DaQue_KZT72743.1	
MaJap_WFD39702.1	
HG_13666	
This group of homology does not contain any annotated genome
HG_4242	
DaQue_KZT64265.1	
HG_10649	
This group of homology does not contain any annotated genome
HG_23314	
This group of homology does not contain any annotated genome
HG_3867	
DaQue_KZT73940.1	
MaJap_WFD41123.1	
HG_12030	
This group of homology does not contain any annotated genome
HG_3094	
DaQue_KZT70397.1	
HG_7096	
This group of homology does not contain any annotated genome
HG_20897	
This group of homology does not contain any annotated genome
HG_6001	
This group of homology does not contain any annotated genome
HG_15649	
This group of homology does not contain any annotated genome
HG_9443	
This group of homology does not contain any annotated genome
HG_24535	
This group of homology does not contain any annotated genome
HG_5224	
This group of homology does not contain any annotated genome
HG_5312	
DaQue_KZT70831.1	
HG_14477	
This group of homology does not contain any annotated genome
HG_52	
DaQue_KZT64089.1	DaQue_KZT67001.1	DaQue_KZT69534.1	DaQue_KZT70499.1	
HG_192	
DaQue_KZT63138.1	DaQue_KZT63420.1	DaQue_KZT63592.1	DaQue_KZT63603.1	DaQue_KZT64598.1	DaQue_KZT67008.1	DaQue_KZT67014.1	DaQue_KZT73458.1	DaQue_KZT73753.1	DaQue_KZT74085.1	
HG_70	
DaQue_KZT64480.1	DaQue_KZT67106.1	DaQue_KZT68936.1	DaQue_KZT69254.1	DaQue_KZT69879.1	DaQue_KZT71081.1	DaQue_KZT71672.1	DaQue_KZT74019.1	
HG_389	
This group of homology does not contain any annotated genome
HG_18748	
This group of homology does not contain any annotated genome
HG_3758	
This group of homology does not contain any annotated genome
HG_961	
DaQue_KZT69834.1	DaQue_KZT73653.1	DaQue_KZT73661.1	DaQue_KZT73951.1	DaQue_KZT74617.1	
HG_8588	
This group of homology does not contain any annotated genome
HG_7575	
This group of homology does not contain any annotated genome
HG_4416	
DaQue_KZT70965.1	
MaJap_WFD38061.1	
HG_7405	
This group of homology does not contain any annotated genome
HG_6169	
DaQue_KZT73481.1	
HG_4998	
This group of homology does not contain any annotated genome
HG_24871	
This group of homology does not contain any annotated genome
HG_9422	
This group of homology does not contain any annotated genome
HG_806	
DaQue_KZT65971.1	DaQue_KZT65972.1	DaQue_KZT68011.1	DaQue_KZT68030.1	DaQue_KZT72897.1	
HG_4231	
DaQue_KZT66076.1	DaQue_KZT66421.1	
HG_11965	
DaQue_KZT71504.1	
HG_10570	
This group of homology does not contain any annotated genome
HG_4684	
DaQue_KZT66146.1	
HG_17740	
This group of homology does not contain any annotated genome
HG_7632	
This group of homology does not contain any annotated genome
HG_7368	
This group of homology does not contain any annotated genome
HG_6009	
This group of homology does not contain any annotated genome
HG_13310	
This group of homology does not contain any annotated genome
HG_3140	
DaQue_KZT72965.1	
HG_11109	
This group of homology does not contain any annotated genome
HG_7101	
This group of homology does not contain any annotated genome
HG_2419	
DaQue_KZT68997.1	
MaJap_WFD39183.1	
HG_8960	
This group of homology does not contain any annotated genome
HG_4477	
DaQue_KZT74642.1	
HG_7595	
This group of homology does not contain any annotated genome
HG_7249	
This group of homology does not contain any annotated genome
HG_9395	
This group of homology does not contain any annotated genome
HG_2322	
This group of homology does not contain any annotated genome
HG_5311	
This group of homology does not contain any annotated genome
HG_4210	
DaQue_KZT68176.1	
MaJap_WFD37875.1	
HG_9637	
DaQue_KZT70850.1	
MaJap_WFD39069.1	
HG_5588	
DaQue_KZT63395.1	DaQue_KZT63399.1	DaQue_KZT63400.1	DaQue_KZT64549.1	DaQue_KZT71360.1	
HG_4622	
DaQue_KZT71978.1	
MaJap_WFD40719.1	
HG_10447	
This group of homology does not contain any annotated genome
HG_11327	
This group of homology does not contain any annotated genome
HG_7652	
This group of homology does not contain any annotated genome
HG_16294	
This group of homology does not contain any annotated genome
HG_6963	
This group of homology does not contain any annotated genome
HG_8222	
This group of homology does not contain any annotated genome
HG_5733	
This group of homology does not contain any annotated genome
HG_4585	
DaQue_KZT65035.1	DaQue_KZT74025.1	
HG_7574	
This group of homology does not contain any annotated genome
HG_7791	
This group of homology does not contain any annotated genome
HG_7404	
This group of homology does not contain any annotated genome
HG_7621	
This group of homology does not contain any annotated genome
HG_12033	
This group of homology does not contain any annotated genome
HG_6473	
DaQue_KZT67621.1	
HG_29574	
This group of homology does not contain any annotated genome
HG_24861	
This group of homology does not contain any annotated genome
HG_3984	
DaQue_KZT69256.1	
HG_10529	
This group of homology does not contain any annotated genome
HG_31305	
This group of homology does not contain any annotated genome
HG_22601	
This group of homology does not contain any annotated genome
HG_6483	
This group of homology does not contain any annotated genome
HG_20895	
This group of homology does not contain any annotated genome
HG_5124	
This group of homology does not contain any annotated genome
HG_3607	
DaQue_KZT72740.1	
MaJap_WFD38680.1	
HG_6725	
This group of homology does not contain any annotated genome
HG_5753	
This group of homology does not contain any annotated genome
HG_6276	
This group of homology does not contain any annotated genome
HG_6993	
This group of homology does not contain any annotated genome
HG_2645	
DaQue_KZT63291.1	DaQue_KZT66071.1	
HG_9724	
This group of homology does not contain any annotated genome
HG_5810	
DaQue_KZT67676.1	
HG_20905	
This group of homology does not contain any annotated genome
HG_8711	
DaQue_KZT74997.1	
HG_4316	
DaQue_KZT74205.1	
HG_7217	
This group of homology does not contain any annotated genome
HG_10281	
This group of homology does not contain any annotated genome
HG_4584	
DaQue_KZT69301.1	
HG_31331	
This group of homology does not contain any annotated genome
HG_420	
DaQue_KZT72160.1	
MaJap_WFD38151.1	
HG_10673	
This group of homology does not contain any annotated genome
HG_7268	
This group of homology does not contain any annotated genome
HG_5371	
DaQue_KZT73877.1	
HG_20785	
DaQue_KZT65422.1	
HG_4270	
DaQue_KZT74398.1	
HG_6843	
This group of homology does not contain any annotated genome
HG_6796	
DaQue_KZT68659.1	
HG_6714	
DaQue_KZT73267.1	
HG_7	
DaQue_KZT63177.1	DaQue_KZT63568.1	DaQue_KZT65561.1	DaQue_KZT65564.1	DaQue_KZT65777.1	DaQue_KZT65817.1	DaQue_KZT65925.1	DaQue_KZT66064.1	DaQue_KZT66222.1	DaQue_KZT66434.1	DaQue_KZT66438.1	DaQue_KZT67042.1	DaQue_KZT67162.1	DaQue_KZT67593.1	DaQue_KZT67595.1	DaQue_KZT68575.1	DaQue_KZT68903.1	DaQue_KZT69640.1	DaQue_KZT69734.1	DaQue_KZT70266.1	DaQue_KZT70833.1	DaQue_KZT71187.1	DaQue_KZT71190.1	DaQue_KZT71211.1	DaQue_KZT71374.1	DaQue_KZT72293.1	DaQue_KZT73444.1	DaQue_KZT73876.1	DaQue_KZT74147.1	DaQue_KZT74148.1	
HG_4336	
DaQue_KZT70140.1	
HG_7671	
DaQue_KZT71344.1	
HG_7149	
This group of homology does not contain any annotated genome
HG_315	
DaQue_KZT64434.1	DaQue_KZT64788.1	DaQue_KZT65539.1	DaQue_KZT66130.1	DaQue_KZT69363.1	DaQue_KZT69830.1	DaQue_KZT69831.1	DaQue_KZT69920.1	DaQue_KZT73096.1	DaQue_KZT73175.1	
HG_11074	
This group of homology does not contain any annotated genome
