HG_6941 	AbBi	AcIn	DaQu	NeIr	PeCa	PlOs	TuMe	UsMa
HG_7093 	AmRe	AsNi	AuMe	AuPu	AuTh	CrQu	ExVi	GeCa	KaPf	LiCh	LiKo	MoSn	NeCr	NeIr	PeCa	PeEc	PeUc	PyTe	RhCo	SeLi	SpBr	TeBo	TiNi	TrAs	TuMe
HG_5840 	AbBi	AcIn	BoEd	CaCo	CaVi	CrAm	CrQu	CuOl	DaQu	ExRh	GaLe	GeCa	GlCe	KwBe	KwDe	KwPi	KwSh	LiCh	LiKo	MaJa	MaSy	MeLa	MiSa	MoSn	NeIr	PhCo	PlOs	PuSt	RhDi	RhGr	RhPa	RhTo	SpBr	TuMe	UmVi
HG_24869 	GlCe	NeIr	UmVi
HG_7464 	AlAf	AmRe	AsNi	ExVi	GeCa	KaPf	MoSn	NeCr	NeIr	PeCa	PeEc	PeUc	PyTe	RhCo	SaSe	SpBr	SpLa	TeBo	TiNi	ToAg	TrAs	TuMe
HG_5262 	AbBi	AcIn	BoEd	CaCo	CaVi	CrQu	DaQu	ExRh	GaLe	KaBr	KwBe	KwDe	KwPi	KwSh	LiCh	LiKo	MaJa	MeLa	MiSa	MoAp	MoSn	NeIr	PhCo	PlOs	PuSt	RhDi	RhGr	RhPa	RhTo	SpRe	TiWa	UmVi	UsMa
HG_31344 	GlCe	NeIr
HG_3874 	AbBi	AcIn	AlAf	AmRe	AsNi	AuMe	AuPu	AuTh	BoEd	CaAl	CaCo	CaVi	CrAm	CrQu	CuOl	DaQu	DeUd	ExRh	ExVi	GaLe	GeCa	GlCe	KaBr	KaPf	KwBe	KwDe	KwPi	KwSh	LiCh	LiKo	MaJa	MaRe	MaSy	MeLa	MoAp	MoSn	NaAn	NeCr	NeIr	PeCa	PeEc	PeUc	PhCo	PlOs	PuSt	PyTe	RhCo	RhDi	RhGr	RhPa	RhTo	SaSe	SeLi	SpBr	SpLa	SpRe	TeBo	TiNi	TiWa	ToAg	TrAs	TuMe	UmVi	UsMa	YaLi
HG_6992 	AmRe	AsNi	AuMe	AuPu	AuTh	ExVi	GeCa	KaPf	LiCh	LiKo	MoSn	NeCr	NeIr	PeCa	PeEc	PeUc	PyTe	RhCo	SeLi	SpBr	TeBo	TiNi	ToAg	TrAs	TuMe
HG_3921 	AbBi	AmRe	AsNi	AuMe	AuPu	AuTh	BoEd	CaCo	CaVi	DaQu	ExRh	ExVi	GaLe	GeCa	KaBr	KwBe	KwDe	KwPi	KwSh	MoSn	NeCr	NeIr	PeCa	PeUc	PlOs	PyTe	RhCo	RhDi	RhGr	RhPa	RhTo	SeLi	SpBr	SpRe	TuMe
HG_5850 	AbBi	AcIn	BoEd	CaCo	CaVi	CrAm	CrQu	CuOl	DaQu	ExRh	GaLe	GlCe	KaBr	KwBe	KwDe	KwPi	KwSh	MeLa	MiSa	MoAp	NeIr	PhCo	PlOs	PuSt	RhDi	RhGr	RhPa	RhTo	SpRe	TiWa	UsMa
HG_24864 	LiCh	LiKo	NeIr
HG_6461 	AlAf	AmRe	AsNi	AuMe	AuPu	AuTh	ExVi	GeCa	KaPf	LiCh	LiKo	MoSn	NeCr	NeIr	PeCa	PeEc	PeUc	PyTe	RhCo	SeLi	SpBr	SpLa	TeBo	TiNi	TrAs	TuMe	YaLi
HG_10153 	AmRe	GeCa	KaPf	MoSn	NeCr	NeIr	PeEc	PyTe	RhCo	SpBr	TrAs	TuMe
HG_6156 	AbBi	AsNi	AuPu	AuTh	BoEd	CaCo	CaVi	DaQu	GaLe	GeCa	KaPf	LiKo	MoSn	NeIr	PeCa	PeUc	PhCo	PlOs	PyTe	RhCo	SeLi	SpBr	TeBo	TiNi	TrAs	TuMe	UmVi
HG_23387 	MeLa	NeIr
HG_7798 	AmRe	AsNi	AuMe	AuPu	AuTh	ExVi	GeCa	KaPf	MoSn	NeIr	PeCa	PeEc	PeUc	RhCo	SeLi	SpBr	TeBo	TiNi
HG_12031 	AlAf	CaAl	DeUd	LaNo	NaAn	NeIr	SaCe	SaSe	SpLa
HG_6961 	AbBi	AcIn	CaCo	CaVi	CrAm	DaQu	ExRh	GaLe	KaBr	KwBe	KwDe	KwPi	KwSh	LiKo	MaJa	MaRe	MaSy	MiSa	MoAp	NeIr	RhGr	RhPa	SpRe	TiWa	UmVi	UsMa
HG_4630 	AbBi	AlAf	AmRe	AsNi	AuMe	AuPu	AuTh	BoEd	CaAl	CaCo	CaVi	CrAm	CrQu	CuOl	DaQu	DeUd	ExVi	GaLe	GeCa	KaPf	KwBe	KwDe	KwPi	KwSh	LiCh	LiKo	MeLa	MiSa	MoSn	NeCr	NeIr	PeCa	PeEc	PeUc	PhCo	PlOs	PyTe	RhCo	RhDi	RhGr	RhPa	RhTo	SeLi	SpBr	SpLa	TeBo	TiNi	ToAg	TrAs	TuMe	UmVi	YaLi
HG_11543 	AbBi	BoEd	CrQu	DaQu	GaLe	MeLa	NeIr	PuSt	TiWa
HG_3353 	AbBi	AcIn	AmRe	AsNi	AuMe	AuPu	AuTh	BoEd	CaAl	CaCo	CaVi	CrAm	DaQu	DeUd	ExVi	GaLe	GeCa	KaBr	KaPf	KwBe	KwDe	KwPi	KwSh	LaNo	LiCh	LiKo	MoAp	MoSn	NaAn	NeCr	NeIr	PeCa	PeEc	PeUc	PhCo	PlOs	RhCo	RhTo	SaCe	SeLi	SpBr	SpRe	TeBo	TiNi	TrAs	TuMe	UmVi	UsMa	YaLi
HG_11889 	AmRe	KaPf	MoSn	NeCr	NeIr	RhCo	TeBo	TrAs
HG_580 	BoEd	CaCo	CrAm	CrQu	GaLe	GeCa	LiCh	LiKo	MiSa	MoSn	NeCr	NeIr	PhCo	PuSt	PyTe	SpBr	TiWa
HG_9067 	AbBi	AuMe	AuPu	AuTh	BoEd	GaLe	KaBr	MoAp	NeIr	PlOs	SpRe	UsMa
HG_8095 	AbBi	AcIn	BoEd	CaCo	CaVi	CrAm	CuOl	DaQu	GaLe	GlCe	KwBe	KwDe	KwPi	KwSh	NeIr	PhCo	PlOs	UmVi
HG_6883 	CaAl	GlCe	KaPf	MeLa	MiSa	NeIr	RhGr	SaCe	SeLi	SpBr
HG_245 	AbBi	AlAf	AmRe	AsNi	AuMe	AuPu	AuTh	BoEd	CaAl	CaCo	CaVi	CrQu	DaQu	DeUd	ExVi	GaLe	GeCa	KaPf	LaNo	LiCh	LiKo	MeLa	MiSa	MoSn	NaAn	NeCr	NeIr	PeCa	PeUc	PhCo	PlOs	PuSt	PyTe	RhCo	SaCe	SaSe	SeLi	SpBr	SpLa	TeBo	TiNi	ToAg	TrAs	TuMe	YaLi
HG_12933 	GeCa	LiCh	LiKo	MoSn	NeIr	PeEc	SpBr	UmVi
HG_319 	AbBi	AcIn	AmRe	AsNi	AuMe	AuPu	AuTh	BoEd	CaCo	CaVi	CrAm	CrQu	DaQu	ExRh	ExVi	GaLe	GeCa	KaBr	KaPf	KwBe	KwDe	KwPi	KwSh	LiCh	LiKo	MeLa	MiSa	MoAp	MoSn	NeCr	NeIr	PeCa	PeEc	PeUc	PhCo	PlOs	PuSt	PyTe	RhCo	RhDi	RhGr	RhPa	RhTo	SeLi	SpBr	SpRe	TeBo	TiNi	TiWa	ToAg	TrAs	TuMe	UsMa
HG_3234 	AbBi	AcIn	AsNi	AuMe	AuPu	AuTh	BoEd	CaCo	CaVi	CrAm	CrQu	CuOl	ExRh	ExVi	GaLe	GeCa	GlCe	KaBr	KaPf	KwBe	KwDe	KwPi	KwSh	MaJa	MaRe	MaSy	MeLa	MiSa	MoAp	MoSn	NeCr	NeIr	PeCa	PeEc	PeUc	PhCo	PlOs	PuSt	PyTe	RhCo	RhDi	RhGr	RhPa	RhTo	SeLi	SpBr	SpRe	TeBo	TiNi	TiWa	TrAs	TuMe	UmVi	UsMa	YaLi
HG_6006 	AmRe	AsNi	AuMe	AuPu	AuTh	CaAl	DeUd	ExVi	GeCa	GlCe	KaPf	LaNo	LiCh	LiKo	MoSn	NaAn	NeCr	NeIr	PeCa	PeEc	PeUc	PyTe	RhCo	SaCe	SaSe	SeLi	SpBr	SpLa	TeBo	TiNi	ToAg	TrAs	UmVi	YaLi
HG_4876 	AbBi	AcIn	AlAf	AmRe	AsNi	BoEd	CaAl	CaCo	CrQu	DaQu	DeUd	ExRh	ExVi	GaLe	KaBr	KaPf	LiCh	LiKo	MeLa	MiSa	MoAp	MoSn	NaAn	NeCr	NeIr	PeCa	PeEc	PeUc	PhCo	PlOs	PuSt	RhCo	RhDi	RhGr	RhPa	RhTo	SpBr	SpRe	TeBo	TiNi	TiWa	ToAg	TrAs	TuMe	UsMa
HG_31339 	NeIr	UmVi
HG_5163 	AcIn	AlAf	AmRe	AsNi	AuPu	AuTh	CaAl	CaCo	CaVi	ExRh	ExVi	GeCa	LiKo	NaAn	NeIr	PeCa	PyTe	RhCo	RhGr	RhPa	SpBr	SpLa	TiWa	TrAs	TuMe	YaLi
HG_3687 	AbBi	AcIn	AmRe	AsNi	AuMe	AuPu	AuTh	BoEd	CaCo	CaVi	CrAm	CrQu	CuOl	DaQu	ExRh	ExVi	GaLe	GeCa	GlCe	KaPf	KwBe	KwDe	KwPi	KwSh	MeLa	MiSa	MoAp	MoSn	NeCr	NeIr	PeCa	PeEc	PeUc	PhCo	PlOs	PuSt	PyTe	RhCo	RhDi	RhGr	RhPa	RhTo	SeLi	SpBr	SpRe	TeBo	TiNi	TiWa	TrAs	TuMe	UmVi	UsMa
HG_3646 	AbBi	AcIn	AlAf	AmRe	AsNi	AuMe	AuPu	AuTh	BoEd	CaAl	CaCo	CaVi	CrAm	CrQu	CuOl	DaQu	DeUd	ExRh	ExVi	GaLe	GeCa	GlCe	KaBr	KaPf	KwBe	KwDe	KwPi	KwSh	LaNo	LiCh	LiKo	MaJa	MaRe	MaSy	MeLa	MiSa	MoAp	MoSn	NaAn	NeCr	NeIr	PeCa	PeEc	PeUc	PhCo	PlOs	PuSt	PyTe	RhCo	RhDi	RhGr	RhPa	RhTo	SaCe	SaSe	SeLi	SpBr	SpLa	SpRe	TeBo	TiNi	TiWa	ToAg	TrAs	TuMe	UmVi	UsMa	YaLi
HG_8023 	AmRe	AsNi	AuMe	AuPu	AuTh	ExVi	GeCa	KaPf	MoSn	NeCr	NeIr	PeCa	PeEc	PeUc	PyTe	RhCo	TeBo	TiNi	TrAs	UmVi
HG_3910 	AbBi	AcIn	AmRe	AsNi	AuMe	AuPu	AuTh	BoEd	CaAl	CaCo	CaVi	CrAm	CrQu	CuOl	DaQu	DeUd	ExRh	ExVi	GeCa	KaBr	KaPf	KwBe	KwDe	KwPi	KwSh	LaNo	LiCh	LiKo	MaJa	MaRe	MaSy	MeLa	MiSa	MoAp	MoSn	NaAn	NeCr	NeIr	PeCa	PeEc	PeUc	PhCo	PlOs	PuSt	PyTe	RhCo	RhDi	RhGr	RhPa	RhTo	SaSe	SeLi	SpBr	SpRe	TeBo	TiNi	TiWa	ToAg	TrAs	TuMe	UmVi	UsMa	YaLi
HG_8476 	AcIn	CaCo	CaVi	CrAm	CuOl	ExRh	KaBr	KwBe	KwDe	KwPi	KwSh	MaJa	MaSy	MoAp	NeIr	SpRe	TiWa	UsMa
HG_4562 	AbBi	AcIn	AmRe	AsNi	AuMe	AuPu	AuTh	BoEd	CaCo	CaVi	CrAm	CrQu	CuOl	DaQu	GaLe	GeCa	GlCe	KaPf	KwBe	KwDe	KwPi	KwSh	LiCh	LiKo	MeLa	MiSa	MoSn	NeIr	PeCa	PeEc	PeUc	PhCo	PlOs	PuSt	PyTe	RhCo	RhDi	RhGr	RhPa	RhTo	SeLi	SpBr	TeBo	TiNi	TuMe
HG_3656 	AbBi	AcIn	AlAf	AmRe	AsNi	AuMe	AuPu	AuTh	BoEd	CaAl	CaVi	CrAm	CrQu	CuOl	DaQu	DeUd	ExRh	ExVi	GaLe	GeCa	GlCe	KaBr	KaPf	KwBe	KwDe	KwPi	KwSh	LaNo	LiCh	LiKo	MaRe	MaSy	MeLa	MiSa	MoAp	MoSn	NaAn	NeCr	NeIr	PeCa	PeEc	PeUc	PhCo	PlOs	PuSt	PyTe	RhCo	RhDi	RhPa	RhTo	SaCe	SaSe	SeLi	SpBr	SpLa	SpRe	TeBo	TiNi	TiWa	ToAg	TrAs	TuMe	UmVi	UsMa	YaLi
HG_9892 	AlAf	CaAl	DeUd	LaNo	LiCh	LiKo	NaAn	NeIr	SaCe	SaSe	SpLa	ToAg	YaLi
HG_5456 	AlAf	AmRe	AsNi	AuMe	AuPu	AuTh	ExVi	GeCa	GlCe	KaPf	LaNo	LiCh	LiKo	MoSn	NaAn	NeCr	NeIr	PeCa	PeEc	PeUc	PyTe	RhCo	SaCe	SaSe	SeLi	SpBr	SpLa	TeBo	TiNi	ToAg	TrAs	TuMe	UmVi	YaLi
HG_3939 	AbBi	AcIn	AlAf	AmRe	AsNi	AuMe	AuPu	AuTh	BoEd	CaAl	CaCo	CaVi	CrAm	CrQu	CuOl	DaQu	DeUd	ExRh	ExVi	GaLe	GeCa	KaBr	KaPf	KwBe	KwDe	KwPi	KwSh	LaNo	LiCh	LiKo	MiSa	MoAp	MoSn	NaAn	NeCr	NeIr	PeCa	PeEc	PeUc	PhCo	PlOs	PuSt	PyTe	RhCo	RhDi	RhGr	RhPa	RhTo	SaCe	SaSe	SeLi	SpBr	SpLa	SpRe	TeBo	TiNi	TiWa	ToAg	TrAs	TuMe	UmVi	UsMa	YaLi
HG_8445 	CaAl	CrQu	MaRe	MaSy	MeLa	NeIr	PuSt	RhDi	SpRe	TeBo	TuMe
HG_16692 	BoEd	MeLa	NeIr	PuSt
HG_10963 	CaAl	CrQu	CuOl	KwSh	MaRe	MaSy	NeIr	SpRe
HG_4226 	AbBi	AcIn	AmRe	BoEd	CaCo	CaVi	CrAm	CrQu	CuOl	DaQu	ExRh	GaLe	GeCa	GlCe	KaBr	KaPf	KwBe	KwDe	KwPi	KwSh	MoAp	MoSn	NeIr	PeEc	PhCo	PlOs	PuSt	PyTe	RhCo	RhDi	RhPa	RhTo	SpBr	SpRe	TeBo	TiNi	TuMe	UsMa
HG_4943 	AbBi	AmRe	AsNi	AuMe	AuPu	AuTh	CaCo	CaVi	CrAm	CrQu	CuOl	DaQu	ExVi	GeCa	KaBr	KaPf	KwBe	KwDe	KwPi	KwSh	LiCh	LiKo	MeLa	MiSa	MoAp	MoSn	NeCr	NeIr	PeEc	PhCo	PuSt	PyTe	RhCo	SeLi	SpBr	SpRe	TeBo	TiNi	TiWa	TuMe	UsMa
HG_31160 	CaCo	NeIr
HG_5230 	AcIn	AlAf	AmRe	AsNi	AuPu	AuTh	BoEd	CaCo	CaVi	CrQu	CuOl	DaQu	ExVi	GaLe	GeCa	GlCe	KaPf	KwDe	MaJa	MeLa	MiSa	MoAp	MoSn	NeCr	NeIr	PeCa	PeEc	PeUc	PhCo	PlOs	PuSt	PyTe	RhCo	RhDi	SeLi	SpBr	SpRe	TeBo	TiNi	TiWa	TrAs	UmVi	UsMa
HG_24393 	CuOl	KaPf	NeIr
HG_8816 	AsNi	ExRh	ExVi	GlCe	KwBe	LiCh	NeIr	PeCa	PyTe	SeLi	TiWa	TrAs	TuMe
HG_3930 	AbBi	AcIn	AlAf	AmRe	AuPu	AuTh	BoEd	CaAl	CaCo	CaVi	CrAm	CrQu	CuOl	DaQu	DeUd	ExRh	ExVi	GaLe	GeCa	GlCe	KaBr	KaPf	KwBe	KwDe	KwPi	KwSh	LaNo	MaJa	MaRe	MaSy	MeLa	MiSa	MoAp	MoSn	NaAn	NeCr	NeIr	PeEc	PhCo	PlOs	PuSt	RhCo	RhDi	RhGr	RhPa	RhTo	SaCe	SeLi	SpBr	SpRe	TeBo	TiNi	TiWa	ToAg	TrAs	TuMe	UsMa
HG_6960 	AbBi	BoEd	CaCo	CaVi	DaQu	ExVi	GaLe	GeCa	KaPf	MoSn	NeCr	NeIr	PeCa	PeEc	PeUc	PhCo	PlOs	PyTe	RhDi	RhPa	RhTo	SeLi	TeBo	TiNi	TuMe
HG_9820 	AcIn	ExRh	KaBr	MaJa	MaRe	MaSy	MoAp	NeIr	SpRe	TiWa	UmVi	UsMa
HG_7483 	AbBi	AcIn	CrQu	DaQu	ExRh	GaLe	GlCe	KaBr	MeLa	MoAp	NeIr	PhCo	PlOs	PuSt	RhDi	RhGr	RhPa	RhTo	SpRe	TiWa	UsMa
HG_690 	AlAf	AuMe	AuPu	AuTh	CrQu	GlCe	KaPf	MeLa	MiSa	MoSn	NeCr	NeIr	PeCa	PeEc	PlOs	PuSt	PyTe	RhCo	RhDi	RhGr	RhPa	RhTo	SpBr	TeBo	TiNi	TiWa	TrAs	UmVi	YaLi
HG_9830 	AbBi	CaCo	GaLe	KaPf	NeIr	PeEc	PhCo	UsMa
HG_5781 	AbBi	AcIn	BoEd	CaCo	CaVi	CrAm	CrQu	CuOl	DaQu	ExRh	GaLe	KaBr	KwBe	KwDe	KwPi	KwSh	MaJa	MaRe	MaSy	MeLa	MiSa	MoAp	NeIr	PhCo	PlOs	PuSt	RhDi	RhGr	RhPa	RhTo	SpRe	TiWa	UmVi	UsMa
HG_5435 	AcIn	AlAf	AmRe	AsNi	AuMe	AuPu	AuTh	ExRh	ExVi	GeCa	GlCe	KaBr	KaPf	LiCh	LiKo	MiSa	MoAp	MoSn	NeCr	NeIr	PeCa	PeEc	PeUc	PyTe	RhCo	SeLi	SpBr	SpLa	SpRe	TeBo	TiNi	TiWa	ToAg	TrAs	TuMe	UmVi	UsMa	YaLi
HG_7581 	AmRe	AsNi	AuMe	AuPu	AuTh	ExVi	GeCa	KaPf	MoSn	NeCr	NeIr	PeCa	PeEc	PeUc	PyTe	RhCo	SeLi	SpBr	TeBo	TiNi	TrAs	TuMe
HG_6819 	AmRe	AsNi	AuMe	AuPu	AuTh	ExVi	GeCa	KaPf	LiCh	LiKo	MoSn	NeCr	NeIr	PeCa	PeEc	PeUc	PyTe	RhCo	SeLi	SpBr	TeBo	TiNi	ToAg	TrAs	TuMe
HG_5935 	AbBi	AcIn	AmRe	AsNi	BoEd	CaCo	CaVi	DaQu	ExVi	GeCa	GlCe	KaPf	LiCh	LiKo	MoSn	NeCr	NeIr	PeCa	PeEc	PyTe	SeLi	SpBr	TeBo	TiNi	TrAs	TuMe	UmVi	YaLi
HG_8192 	AmRe	AuMe	AuPu	AuTh	ExVi	MoSn	NeCr	NeIr	PeCa	PeEc	PeUc	PyTe	RhCo	SeLi	SpBr	TeBo	TiNi	TrAs	TuMe
HG_14737 	GeCa	MoSn	NeIr	PeEc	TiNi	TuMe
HG_8836 	AmRe	AsNi	AuMe	AuPu	AuTh	ExVi	GeCa	NeCr	NeIr	PeCa	PeUc	PyTe	RhCo	SeLi	SpBr	TrAs
HG_7776 	AmRe	AsNi	AuMe	AuPu	AuTh	ExVi	GeCa	MoSn	NeCr	NeIr	PeCa	PeEc	PeUc	PyTe	RhCo	SeLi	SpBr	TeBo	TiNi	TrAs	TuMe
HG_13921 	DaQu	GeCa	NeIr	SpBr
HG_7091 	AmRe	AsNi	AuMe	AuPu	AuTh	ExVi	GeCa	KaPf	MoSn	NeCr	NeIr	PeCa	PeEc	PeUc	PyTe	RhCo	SeLi	SpBr	TeBo	TiNi	TrAs	TuMe
HG_7606 	AmRe	AsNi	AuMe	AuPu	AuTh	ExVi	GeCa	KaPf	MoSn	NeCr	NeIr	PeCa	PeEc	PeUc	PyTe	RhCo	SeLi	SpBr	TeBo	TiNi	TrAs	TuMe
HG_7823 	AcIn	AsNi	AuMe	AuPu	AuTh	ExVi	GeCa	KaPf	MoSn	NeIr	PeCa	PeEc	PeUc	PyTe	SeLi	SpBr	TeBo	TiNi	TiWa	ToAg	TuMe
HG_3557 	AbBi	AcIn	AlAf	AmRe	AsNi	AuMe	AuPu	AuTh	BoEd	CaAl	CaCo	CaVi	CrAm	CrQu	CuOl	DaQu	DeUd	ExRh	ExVi	GaLe	GeCa	KaBr	KaPf	KwBe	KwDe	KwPi	KwSh	LaNo	LiCh	LiKo	MaJa	MaRe	MaSy	MeLa	MiSa	MoAp	MoSn	NaAn	NeCr	NeIr	PeCa	PeEc	PeUc	PhCo	PlOs	PuSt	PyTe	RhCo	RhDi	RhGr	RhPa	RhTo	SaCe	SaSe	SeLi	SpBr	SpLa	SpRe	TeBo	TiNi	TiWa	ToAg	TrAs	TuMe	UsMa	YaLi
HG_642 	AbBi	AlAf	AmRe	AsNi	AuMe	AuPu	AuTh	BoEd	CaCo	CaVi	CrQu	CuOl	DaQu	ExRh	ExVi	GaLe	GeCa	KaBr	KaPf	KwBe	KwDe	KwPi	MeLa	MoAp	MoSn	NeCr	NeIr	PeCa	PeEc	PeUc	PhCo	PlOs	PuSt	PyTe	RhCo	RhDi	RhGr	RhPa	RhTo	SaSe	SeLi	SpBr	SpRe	TeBo	TiNi	TrAs	TuMe	UsMa
HG_10051 	AmRe	AsNi	AuMe	AuPu	CaCo	CaVi	ExVi	NeCr	NeIr	PeCa	PyTe	RhCo
HG_127 	AbBi	AmRe	AsNi	AuMe	AuPu	AuTh	BoEd	CaCo	CaVi	CrQu	DaQu	ExVi	GaLe	GeCa	KaPf	MoSn	NeCr	NeIr	PeCa	PeEc	PeUc	PhCo	PlOs	PuSt	PyTe	RhCo	RhPa	RhTo	SeLi	SpBr	TeBo	TiNi	TiWa	TrAs	TuMe
HG_5750 	AbBi	AcIn	BoEd	CaCo	CaVi	CrAm	CrQu	CuOl	DaQu	ExRh	GaLe	GlCe	KaBr	KwBe	KwDe	KwPi	KwSh	MaJa	MaRe	MaSy	MeLa	MiSa	MoAp	NeIr	PhCo	PlOs	PuSt	RhDi	RhGr	RhPa	RhTo	SpRe	TiWa	UmVi	UsMa
HG_9447 	AbBi	BoEd	DaQu	GaLe	GeCa	KaPf	MoSn	NeIr	PeEc	SpBr	TeBo	TiNi	TuMe
HG_8475 	AcIn	CrAm	CuOl	ExRh	GlCe	KaBr	KwBe	KwDe	KwPi	KwSh	MaJa	MaRe	MaSy	MoAp	NeIr	SpRe	UmVi	UsMa
HG_110 	AcIn	AsNi	AuMe	AuPu	AuTh	CaCo	CrAm	CrQu	CuOl	ExRh	ExVi	GeCa	GlCe	KaBr	KaPf	KwBe	KwDe	KwPi	KwSh	LiCh	LiKo	MeLa	MiSa	MoAp	MoSn	NeCr	NeIr	PeCa	PeEc	PeUc	PhCo	PlOs	PuSt	PyTe	RhCo	RhDi	RhGr	RhPa	RhTo	SpBr	SpRe	TeBo	TiNi	TiWa	TrAs	TuMe	UmVi	UsMa
HG_4039 	AcIn	AsNi	AuMe	AuPu	AuTh	CrQu	ExRh	ExVi	GeCa	KwBe	KwDe	KwPi	KwSh	MeLa	MiSa	NeCr	NeIr	PeCa	PeUc	PuSt	PyTe	RhCo	RhDi	RhGr	RhPa	RhTo	SeLi	SpBr	TiWa
HG_12034 	ExVi	NaAn	NeIr	PuSt
HG_7028 	CaCo	CaVi	DaQu	GaLe	NeIr	PhCo	PlOs
HG_4973 	AbBi	AcIn	AsNi	CaCo	CaVi	DaQu	ExVi	GaLe	LiCh	LiKo	NeIr	PeCa	PlOs	RhCo	SeLi	TrAs
HG_9350 	AbBi	CrAm	GaLe	KwBe	KwDe	KwPi	KwSh	NeIr
HG_5002 	AbBi	AcIn	AmRe	AsNi	AuMe	AuPu	AuTh	CaCo	CaVi	CrQu	DaQu	ExRh	ExVi	GaLe	GeCa	KaBr	MaJa	MaRe	MaSy	MeLa	MiSa	MoAp	NeCr	NeIr	PeCa	PeUc	PhCo	PlOs	PuSt	PyTe	RhCo	RhDi	RhGr	RhPa	RhTo	SeLi	SpRe	TiWa	TrAs	UsMa
HG_9891 	AlAf	CaAl	DeUd	LaNo	LiCh	LiKo	NaAn	NeIr	SaCe	SaSe	SpLa	ToAg	YaLi
HG_5238 	AbBi	AcIn	BoEd	CaCo	CaVi	CrAm	CrQu	CuOl	DaQu	ExRh	GaLe	GlCe	KaBr	KwBe	KwDe	KwPi	KwSh	MaJa	MaRe	MaSy	MeLa	MoAp	MoSn	NeIr	PeEc	PhCo	PlOs	PuSt	RhTo	SpRe	TeBo	TiNi	TiWa	UmVi	UsMa
HG_16377 	AcIn	CrQu	MeLa	NeIr	PuSt
HG_7079 	AmRe	AsNi	AuMe	AuPu	AuTh	ExVi	GeCa	KaPf	MoSn	NeCr	NeIr	PeCa	PeEc	PeUc	PhCo	PyTe	RhCo	SeLi	SpBr	TeBo	TiNi	TrAs	TuMe
HG_5182 	AcIn	AmRe	AsNi	AuMe	AuPu	AuTh	BoEd	CaCo	CaVi	ExVi	GeCa	KaBr	MoAp	MoSn	NeCr	NeIr	PeCa	PeEc	PeUc	PyTe	RhCo	RhPa	SeLi	SpRe	TeBo	TiNi	TrAs	UsMa
HG_5141 	AcIn	AmRe	AsNi	AuMe	AuPu	AuTh	CaAl	CrQu	DeUd	ExRh	ExVi	GeCa	KaBr	KaPf	LiCh	LiKo	MeLa	MiSa	MoAp	MoSn	NaAn	NeCr	NeIr	PeCa	PeEc	PeUc	PuSt	PyTe	RhCo	RhDi	RhPa	SeLi	SpBr	SpLa	SpRe	TeBo	TiNi	TrAs	TuMe	UmVi	UsMa	YaLi
HG_20896 	CaAl	NeIr	TeBo
HG_8903 	CaAl	CrQu	DaQu	ExRh	MaRe	MaSy	MiSa	NeIr	PuSt	RhDi	SpRe	TeBo	TuMe
HG_15648 	AcIn	MaJa	NeIr	PyTe	SeLi
HG_5100 	AmRe	AsNi	AuPu	AuTh	ExVi	GeCa	KaPf	MoSn	NeCr	NeIr	PeEc	PyTe	RhCo	SeLi	SpBr	TeBo	TiNi	TrAs	TuMe
HG_4081 	AbBi	AmRe	AuMe	AuPu	AuTh	BoEd	CaCo	CaVi	CuOl	DaQu	ExVi	GaLe	GeCa	GlCe	KaBr	KaPf	LiCh	LiKo	MoAp	MoSn	NeCr	NeIr	PeCa	PeEc	PeUc	PhCo	PlOs	PyTe	RhCo	SeLi	SpBr	SpRe	TeBo	TiNi	ToAg	TrAs	TuMe	UsMa	YaLi
HG_13 	AbBi	AcIn	AmRe	AsNi	AuMe	AuPu	AuTh	BoEd	CaCo	CaVi	CrQu	CuOl	DaQu	ExRh	ExVi	GaLe	GeCa	KaPf	MeLa	MoAp	MoSn	NeCr	NeIr	PeCa	PeEc	PeUc	PhCo	PlOs	PuSt	PyTe	RhCo	SeLi	SpBr	SpRe	TeBo	TiNi	TrAs	TuMe	UsMa	YaLi
HG_5207 	AbBi	AsNi	AuMe	AuPu	AuTh	CrAm	ExRh	GaLe	GlCe	KaBr	KaPf	KwBe	KwDe	KwPi	KwSh	MiSa	MoAp	MoSn	NeIr	PeCa	PeEc	PeUc	PhCo	PlOs	PuSt	PyTe	RhCo	RhDi	RhPa	RhTo	SeLi	SpBr	SpRe	TiWa	TuMe	UsMa
HG_7441 	AmRe	AsNi	AuMe	AuPu	AuTh	ExVi	GeCa	KaPf	MoSn	NeCr	NeIr	PeCa	PeEc	PeUc	PyTe	RhCo	SeLi	SpBr	TeBo	TiNi	TuMe
HG_3392 	AbBi	AcIn	AlAf	AmRe	AsNi	AuMe	AuPu	AuTh	BoEd	CaAl	CaCo	CaVi	CrAm	CrQu	CuOl	DaQu	DeUd	ExRh	ExVi	GaLe	GeCa	GlCe	KaBr	KaPf	KwBe	KwDe	KwPi	KwSh	LaNo	LiCh	LiKo	MaJa	MaRe	MaSy	MeLa	MiSa	MoAp	MoSn	NaAn	NeCr	NeIr	PeCa	PeEc	PeUc	PhCo	PlOs	PuSt	PyTe	RhCo	RhDi	RhGr	RhPa	RhTo	SaCe	SaSe	SeLi	SpBr	SpLa	SpRe	TeBo	TiNi	TiWa	ToAg	TrAs	TuMe	UmVi	UsMa	YaLi
HG_6849 	AmRe	AsNi	AuMe	AuPu	AuTh	ExVi	GeCa	KaPf	LiCh	LiKo	MoSn	NeCr	NeIr	PeCa	PeEc	PeUc	PyTe	RhCo	SeLi	SpBr	TeBo	TiNi	ToAg	TrAs	TuMe
HG_5789 	AbBi	AmRe	AsNi	AuMe	AuPu	AuTh	BoEd	CaCo	CaVi	DaQu	ExVi	GaLe	GeCa	GlCe	KaPf	LiCh	LiKo	MoSn	NeCr	NeIr	PeCa	PeEc	PeUc	PhCo	PlOs	PyTe	RhCo	SeLi	SpBr	TeBo	TiNi	TuMe
HG_24875 	NeIr	UmVi
HG_5387 	AlAf	AmRe	AuPu	CaAl	DeUd	ExVi	GeCa	KaPf	LaNo	LiCh	LiKo	MoSn	NaAn	NeCr	NeIr	PeEc	PeUc	RhCo	SaCe	SaSe	SeLi	SpBr	SpLa	TeBo	TiNi	ToAg	TrAs	TuMe	YaLi
HG_20906 	GlCe	NeIr	UmVi
HG_5434 	AmRe	AsNi	AuMe	AuPu	AuTh	ExVi	GeCa	GlCe	KaPf	LiCh	LiKo	MoSn	NeCr	NeIr	PeCa	PeEc	PeUc	PyTe	RhCo	SeLi	SpBr	TeBo	TiNi	ToAg	TrAs	TuMe	UmVi
HG_11728 	GeCa	KaPf	MoSn	NeIr	PeEc	SpBr	TeBo	TiNi	TuMe
HG_2986 	AbBi	AmRe	CaCo	CaVi	CrAm	CrQu	DaQu	ExVi	GaLe	GlCe	KaPf	KwBe	KwDe	KwPi	MeLa	MoSn	NeCr	NeIr	PeCa	PeEc	PhCo	PlOs	PuSt	PyTe	RhCo	TiNi	TrAs
HG_5846 	AbBi	AcIn	BoEd	CaCo	CaVi	CrAm	CrQu	CuOl	DaQu	ExRh	GaLe	KaBr	KwBe	KwDe	KwPi	KwSh	LiCh	LiKo	MaRe	MaSy	MeLa	MiSa	MoAp	NeIr	PhCo	PlOs	PuSt	RhDi	RhPa	RhTo	SpRe	TiWa	UmVi	UsMa
HG_6004 	AlAf	AmRe	AsNi	AuMe	AuPu	AuTh	CaAl	DeUd	ExVi	GeCa	KaPf	LiCh	LiKo	MoSn	NaAn	NeCr	NeIr	PeCa	PeEc	PeUc	PyTe	RhCo	SaSe	SeLi	SpBr	SpLa	TeBo	TiNi	ToAg	TrAs	TuMe	YaLi
HG_7822 	AsNi	AuMe	AuPu	AuTh	ExVi	GeCa	KaPf	MoSn	NeIr	PeCa	PeEc	PeUc	PyTe	SeLi	SpBr	TeBo	TiNi	TuMe
HG_5485 	AbBi	AcIn	BoEd	CaCo	CaVi	DaQu	ExRh	GaLe	NeIr	PhCo	PlOs
HG_2414 	AcIn	AlAf	AmRe	AsNi	AuMe	AuPu	AuTh	CaAl	CuOl	ExRh	ExVi	GeCa	GlCe	KaBr	KaPf	KwBe	KwDe	KwSh	LiCh	LiKo	MoAp	MoSn	NaAn	NeCr	NeIr	PeCa	PeEc	PeUc	PhCo	PlOs	PyTe	RhCo	RhDi	RhGr	RhPa	RhTo	SaSe	SeLi	SpBr	SpLa	SpRe	TeBo	TiNi	ToAg	TrAs	TuMe	UmVi	UsMa	YaLi
HG_4255 	AbBi	AcIn	AmRe	AsNi	AuMe	AuPu	AuTh	CaCo	CaVi	CrAm	CrQu	DaQu	ExRh	ExVi	GaLe	GeCa	KaBr	KaPf	KwBe	KwDe	KwPi	LiCh	LiKo	MaJa	MaRe	MaSy	MeLa	MiSa	MoAp	MoSn	NeCr	NeIr	PeCa	PeEc	PeUc	PhCo	PlOs	PuSt	PyTe	RhCo	RhDi	RhGr	RhPa	RhTo	SeLi	SpBr	SpRe	TeBo	TiNi	TiWa	ToAg	TrAs	TuMe	UsMa
HG_10538 	AmRe	AsNi	ExVi	NeIr	PeCa	PeUc
HG_2738 	AbBi	AcIn	AmRe	AuMe	AuPu	AuTh	BoEd	CaCo	CaVi	CrQu	CuOl	DaQu	ExRh	ExVi	GaLe	GeCa	GlCe	KaBr	KaPf	KwBe	KwDe	KwPi	KwSh	MeLa	MiSa	MoAp	MoSn	NeCr	NeIr	PeCa	PeEc	PeUc	PhCo	PlOs	PuSt	PyTe	RhCo	RhDi	RhPa	RhTo	SeLi	SpBr	SpRe	TeBo	TiNi	TrAs	TuMe
HG_29839 	NeIr	RhTo
HG_5985 	AbBi	AcIn	BoEd	CaCo	CaVi	CrAm	CrQu	CuOl	DaQu	ExRh	GaLe	KaBr	KwBe	KwDe	KwPi	KwSh	MeLa	MiSa	MoAp	NeIr	PhCo	PlOs	PuSt	RhDi	RhGr	RhPa	RhTo	SpRe	TiWa	UsMa
HG_6143 	AlAf	AmRe	AuMe	AuPu	AuTh	CaAl	DeUd	ExVi	GeCa	KaPf	LaNo	LiCh	LiKo	MoSn	NaAn	NeCr	NeIr	PeEc	PyTe	RhCo	SaCe	SaSe	SeLi	SpBr	SpLa	TeBo	TiNi	ToAg	TrAs	TuMe	UmVi	YaLi
HG_4796 	AbBi	AmRe	AsNi	BoEd	CaCo	CaVi	CrAm	CrQu	CuOl	DaQu	ExVi	GaLe	GeCa	GlCe	KaPf	KwBe	KwDe	KwPi	KwSh	LiCh	LiKo	MaJa	MaRe	MaSy	MeLa	MoSn	NeCr	NeIr	PeCa	PeEc	PeUc	PhCo	PlOs	PuSt	PyTe	RhCo	RhDi	RhGr	RhPa	RhTo	SpBr	TeBo	TiNi	TrAs	TuMe	UmVi
HG_4579 	AbBi	AmRe	AsNi	AuMe	AuPu	AuTh	BoEd	CrAm	CrQu	CuOl	DaQu	ExVi	GaLe	GeCa	GlCe	KaBr	KaPf	KwBe	KwDe	KwPi	KwSh	MaJa	MaRe	MaSy	MeLa	MiSa	MoAp	MoSn	NeCr	NeIr	PeCa	PeUc	PhCo	PlOs	PyTe	RhCo	RhDi	RhGr	RhPa	RhTo	SeLi	SpBr	SpRe	TeBo	TiNi	TiWa	ToAg	TrAs	TuMe	UmVi	UsMa	YaLi
HG_8160 	AbBi	BoEd	DaQu	GaLe	GlCe	NeIr	PhCo	PlOs
HG_7439 	AmRe	AsNi	AuMe	AuPu	AuTh	ExVi	GeCa	KaPf	MoSn	NeCr	NeIr	PeCa	PeEc	PeUc	PyTe	RhCo	SeLi	SpBr	TeBo	TiNi	TrAs	TuMe	YaLi
HG_6684 	AbBi	BoEd	CaCo	CaVi	CrAm	CrQu	CuOl	DaQu	GaLe	KwBe	KwDe	KwPi	KwSh	MeLa	MiSa	NeIr	PhCo	PlOs	PuSt	RhDi	RhGr	RhPa	RhTo
HG_4394 	GlCe	NeIr
HG_12670 	AcIn	ExRh	KaBr	MoAp	NeIr	SpRe	TiWa	UsMa
HG_6709 	AuMe	AuPu	AuTh	NeIr	PeCa	PyTe
HG_4589 	AcIn	AmRe	AsNi	AuMe	AuPu	AuTh	CaCo	CaVi	CrQu	CuOl	DaQu	ExRh	GaLe	GlCe	KaBr	KwBe	KwDe	KwPi	KwSh	LiCh	LiKo	MiSa	MoAp	MoSn	NeCr	NeIr	PeCa	PeEc	PeUc	PhCo	PlOs	PuSt	PyTe	RhCo	RhGr	RhPa	RhTo	SeLi	SpBr	SpRe	TeBo	TiNi	TiWa	ToAg	TrAs	TuMe	UsMa
HG_9230 	ExVi	GeCa	KaPf	MoSn	NeCr	NeIr	PeEc	PyTe	RhCo	SpBr	TrAs
HG_4765 	AbBi	AcIn	AlAf	BoEd	CaAl	CaCo	CaVi	CrAm	CrQu	CuOl	DaQu	DeUd	ExRh	GaLe	GeCa	GlCe	KaBr	KwBe	KwDe	KwPi	KwSh	LaNo	MaRe	MaSy	MoAp	MoSn	NaAn	NeIr	PhCo	PlOs	PuSt	RhDi	RhGr	RhPa	RhTo	SaCe	SaSe	SpBr	SpLa	SpRe	TiWa	UmVi	UsMa	YaLi
HG_2780 	AlAf	AmRe	AsNi	AuMe	AuPu	AuTh	CaAl	DeUd	ExVi	GeCa	KaPf	LaNo	LiCh	LiKo	MoSn	NaAn	NeCr	NeIr	PeCa	PeEc	PeUc	PyTe	RhCo	SaCe	SaSe	SeLi	SpBr	SpLa	TeBo	TiNi	ToAg	TrAs	TuMe	YaLi
HG_10482 	AmRe	AuMe	AuPu	AuTh	NeCr	NeIr	PeCa	PeUc	RhCo	SeLi	TrAs
HG_7578 	AmRe	AsNi	AuMe	AuPu	AuTh	ExVi	GeCa	KaPf	MoSn	NeCr	NeIr	PeCa	PeEc	PeUc	PyTe	RhCo	SeLi	SpBr	TeBo	TiNi	TrAs	TuMe
HG_7408 	AmRe	AsNi	AuMe	AuPu	AuTh	ExVi	GeCa	KaPf	LiCh	LiKo	MoSn	NeCr	NeIr	PeCa	PeEc	PeUc	PyTe	RhCo	SeLi	TeBo	TiNi	TrAs	TuMe
HG_6389 	AbBi	BoEd	CaCo	CaVi	CrQu	CuOl	DaQu	GaLe	GeCa	GlCe	KaBr	KaPf	LiCh	LiKo	MeLa	MoAp	MoSn	NeIr	PeEc	PhCo	PlOs	SpBr	SpRe	TeBo	TiNi	TiWa	ToAg	TuMe	UsMa
HG_29 	AbBi	AcIn	AmRe	AsNi	AuMe	AuPu	AuTh	BoEd	CaVi	DaQu	ExRh	ExVi	GaLe	GeCa	GlCe	KaPf	LiKo	MiSa	MoSn	NeCr	NeIr	PeCa	PeEc	PeUc	PhCo	PlOs	PyTe	RhCo	RhDi	RhGr	RhPa	RhTo	SeLi	SpBr	TeBo	TiNi	TiWa	TrAs	TuMe	UmVi
HG_7264 	AmRe	AsNi	AuMe	AuPu	AuTh	ExVi	GeCa	KaPf	LiCh	LiKo	MoSn	NeCr	NeIr	PeCa	PeEc	PeUc	PyTe	RhCo	SeLi	SpBr	TeBo	TiNi	TrAs	TuMe
HG_10633 	ExRh	MaRe	MaSy	NeCr	NeIr	PuSt	RhDi	SpRe	TeBo
HG_17739 	GlCe	LiCh	LiKo	NeIr	UmVi
HG_27577 	NeIr	YaLi
HG_5521 	AlAf	AmRe	AsNi	AuMe	AuPu	AuTh	CaAl	DeUd	ExVi	GeCa	KaPf	LaNo	LiCh	LiKo	MoSn	NaAn	NeCr	NeIr	PeCa	PeEc	PeUc	PyTe	RhCo	SaCe	SaSe	SeLi	SpBr	SpLa	TeBo	TiNi	ToAg	TrAs	TuMe	YaLi
HG_4068 	AbBi	AcIn	BoEd	CaCo	CaVi	CrAm	CrQu	CuOl	DaQu	ExRh	GaLe	GlCe	KaBr	KwBe	KwDe	KwPi	KwSh	MaJa	MaRe	MaSy	MeLa	MiSa	MoAp	NeIr	PhCo	PlOs	PuSt	RhDi	RhGr	RhPa	RhTo	SpRe	TiWa	UmVi	UsMa
HG_7098 	AmRe	AsNi	AuMe	AuPu	AuTh	ExVi	GeCa	KaPf	LiCh	LiKo	MoSn	NeCr	NeIr	PeCa	PeEc	PeUc	PyTe	RhCo	SeLi	SpBr	TeBo	TiNi	ToAg	TrAs	TuMe
HG_5845 	AbBi	AcIn	BoEd	CaCo	CaVi	CrAm	CrQu	CuOl	DaQu	ExRh	GaLe	KaBr	KwBe	KwDe	KwPi	KwSh	LaNo	MaJa	MaRe	MaSy	MeLa	MiSa	MoAp	NeIr	PhCo	PlOs	PuSt	RhDi	RhGr	RhPa	RhTo	SaCe	SpRe	TiWa	UsMa
HG_2042 	AbBi	AlAf	AuTh	CaCo	CaVi	CrAm	GeCa	KaPf	LiCh	LiKo	MeLa	MoSn	NeCr	NeIr	PhCo	PuSt	SpBr	TiWa	TrAs
HG_5628 	AlAf	AmRe	AsNi	AuMe	AuPu	AuTh	CaAl	DeUd	ExVi	GeCa	KaPf	LaNo	LiCh	LiKo	MoSn	NaAn	NeCr	NeIr	PeCa	PeEc	PeUc	PyTe	RhCo	SaCe	SaSe	SeLi	SpBr	SpLa	TeBo	TiNi	ToAg	TrAs	TuMe	UmVi	YaLi
HG_7862 	AmRe	AsNi	AuPu	AuTh	ExVi	GeCa	KaPf	MoSn	NeCr	NeIr	PeCa	PeEc	PeUc	PyTe	RhCo	SeLi	TeBo	TiNi	TrAs	TuMe
HG_8020 	AmRe	AsNi	AuMe	AuPu	AuTh	ExVi	GlCe	KaPf	MoSn	NeCr	NeIr	PeCa	PeEc	PeUc	PyTe	RhCo	SeLi	TeBo	TuMe
HG_12032 	GeCa	KaPf	MoSn	NeIr	PeEc	SpBr	TeBo	TiNi
HG_9445 	GeCa	GlCe	KaPf	LiCh	LiKo	MoSn	NeIr	PeEc	PyTe	SpBr	TeBo	TiNi	ToAg	TuMe
HG_24860 	BoEd	GaLe	NeIr
HG_4471 	AbBi	AcIn	AmRe	AsNi	AuMe	AuPu	AuTh	CaAl	CaCo	CaVi	CrAm	CuOl	DaQu	DeUd	ExRh	ExVi	GaLe	GlCe	KaBr	KaPf	KwBe	KwDe	KwPi	KwSh	LaNo	LiCh	LiKo	MiSa	MoAp	MoSn	NaAn	NeCr	NeIr	PeCa	PeEc	PeUc	PhCo	PlOs	PyTe	RhCo	SaSe	SpBr	SpLa	SpRe	TeBo	TiNi	ToAg	TrAs	TuMe	UmVi	UsMa	YaLi
HG_3709 	AbBi	AcIn	AlAf	AmRe	AsNi	AuMe	AuPu	AuTh	BoEd	CaAl	CaCo	CaVi	CrQu	DaQu	DeUd	ExRh	GaLe	GeCa	KaBr	LaNo	LiCh	LiKo	MaSy	MeLa	MoAp	MoSn	NaAn	NeCr	NeIr	PeCa	PhCo	PlOs	PuSt	PyTe	RhCo	RhDi	RhGr	RhPa	RhTo	SaSe	SeLi	SpBr	SpLa	SpRe	TiWa	ToAg	UmVi	UsMa	YaLi
HG_8215 	AmRe	AsNi	AuPu	GeCa	MoSn	NeCr	NeIr	PeCa	PeEc	PeUc	PyTe	RhCo	SpBr	TuMe
HG_12391 	AcIn	ExRh	KaBr	MoAp	NeIr	SpRe	TiWa	UsMa
HG_151 	AcIn	AlAf	AmRe	AsNi	AuMe	AuPu	AuTh	CaCo	CaVi	CrAm	CrQu	CuOl	DaQu	ExRh	ExVi	GeCa	KaBr	KaPf	KwBe	KwDe	KwPi	KwSh	LiCh	LiKo	MeLa	MiSa	MoAp	MoSn	NeCr	NeIr	PeCa	PeEc	PeUc	PyTe	RhCo	RhDi	RhGr	RhPa	RhTo	SeLi	SpBr	SpLa	SpRe	TeBo	TiNi	TrAs	TuMe	UsMa
HG_10646 	CrAm	GlCe	KwBe	KwDe	KwPi	KwSh	MiSa	NeIr	PyTe	SeLi	UmVi
HG_6378 	AmRe	AsNi	AuPu	AuTh	CaCo	CaVi	DaQu	ExVi	GeCa	GlCe	KaPf	MiSa	MoSn	NeIr	PeCa	PeUc	PhCo	PlOs	PyTe	RhCo	RhDi	RhGr	RhPa	RhTo	SeLi	SpBr	TeBo	TiNi	TiWa	TuMe
HG_6249 	AbBi	AmRe	AuMe	AuPu	AuTh	CaCo	CaVi	DaQu	ExVi	GaLe	GeCa	GlCe	KaPf	MoSn	NeCr	NeIr	PeCa	PeEc	PeUc	PhCo	PlOs	RhCo	SeLi	SpBr	TeBo	TiNi	TrAs	TuMe	UmVi
HG_4908 	AbBi	AmRe	AsNi	AuTh	BoEd	CaCo	CaVi	CrAm	CrQu	CuOl	DaQu	ExVi	GaLe	GeCa	KaPf	KwBe	KwDe	KwPi	KwSh	LiCh	LiKo	MeLa	MoSn	NeIr	PeCa	PhCo	PlOs	PuSt	PyTe	RhCo	SpBr	TeBo	TiNi	TuMe	UmVi
HG_8571 	AmRe	AsNi	AuPu	AuTh	CrAm	ExVi	MoSn	NeIr	PeCa	PyTe	RhCo	SeLi	TrAs	TuMe
HG_5500 	AcIn	AsNi	CrAm	CrQu	CuOl	ExRh	GlCe	KaBr	KwBe	KwDe	KwPi	KwSh	MaJa	MaRe	MaSy	MeLa	MiSa	MoAp	NeCr	NeIr	PuSt	RhDi	RhGr	RhPa	RhTo	SpRe	TiWa	UmVi	UsMa
HG_7470 	DaQu	GaLe	GeCa	KaPf	MoAp	MoSn	NeCr	NeIr	PeCa	PeUc	PlOs	PyTe	RhCo	SeLi	SpBr	SpRe	TeBo	TiNi	TuMe	UsMa
HG_11780 	CrQu	ExRh	GaLe	MeLa	NeIr	PhCo	PuSt	RhGr	RhTo
HG_24878 	GlCe	NeIr	UmVi
HG_4811 	AbBi	AcIn	AlAf	AmRe	AsNi	AuMe	AuTh	BoEd	CaAl	CaCo	CaVi	DaQu	DeUd	ExRh	GaLe	KaBr	KwBe	KwDe	KwPi	KwSh	LaNo	LiCh	LiKo	MiSa	MoAp	NaAn	NeIr	PeCa	PeUc	PhCo	RhDi	RhGr	RhPa	RhTo	SaCe	SaSe	SpRe	TiWa	TrAs	YaLi
HG_4676 	AlAf	AmRe	AsNi	AuMe	AuPu	AuTh	CaAl	DeUd	ExVi	GaLe	KaPf	LaNo	LiKo	MoSn	NaAn	NeIr	PeCa	PeEc	PeUc	PyTe	RhCo	SaCe	SaSe	SeLi	SpBr	SpLa	TeBo	TiNi	ToAg	TrAs
HG_3446 	AbBi	AcIn	AlAf	AmRe	AsNi	AuMe	AuPu	AuTh	BoEd	CaAl	CaCo	CaVi	CrAm	CrQu	CuOl	DaQu	DeUd	ExRh	ExVi	GaLe	GeCa	GlCe	KaBr	KaPf	KwBe	KwDe	KwPi	KwSh	LaNo	LiCh	LiKo	MeLa	MiSa	MoAp	MoSn	NaAn	NeCr	NeIr	PeCa	PeEc	PeUc	PhCo	PlOs	PuSt	PyTe	RhCo	RhDi	RhGr	RhPa	RhTo	SaCe	SaSe	SeLi	SpBr	SpLa	SpRe	TeBo	TiNi	TiWa	TrAs	TuMe	UmVi	UsMa	YaLi
HG_7407 	AlAf	AmRe	AsNi	AuMe	AuPu	AuTh	ExVi	GeCa	KaPf	LiCh	LiKo	MoSn	NeCr	NeIr	PeCa	PeUc	PyTe	RhCo	SeLi	SpBr	TeBo	TiNi	TrAs
HG_58 	AbBi	AcIn	AlAf	AsNi	AuMe	AuPu	AuTh	BoEd	CaAl	CaCo	CaVi	CrAm	CuOl	DaQu	DeUd	ExRh	ExVi	GaLe	KaBr	KwBe	KwDe	KwPi	KwSh	LaNo	LiCh	LiKo	MaJa	MaRe	MaSy	MiSa	MoAp	MoSn	NaAn	NeIr	PeCa	PeEc	PeUc	PhCo	PlOs	PyTe	RhCo	RhPa	RhTo	SaSe	SeLi	SpLa	SpRe	TiWa	ToAg	TrAs	TuMe	UsMa	YaLi
HG_9424 	AmRe	AuPu	AuTh	ExVi	KaPf	MoSn	NeIr	PeEc	PyTe	RhCo	SeLi	TeBo	TiNi	TrAs
HG_5205 	AbBi	AlAf	AmRe	AsNi	AuMe	AuPu	AuTh	BoEd	CaCo	CaVi	DaQu	ExVi	GaLe	GeCa	GlCe	KaPf	LaNo	LiCh	LiKo	MoSn	NeCr	NeIr	PeCa	PeEc	PeUc	PhCo	PlOs	PyTe	RhCo	SaCe	SaSe	SeLi	SpBr	SpLa	TeBo	TiNi	ToAg	TuMe	YaLi
HG_4186 	AlAf	AmRe	AsNi	AuMe	AuPu	AuTh	CaAl	CaCo	CaVi	CuOl	DaQu	DeUd	ExVi	GaLe	GeCa	MiSa	NaAn	NeIr	PeCa	PhCo	PlOs	PyTe	RhCo	RhDi	RhGr	RhPa	RhTo	SaCe	SaSe	SeLi	SpLa	ToAg
HG_4321 	AbBi	AcIn	AmRe	AsNi	AuMe	AuPu	AuTh	BoEd	CaCo	CaVi	CrAm	CrQu	CuOl	DaQu	ExRh	ExVi	GaLe	GeCa	GlCe	KaBr	KaPf	KwBe	KwDe	KwPi	KwSh	LiCh	LiKo	MaRe	MaSy	MeLa	MiSa	MoAp	MoSn	NeCr	NeIr	PeCa	PeEc	PeUc	PhCo	PlOs	PuSt	PyTe	RhCo	RhDi	RhGr	RhPa	RhTo	SeLi	SpBr	SpRe	TeBo	TiNi	TiWa	TrAs	TuMe	UmVi	UsMa	YaLi
HG_7310 	AbBi	BoEd	CaCo	CaVi	CrAm	CuOl	DaQu	GaLe	GlCe	KwBe	KwDe	KwPi	KwSh	MeLa	MiSa	NeIr	PhCo	PlOs	PuSt	RhDi	RhGr	RhPa	RhTo
HG_7134 	AbBi	BoEd	CaCo	CaVi	CrAm	DaQu	GaLe	GeCa	GlCe	KaPf	KwBe	KwDe	KwPi	KwSh	MoSn	NeIr	PeEc	PhCo	PlOs	SpBr	TeBo	TiNi	TuMe	UmVi
HG_6718 	AmRe	AsNi	AuMe	AuPu	AuTh	ExVi	GeCa	GlCe	LiCh	LiKo	MoSn	NeCr	NeIr	PeCa	PeEc	PeUc	PyTe	RhCo	SeLi	SpBr	TeBo	TiNi	ToAg	TrAs	TuMe	UmVi
HG_24873 	LiCh	LiKo	NeIr
HG_8647 	AsNi	GeCa	GlCe	KaPf	MoSn	NeCr	NeIr	PeCa	PeEc	PeUc	PyTe	RhCo	SpBr	TeBo	TiNi	TrAs	TuMe
HG_3585 	LiCh	LiKo	NeIr	PyTe	SpBr	TiNi
HG_6486 	AlAf	AmRe	AsNi	AuMe	AuPu	AuTh	ExVi	GeCa	KaPf	LaNo	LiCh	LiKo	MoSn	NeCr	NeIr	PeCa	PeEc	PeUc	PyTe	RhCo	SaCe	SaSe	SeLi	SpBr	SpLa	TeBo	TiNi	ToAg	TrAs	TuMe
HG_6404 	AbBi	AcIn	BoEd	CaCo	CaVi	CrAm	CrQu	CuOl	DaQu	ExRh	GaLe	GlCe	KaBr	KwBe	KwDe	KwPi	KwSh	MeLa	MiSa	MoAp	NeIr	PhCo	PlOs	PuSt	RhDi	RhGr	RhPa	RhTo	SpRe	TiWa	UsMa
HG_10280 	NeIr	PhCo
HG_10418 	AmRe	BoEd	ExRh	GaLe	NeIr	RhCo	SaSe	TrAs
HG_5627 	AcIn	AmRe	AsNi	AuMe	AuPu	AuTh	CrQu	CuOl	ExRh	ExVi	GeCa	GlCe	KaBr	KaPf	MeLa	MiSa	MoAp	MoSn	NeCr	NeIr	PeCa	PeEc	PeUc	PyTe	RhCo	SeLi	SpRe	TeBo	TiNi	TiWa	TrAs	TuMe	UmVi	UsMa
HG_13312 	AcIn	GlCe	NeIr
HG_3771 	AbBi	AcIn	AlAf	AmRe	AsNi	AuMe	AuPu	AuTh	BoEd	CaAl	CaCo	CaVi	CrAm	CrQu	CuOl	DaQu	DeUd	ExRh	ExVi	GaLe	GeCa	GlCe	KaBr	KaPf	KwBe	KwDe	KwPi	KwSh	LaNo	MaJa	MaRe	MaSy	MeLa	MiSa	MoAp	MoSn	NaAn	NeCr	NeIr	PeCa	PeEc	PeUc	PhCo	PlOs	PuSt	PyTe	RhCo	RhDi	RhGr	RhPa	RhTo	SaCe	SaSe	SeLi	SpBr	SpLa	SpRe	TeBo	TiNi	TiWa	ToAg	TrAs	TuMe	UmVi	UsMa	YaLi
HG_10126 	AmRe	AuPu	AuTh	MoSn	NeCr	NeIr	PyTe	RhCo	SeLi	SpBr	TrAs	TuMe
HG_5571 	AbBi	AcIn	BoEd	CaCo	CaVi	CrAm	CrQu	CuOl	DaQu	ExRh	GaLe	GlCe	KaBr	KwBe	KwDe	KwPi	KwSh	MaJa	MaRe	MaSy	MeLa	MiSa	MoAp	NeIr	PhCo	PlOs	PuSt	RhDi	RhPa	RhTo	SpRe	TiWa	UmVi	UsMa
HG_4077 	AcIn	AmRe	AsNi	AuMe	AuPu	AuTh	ExRh	ExVi	KaBr	KaPf	KwBe	KwDe	KwPi	LiCh	LiKo	NeIr	PeCa	PeEc	PeUc	PyTe	RhCo	SeLi	TeBo	TiNi	TrAs
HG_3925 	AbBi	AcIn	AlAf	AmRe	AsNi	AuMe	BoEd	CaAl	CrAm	CrQu	CuOl	DaQu	DeUd	ExRh	ExVi	GaLe	GeCa	GlCe	KaBr	KaPf	KwBe	KwDe	KwPi	KwSh	LaNo	LiCh	LiKo	MeLa	MiSa	MoAp	MoSn	NaAn	NeCr	NeIr	PeCa	PeEc	PeUc	PhCo	PlOs	PuSt	PyTe	RhCo	RhDi	RhGr	RhPa	RhTo	SaCe	SaSe	SeLi	SpBr	SpLa	SpRe	TeBo	TiNi	TiWa	TrAs	TuMe	UmVi	UsMa	YaLi
HG_8884 	AsNi	GeCa	KaPf	MoSn	NeIr	PeCa	PeEc	PeUc	SpBr	TeBo	TiNi	TuMe
HG_23 	AbBi	AcIn	AmRe	AsNi	AuMe	AuPu	AuTh	BoEd	CaCo	CaVi	DaQu	ExRh	ExVi	GaLe	GeCa	GlCe	KaPf	MoSn	NeCr	NeIr	PeCa	PeEc	PeUc	PhCo	PlOs	PyTe	RhCo	SeLi	SpBr	TeBo	TiNi	TrAs	TuMe	UmVi
HG_8667 	AbBi	BoEd	CaCo	CaVi	GeCa	GlCe	KaPf	MoSn	NeIr	PeEc	PhCo	PlOs	SpBr	TeBo	TiNi	TuMe
HG_4536 	AbBi	AcIn	AmRe	AsNi	AuMe	AuPu	AuTh	BoEd	CaCo	CaVi	CrAm	CuOl	DaQu	GaLe	GeCa	KaBr	KaPf	KwBe	KwDe	KwPi	KwSh	MiSa	MoAp	MoSn	NaAn	NeCr	NeIr	PeCa	PeEc	PeUc	PhCo	PlOs	PyTe	RhCo	RhDi	RhGr	RhTo	SaSe	SeLi	SpBr	SpRe	TeBo	TiNi	TrAs	TuMe	UmVi	UsMa
HG_10226 	CrAm	CuOl	KwBe	KwDe	KwPi	KwSh	MiSa	NeIr	RhDi	RhGr	RhPa	RhTo
HG_7252 	AmRe	AsNi	AuMe	AuPu	AuTh	ExVi	GeCa	KaPf	MoSn	NeCr	NeIr	PeCa	PeEc	PeUc	PyTe	RhCo	SeLi	SpBr	TeBo	TiNi	ToAg	TrAs	TuMe	YaLi
HG_14000 	AbBi	BoEd	DaQu	GaLe	GlCe	NeIr
HG_8900 	AmRe	ExVi	GeCa	KaPf	MoSn	NeCr	NeIr	PeCa	PeEc	PeUc	RhCo	SpBr	TeBo	TiNi	TrAs	TuMe
HG_7623 	AmRe	AsNi	AuMe	AuPu	AuTh	ExVi	GeCa	KaPf	MoSn	NeCr	NeIr	PeCa	PeEc	PeUc	PyTe	RhCo	SeLi	SpBr	TeBo	TiNi	TrAs	TuMe
HG_11583 	NeIr	UmVi
HG_5591 	AcIn	AuPu	AuTh	CaCo	CaVi	CrQu	ExRh	ExVi	KaBr	MiSa	MoAp	NeCr	NeIr	PuSt	RhDi	RhGr	RhPa	RhTo	SpRe	TiWa	UsMa
HG_31343 	MiSa	NeIr
HG_5333 	AlAf	CaAl	DeUd	LaNo	NaAn	NeIr	SaCe	SaSe	SpLa	YaLi
HG_3816 	AbBi	AcIn	AlAf	AmRe	AsNi	AuMe	AuPu	AuTh	BoEd	CaAl	CaCo	CaVi	CrAm	CrQu	CuOl	DaQu	DeUd	ExRh	ExVi	GaLe	GeCa	GlCe	KaBr	KaPf	KwBe	KwDe	KwPi	KwSh	LaNo	LiCh	LiKo	MaJa	MaRe	MaSy	MeLa	MiSa	MoAp	MoSn	NaAn	NeCr	NeIr	PeCa	PeEc	PeUc	PhCo	PlOs	PuSt	PyTe	RhCo	RhDi	RhGr	RhPa	RhTo	SaCe	SaSe	SeLi	SpBr	SpLa	SpRe	TeBo	TiNi	TiWa	ToAg	TrAs	TuMe	UsMa	YaLi
HG_13904 	AbBi	BoEd	CaCo	CaVi	GaLe	NeIr	PhCo
HG_7086 	AmRe	AsNi	AuMe	AuPu	AuTh	ExVi	GeCa	GlCe	KaPf	LiCh	LiKo	MoSn	NeCr	NeIr	PeCa	PeEc	PeUc	PyTe	RhCo	SeLi	SpBr	TeBo	TiNi	TuMe	UmVi
HG_1614 	AlAf	AsNi	AuMe	AuPu	AuTh	CaAl	DeUd	ExRh	ExVi	KaBr	LaNo	MiSa	MoAp	NaAn	NeIr	PeCa	PeUc	RhDi	RhPa	RhTo	SaCe	SaSe	SeLi	SpRe	TrAs	UmVi	UsMa
HG_6485 	AlAf	AmRe	AsNi	AuMe	AuPu	AuTh	ExVi	GeCa	KaPf	LiCh	LiKo	MoSn	NaAn	NeCr	NeIr	PeCa	PeEc	PeUc	PyTe	RhCo	SaSe	SeLi	SpBr	SpLa	TeBo	TiNi	ToAg	TrAs	TuMe	YaLi
HG_190 	AlAf	AmRe	AsNi	AuMe	AuPu	AuTh	BoEd	CaAl	DeUd	ExVi	GeCa	KaBr	KaPf	KwBe	KwDe	KwPi	LaNo	LiKo	MoAp	MoSn	NaAn	NeCr	NeIr	PeCa	PeEc	PeUc	PyTe	RhCo	RhTo	SaCe	SaSe	SeLi	SpBr	SpLa	SpRe	TeBo	TiNi	ToAg	TrAs	TuMe	UsMa	YaLi
HG_517 	AbBi	AcIn	AlAf	AmRe	AuMe	AuPu	AuTh	BoEd	CaAl	CaCo	CaVi	CrQu	CuOl	DaQu	DeUd	ExVi	GaLe	GeCa	KaBr	KaPf	LiCh	LiKo	MaJa	MaRe	MaSy	MeLa	MoAp	MoSn	NeCr	NeIr	PeCa	PeEc	PeUc	PhCo	PlOs	PuSt	PyTe	RhCo	SaSe	SeLi	SpBr	SpLa	SpRe	TeBo	TiNi	TrAs	TuMe	UsMa	YaLi
HG_13666 	KaBr	MoAp	NeIr	SpRe	TiWa	UmVi	UsMa
HG_4242 	AbBi	AcIn	AmRe	AsNi	AuPu	AuTh	BoEd	CaCo	CaVi	CrAm	CuOl	DaQu	ExRh	ExVi	GaLe	GeCa	GlCe	KaBr	KaPf	KwBe	KwDe	KwPi	KwSh	LiCh	LiKo	MiSa	MoAp	MoSn	NeCr	NeIr	PeCa	PeEc	PeUc	PhCo	PlOs	PyTe	RhCo	RhDi	RhGr	RhPa	RhTo	SeLi	SpBr	SpLa	SpRe	TeBo	TiNi	TiWa	ToAg	TrAs	TuMe	UmVi	UsMa	YaLi
HG_10649 	CrAm	KwBe	KwDe	KwPi	KwSh	NeIr
HG_23314 	MoSn	NeIr	TuMe
HG_3867 	AbBi	AcIn	AlAf	AmRe	AsNi	AuMe	AuPu	AuTh	BoEd	CaCo	CaVi	CrAm	CrQu	CuOl	DaQu	ExRh	ExVi	GaLe	GeCa	GlCe	KaBr	KaPf	KwBe	KwDe	KwPi	KwSh	LiCh	LiKo	MaJa	MaSy	MeLa	MiSa	MoAp	MoSn	NeCr	NeIr	PeCa	PeEc	PeUc	PhCo	PlOs	PuSt	PyTe	RhCo	RhDi	RhGr	RhPa	RhTo	SeLi	SpBr	SpLa	SpRe	TeBo	TiNi	TiWa	ToAg	TrAs	TuMe	UmVi	UsMa	YaLi
HG_12030 	AcIn	LiCh	LiKo	NeIr	PeCa
HG_3094 	AbBi	AmRe	AuMe	AuPu	AuTh	BoEd	CaCo	CaVi	DaQu	ExVi	GaLe	GeCa	GlCe	KaPf	MoSn	NeCr	NeIr	PhCo	PyTe	RhCo	SeLi	SpBr	TeBo	TiNi	TrAs	TuMe
HG_7096 	AmRe	AsNi	AuMe	AuPu	AuTh	ExVi	GeCa	KaPf	LiCh	LiKo	MoSn	NeCr	NeIr	PeCa	PeEc	PeUc	PyTe	RhCo	SeLi	SpBr	TeBo	TiNi	TrAs	TuMe
HG_20897 	LiCh	LiKo	NeIr	ToAg
HG_6001 	AmRe	AsNi	AuMe	AuPu	AuTh	CrQu	ExVi	GeCa	KaPf	MeLa	MiSa	MoSn	NeCr	NeIr	PeCa	PeEc	PeUc	PuSt	PyTe	RhCo	RhDi	RhGr	RhPa	RhTo	SeLi	SpBr	TeBo	TiNi	TrAs	TuMe	YaLi
HG_15649 	GeCa	KaPf	NeIr	SpBr	TeBo	TiNi
HG_9443 	CaAl	CaVi	MoSn	NeCr	NeIr	SpRe	TeBo	TiNi	TuMe
HG_24535 	CaCo	CaVi	NeIr
HG_5224 	AbBi	AuMe	AuPu	AuTh	GaLe	GeCa	KaPf	MiSa	MoSn	NeCr	NeIr	PeEc	PyTe	RhCo	RhDi	RhGr	RhPa	RhTo	SeLi	SpBr	TeBo	TiNi	TrAs	TuMe	UmVi
HG_5312 	AbBi	AmRe	AsNi	AuPu	AuTh	BoEd	CaCo	CrAm	CrQu	CuOl	DaQu	ExVi	GaLe	GeCa	KaPf	KwBe	KwDe	KwPi	KwSh	LiCh	LiKo	MeLa	MiSa	MoSn	NeCr	NeIr	PeEc	PeUc	PhCo	PlOs	PuSt	PyTe	RhCo	RhDi	RhGr	RhPa	RhTo	SeLi	TeBo	TiNi	TiWa	TrAs
HG_14477 	AcIn	ExRh	NeIr	TiWa
HG_52 	AbBi	AlAf	AmRe	AsNi	AuMe	AuPu	BoEd	CaAl	CaCo	CaVi	DaQu	DeUd	GaLe	GeCa	GlCe	KaPf	LaNo	LiCh	LiKo	MoSn	NaAn	NeCr	NeIr	PeCa	PeEc	PeUc	PhCo	PlOs	PyTe	RhCo	SaCe	SaSe	SeLi	SpBr	SpLa	TeBo	TiNi	ToAg	TrAs	TuMe	UmVi	YaLi
HG_192 	AcIn	AmRe	AsNi	AuMe	AuPu	AuTh	CaCo	CaVi	CrAm	CuOl	DaQu	ExVi	GaLe	GeCa	KaPf	KwBe	KwDe	KwPi	KwSh	LiCh	LiKo	MiSa	MoSn	NeCr	NeIr	PeCa	PeEc	PeUc	PhCo	PlOs	PyTe	RhCo	RhDi	RhGr	RhPa	RhTo	SeLi	SpBr	TeBo	TiNi	TrAs	TuMe
HG_70 	AbBi	AlAf	AmRe	AsNi	AuMe	AuPu	AuTh	BoEd	CaCo	CaVi	CrAm	CuOl	DaQu	DeUd	ExVi	GaLe	GeCa	KaPf	KwBe	KwDe	KwPi	KwSh	LiCh	LiKo	MiSa	MoAp	MoSn	NaAn	NeCr	NeIr	PeCa	PeEc	PeUc	PhCo	PlOs	PyTe	RhCo	RhDi	RhGr	RhPa	RhTo	SeLi	SpBr	TeBo	TiNi	ToAg	TrAs	TuMe	UmVi	YaLi
HG_389 	AmRe	AsNi	AuMe	AuPu	AuTh	ExVi	GeCa	KaPf	LiCh	LiKo	MoSn	NeCr	NeIr	PeCa	PeEc	PeUc	PyTe	RhCo	SeLi	SpBr	TeBo	TiNi	TrAs	TuMe	YaLi
HG_18748 	KaBr	NeIr	SpRe	UsMa
HG_3758 	AcIn	AsNi	AuMe	AuPu	AuTh	BoEd	CaCo	CaVi	CrAm	CrQu	CuOl	ExVi	GeCa	KwBe	KwDe	KwPi	KwSh	MeLa	MiSa	MoSn	NeIr	PeCa	PhCo	RhCo	RhDi	RhGr	RhPa	RhTo	TiWa	TrAs	TuMe
HG_961 	AbBi	AmRe	AsNi	AuMe	AuPu	AuTh	BoEd	CaAl	CaCo	CaVi	CrAm	CrQu	DaQu	DeUd	ExVi	GaLe	GeCa	GlCe	KaPf	KwBe	KwDe	KwPi	KwSh	LaNo	LiCh	LiKo	MeLa	MiSa	MoSn	NeCr	NeIr	PeCa	PeEc	PeUc	PhCo	PlOs	PuSt	PyTe	RhCo	RhDi	RhGr	RhPa	RhTo	SaCe	SeLi	SpBr	TeBo	TiNi	ToAg	TrAs	TuMe	UmVi	YaLi
HG_8588 	AsNi	AuMe	AuPu	AuTh	ExVi	GeCa	KaPf	MoSn	NeIr	PeCa	PeEc	PyTe	SeLi	SpBr	TeBo	TiNi	TuMe
HG_7575 	AmRe	AsNi	AuMe	AuPu	AuTh	ExVi	GeCa	LiCh	LiKo	MoSn	NeCr	NeIr	PeCa	PeEc	PeUc	PyTe	RhCo	SpBr	TeBo	TiNi	TrAs	TuMe
HG_4416 	AbBi	AcIn	AmRe	AsNi	AuMe	AuPu	AuTh	BoEd	CaCo	CaVi	CrAm	CrQu	CuOl	DaQu	ExRh	ExVi	GaLe	GeCa	KaBr	KaPf	KwBe	KwDe	KwPi	KwSh	LiCh	LiKo	MaJa	MaRe	MaSy	MeLa	MiSa	MoAp	MoSn	NeCr	NeIr	PeCa	PeEc	PeUc	PhCo	PlOs	PuSt	PyTe	RhCo	RhDi	RhGr	RhPa	RhTo	SeLi	SpBr	SpRe	TeBo	TiNi	TiWa	TrAs	TuMe	UmVi	UsMa
HG_7405 	AmRe	AsNi	AuMe	AuPu	AuTh	ExVi	GeCa	KaPf	LiCh	LiKo	MoSn	NeCr	NeIr	PeCa	PeEc	PeUc	PyTe	RhCo	SeLi	SpBr	TeBo	TiNi	TrAs
HG_6169 	AbBi	AcIn	AmRe	BoEd	CrQu	DaQu	ExRh	GaLe	GeCa	GlCe	KaBr	KaPf	MeLa	MiSa	MoAp	MoSn	NeIr	PeEc	PhCo	PuSt	RhCo	RhDi	RhGr	RhPa	RhTo	SpRe	TeBo	TiNi	TiWa	TuMe	UmVi	UsMa
HG_4998 	AlAf	AmRe	AsNi	AuMe	AuPu	AuTh	CaAl	DeUd	ExVi	GeCa	KaPf	LaNo	LiCh	LiKo	MoSn	NaAn	NeCr	NeIr	PeCa	PeEc	PeUc	PyTe	RhCo	SaCe	SaSe	SeLi	SpBr	SpLa	TeBo	TiNi	ToAg	TrAs	TuMe	UmVi	YaLi
HG_24871 	NeIr	UmVi
HG_9422 	AuPu	AuTh	GlCe	NeCr	NeIr	PeCa	SeLi	UmVi
HG_806 	AbBi	BoEd	CrQu	DaQu	GaLe	KaBr	MeLa	MiSa	MoAp	NeIr	PuSt	RhDi	RhGr	RhPa	RhTo	SpRe
HG_4231 	AcIn	AuMe	AuPu	AuTh	BoEd	CaCo	CaVi	CrAm	CuOl	DaQu	ExRh	GaLe	GeCa	KaPf	KwBe	KwDe	KwPi	KwSh	MiSa	MoSn	NeCr	NeIr	PeEc	PhCo	PlOs	RhCo	RhDi	RhGr	RhPa	RhTo	SpBr	TeBo	TiNi	TuMe
HG_11965 	AbBi	BoEd	CaCo	CaVi	DaQu	GaLe	NeIr	PhCo	PlOs
HG_10570 	GeCa	KaPf	MoSn	NeCr	NeIr	PeEc	SpBr	TeBo	TiNi	TrAs	TuMe
HG_4684 	AbBi	AlAf	AmRe	AsNi	AuMe	AuPu	AuTh	CaAl	CaCo	CaVi	CrAm	CuOl	DaQu	DeUd	ExVi	GaLe	GeCa	GlCe	KaPf	KwBe	KwDe	KwPi	KwSh	LaNo	LiCh	LiKo	MoSn	NaAn	NeCr	NeIr	PeCa	PeEc	PeUc	PhCo	PyTe	RhCo	RhPa	SaCe	SaSe	SeLi	SpBr	SpLa	TeBo	TiNi	TrAs	TuMe	UmVi	YaLi
HG_17740 	KaPf	NeIr	PeCa	SeLi	SpBr
HG_7632 	AmRe	AsNi	AuMe	AuPu	AuTh	ExVi	GeCa	KaPf	MoSn	NeCr	NeIr	PeCa	PeEc	PeUc	PyTe	RhCo	SeLi	SpBr	TeBo	TiNi	TrAs	TuMe
HG_7368 	AcIn	AmRe	AsNi	AuTh	ExRh	KaBr	MoAp	NeIr	PeCa	PeUc	PhCo	PyTe	RhCo	SeLi	SpRe	TiWa	TuMe	UsMa
HG_6009 	AmRe	AsNi	AuMe	AuPu	CaCo	CaVi	ExVi	GeCa	GlCe	MoSn	NeCr	NeIr	PeCa	PeUc	PhCo	PyTe	RhCo	SeLi	TrAs
HG_13310 	CrQu	LaNo	NaAn	NeIr	PhCo	UmVi	YaLi
HG_3140 	AbBi	AcIn	BoEd	CaCo	CaVi	CrAm	CrQu	CuOl	DaQu	ExRh	ExVi	GaLe	GeCa	KaBr	KaPf	KwBe	KwDe	KwPi	KwSh	MeLa	MiSa	MoAp	MoSn	NeCr	NeIr	PeCa	PeEc	PeUc	PhCo	PlOs	PuSt	PyTe	RhCo	RhDi	RhGr	RhPa	RhTo	SeLi	SpBr	SpRe	TiNi	TiWa	TrAs	TuMe	UsMa
HG_11109 	CrQu	GlCe	MeLa	MiSa	NeIr	PuSt	RhDi	RhGr	RhPa	RhTo
HG_7101 	AmRe	AsNi	AuMe	AuPu	AuTh	ExVi	GeCa	GlCe	KaPf	MoSn	NeCr	NeIr	PeCa	PeEc	PeUc	PyTe	RhCo	SeLi	SpBr	TeBo	TiNi	TrAs	TuMe
HG_2419 	AbBi	AcIn	AlAf	AmRe	AsNi	AuMe	AuPu	AuTh	BoEd	CaAl	CaVi	CrAm	CrQu	CuOl	DaQu	DeUd	ExRh	ExVi	GaLe	GeCa	GlCe	KaBr	KaPf	KwBe	KwDe	KwSh	LaNo	LiCh	LiKo	MaJa	MaSy	MiSa	MoAp	MoSn	NaAn	NeCr	NeIr	PeCa	PeEc	PeUc	PhCo	PlOs	PyTe	RhCo	RhDi	RhGr	RhPa	RhTo	SaSe	SeLi	SpBr	SpLa	SpRe	TeBo	TiNi	TiWa	ToAg	TrAs	TuMe	UmVi	UsMa	YaLi
HG_8960 	ExVi	GeCa	LiCh	LiKo	MoSn	NeCr	NeIr	RhCo	TrAs
HG_4477 	AbBi	AcIn	AmRe	AsNi	AuMe	AuPu	AuTh	BoEd	CaCo	CaVi	CrAm	CrQu	CuOl	DaQu	ExRh	ExVi	GaLe	GeCa	GlCe	KaBr	KaPf	KwBe	KwDe	KwPi	KwSh	MeLa	MiSa	MoAp	MoSn	NeCr	NeIr	PeCa	PeEc	PeUc	PhCo	PlOs	PuSt	PyTe	RhCo	RhDi	RhGr	RhPa	RhTo	SeLi	SpBr	SpRe	TeBo	TiNi	TiWa	ToAg	TrAs	TuMe	UmVi	UsMa
HG_7595 	AmRe	AsNi	AuMe	AuPu	AuTh	ExVi	GeCa	KaPf	MoSn	NeCr	NeIr	PeCa	PeEc	PeUc	PyTe	RhCo	SeLi	SpBr	TeBo	TiNi	TrAs	TuMe
HG_7249 	AmRe	AsNi	AuMe	AuPu	AuTh	ExVi	GeCa	KaPf	MoSn	NeCr	NeIr	PeCa	PeEc	PeUc	PyTe	RhCo	SeLi	SpBr	TeBo	TiNi	TiWa	TrAs	TuMe	YaLi
HG_9395 	AmRe	AuMe	AuPu	AuTh	LiCh	LiKo	NeIr	PyTe	RhCo	SeLi
HG_2322 	AlAf	AmRe	AsNi	AuMe	AuPu	AuTh	CaAl	DeUd	ExVi	GeCa	LaNo	LiCh	LiKo	MoSn	NaAn	NeCr	NeIr	PeCa	PeEc	PeUc	PyTe	RhCo	SaCe	SaSe	SeLi	SpBr	ToAg	TrAs	TuMe	YaLi
HG_5311 	AcIn	AlAf	AmRe	AsNi	AuMe	AuPu	AuTh	CaAl	DeUd	ExVi	GeCa	GlCe	KaPf	LiCh	LiKo	MoSn	NaAn	NeCr	NeIr	PeCa	PeEc	PeUc	PyTe	RhCo	SaSe	SeLi	SpBr	SpLa	TeBo	TiNi	TrAs	TuMe	UmVi	YaLi
HG_4210 	AbBi	AcIn	AmRe	AsNi	AuMe	AuPu	AuTh	BoEd	CaCo	CaVi	CrAm	CrQu	CuOl	DaQu	ExRh	ExVi	GaLe	GeCa	GlCe	KaBr	KaPf	KwBe	KwDe	KwPi	KwSh	LiCh	LiKo	MaJa	MaRe	MaSy	MeLa	MiSa	MoAp	MoSn	NeCr	NeIr	PeCa	PeEc	PeUc	PhCo	PlOs	PuSt	PyTe	RhCo	RhDi	RhGr	RhPa	RhTo	SeLi	SpBr	SpRe	TeBo	TiNi	TiWa	ToAg	TrAs	TuMe	UmVi	UsMa
HG_9637 	CaCo	CrAm	DaQu	ExRh	KwDe	KwPi	MaJa	NeIr	PhCo	RhTo	SaSe	SpLa	TiWa
HG_5588 	AbBi	AcIn	AmRe	AsNi	AuMe	AuPu	BoEd	CaCo	CaVi	DaQu	ExVi	GaLe	KwBe	LiKo	NeCr	NeIr	PeCa	PyTe	RhCo	SeLi	TrAs
HG_4622 	AbBi	AlAf	AmRe	AsNi	AuMe	AuPu	AuTh	BoEd	CrQu	DaQu	ExVi	GaLe	GeCa	KaBr	KaPf	LiCh	LiKo	MaJa	MaRe	MaSy	MeLa	MiSa	MoAp	MoSn	NeCr	NeIr	PeCa	PeUc	PhCo	PlOs	PuSt	PyTe	RhCo	RhDi	RhGr	RhPa	RhTo	SeLi	SpBr	SpRe	TeBo	TiNi	TiWa	ToAg	TrAs	TuMe	UmVi	UsMa	YaLi
HG_10447 	CuOl	GaLe	LiKo	NeCr	NeIr	PeCa	PeUc	RhCo	TrAs	UmVi
HG_11327 	AlAf	DeUd	LaNo	NaAn	NeIr	SaSe	SpLa	ToAg	YaLi
HG_7652 	AsNi	ExVi	LiCh	LiKo	NeIr	PeEc	PeUc	RhCo	TeBo	TiNi
HG_16294 	CrAm	KwBe	KwDe	NeIr
HG_6963 	AmRe	AsNi	AuMe	AuPu	AuTh	ExVi	GeCa	KaPf	LiCh	LiKo	MoSn	NeCr	NeIr	PeCa	PeEc	PeUc	PyTe	RhCo	SeLi	SpBr	TeBo	TiNi	ToAg	TrAs	TuMe	YaLi
HG_8222 	AmRe	AsNi	AuPu	AuTh	ExVi	GeCa	KaPf	MoSn	NeCr	NeIr	PeCa	PyTe	RhCo	SeLi	SpBr	TeBo	TiNi	TrAs	TuMe
HG_5733 	AcIn	AlAf	AmRe	AsNi	CaAl	DeUd	ExRh	ExVi	GeCa	GlCe	KaPf	LaNo	LiCh	LiKo	MoSn	NaAn	NeCr	NeIr	PeCa	PeEc	PeUc	PyTe	RhCo	RhTo	SaCe	SaSe	SpBr	SpLa	SpRe	TeBo	TiNi	TrAs	TuMe	UmVi	UsMa	YaLi
HG_4585 	AbBi	AlAf	AmRe	AsNi	AuMe	AuPu	AuTh	BoEd	CaAl	CaCo	CaVi	CuOl	DaQu	DeUd	ExVi	GaLe	GeCa	GlCe	KwSh	MiSa	MoSn	NaAn	NeCr	NeIr	PeCa	PeEc	PhCo	PlOs	PyTe	RhCo	RhDi	RhGr	RhPa	RhTo	SaSe	SeLi	SpBr	TeBo	TiNi	TrAs	TuMe	UmVi
HG_7574 	AlAf	AmRe	AsNi	AuMe	AuPu	AuTh	ExVi	GeCa	KaPf	MoSn	NeCr	NeIr	PeCa	PeEc	PeUc	PyTe	RhCo	SeLi	SpBr	TeBo	TrAs	TuMe
HG_7791 	AmRe	AsNi	AuMe	AuPu	AuTh	CaCo	CaVi	ExVi	KaPf	LiCh	LiKo	MoSn	NeCr	NeIr	PeCa	PeUc	RhCo	SeLi	TeBo	TiNi	TrAs
HG_7404 	AlAf	AmRe	AsNi	AuMe	AuPu	AuTh	CaAl	DeUd	ExVi	LiCh	LiKo	NeIr	PeCa	PeUc	RhCo	SeLi	SpBr	SpLa	ToAg	TrAs	UmVi	YaLi
HG_7621 	AmRe	AsNi	AuMe	AuPu	AuTh	ExVi	GeCa	KaPf	MoSn	NeCr	NeIr	PeCa	PeEc	PeUc	PyTe	RhCo	SeLi	SpBr	TeBo	TiNi	TrAs
HG_12033 	AlAf	CaAl	DeUd	LaNo	NaAn	NeIr	SaCe	SaSe	SpLa
HG_6473 	AbBi	AmRe	AuMe	BoEd	DaQu	ExVi	GaLe	GeCa	GlCe	KaPf	KwBe	KwDe	KwPi	MoSn	NeIr	PeCa	PeEc	PlOs	RhCo	SeLi	SpBr	TeBo	TiNi	UmVi
HG_29574 	NeCr	NeIr
HG_24861 	LiCh	LiKo	NeIr
HG_3984 	AbBi	AcIn	AlAf	AmRe	AsNi	AuMe	AuPu	AuTh	BoEd	CaAl	CaCo	CaVi	CrAm	CrQu	CuOl	DaQu	DeUd	ExRh	ExVi	GaLe	GeCa	GlCe	KaBr	KaPf	KwBe	KwDe	KwPi	KwSh	LaNo	MeLa	MiSa	MoAp	MoSn	NaAn	NeCr	NeIr	PeCa	PeEc	PeUc	PhCo	PlOs	PuSt	PyTe	RhCo	RhDi	RhGr	RhPa	RhTo	SaCe	SaSe	SeLi	SpBr	SpLa	SpRe	TeBo	TiNi	TiWa	TrAs	TuMe	UmVi	UsMa	YaLi
HG_10529 	AuPu	GeCa	NeIr	PeEc	PyTe	SeLi	SpBr	TeBo	TiNi
HG_31305 	NeIr	UmVi
HG_22601 	GlCe	NeIr	TiWa
HG_6483 	AlAf	AmRe	AsNi	AuMe	AuPu	AuTh	CaAl	DeUd	GeCa	GlCe	KaPf	LaNo	MoSn	NaAn	NeCr	NeIr	PeCa	PeEc	PeUc	PyTe	RhCo	SaCe	SaSe	SeLi	SpBr	SpLa	TeBo	TiNi	UmVi	YaLi
HG_20895 	GlCe	NeIr	UmVi
HG_5124 	AcIn	AmRe	AsNi	AuMe	AuPu	AuTh	CrAm	CuOl	ExVi	GeCa	KaPf	KwBe	KwDe	KwPi	KwSh	LiCh	LiKo	MoSn	NeCr	NeIr	PeCa	PeUc	PyTe	RhCo	SeLi	SpBr	TeBo	TiNi	TrAs	TuMe
HG_3607 	AbBi	AcIn	AlAf	AmRe	AsNi	AuMe	AuPu	AuTh	BoEd	CaAl	CaCo	CaVi	CrAm	CrQu	CuOl	DaQu	DeUd	ExRh	ExVi	GaLe	GeCa	GlCe	KaBr	KaPf	KwBe	KwDe	KwPi	KwSh	LaNo	LiCh	LiKo	MaJa	MaRe	MaSy	MeLa	MoAp	MoSn	NaAn	NeCr	NeIr	PeCa	PeEc	PeUc	PhCo	PlOs	PuSt	PyTe	RhCo	RhDi	RhGr	RhPa	RhTo	SaCe	SaSe	SeLi	SpBr	SpLa	SpRe	TeBo	TiNi	TiWa	ToAg	TrAs	TuMe	UmVi	UsMa	YaLi
HG_6725 	AlAf	AmRe	AsNi	AuMe	AuPu	AuTh	ExVi	GeCa	GlCe	KaPf	LiKo	MoSn	NeCr	NeIr	PeCa	PeEc	PeUc	PyTe	RhCo	SeLi	SpBr	TeBo	TiNi	TrAs	TuMe
HG_5753 	AbBi	CuOl	ExRh	KwBe	KwDe	KwPi	KwSh	NeIr
HG_6276 	AcIn	AsNi	ExRh	GeCa	GlCe	KaBr	KaPf	LiCh	MiSa	MoAp	MoSn	NeIr	PeEc	PhCo	PyTe	RhCo	RhDi	SeLi	SpBr	SpRe	TeBo	TiNi	TiWa	UsMa
HG_6993 	AlAf	AmRe	AsNi	AuMe	AuPu	AuTh	ExVi	GeCa	KaPf	LiCh	LiKo	MoSn	NeCr	NeIr	PeCa	PeEc	PeUc	PyTe	RhCo	SeLi	SpBr	TeBo	TiNi	TrAs	TuMe	UmVi
HG_2645 	AbBi	AcIn	AlAf	AmRe	AsNi	AuMe	AuPu	AuTh	BoEd	CaCo	CaVi	CrAm	CrQu	CuOl	DaQu	ExRh	ExVi	GaLe	GeCa	GlCe	KaPf	KwBe	KwDe	KwPi	KwSh	MeLa	MiSa	MoSn	NeCr	NeIr	PeCa	PeEc	PeUc	PhCo	PlOs	PuSt	PyTe	RhCo	RhDi	RhGr	RhPa	RhTo	SeLi	SpBr	SpLa	TeBo	TiNi	TiWa	TrAs	TuMe	UmVi
HG_9724 	AsNi	AuMe	AuPu	AuTh	ExVi	GlCe	NeIr	PeCa	PeUc	PyTe	SeLi	ToAg
HG_5810 	AbBi	AcIn	AmRe	AuMe	AuPu	AuTh	BoEd	CaCo	CaVi	CuOl	DaQu	ExRh	ExVi	GaLe	GeCa	KaPf	LaNo	MoSn	NeCr	NeIr	PeEc	PhCo	PlOs	PyTe	RhCo	RhGr	RhPa	RhTo	SaCe	SpBr	TeBo	TiNi	ToAg	TrAs	TuMe	UmVi
HG_20905 	NeIr	SpBr
HG_8711 	AbBi	BoEd	CaCo	CaVi	DaQu	GaLe	MiSa	MoAp	NeIr	PhCo	PlOs	RhDi	RhGr	RhPa	RhTo	UmVi
HG_4316 	AbBi	AcIn	AmRe	AsNi	AuMe	AuPu	AuTh	BoEd	CaCo	CaVi	CrAm	CrQu	CuOl	DaQu	ExRh	ExVi	GaLe	GeCa	GlCe	KaBr	KaPf	KwBe	KwDe	KwPi	KwSh	MeLa	MiSa	MoAp	MoSn	NeCr	NeIr	PeCa	PeEc	PeUc	PhCo	PlOs	PuSt	PyTe	RhCo	RhDi	RhGr	RhPa	RhTo	SeLi	SpBr	SpRe	TeBo	TiNi	TiWa	TrAs	TuMe	UmVi
HG_7217 	AcIn	AmRe	AsNi	AuMe	AuPu	AuTh	ExRh	GeCa	KaPf	MoSn	NeCr	NeIr	PeEc	PyTe	RhCo	SeLi	SpBr	TeBo	TiNi	TiWa	TrAs	TuMe
HG_10281 	AlAf	CaAl	DeUd	GlCe	LaNo	NaAn	NeIr	SaCe	SaSe	UmVi	YaLi
HG_4584 	AbBi	AcIn	AlAf	AmRe	AsNi	AuMe	AuPu	AuTh	BoEd	CaCo	CaVi	CrAm	CrQu	CuOl	DaQu	ExRh	ExVi	GaLe	GeCa	GlCe	KaBr	KaPf	KwBe	KwDe	KwPi	KwSh	LiCh	LiKo	MeLa	MoAp	MoSn	NeCr	NeIr	PeCa	PeEc	PeUc	PhCo	PlOs	PuSt	PyTe	RhCo	SeLi	SpBr	SpLa	SpRe	TeBo	TiNi	TiWa	TrAs	TuMe	UmVi	UsMa
HG_31331 	NeIr	ToAg
HG_420 	AbBi	AlAf	AsNi	AuMe	AuPu	AuTh	BoEd	CaAl	CaCo	CaVi	CrAm	CrQu	CuOl	DaQu	DeUd	ExVi	GaLe	GeCa	KaPf	KwBe	KwDe	KwPi	KwSh	LaNo	LiCh	LiKo	MaJa	MaRe	MaSy	MeLa	MiSa	MoSn	NaAn	NeCr	NeIr	PeCa	PeUc	PlOs	PuSt	PyTe	RhCo	RhDi	RhGr	RhPa	RhTo	SaSe	SeLi	SpBr	SpLa	TeBo	TiNi	TiWa	ToAg	TrAs	TuMe	UmVi	YaLi
HG_10673 	ExVi	GaLe	GeCa	GlCe	NeIr	RhDi	RhGr	RhPa	RhTo	SpBr	UmVi
HG_7268 	AmRe	AsNi	AuPu	AuTh	ExVi	GeCa	KaPf	MoSn	NeCr	NeIr	PeCa	PeEc	PeUc	PyTe	RhCo	SeLi	SpBr	TeBo	TiNi	TrAs	TuMe
HG_5371 	AbBi	AlAf	AmRe	AsNi	AuMe	AuPu	AuTh	BoEd	CaAl	CaCo	CaVi	DaQu	DeUd	ExVi	GaLe	GeCa	GlCe	LaNo	LiCh	LiKo	MoSn	NaAn	NeCr	NeIr	PeCa	PeUc	PhCo	PlOs	PyTe	RhCo	SaCe	SaSe	SeLi	SpBr	SpLa	ToAg	TrAs	TuMe	UmVi	YaLi
HG_20785 	AbBi	DaQu	GaLe	NeIr
HG_4270 	AbBi	AcIn	AlAf	AmRe	AsNi	AuMe	AuPu	AuTh	BoEd	CaCo	CaVi	CrAm	CuOl	DaQu	ExRh	ExVi	GaLe	GeCa	KaBr	KaPf	KwBe	KwDe	KwPi	KwSh	LaNo	LiCh	LiKo	MoAp	MoSn	NaAn	NeCr	NeIr	PeCa	PeEc	PeUc	PhCo	PlOs	PuSt	PyTe	RhCo	RhDi	RhGr	RhPa	RhTo	SaCe	SeLi	SpBr	SpLa	SpRe	TeBo	TiNi	TiWa	ToAg	TrAs	TuMe	UmVi	UsMa	YaLi
HG_6843 	AmRe	AuMe	AuPu	AuTh	ExVi	GeCa	GlCe	KaPf	LiCh	LiKo	MoSn	NeCr	NeIr	PeCa	PeEc	PeUc	PyTe	RhCo	SeLi	SpBr	TeBo	TiNi	ToAg	TrAs	TuMe	UmVi	YaLi
HG_6796 	AbBi	AcIn	BoEd	CaCo	CaVi	CrQu	DaQu	ExRh	GaLe	GlCe	KaBr	MeLa	MoAp	NeIr	PhCo	PlOs	PuSt	SpRe	TiWa	UmVi	UsMa
HG_6714 	AbBi	AmRe	AuMe	AuPu	AuTh	CaCo	CaVi	CrQu	DaQu	ExVi	GaLe	GeCa	KaPf	MeLa	MoSn	NeCr	NeIr	PeEc	PhCo	PlOs	PuSt	PyTe	RhCo	SeLi	SpBr	TrAs	TuMe
HG_7 	AbBi	AcIn	BoEd	CaCo	CaVi	CrQu	DaQu	ExRh	GaLe	MeLa	MiSa	NeIr	PhCo	PlOs	PuSt	RhDi	RhGr	RhPa	RhTo
HG_4336 	AbBi	AcIn	AmRe	AuMe	AuPu	BoEd	CaCo	CaVi	CrQu	CuOl	DaQu	ExRh	ExVi	GaLe	GeCa	GlCe	KaBr	KaPf	KwBe	KwDe	KwPi	KwSh	MeLa	MiSa	MoAp	MoSn	NeCr	NeIr	PeEc	PhCo	PlOs	PuSt	PyTe	RhCo	RhDi	RhGr	RhPa	RhTo	SeLi	SpBr	SpRe	TeBo	TiNi	TrAs	TuMe
HG_7671 	AcIn	BoEd	CrQu	DaQu	GlCe	LiCh	LiKo	MeLa	MiSa	MoAp	MoSn	NeCr	NeIr	PlOs	PuSt	RhPa	RhTo	SpBr	TiWa
HG_7149 	CrQu	CuOl	GaLe	GeCa	MeLa	MiSa	NeIr	PuSt	PyTe	RhDi	RhGr	RhPa	RhTo	SeLi	SpBr	TrAs
HG_315 	AbBi	AmRe	AsNi	AuTh	BoEd	CaCo	CaVi	CrQu	DaQu	GaLe	GeCa	MoSn	NeCr	NeIr	PeCa	PeUc	PhCo	PlOs	PyTe	SeLi	SpBr	TrAs
HG_11074 	GeCa	NeCr	NeIr	SpBr	TrAs	TuMe
