HG_19091 	ScCr	ScOc	ScOs	ScPo
HG_10924 	ScCr	ScOc	ScOs	ScPo
HG_19260 	ScCr	ScOc	ScOs	ScPo
HG_19411 	ScCr	ScOc	ScOs	ScPo
HG_19347 	ScCr	ScOc	ScOs	ScPo
HG_19106 	ScCr	ScOc	ScOs	ScPo
HG_19178 	ScCr	ScOc	ScOs	ScPo
HG_19242 	ScCr	ScOc	ScOs	ScPo
HG_19224 	ScCr	ScOc	ScOs	ScPo
HG_19329 	ScCr	ScOc	ScOs	ScPo
HG_19296 	ScCr	ScOc	ScOs	ScPo
HG_19465 	ScCr	ScOc	ScOs	ScPo
HG_19191 	ScCr	ScOc	ScOs	ScPo
HG_19360 	ScCr	ScOc	ScOs	ScPo
HG_19993 	PnCa	PnJi	PrLa	TaDe
HG_19447 	ScCr	ScOc	ScOs	ScPo
HG_19206 	ScCr	ScOc	ScOs	ScPo
HG_19278 	ScCr	ScOc	ScOs	ScPo
HG_19101 	ScCr	ScOc	ScOs	ScPo
HG_19173 	ScCr	ScOc	ScOs	ScPo
HG_16630 	ScCr	ScOc	ScOs	ScPo
HG_19342 	ScCr	ScOc	ScOs	ScPo
HG_19429 	ScCr	ScOc	ScOs	ScPo
HG_19396 	ScCr	ScOc	ScOs	ScPo
HG_19324 	ScCr	ScOc	ScOs	ScPo
HG_19291 	ScCr	ScOc	ScOs	ScPo
HG_19460 	ScCr	ScOc	ScOs	ScPo
HG_19155 	ScCr	ScOc	ScOs	ScPo
HG_19378 	ScCr	ScOc	ScOs	ScPo
HG_19201 	ScCr	ScOc	ScOs	ScPo
HG_19137 	ScCr	ScOc	ScOs	ScPo
HG_19273 	ScCr	ScOc	ScOs	ScPo
HG_19306 	ScCr	ScOc	ScOs	ScPo
HG_19442 	ScCr	ScOc	ScOs	ScPo
HG_10422 	ScCr	ScOc	ScOs	ScPo
HG_19424 	ScCr	ScOc	ScOs	ScPo
HG_19391 	ScCr	ScOc	ScOs	ScPo
HG_19119 	ScCr	ScOc	ScOs	ScPo
HG_19255 	ScCr	ScOc	ScOs	ScPo
HG_14711 	PnCa	PnJi	ScCr	ScOc	ScOs	ScPo
HG_19150 	ScCr	ScOc	ScOs	ScPo
HG_19086 	ScCr	ScOc	ScOs	ScPo
HG_19237 	ScCr	ScOc	ScOs	ScPo
HG_19373 	ScCr	ScOc	ScOs	ScPo
HG_19406 	ScCr	ScOc	ScOs	ScPo
HG_19478 	ScCr	ScOc	ScOs	ScPo
HG_19301 	ScCr	ScOc	ScOs	ScPo
HG_12354 	ScCr	ScOc	ScOs	ScPo
HG_19132 	ScCr	ScOc	ScOs	ScPo
HG_19219 	ScCr	ScOc	ScOs	ScPo
HG_19355 	ScCr	ScOc	ScOs	ScPo
HG_19114 	ScCr	ScOc	ScOs	ScPo
HG_19250 	ScCr	ScOc	ScOs	ScPo
HG_19186 	ScCr	ScOc	ScOs	ScPo
HG_16643 	PnCa	ScCr	ScOc	ScOs	ScPo
HG_19337 	ScCr	ScOc	ScOs	ScPo
HG_16625 	PnCa	ScCr	ScOc	ScOs	ScPo
HG_19473 	ScCr	ScOc	ScOs	ScPo
HG_19232 	ScCr	ScOc	ScOs	ScPo
HG_19168 	ScCr	ScOc	ScOs	ScPo
HG_19401 	ScCr	ScOc	ScOs	ScPo
HG_19319 	ScCr	ScOc	ScOs	ScPo
HG_19214 	ScCr	ScOc	ScOs	ScPo
HG_19350 	ScCr	ScOc	ScOs	ScPo
HG_19286 	ScCr	ScOc	ScOs	ScPo
HG_19455 	ScCr	ScOc	ScOs	ScPo
HG_19181 	ScCr	ScOc	ScOs	ScPo
HG_19099 	ScCr	ScOc	ScOs	ScPo
HG_19332 	ScCr	ScOc	ScOs	ScPo
HG_19268 	ScCr	ScOc	ScOs	ScPo
HG_19437 	ScCr	ScOc	ScOs	ScPo
HG_19163 	ScCr	ScOc	ScOs	ScPo
HG_16620 	ScCr	ScOc	ScOs	ScPo
HG_6928 	ScCr	ScOc	ScOs	ScPo
HG_19314 	ScCr	ScOc	ScOs	ScPo
HG_19386 	ScCr	ScOc	ScOs	ScPo
HG_19419 	ScCr	ScOc	ScOs	ScPo
HG_19281 	ScCr	ScOc	ScOs	ScPo
HG_19450 	ScCr	ScOc	ScOs	ScPo
HG_19145 	ScCr	ScOc	ScOs	ScPo
HG_19199 	ScCr	ScOc	ScOs	ScPo
HG_19368 	ScCr	ScOc	ScOs	ScPo
HG_19094 	ScCr	ScOc	ScOs	ScPo
HG_19127 	ScCr	ScOc	ScOs	ScPo
HG_19263 	ScCr	ScOc	ScOs	ScPo
HG_19432 	ScCr	ScOc	ScOs	ScPo
HG_18703 	ScCr	ScOc	ScOs	ScPo
HG_19109 	ScCr	ScOc	ScOs	ScPo
HG_19245 	ScCr	ScOc	ScOs	ScPo
HG_19381 	ScCr	ScOc	ScOs	ScPo
HG_19414 	ScCr	ScOc	ScOs	ScPo
HG_14701 	PnCa	PnJi	ScCr	ScOc	ScOs	ScPo
HG_19140 	ScCr	ScOc	ScOs	ScPo
HG_12362 	ScCr	ScOc	ScOs	ScPo
HG_19468 	ScCr	ScOc	ScOs	ScPo
HG_19194 	ScCr	ScOc	ScOs	ScPo
HG_19227 	ScCr	ScOc	ScOs	ScPo
HG_19363 	ScCr	ScOc	ScOs	ScPo
HG_19299 	ScCr	ScOc	ScOs	ScPo
HG_19122 	ScCr	ScOc	ScOs	ScPo
HG_19176 	ScCr	ScOc	ScOs	ScPo
HG_19209 	ScCr	ScOc	ScOs	ScPo
HG_19345 	ScCr	ScOc	ScOs	ScPo
HG_19104 	ScCr	ScOc	ScOs	ScPo
HG_19240 	ScCr	ScOc	ScOs	ScPo
HG_19327 	ScCr	ScOc	ScOs	ScPo
HG_19463 	ScCr	ScOc	ScOs	ScPo
HG_19399 	ScCr	ScOc	ScOs	ScPo
HG_19158 	ScCr	ScOc	ScOs	ScPo
HG_16615 	PrLa	ScCr	ScOc	ScOs	ScPo
HG_19294 	ScCr	ScOc	ScOs	ScPo
HG_19222 	ScCr	ScOc	ScOs	ScPo
HG_19991 	PnCa	PnJi	PrLa	TaDe
HG_19309 	ScCr	ScOc	ScOs	ScPo
HG_19445 	ScCr	ScOc	ScOs	ScPo
HG_19204 	ScCr	ScOc	ScOs	ScPo
HG_19171 	ScCr	ScOc	ScOs	ScPo
HG_19340 	ScCr	ScOc	ScOs	ScPo
HG_19276 	ScCr	ScOc	ScOs	ScPo
HG_19427 	ScCr	ScOc	ScOs	ScPo
HG_19153 	ScCr	ScOc	ScOs	ScPo
HG_19089 	ScCr	ScOc	ScOs	ScPo
HG_19322 	ScCr	ScOc	ScOs	ScPo
HG_19258 	ScCr	ScOc	ScOs	ScPo
HG_19394 	ScCr	ScOc	ScOs	ScPo
HG_14714 	PnCa	PnJi	ScCr	ScOc	ScOs	ScPo
HG_19409 	ScCr	ScOc	ScOs	ScPo
HG_19304 	ScCr	ScOc	ScOs	ScPo
HG_19440 	ScCr	ScOc	ScOs	ScPo
HG_19376 	ScCr	ScOc	ScOs	ScPo
HG_19135 	ScCr	ScOc	ScOs	ScPo
HG_19271 	ScCr	ScOc	ScOs	ScPo
HG_9772 	ScCr	ScOc	ScOs	ScPo
HG_19117 	ScCr	ScOc	ScOs	ScPo
HG_18711 	ScCr	ScOc	ScOs	ScPo
HG_19189 	ScCr	ScOc	ScOs	ScPo
HG_19422 	ScCr	ScOc	ScOs	ScPo
HG_19358 	ScCr	ScOc	ScOs	ScPo
HG_19084 	ScCr	ScOc	ScOs	ScPo
HG_19253 	ScCr	ScOc	ScOs	ScPo
HG_16628 	PrLa	ScCr	ScOc	ScOs	ScPo
HG_19476 	ScCr	ScOc	ScOs	ScPo
HG_19404 	ScCr	ScOc	ScOs	ScPo
HG_19130 	ScCr	ScOc	ScOs	ScPo
HG_19235 	ScCr	ScOc	ScOs	ScPo
HG_19371 	ScCr	ScOc	ScOs	ScPo
HG_19289 	ScCr	ScOc	ScOs	ScPo
HG_19458 	ScCr	ScOc	ScOs	ScPo
HG_19217 	ScCr	ScOc	ScOs	ScPo
HG_19184 	ScCr	ScOc	ScOs	ScPo
HG_19353 	ScCr	ScOc	ScOs	ScPo
HG_16641 	ScCr	ScOc	ScOs	ScPo
HG_19112 	ScCr	ScOc	ScOs	ScPo
HG_19230 	ScCr	ScOc	ScOs	ScPo
HG_19166 	ScCr	ScOc	ScOs	ScPo
HG_19335 	ScCr	ScOc	ScOs	ScPo
HG_19471 	ScCr	ScOc	ScOs	ScPo
HG_19317 	ScCr	ScOc	ScOs	ScPo
HG_19453 	ScCr	ScOc	ScOs	ScPo
HG_19148 	ScCr	ScOc	ScOs	ScPo
HG_19284 	ScCr	ScOc	ScOs	ScPo
HG_16605 	PnJi	ScCr	ScOc	ScOs	ScPo
HG_19212 	ScCr	ScOc	ScOs	ScPo
HG_19266 	ScCr	ScOc	ScOs	ScPo
HG_19435 	ScCr	ScOc	ScOs	ScPo
HG_19161 	ScCr	ScOc	ScOs	ScPo
HG_19097 	ScCr	ScOc	ScOs	ScPo
HG_19330 	ScCr	ScOc	ScOs	ScPo
HG_19248 	ScCr	ScOc	ScOs	ScPo
HG_19417 	ScCr	ScOc	ScOs	ScPo
HG_19312 	ScCr	ScOc	ScOs	ScPo
HG_19143 	ScCr	ScOc	ScOs	ScPo
HG_19384 	ScCr	ScOc	ScOs	ScPo
HG_14704 	PnCa	PnJi	ScCr	ScOc	ScOs	ScPo
HG_19197 	ScCr	ScOc	ScOs	ScPo
HG_19430 	ScCr	ScOc	ScOs	ScPo
HG_19366 	ScCr	ScOc	ScOs	ScPo
HG_19125 	ScCr	ScOc	ScOs	ScPo
HG_19261 	ScCr	ScOc	ScOs	ScPo
HG_12516 	ScCr	ScOc	ScOs	ScPo
HG_19092 	ScCr	ScOc	ScOs	ScPo
HG_19107 	ScCr	ScOc	ScOs	ScPo
HG_19243 	ScCr	ScOc	ScOs	ScPo
HG_19179 	ScCr	ScOc	ScOs	ScPo
HG_19412 	ScCr	ScOc	ScOs	ScPo
HG_16636 	ScCr	ScOc	ScOs	ScPo
HG_19348 	ScCr	ScOc	ScOs	ScPo
HG_12360 	ScCr	ScOc	ScOs	ScPo
HG_19466 	ScCr	ScOc	ScOs	ScPo
HG_19225 	ScCr	ScOc	ScOs	ScPo
HG_19297 	ScCr	ScOc	ScOs	ScPo
HG_19120 	ScCr	ScOc	ScOs	ScPo
HG_19192 	ScCr	ScOc	ScOs	ScPo
HG_19361 	ScCr	ScOc	ScOs	ScPo
HG_19207 	ScCr	ScOc	ScOs	ScPo
HG_19279 	ScCr	ScOc	ScOs	ScPo
HG_19448 	ScCr	ScOc	ScOs	ScPo
HG_19174 	ScCr	ScOc	ScOs	ScPo
HG_19343 	ScCr	ScOc	ScOs	ScPo
HG_16631 	PrLa	ScCr	ScOc	ScOs	ScPo
HG_19102 	ScCr	ScOc	ScOs	ScPo
HG_18719 	ScCr	ScOc	ScOs	ScPo
HG_19325 	ScCr	ScOc	ScOs	ScPo
HG_19397 	ScCr	ScOc	ScOs	ScPo
HG_19220 	ScCr	ScOc	ScOs	ScPo
HG_19156 	ScCr	ScOc	ScOs	ScPo
HG_19292 	ScCr	ScOc	ScOs	ScPo
HG_19461 	ScCr	ScOc	ScOs	ScPo
HG_19379 	ScCr	ScOc	ScOs	ScPo
HG_19307 	ScCr	ScOc	ScOs	ScPo
HG_19443 	ScCr	ScOc	ScOs	ScPo
HG_19202 	ScCr	ScOc	ScOs	ScPo
HG_19138 	ScCr	ScOc	ScOs	ScPo
HG_19274 	ScCr	ScOc	ScOs	ScPo
HG_18714 	ScCr	ScOc	ScOs	ScPo
HG_19151 	ScCr	ScOc	ScOs	ScPo
HG_19087 	ScCr	ScOc	ScOs	ScPo
HG_19256 	ScCr	ScOc	ScOs	ScPo
HG_19320 	ScCr	ScOc	ScOs	ScPo
HG_19392 	ScCr	ScOc	ScOs	ScPo
HG_19425 	ScCr	ScOc	ScOs	ScPo
HG_14712 	PnCa	PnJi	ScCr	ScOc	ScOs	ScPo
HG_19479 	ScCr	ScOc	ScOs	ScPo
HG_19302 	ScCr	ScOc	ScOs	ScPo
HG_19238 	ScCr	ScOc	ScOs	ScPo
HG_19407 	ScCr	ScOc	ScOs	ScPo
HG_19374 	ScCr	ScOc	ScOs	ScPo
HG_19133 	ScCr	ScOc	ScOs	ScPo
HG_19356 	ScCr	ScOc	ScOs	ScPo
HG_19187 	ScCr	ScOc	ScOs	ScPo
HG_19420 	ScCr	ScOc	ScOs	ScPo
HG_16644 	ScCr	ScOc	ScOs	ScPo
HG_19115 	ScCr	ScOc	ScOs	ScPo
HG_19251 	ScCr	ScOc	ScOs	ScPo
HG_19338 	ScCr	ScOc	ScOs	ScPo
HG_19474 	ScCr	ScOc	ScOs	ScPo
HG_19233 	ScCr	ScOc	ScOs	ScPo
HG_19169 	ScCr	ScOc	ScOs	ScPo
HG_19402 	ScCr	ScOc	ScOs	ScPo
HG_12350 	ScCr	ScOc	ScOs	ScPo
HG_19456 	ScCr	ScOc	ScOs	ScPo
HG_19215 	ScCr	ScOc	ScOs	ScPo
HG_19351 	ScCr	ScOc	ScOs	ScPo
HG_19287 	ScCr	ScOc	ScOs	ScPo
HG_19110 	ScCr	ScOc	ScOs	ScPo
HG_19182 	ScCr	ScOc	ScOs	ScPo
HG_19438 	ScCr	ScOc	ScOs	ScPo
HG_19333 	ScCr	ScOc	ScOs	ScPo
HG_19269 	ScCr	ScOc	ScOs	ScPo
HG_19164 	ScCr	ScOc	ScOs	ScPo
HG_19315 	ScCr	ScOc	ScOs	ScPo
HG_19451 	ScCr	ScOc	ScOs	ScPo
HG_19387 	ScCr	ScOc	ScOs	ScPo
HG_19210 	ScCr	ScOc	ScOs	ScPo
HG_19146 	ScCr	ScOc	ScOs	ScPo
HG_19282 	ScCr	ScOc	ScOs	ScPo
HG_16603 	PrLa	ScCr	ScOc	ScOs	ScPo
HG_14707 	PnCa	PnJi	ScCr	ScOc	ScOs	ScPo
HG_19433 	ScCr	ScOc	ScOs	ScPo
HG_19369 	ScCr	ScOc	ScOs	ScPo
HG_18722 	ScCr	ScOc	ScOs	ScPo
HG_19095 	ScCr	ScOc	ScOs	ScPo
HG_19128 	ScCr	ScOc	ScOs	ScPo
HG_19264 	ScCr	ScOc	ScOs	ScPo
HG_12519 	PnCa	PnJi	PrLa	ScCr	ScOc	ScOs	ScPo	TaDe
HG_10895 	ScCr	ScOc	ScOs	ScPo
HG_19415 	ScCr	ScOc	ScOs	ScPo
HG_16639 	PrLa	ScCr	ScOc	ScOs	ScPo
HG_19310 	ScCr	ScOc	ScOs	ScPo
HG_19246 	ScCr	ScOc	ScOs	ScPo
HG_19382 	ScCr	ScOc	ScOs	ScPo
HG_19141 	ScCr	ScOc	ScOs	ScPo
HG_19469 	ScCr	ScOc	ScOs	ScPo
HG_19123 	ScCr	ScOc	ScOs	ScPo
HG_19195 	ScCr	ScOc	ScOs	ScPo
HG_19228 	ScCr	ScOc	ScOs	ScPo
HG_19364 	ScCr	ScOc	ScOs	ScPo
HG_19090 	ScCr	ScOc	ScOs	ScPo
HG_8894 	ScCr	ScOc	ScOs	ScPo
HG_19410 	ScCr	ScOc	ScOs	ScPo
HG_19346 	ScCr	ScOc	ScOs	ScPo
HG_19105 	ScCr	ScOc	ScOs	ScPo
HG_19177 	ScCr	ScOc	ScOs	ScPo
HG_19241 	ScCr	ScOc	ScOs	ScPo
HG_18689 	ScCr	ScOc	ScOs	ScPo
HG_19159 	ScCr	ScOc	ScOs	ScPo
HG_19295 	ScCr	ScOc	ScOs	ScPo
HG_19328 	ScCr	ScOc	ScOs	ScPo
HG_16616 	PrLa	ScCr	ScOc	ScOs	ScPo
HG_19464 	ScCr	ScOc	ScOs	ScPo
HG_19223 	ScCr	ScOc	ScOs	ScPo
HG_19992 	PnCa	PnJi	PrLa	TaDe
HG_19446 	ScCr	ScOc	ScOs	ScPo
HG_19277 	ScCr	ScOc	ScOs	ScPo
HG_19100 	ScCr	ScOc	ScOs	ScPo
HG_19172 	ScCr	ScOc	ScOs	ScPo
HG_19205 	ScCr	ScOc	ScOs	ScPo
HG_19341 	ScCr	ScOc	ScOs	ScPo
HG_19259 	ScCr	ScOc	ScOs	ScPo
HG_18717 	ScCr	ScOc	ScOs	ScPo
HG_19428 	ScCr	ScOc	ScOs	ScPo
HG_19154 	ScCr	ScOc	ScOs	ScPo
HG_16611 	ScCr	ScOc	ScOs	ScPo	TaDe
HG_19290 	ScCr	ScOc	ScOs	ScPo
HG_19323 	ScCr	ScOc	ScOs	ScPo
HG_19395 	ScCr	ScOc	ScOs	ScPo
HG_14715 	PnCa	PnJi	ScCr	ScOc	ScOs	ScPo
HG_19136 	ScCr	ScOc	ScOs	ScPo
HG_19272 	ScCr	ScOc	ScOs	ScPo
HG_19305 	ScCr	ScOc	ScOs	ScPo
HG_19441 	ScCr	ScOc	ScOs	ScPo
HG_19377 	ScCr	ScOc	ScOs	ScPo
HG_19200 	ScCr	ScOc	ScOs	ScPo
HG_13302 	ScCr	ScOc	ScOs	ScPo
HG_19423 	ScCr	ScOc	ScOs	ScPo
HG_19359 	ScCr	ScOc	ScOs	ScPo
HG_19118 	ScCr	ScOc	ScOs	ScPo
HG_19254 	ScCr	ScOc	ScOs	ScPo
HG_14710 	PrLa	ScCr	ScOc	ScOs	ScPo	TaDe
HG_19085 	ScCr	ScOc	ScOs	ScPo
HG_19236 	ScCr	ScOc	ScOs	ScPo
HG_19405 	ScCr	ScOc	ScOs	ScPo
HG_16629 	ScCr	ScOc	ScOs	ScPo
HG_19477 	ScCr	ScOc	ScOs	ScPo
HG_19300 	ScCr	ScOc	ScOs	ScPo
HG_19372 	ScCr	ScOc	ScOs	ScPo
HG_19131 	ScCr	ScOc	ScOs	ScPo
HG_19459 	ScCr	ScOc	ScOs	ScPo
HG_19218 	ScCr	ScOc	ScOs	ScPo
HG_19113 	ScCr	ScOc	ScOs	ScPo
HG_19185 	ScCr	ScOc	ScOs	ScPo
HG_19354 	ScCr	ScOc	ScOs	ScPo
HG_13456 	ScCr	ScOc	ScOs	ScPo
HG_19336 	ScCr	ScOc	ScOs	ScPo
HG_16624 	ScCr	ScOc	ScOs	ScPo
HG_19472 	ScCr	ScOc	ScOs	ScPo
HG_19231 	ScCr	ScOc	ScOs	ScPo
HG_19167 	ScCr	ScOc	ScOs	ScPo
HG_19400 	ScCr	ScOc	ScOs	ScPo
HG_19213 	ScCr	ScOc	ScOs	ScPo
HG_19149 	ScCr	ScOc	ScOs	ScPo
HG_19318 	ScCr	ScOc	ScOs	ScPo
HG_19285 	ScCr	ScOc	ScOs	ScPo
HG_19454 	ScCr	ScOc	ScOs	ScPo
HG_19180 	ScCr	ScOc	ScOs	ScPo
HG_19098 	ScCr	ScOc	ScOs	ScPo
HG_19267 	ScCr	ScOc	ScOs	ScPo
HG_19436 	ScCr	ScOc	ScOs	ScPo
HG_19162 	ScCr	ScOc	ScOs	ScPo
HG_19331 	ScCr	ScOc	ScOs	ScPo
HG_19249 	ScCr	ScOc	ScOs	ScPo
HG_18674 	ScCr	ScOc	ScOs	ScPo
HG_19385 	ScCr	ScOc	ScOs	ScPo
HG_19418 	ScCr	ScOc	ScOs	ScPo
HG_19313 	ScCr	ScOc	ScOs	ScPo
HG_19280 	ScCr	ScOc	ScOs	ScPo
HG_16601 	PnJi	ScCr	ScOc	ScOs	ScPo
HG_19144 	ScCr	ScOc	ScOs	ScPo
HG_19367 	ScCr	ScOc	ScOs	ScPo
HG_19126 	ScCr	ScOc	ScOs	ScPo
HG_19093 	ScCr	ScOc	ScOs	ScPo
HG_19262 	ScCr	ScOc	ScOs	ScPo
HG_19198 	ScCr	ScOc	ScOs	ScPo
HG_19431 	ScCr	ScOc	ScOs	ScPo
HG_12517 	PnCa	PnJi	PrLa	ScCr	ScOc	ScOs	ScPo	TaDe
HG_19349 	ScCr	ScOc	ScOs	ScPo
HG_19108 	ScCr	ScOc	ScOs	ScPo
HG_19244 	ScCr	ScOc	ScOs	ScPo
HG_19380 	ScCr	ScOc	ScOs	ScPo
HG_19413 	ScCr	ScOc	ScOs	ScPo
HG_12361 	ScCr	ScOc	ScOs	ScPo
HG_19226 	ScCr	ScOc	ScOs	ScPo
HG_19362 	ScCr	ScOc	ScOs	ScPo
HG_19298 	ScCr	ScOc	ScOs	ScPo
HG_19467 	ScCr	ScOc	ScOs	ScPo
HG_19193 	ScCr	ScOc	ScOs	ScPo
HG_19121 	ScCr	ScOc	ScOs	ScPo
HG_19208 	ScCr	ScOc	ScOs	ScPo
HG_19344 	ScCr	ScOc	ScOs	ScPo
HG_19449 	ScCr	ScOc	ScOs	ScPo
HG_19103 	ScCr	ScOc	ScOs	ScPo
HG_19175 	ScCr	ScOc	ScOs	ScPo
HG_16632 	PnCa	ScCr	ScOc	ScOs	ScPo
HG_19326 	ScCr	ScOc	ScOs	ScPo
HG_19398 	ScCr	ScOc	ScOs	ScPo
HG_19293 	ScCr	ScOc	ScOs	ScPo
HG_16614 	PnJi	ScCr	ScOc	ScOs	ScPo
HG_19462 	ScCr	ScOc	ScOs	ScPo
HG_14718 	PrLa	ScCr	ScOc	ScOs	ScPo	TaDe
HG_16309 	ScCr	ScOc	ScOs	ScPo
HG_19221 	ScCr	ScOc	ScOs	ScPo
HG_19157 	ScCr	ScOc	ScOs	ScPo
HG_19308 	ScCr	ScOc	ScOs	ScPo
HG_19203 	ScCr	ScOc	ScOs	ScPo
HG_19139 	ScCr	ScOc	ScOs	ScPo
HG_19275 	ScCr	ScOc	ScOs	ScPo
HG_19444 	ScCr	ScOc	ScOs	ScPo
HG_19170 	ScCr	ScOc	ScOs	ScPo
HG_18715 	ScCr	ScOc	ScOs	ScPo
HG_19426 	ScCr	ScOc	ScOs	ScPo
HG_14713 	PnCa	PnJi	ScCr	ScOc	ScOs	ScPo
HG_19152 	ScCr	ScOc	ScOs	ScPo
HG_19088 	ScCr	ScOc	ScOs	ScPo
HG_19321 	ScCr	ScOc	ScOs	ScPo
HG_19257 	ScCr	ScOc	ScOs	ScPo
HG_19393 	ScCr	ScOc	ScOs	ScPo
HG_19408 	ScCr	ScOc	ScOs	ScPo
HG_19303 	ScCr	ScOc	ScOs	ScPo
HG_19239 	ScCr	ScOc	ScOs	ScPo
HG_19375 	ScCr	ScOc	ScOs	ScPo
HG_19270 	ScCr	ScOc	ScOs	ScPo
HG_19134 	ScCr	ScOc	ScOs	ScPo
HG_20003 	PnCa	PnJi	PrLa	TaDe
HG_19188 	ScCr	ScOc	ScOs	ScPo
HG_19421 	ScCr	ScOc	ScOs	ScPo
HG_19357 	ScCr	ScOc	ScOs	ScPo
HG_19083 	ScCr	ScOc	ScOs	ScPo
HG_19116 	ScCr	ScOc	ScOs	ScPo
HG_19252 	ScCr	ScOc	ScOs	ScPo
HG_19339 	ScCr	ScOc	ScOs	ScPo
HG_19475 	ScCr	ScOc	ScOs	ScPo
HG_19403 	ScCr	ScOc	ScOs	ScPo
HG_19234 	ScCr	ScOc	ScOs	ScPo
HG_19370 	ScCr	ScOc	ScOs	ScPo
HG_19457 	ScCr	ScOc	ScOs	ScPo
HG_19183 	ScCr	ScOc	ScOs	ScPo
HG_19216 	ScCr	ScOc	ScOs	ScPo
HG_16640 	PrLa	ScCr	ScOc	ScOs	ScPo
HG_19352 	ScCr	ScOc	ScOs	ScPo
HG_19288 	ScCr	ScOc	ScOs	ScPo
HG_13454 	ScCr	ScOc	ScOs	ScPo
HG_19111 	ScCr	ScOc	ScOs	ScPo
HG_18728 	ScCr	ScOc	ScOs	ScPo
HG_19439 	ScCr	ScOc	ScOs	ScPo
HG_19165 	ScCr	ScOc	ScOs	ScPo
HG_19334 	ScCr	ScOc	ScOs	ScPo
HG_16622 	PnJi	ScCr	ScOc	ScOs	ScPo
HG_19470 	ScCr	ScOc	ScOs	ScPo
HG_16604 	ScCr	ScOc	ScOs	ScPo
HG_19452 	ScCr	ScOc	ScOs	ScPo
HG_19388 	ScCr	ScOc	ScOs	ScPo
HG_19147 	ScCr	ScOc	ScOs	ScPo
HG_19316 	ScCr	ScOc	ScOs	ScPo
HG_19211 	ScCr	ScOc	ScOs	ScPo
HG_19283 	ScCr	ScOc	ScOs	ScPo
HG_19129 	ScCr	ScOc	ScOs	ScPo
HG_18690 	ScCr	ScOc	ScOs	ScPo
HG_19434 	ScCr	ScOc	ScOs	ScPo
HG_19160 	ScCr	ScOc	ScOs	ScPo
HG_19096 	ScCr	ScOc	ScOs	ScPo
HG_19265 	ScCr	ScOc	ScOs	ScPo
HG_18705 	ScCr	ScOc	ScOs	ScPo
HG_19416 	ScCr	ScOc	ScOs	ScPo
HG_19142 	ScCr	ScOc	ScOs	ScPo
HG_19311 	ScCr	ScOc	ScOs	ScPo
HG_19247 	ScCr	ScOc	ScOs	ScPo
HG_19383 	ScCr	ScOc	ScOs	ScPo
HG_14703 	PnCa	PnJi	ScCr	ScOc	ScOs	ScPo
HG_18654 	ScCr	ScOc	ScOs	ScPo
HG_19196 	ScCr	ScOc	ScOs	ScPo
HG_19229 	ScCr	ScOc	ScOs	ScPo
HG_19365 	ScCr	ScOc	ScOs	ScPo
HG_19124 	ScCr	ScOc	ScOs	ScPo
