HG_19091	ScPom_CAA16952.1 ScCry_EPY51710.1 ScOct_EPX70552.1 ScOsm_WBW73710.1
HG_10924	ScPom_CAA21911.1 ScCry_EPY53124.1 ScOct_EPX71693.1 ScOct_EPX75352.1 ScOsm_WBW70830.1 ScOsm_WBW72256.1 ScOsm_WBW72284.1 ScOsm_WBW72584.1 ScOsm_WBW72941.1 ScOsm_WBW74080.1
HG_19260	ScPom_CAB11517.1 ScCry_EPY53430.1 ScOct_EPX71289.1 ScOsm_WBW72018.1
HG_19411	ScPom_CAB83086.1 ScCry_EPY50182.1 ScOct_EPX73327.1 ScOsm_WBW73519.1
HG_19347	ScPom_CAB53087.1 ScCry_EPY49786.1 ScOct_EPX72044.1 ScOsm_WBW74877.1
HG_19106	ScPom_CAA19026.1 ScCry_EPY50279.1 ScOct_EPX73231.1 ScOsm_WBW74458.1
HG_19178	ScPom_CAA22537.1 ScCry_EPY49574.1 ScOct_EPX75066.1 ScOsm_WBW72692.1
HG_19242	ScPom_CAB10851.1 ScCry_EPY50986.1 ScOct_EPX74872.1 ScOsm_WBW71476.1
HG_19224	ScPom_CAB08741.1 ScCry_EPY50960.1 ScOct_EPX74844.1 ScOsm_WBW72114.1
HG_19329	ScPom_CAB51353.1 ScCry_EPY53746.1 ScOct_EPX71062.1 ScOsm_WBW70588.1
HG_19296	ScPom_CAB37442.1 ScCry_EPY53520.1 ScOct_EPX71376.1 ScOsm_WBW70742.1
HG_19465	ScPom_CCD31320.1 ScCry_EPY53219.1 ScOct_EPX75256.1 ScOsm_WBW70697.1
HG_19191	ScPom_CAA89955.1 ScCry_EPY52708.1 ScOct_EPX72714.1 ScOsm_WBW74174.1
HG_19360	ScPom_CAB55856.1 ScCry_EPY53226.1 ScOct_EPX75249.1 ScOsm_WBW73047.1
HG_19993	TaDef_CCG81881.1 PnJir_KTW26591.1 PnCar_KTW31627.1 PrLac_ORY79560.1
HG_19447	ScPom_CAC37432.2 ScCry_EPY52753.1 ScOct_EPX72668.1 ScOsm_WBW73869.1
HG_19206	ScPom_CAA93556.1 ScCry_EPY51804.1 ScOct_EPX70643.1 ScOsm_WBW73168.1
HG_19278	ScPom_CAB16358.1 ScCry_EPY50810.1 ScOct_EPX74691.1 ScOsm_WBW71505.1
HG_19101	ScPom_CAA18641.1 ScCry_EPY49749.1 ScOct_EPX70893.1 ScOsm_WBW73335.1
HG_19173	ScPom_CAA22336.1 ScCry_EPY53601.1 ScOct_EPX71204.1 ScOsm_WBW72849.1
HG_16630	ScPom_CAB11738.2 ScCry_EPY53209.1 ScOct_EPX75266.1 ScOct_EPX75267.1 ScOsm_WBW72702.1
HG_19342	ScPom_CAB52742.1 ScCry_EPY53494.1 ScOct_EPX71354.1 ScOsm_WBW71745.1
HG_19429	ScPom_CAC05727.2 ScCry_EPY52859.1 ScOct_EPX72564.1 ScOsm_WBW73546.1
HG_19396	ScPom_CAB75993.1 ScCry_EPY53751.1 ScOct_EPX71057.1 ScOsm_WBW70593.1
HG_19324	ScPom_CAB44773.1 ScCry_EPY51295.1 ScOct_EPX73653.1 ScOsm_WBW74714.1
HG_19291	ScPom_CAB16909.1 ScCry_EPY54111.1 ScOct_EPX74526.1 ScOsm_WBW71958.1
HG_19460	ScPom_CBA11509.2 ScCry_EPY51627.1 ScOct_EPX70471.1 ScOsm_WBW73894.1
HG_19155	ScPom_CAA21223.1 ScCry_EPY49892.1 ScOct_EPX71939.1 ScOsm_WBW75521.1
HG_19378	ScPom_CAB60689.1 ScCry_EPY50575.1 ScOct_EPX70930.1 ScOsm_WBW74961.1
HG_19201	ScPom_CAA92317.1 ScCry_EPY52712.1 ScOct_EPX72709.1 ScOsm_WBW73723.1
HG_19137	ScPom_CAA20666.1 ScCry_EPY49999.1 ScOct_EPX71833.1 ScOsm_WBW74914.1
HG_19273	ScPom_CAB16297.1 ScCry_EPY52987.1 ScOct_EPX73958.1 ScOsm_WBW73835.1
HG_19306	ScPom_CAB38630.1 ScCry_EPY53399.1 ScOct_EPX71391.1 ScOsm_WBW71372.1
HG_19442	ScPom_CAC36918.1 ScCry_EPY52150.1 ScOct_EPX72166.1 ScOsm_WBW71093.1
HG_10422	ScPom_CAA19075.2 ScCry_EPY53055.1 ScCry_EPY53087.1 ScCry_EPY53892.1 ScCry_EPY53895.1 ScOct_EPX73398.1 ScOct_EPX75375.1 ScOct_EPX75390.1 ScOsm_WBW71449.1 ScOsm_WBW71869.1 ScOsm_WBW75103.1
HG_19424	ScPom_CAB90778.1 ScCry_EPY53377.1 ScOct_EPX71411.1 ScOsm_WBW72527.1
HG_19391	ScPom_CAB71194.1 ScCry_EPY49880.1 ScOct_EPX71951.1 ScOsm_WBW75187.1
HG_19119	ScPom_CAA19573.1 ScCry_EPY53834.1 ScOct_EPX74107.1 ScOsm_WBW71617.1
HG_19255	ScPom_CAB11261.1 ScCry_EPY53331.1 ScOct_EPX71455.1 ScOsm_WBW70930.1
HG_14711	ScPom_CAB57928.2 ScCry_EPY52203.1 ScOct_EPX72220.1 PnJir_KTW27842.1 PnCar_KTW28490.1 ScOsm_WBW72082.1
HG_19150	ScPom_CAA21111.1 ScCry_EPY50054.1 ScOct_EPX71775.1 ScOsm_WBW74892.1
HG_19086	ScPom_CAA16822.2 ScCry_EPY54010.1 ScOct_EPX72419.1 ScOsm_WBW72629.1
HG_19237	ScPom_CAB10139.1 ScCry_EPY50234.1 ScOct_EPX73275.1 ScOsm_WBW73756.1
HG_19373	ScPom_CAB59879.1 ScCry_EPY51538.1 ScOct_EPX73886.1 ScOsm_WBW75241.1
HG_19406	ScPom_CAB76223.1 ScCry_EPY49771.1 ScOct_EPX72059.1 ScOsm_WBW75228.1
HG_19478	ScPom_CCD31393.1 ScCry_EPY49757.1 ScOct_EPX70885.1 ScOsm_WBW73217.1
HG_19301	ScPom_CAB37608.1 ScCry_EPY49316.1 ScOct_EPX74194.1 ScOsm_WBW70644.1
HG_12354	ScPom_CAB38165.1 ScPom_CAB77012.1 ScCry_EPY49820.1 ScCry_EPY52978.1 ScOct_EPX72009.1 ScOct_EPX73968.1 ScOsm_WBW73936.1 ScOsm_WBW74978.1
HG_19132	ScPom_CAA20431.2 ScCry_EPY50660.1 ScOct_EPX72332.1 ScOsm_WBW72305.1
HG_19219	ScPom_CAA97345.1 ScCry_EPY51907.1 ScOct_EPX70745.1 ScOsm_WBW73826.1
HG_19355	ScPom_CAB55181.1 ScCry_EPY53176.1 ScOct_EPX75300.1 ScOsm_WBW70665.1
HG_19114	ScPom_CAA19301.1 ScCry_EPY50103.1 ScOct_EPX71730.1 ScOsm_WBW74993.1
HG_19250	ScPom_CAB11198.1 ScCry_EPY50194.1 ScOct_EPX73315.1 ScOsm_WBW73693.1
HG_19186	ScPom_CAA22780.1 ScCry_EPY51331.1 ScOct_EPX73686.1 ScOsm_WBW74954.1
HG_16643	ScPom_CAC37496.1 ScCry_EPY49227.1 ScOct_EPX72291.1 PnCar_KTW26654.1 ScOsm_WBW72973.1
HG_19337	ScPom_CAB52579.1 ScCry_EPY52594.1 ScOct_EPX72830.1 ScOsm_WBW73635.1
HG_16625	ScPom_CAA93303.1 ScCry_EPY53237.1 ScOct_EPX75238.1 PnCar_KTW25658.1 ScOsm_WBW71014.1
HG_19473	ScPom_CCD31371.1 ScCry_EPY52866.1 ScOct_EPX72557.1 ScOsm_WBW73975.1
HG_19232	ScPom_CAB10104.2 ScCry_EPY53005.1 ScOct_EPX73941.1 ScOsm_WBW73193.1
HG_19168	ScPom_CAA21887.2 ScCry_EPY51123.1 ScOct_EPX73484.1 ScOsm_WBW75204.1
HG_19401	ScPom_CAB76053.1 ScCry_EPY53643.1 ScOct_EPX71162.1 ScOsm_WBW71986.1
HG_19319	ScPom_CAB41227.1 ScCry_EPY51309.1 ScOct_EPX73667.1 ScOsm_WBW74860.1
HG_19214	ScPom_CAA94624.1 ScCry_EPY54182.1 ScOct_EPX74453.1 ScOsm_WBW71634.1
HG_19350	ScPom_CAB54813.1 ScCry_EPY49471.1 ScOct_EPX75169.1 ScOsm_WBW72124.1
HG_19286	ScPom_CAB16730.2 ScCry_EPY52425.1 ScOct_EPX72989.1 ScOsm_WBW73871.1
HG_19455	ScPom_CAK10697.1 ScCry_EPY52155.1 ScOct_EPX72171.1 ScOsm_WBW71088.1
HG_19181	ScPom_CAA22630.1 ScCry_EPY49598.1 ScOct_EPX75041.1 ScOsm_WBW72330.1
HG_19099	ScPom_CAA18304.1 ScCry_EPY50061.1 ScOct_EPX71769.1 ScOsm_WBW74896.1
HG_19332	ScPom_CAB52166.2 ScCry_EPY53261.1 ScOct_EPX71522.1 ScOsm_WBW70775.1
HG_19268	ScPom_CAB11720.1 ScCry_EPY52469.1 ScOct_EPX72944.1 ScOsm_WBW74338.1
HG_19437	ScPom_CAC21487.1 ScCry_EPY52803.1 ScOct_EPX72619.1 ScOsm_WBW73228.1
HG_19163	ScPom_CAA21797.1 ScCry_EPY53722.1 ScOct_EPX71086.1 ScOsm_WBW71540.1
HG_16620	ScPom_CAA22552.1 ScPom_CAB16211.1 ScCry_EPY51487.1 ScOct_EPX73836.1 ScOsm_WBW75604.1
HG_6928	ScPom_CAA19288.1 ScPom_CAA21117.1 ScPom_CAA21118.1 ScPom_CAB03595.1 ScPom_CAB91170.1 ScPom_CAB94948.1 ScPom_CAB94949.1 ScPom_CAD27907.1 ScCry_EPY50044.1 ScCry_EPY50048.1 ScCry_EPY50050.1 ScCry_EPY50471.1 ScCry_EPY52320.1 ScCry_EPY53078.1 ScOct_EPX71603.1 ScOct_EPX71651.1 ScOct_EPX71780.1 ScOct_EPX71781.1 ScOct_EPX71785.1 ScOct_EPX75381.1 ScOsm_WBW70744.1 ScOsm_WBW71657.1 ScOsm_WBW72389.1 ScOsm_WBW74966.1 ScOsm_WBW74969.1 ScOsm_WBW74970.1
HG_19314	ScPom_CAB40207.1 ScCry_EPY49815.1 ScOct_EPX72015.1 ScOsm_WBW74984.1
HG_19386	ScPom_CAB63797.1 ScCry_EPY51726.1 ScOct_EPX70568.1 ScOsm_WBW73390.1
HG_19419	ScPom_CAB89003.1 ScCry_EPY49181.1 ScOct_EPX72249.1 ScOsm_WBW70891.1
HG_19281	ScPom_CAB16404.1 ScCry_EPY51919.1 ScOct_EPX70756.1 ScOsm_WBW73566.1
HG_19450	ScPom_CAD27502.1 ScCry_EPY50892.1 ScOct_EPX74771.1 ScOsm_WBW72850.1
HG_19145	ScPom_CAA20745.2 ScCry_EPY49875.1 ScOct_EPX71956.1 ScOsm_WBW75346.1
HG_19199	ScPom_CAA91890.1 ScCry_EPY50826.1 ScOct_EPX74707.1 ScOsm_WBW71723.1
HG_19368	ScPom_CAB58400.1 ScCry_EPY49352.1 ScOct_EPX74230.1 ScOsm_WBW70793.1
HG_19094	ScPom_CAA17071.2 ScCry_EPY52864.1 ScOct_EPX72559.1 ScOsm_WBW73431.1
HG_19127	ScPom_CAA20308.1 ScCry_EPY52905.1 ScOct_EPX74042.1 ScOsm_WBW74405.1
HG_19263	ScPom_CAB11670.1 ScCry_EPY51011.1 ScOct_EPX74896.1 ScOsm_WBW72638.1
HG_19432	ScPom_CAC19759.2 ScCry_EPY53353.1 ScOct_EPX71433.1 ScOsm_WBW71601.1
HG_18703	ScPom_CAB90134.1 ScCry_EPY52549.1 ScOct_EPX72871.1 ScOsm_WBW73771.1
HG_19109	ScPom_CAA19059.1 ScCry_EPY54269.1 ScOct_EPX74366.1 ScOsm_WBW72788.1
HG_19245	ScPom_CAB11036.1 ScCry_EPY52748.1 ScOct_EPX72672.1 ScOsm_WBW73076.1
HG_19381	ScPom_CAB62100.1 ScCry_EPY50518.1 ScOct_EPX71557.1 ScOsm_WBW71973.1
HG_19414	ScPom_CAB86345.1 ScCry_EPY52047.1 ScOct_EPX72151.1 ScOsm_WBW71788.1
HG_14701	ScPom_CAA92387.1 ScCry_EPY51788.1 ScOct_EPX70627.1 PnJir_KTW32547.1 PnCar_KTW25610.1 ScOsm_WBW74629.1
HG_19140	ScPom_CAA20688.1 ScCry_EPY50654.1 ScOct_EPX72326.1 ScOsm_WBW72298.1
HG_12362	ScPom_CAB08597.1 ScPom_CAB16718.2 ScCry_EPY50939.1 ScCry_EPY52436.1 ScOct_EPX72977.1 ScOct_EPX74817.1 ScOsm_WBW71024.1 ScOsm_WBW74549.1
HG_19468	ScPom_CCD31332.1 ScCry_EPY51549.1 ScOct_EPX73896.1 ScOsm_WBW74745.1
HG_19194	ScPom_CAA91127.1 ScCry_EPY54090.1 ScOct_EPX74543.1 ScOsm_WBW71150.1
HG_19227	ScPom_CAB09122.1 ScCry_EPY49314.1 ScOct_EPX74192.1 ScOsm_WBW70642.1
HG_19363	ScPom_CAB57845.1 ScCry_EPY51298.1 ScOct_EPX73656.1 ScOsm_WBW74796.1
HG_19299	ScPom_CAB37603.1 ScCry_EPY49321.1 ScOct_EPX74199.1 ScOsm_WBW70647.1
HG_19122	ScPom_CAA20102.2 ScCry_EPY53691.1 ScOct_EPX71116.1 ScOsm_WBW71626.1
HG_19176	ScPom_CAA22528.2 ScCry_EPY49565.1 ScOct_EPX75076.1 ScOsm_WBW72879.1
HG_19209	ScPom_CAA93592.1 ScCry_EPY51821.1 ScOct_EPX70660.1 ScOsm_WBW74505.1
HG_19345	ScPom_CAB53075.1 ScCry_EPY49800.1 ScOct_EPX72030.1 ScOsm_WBW75628.1
HG_19104	ScPom_CAA18885.1 ScCry_EPY53510.1 ScOct_EPX71366.1 ScOsm_WBW71548.1
HG_19240	ScPom_CAB10152.1 ScCry_EPY52955.1 ScOct_EPX73991.1 ScOsm_WBW74526.1
HG_19327	ScPom_CAB46755.1 ScCry_EPY54322.1 ScOct_EPX74315.1 ScOsm_WBW70809.1
HG_19463	ScPom_CCD31310.1 ScCry_EPY50753.1 ScOct_EPX74634.1 ScOsm_WBW71875.1
HG_19399	ScPom_CAB76047.1 ScCry_EPY53649.1 ScOct_EPX71156.1 ScOsm_WBW72203.1
HG_19158	ScPom_CAA21311.1 ScCry_EPY49395.1 ScOct_EPX74272.1 ScOsm_WBW72103.1
HG_16615	ScPom_CAA22191.1 ScCry_EPY51062.1 ScOct_EPX73423.1 PrLac_ORY80005.1 ScOsm_WBW74928.1
HG_19294	ScPom_CAB37422.1 ScCry_EPY51314.1 ScOct_EPX73670.1 ScOsm_WBW75565.1
HG_19222	ScPom_CAB03606.1 ScCry_EPY52163.1 ScOct_EPX72180.1 ScOsm_WBW72570.1
HG_19991	TaDef_CCG81120.1 PnJir_KTW28229.1 PnCar_KTW27374.1 PrLac_ORY76068.1
HG_19309	ScPom_CAB39365.1 ScCry_EPY51129.1 ScOct_EPX73489.1 ScOsm_WBW74632.1
HG_19445	ScPom_CAC37372.1 ScCry_EPY49238.1 ScOct_EPX72302.1 ScOsm_WBW72430.1
HG_19204	ScPom_CAA93341.1 ScCry_EPY51553.1 ScOct_EPX73901.1 ScOsm_WBW74835.1
HG_19171	ScPom_CAA22279.1 ScCry_EPY51096.1 ScOct_EPX73456.1 ScOsm_WBW75136.1
HG_19340	ScPom_CAB52722.1 ScCry_EPY50358.1 ScOct_EPX73153.1 ScOsm_WBW74333.1
HG_19276	ScPom_CAB16356.2 ScCry_EPY50808.1 ScOct_EPX74689.1 ScOsm_WBW71948.1
HG_19427	ScPom_CAB93011.1 ScCry_EPY52078.1 ScOct_EPX72121.1 ScOsm_WBW71263.1
HG_19153	ScPom_CAA21171.1 ScCry_EPY53939.1 ScOct_EPX72490.1 ScOsm_WBW71390.1
HG_19089	ScPom_CAA16854.1 ScCry_EPY52632.1 ScOct_EPX72791.1 ScOsm_WBW73652.1
HG_19322	ScPom_CAB43487.2 ScCry_EPY49523.1 ScOct_EPX75117.1 ScOsm_WBW72403.1
HG_19258	ScPom_CAB11292.1 ScCry_EPY52173.1 ScOct_EPX72190.1 ScOsm_WBW72394.1
HG_19394	ScPom_CAB72238.2 ScCry_EPY50724.1 ScOct_EPX74605.1 ScOsm_WBW72227.1
HG_14714	ScPom_CAB63493.1 ScCry_EPY52596.1 ScOct_EPX72826.1 PnJir_KTW27456.1 PnCar_KTW27111.1 ScOsm_WBW73210.1
HG_19409	ScPom_CAB76266.1 ScCry_EPY50351.1 ScOct_EPX73159.1 ScOsm_WBW74466.1
HG_19304	ScPom_CAB38167.1 ScCry_EPY49818.1 ScOct_EPX72012.1 ScOsm_WBW75558.1
HG_19440	ScPom_CAC34941.1 ScCry_EPY53448.1 ScOct_EPX71306.1 ScOsm_WBW72241.1
HG_19376	ScPom_CAB60473.1 ScCry_EPY51480.1 ScOct_EPX73829.1 ScOsm_WBW75300.1
HG_19135	ScPom_CAA20487.1 ScCry_EPY53958.1 ScOct_EPX72471.1 ScOsm_WBW70657.1
HG_19271	ScPom_CAB16292.1 ScCry_EPY52983.1 ScOct_EPX73963.1 ScOsm_WBW73247.1
HG_9772	ScPom_CAA22274.1 ScPom_CAB42067.1 ScCry_EPY49673.1 ScCry_EPY49761.1 ScCry_EPY50177.1 ScCry_EPY50220.1 ScCry_EPY52700.1 ScOct_EPX72582.1 ScOct_EPX72721.1 ScOsm_WBW70638.1 ScOsm_WBW73333.1 ScOsm_WBW73783.1 ScOsm_WBW74056.1
HG_19117	ScPom_CAA19352.1 ScCry_EPY50114.1 ScOct_EPX71721.1 ScOsm_WBW75411.1
HG_18711	ScPom_CAB91176.1 ScCry_EPY49587.1 ScOct_EPX75053.1 ScOsm_WBW72487.1
HG_19189	ScPom_CAA22855.1 ScCry_EPY50628.1 ScOct_EPX70982.1 ScOsm_WBW75564.1
HG_19422	ScPom_CAB90311.1 ScCry_EPY53427.1 ScOct_EPX71286.1 ScOsm_WBW71818.1
HG_19358	ScPom_CAB55851.1 ScCry_EPY53221.1 ScOct_EPX75254.1 ScOsm_WBW70691.1
HG_19084	ScPom_CAA15821.1 ScCry_EPY52350.1 ScOct_EPX73064.1 ScOsm_WBW73937.1
HG_19253	ScPom_CAB11238.1 ScCry_EPY52569.1 ScOct_EPX72854.1 ScOsm_WBW73718.1
HG_16628	ScPom_CAB03617.1 ScCry_EPY52152.1 ScOct_EPX72169.1 PrLac_ORY74335.1 ScOsm_WBW71094.1
HG_19476	ScPom_CCD31387.1 ScCry_EPY51594.1 ScOct_EPX70433.1 ScOsm_WBW73614.1
HG_19404	ScPom_CAB76213.1 ScCry_EPY49781.1 ScOct_EPX72049.1 ScOsm_WBW75314.1
HG_19130	ScPom_CAA20428.1 ScCry_EPY50663.1 ScOct_EPX72337.1 ScOsm_WBW71667.1
HG_19235	ScPom_CAB10124.1 ScCry_EPY51459.1 ScOct_EPX73809.1 ScOsm_WBW74780.1
HG_19371	ScPom_CAB59798.1 ScCry_EPY50341.1 ScOct_EPX73169.1 ScOsm_WBW73371.1
HG_19289	ScPom_CAB16878.1 ScCry_EPY50790.1 ScOct_EPX74671.1 ScOsm_WBW71742.1
HG_19458	ScPom_CBA11503.1 ScCry_EPY51571.1 ScOct_EPX73918.1 ScOsm_WBW75338.1
HG_19217	ScPom_CAA94692.1 ScCry_EPY50427.1 ScOct_EPX73089.1 ScOsm_WBW74279.1
HG_19184	ScPom_CAA22663.1 ScCry_EPY49619.1 ScOct_EPX75019.1 ScOsm_WBW72311.1
HG_19353	ScPom_CAB54862.1 ScCry_EPY50084.1 ScOct_EPX71748.1 ScOsm_WBW74677.1
HG_16641	ScPom_CAC36905.1 ScCry_EPY51193.1 ScCry_EPY53298.1 ScOct_EPX71486.1 ScOsm_WBW71213.1
HG_19112	ScPom_CAA19170.1 ScCry_EPY49488.1 ScOct_EPX75152.1 ScOsm_WBW71487.1
HG_19230	ScPom_CAB10001.2 ScCry_EPY53352.1 ScOct_EPX71434.1 ScOsm_WBW71600.1
HG_19166	ScPom_CAA21866.1 ScCry_EPY52108.1 ScOct_EPX72091.1 ScOsm_WBW75515.1
HG_19335	ScPom_CAB52426.1 ScCry_EPY53019.1 ScOct_EPX73927.1 ScOsm_WBW73742.1
HG_19471	ScPom_CCD31363.1 ScCry_EPY52205.1 ScOct_EPX72222.1 ScOsm_WBW70750.1
HG_19317	ScPom_CAB40281.1 ScCry_EPY51837.1 ScOct_EPX70676.1 ScOsm_WBW73628.1
HG_19453	ScPom_CAD99122.1 ScCry_EPY52870.1 ScOct_EPX72553.1 ScOsm_WBW73437.1
HG_19148	ScPom_CAA20839.1 ScCry_EPY51080.1 ScOct_EPX73440.1 ScOsm_WBW75549.1
HG_19284	ScPom_CAB16572.1 ScCry_EPY50836.1 ScOct_EPX74717.1 ScOsm_WBW71941.1
HG_16605	ScPom_CAA17889.3 ScCry_EPY50484.1 ScOct_EPX71590.1 PnJir_KTW31713.1 ScOsm_WBW72931.1
HG_19212	ScPom_CAA93695.1 ScCry_EPY51851.1 ScOct_EPX70689.1 ScOsm_WBW73568.1
HG_19266	ScPom_CAB11691.2 ScCry_EPY53310.1 ScOct_EPX71475.1 ScOsm_WBW71237.1
HG_19435	ScPom_CAC21478.2 ScCry_EPY52976.1 ScOct_EPX73970.1 ScOsm_WBW73934.1
HG_19161	ScPom_CAA21789.1 ScCry_EPY53730.1 ScOct_EPX71078.1 ScOsm_WBW70609.1
HG_19097	ScPom_CAA17911.1 ScCry_EPY54254.1 ScOct_EPX74381.1 ScOsm_WBW72061.1
HG_19330	ScPom_CAB51561.2 ScCry_EPY50623.1 ScOct_EPX70977.1 ScOsm_WBW75525.1
HG_19248	ScPom_CAB11171.1 ScCry_EPY51759.1 ScOct_EPX70601.1 ScOsm_WBW73677.1
HG_19417	ScPom_CAB88241.1 ScCry_EPY49543.1 ScOct_EPX75097.1 ScOsm_WBW70686.1
HG_19312	ScPom_CAB39908.1 ScCry_EPY50619.1 ScOct_EPX70973.1 ScOsm_WBW75409.1
HG_19143	ScPom_CAA20743.1 ScCry_EPY49877.1 ScOct_EPX71954.1 ScOsm_WBW75236.1
HG_19384	ScPom_CAB63551.1 ScCry_EPY51060.1 ScOct_EPX73421.1 ScOsm_WBW75393.1
HG_14704	ScPom_CAB10000.1 ScCry_EPY53351.1 ScOct_EPX71435.1 PnJir_KTW31890.1 PnCar_KTW26971.1 ScOsm_WBW71599.1
HG_19197	ScPom_CAA91243.2 ScCry_EPY51949.1 ScOct_EPX70787.1 ScOsm_WBW73901.1
HG_19430	ScPom_CAC19738.1 ScCry_EPY51742.1 ScOct_EPX70584.1 ScOsm_WBW74106.1
HG_19366	ScPom_CAB58370.1 ScCry_EPY49934.1 ScOct_EPX71898.1 ScOsm_WBW75421.1
HG_19125	ScPom_CAA20145.1 ScCry_EPY53269.1 ScOct_EPX71514.1 ScOsm_WBW70771.1
HG_19261	ScPom_CAB11601.1 ScCry_EPY52385.1 ScOct_EPX73028.1 ScOsm_WBW73577.1
HG_12516	ScPom_CAA19582.1 ScCry_EPY51354.1 ScCry_EPY52227.1 ScCry_EPY53040.1 ScCry_EPY53713.1 ScOct_EPX73708.1 ScOsm_WBW70831.1 ScOsm_WBW74769.1
HG_19092	ScPom_CAA17047.1 ScCry_EPY53852.1 ScOct_EPX74089.1 ScOsm_WBW72606.1
HG_19107	ScPom_CAA19047.1 ScCry_EPY50528.1 ScOct_EPX71547.1 ScOsm_WBW72196.1
HG_19243	ScPom_CAB10856.1 ScCry_EPY50981.1 ScOct_EPX74867.1 ScOsm_WBW71692.1
HG_19179	ScPom_CAA22604.1 ScCry_EPY50737.1 ScOct_EPX74618.1 ScOsm_WBW72729.1
HG_19412	ScPom_CAB83176.1 ScCry_EPY53801.1 ScOct_EPX71004.1 ScOsm_WBW72309.1
HG_16636	ScPom_CAB57918.1 ScCry_EPY52217.1 ScCry_EPY52218.1 ScOct_EPX72233.1 ScOsm_WBW71524.1
HG_19348	ScPom_CAB53406.1 ScCry_EPY51516.1 ScOct_EPX73864.1 ScOsm_WBW75169.1
HG_12360	ScPom_CAA17043.1 ScPom_CAB16382.1 ScCry_EPY50570.1 ScCry_EPY52725.1 ScOct_EPX72696.1 ScOct_EPX75204.1 ScOsm_WBW71175.1 ScOsm_WBW74420.1
HG_19466	ScPom_CCD31322.1 ScCry_EPY53249.1 ScOct_EPX71535.1 ScOsm_WBW72336.1
HG_19225	ScPom_CAB08753.1 ScCry_EPY50954.1 ScOct_EPX74833.1 ScOsm_WBW72119.1
HG_19297	ScPom_CAB37600.1 ScCry_EPY49323.1 ScOct_EPX74202.1 ScOsm_WBW72996.1
HG_19120	ScPom_CAA20052.1 ScCry_EPY50513.1 ScOct_EPX71562.1 ScOsm_WBW71972.1
HG_19192	ScPom_CAA90464.1 ScCry_EPY53473.1 ScOct_EPX71331.1 ScOsm_WBW71351.1
HG_19361	ScPom_CAB57429.1 ScCry_EPY50975.1 ScOct_EPX74860.1 ScOsm_WBW71690.1
HG_19207	ScPom_CAA93557.1 ScCry_EPY51805.1 ScOct_EPX70644.1 ScOsm_WBW73169.1
HG_19279	ScPom_CAB16370.1 ScCry_EPY51982.1 ScOct_EPX70818.1 ScOsm_WBW74226.1
HG_19448	ScPom_CAC37510.1 ScCry_EPY49213.1 ScOct_EPX72278.1 ScOsm_WBW72805.1
HG_19174	ScPom_CAA22482.1 ScCry_EPY51265.1 ScOct_EPX73622.1 ScOsm_WBW74903.1
HG_19343	ScPom_CAB52746.2 ScCry_EPY53490.1 ScOct_EPX71349.1 ScOsm_WBW71749.1
HG_16631	ScPom_CAB16245.1 ScCry_EPY52381.1 ScOct_EPX73032.1 PrLac_ORY77730.1 ScOsm_WBW73581.1
HG_19102	ScPom_CAA18647.1 ScCry_EPY49755.1 ScOct_EPX70887.1 ScOsm_WBW73219.1
HG_18719	ScPom_CAB03607.1 ScCry_EPY52162.1 ScOct_EPX72179.1 ScOsm_WBW72567.1
HG_19325	ScPom_CAB46667.2 ScCry_EPY51087.1 ScOct_EPX73447.1 ScOsm_WBW75454.1
HG_19397	ScPom_CAB76029.1 ScCry_EPY51033.1 ScOct_EPX74920.1 ScOsm_WBW71197.1
HG_19220	ScPom_CAA97351.1 ScCry_EPY52357.1 ScOct_EPX73057.1 ScOsm_WBW73843.1
HG_19156	ScPom_CAA21248.1 ScCry_EPY49385.1 ScOct_EPX74262.1 ScOsm_WBW71462.1
HG_19292	ScPom_CAB36863.2 ScCry_EPY49206.1 ScOct_EPX72271.1 ScOsm_WBW70972.1
HG_19461	ScPom_CBA11514.1 ScCry_EPY51581.1 ScOct_EPX70421.1 ScOsm_WBW73494.1
HG_19379	ScPom_CAB60708.3 ScCry_EPY50767.1 ScOct_EPX74648.1 ScOsm_WBW71360.1
HG_19307	ScPom_CAB38686.1 ScCry_EPY50156.1 ScOct_EPX73351.1 ScOsm_WBW74484.1
HG_19443	ScPom_CAC36928.1 ScCry_EPY52042.1 ScOct_EPX72155.1 ScOsm_WBW71790.1
HG_19202	ScPom_CAA92391.1 ScCry_EPY51792.1 ScOct_EPX70631.1 ScOsm_WBW73184.1
HG_19138	ScPom_CAA20669.1 ScCry_EPY49996.1 ScOct_EPX71836.1 ScOsm_WBW75319.1
HG_19274	ScPom_CAB16298.1 ScCry_EPY52989.1 ScOct_EPX73957.1 ScOsm_WBW73842.1
HG_18714	ScPom_CAD24818.1 ScCry_EPY50253.1 ScOct_EPX73256.1 ScOsm_WBW74343.1
HG_19151	ScPom_CAA21116.1 ScCry_EPY50049.1 ScOct_EPX71779.1 ScOsm_WBW74971.1
HG_19087	ScPom_CAA16835.1 ScCry_EPY54112.1 ScOct_EPX74524.1 ScOsm_WBW71781.1
HG_19256	ScPom_CAB11273.1 ScCry_EPY53343.1 ScOct_EPX71444.1 ScOsm_WBW71795.1
HG_19320	ScPom_CAB41653.1 ScCry_EPY49987.1 ScOct_EPX71845.1 ScOsm_WBW74699.1
HG_19392	ScPom_CAB71272.1 ScCry_EPY53330.1 ScOct_EPX71456.1 ScOsm_WBW71096.1
HG_19425	ScPom_CAB90790.1 ScCry_EPY50397.1 ScOct_EPX73117.1 ScOsm_WBW73358.1
HG_14712	ScPom_CAB60669.1 ScCry_EPY51663.1 ScOct_EPX70507.1 PnJir_KTW28605.1 PnCar_KTW30285.1 ScOsm_WBW74254.1
HG_19479	ScPom_CCD31394.1 ScCry_EPY49725.1 ScOct_EPX70917.1 ScOsm_WBW73090.1
HG_19302	ScPom_CAB38161.1 ScCry_EPY49828.1 ScOct_EPX72001.1 ScOsm_WBW74952.1
HG_19238	ScPom_CAB10141.3 ScCry_EPY50236.1 ScOct_EPX73273.1 ScOsm_WBW73773.1
HG_19407	ScPom_CAB76225.2 ScCry_EPY49769.1 ScOct_EPX72061.1 ScOsm_WBW75235.1
HG_19374	ScPom_CAB60234.1 ScCry_EPY50254.1 ScOct_EPX73255.1 ScOsm_WBW74312.1
HG_19133	ScPom_CAA20440.1 ScCry_EPY49921.1 ScOct_EPX71911.1 ScOsm_WBW75355.1
HG_19356	ScPom_CAB55287.2 ScCry_EPY52667.1 ScOct_EPX72756.1 ScOsm_WBW74589.1
HG_19187	ScPom_CAA22841.1 ScCry_EPY49741.1 ScOct_EPX70901.1 ScOsm_WBW74552.1
HG_19420	ScPom_CAB89881.1 ScCry_EPY53967.1 ScOct_EPX72462.1 ScOsm_WBW73009.1
HG_16644	ScPom_CAO77643.1 ScPom_CAO77644.1 ScCry_EPY51565.1 ScOct_EPX73912.1 ScOsm_WBW74757.1
HG_19115	ScPom_CAA19320.1 ScCry_EPY53489.1 ScOct_EPX71348.1 ScOsm_WBW71750.1
HG_19251	ScPom_CAB11208.2 ScCry_EPY50184.1 ScOct_EPX73325.1 ScOsm_WBW73673.1
HG_19338	ScPom_CAB52618.1 ScCry_EPY49360.1 ScOct_EPX74238.1 ScOsm_WBW71277.1
HG_19474	ScPom_CCD31380.1 ScCry_EPY53760.1 ScOct_EPX71046.1 ScOsm_WBW70726.1
HG_19233	ScPom_CAB10111.1 ScCry_EPY53012.1 ScOct_EPX73934.1 ScOsm_WBW73429.1
HG_19169	ScPom_CAA21896.1 ScCry_EPY50500.1 ScOct_EPX71575.1 ScOsm_WBW71450.1
HG_19402	ScPom_CAB76056.1 ScCry_EPY53640.1 ScOct_EPX71165.1 ScOsm_WBW71987.1
HG_12350	ScPom_CAA91772.1 ScPom_CAB40004.1 ScCry_EPY51995.1 ScCry_EPY52683.1 ScOct_EPX70830.1 ScOct_EPX72739.1 ScOsm_WBW74155.1 ScOsm_WBW74491.1
HG_19456	ScPom_CAO77639.1 ScCry_EPY51870.1 ScOct_EPX70709.1 ScOsm_WBW73610.1
HG_19215	ScPom_CAA94629.3 ScCry_EPY54186.1 ScOct_EPX74448.1 ScOsm_WBW71058.1
HG_19351	ScPom_CAB54819.1 ScCry_EPY49480.1 ScOct_EPX75160.1 ScOsm_WBW71480.1
HG_19287	ScPom_CAB16731.1 ScCry_EPY52424.1 ScOct_EPX72990.1 ScOsm_WBW74415.1
HG_19110	ScPom_CAA19125.1 ScCry_EPY50703.1 ScOct_EPX72377.1 ScOsm_WBW71825.1
HG_19182	ScPom_CAA22635.1 ScCry_EPY51183.1 ScOct_EPX73541.1 ScOsm_WBW75002.1
HG_19438	ScPom_CAC21491.1 ScCry_EPY52854.1 ScOct_EPX72569.1 ScOsm_WBW74342.1
HG_19333	ScPom_CAB52168.1 ScCry_EPY53263.1 ScOct_EPX71520.1 ScOsm_WBW70773.1
HG_19269	ScPom_CAB16224.1 ScCry_EPY52786.1 ScOct_EPX72635.1 ScOsm_WBW74298.1
HG_19164	ScPom_CAA21798.1 ScCry_EPY53721.1 ScOct_EPX71087.1 ScOsm_WBW71565.1
HG_19315	ScPom_CAB40209.3 ScCry_EPY49814.1 ScOct_EPX72016.1 ScOsm_WBW74986.1
HG_19451	ScPom_CAD29730.2 ScCry_EPY53480.1 ScOct_EPX71338.1 ScOsm_WBW71223.1
HG_19387	ScPom_CAB66166.1 ScCry_EPY51771.1 ScOct_EPX70613.1 ScOsm_WBW74007.1
HG_19210	ScPom_CAA93595.4 ScCry_EPY51824.1 ScOct_EPX70663.1 ScOsm_WBW73511.1
HG_19146	ScPom_CAA20764.1 ScCry_EPY52843.1 ScOct_EPX72580.1 ScOsm_WBW73800.1
HG_19282	ScPom_CAB16406.1 ScCry_EPY51916.1 ScOct_EPX70753.1 ScOsm_WBW73483.1
HG_16603	ScPom_CAA17804.1 ScCry_EPY50532.1 ScOct_EPX71543.1 PrLac_ORY76359.1 ScOsm_WBW71554.1
HG_14707	ScPom_CAB11721.1 ScCry_EPY52468.1 ScOct_EPX72945.1 PnJir_KTW27948.1 PnCar_KTW29189.1 ScOsm_WBW73297.1
HG_19433	ScPom_CAC19760.1 ScCry_EPY53354.1 ScOct_EPX71432.1 ScOsm_WBW71602.1
HG_19369	ScPom_CAB59681.1 ScCry_EPY50405.1 ScOct_EPX73110.1 ScOsm_WBW73353.1
HG_18722	ScPom_CAA21441.1 ScCry_EPY52006.1 ScOct_EPX70841.1 ScOsm_WBW74596.1
HG_19095	ScPom_CAA17890.1 ScCry_EPY50485.1 ScOct_EPX71589.1 ScOsm_WBW72934.1
HG_19128	ScPom_CAA20310.1 ScCry_EPY52907.1 ScOct_EPX74040.1 ScOsm_WBW74411.1
HG_19264	ScPom_CAB11681.1 ScCry_EPY51477.1 ScOct_EPX73826.1 ScOsm_WBW74663.1
HG_12519	ScPom_CAA22293.1 ScCry_EPY50526.1 ScOct_EPX71549.1 TaDef_CCG84761.1 PnJir_KTW28750.1 PnCar_KTW25844.1 PrLac_ORY84342.1 ScOsm_WBW72194.1
HG_10895	ScPom_CAB16213.1 ScCry_EPY53042.1 ScCry_EPY53093.1 ScCry_EPY53111.1 ScOct_EPX75364.1 ScOct_EPX75370.1 ScOsm_WBW70833.1 ScOsm_WBW71868.1 ScOsm_WBW72083.1 ScOsm_WBW72084.1
HG_19415	ScPom_CAB87366.1 ScCry_EPY54310.1 ScOct_EPX74327.1 ScOsm_WBW70982.1
HG_16639	ScPom_CAB99272.1 ScCry_EPY50902.1 ScOct_EPX74780.1 PrLac_ORY76027.1 ScOsm_WBW73034.1
HG_19310	ScPom_CAB39800.2 ScCry_EPY53993.1 ScOct_EPX72435.1 ScOsm_WBW72981.1
HG_19246	ScPom_CAB11065.1 ScCry_EPY51869.1 ScOct_EPX70708.1 ScOsm_WBW73611.1
HG_19382	ScPom_CAB62426.2 ScCry_EPY51723.1 ScOct_EPX70565.1 ScOsm_WBW73393.1
HG_19141	ScPom_CAA20715.1 ScCry_EPY51345.1 ScOct_EPX73699.1 ScOsm_WBW75159.1
HG_19469	ScPom_CCD31346.1 ScCry_EPY53163.1 ScOct_EPX75313.1 ScOsm_WBW73016.1
HG_19123	ScPom_CAA20109.1 ScCry_EPY54119.1 ScOct_EPX74517.1 ScOsm_WBW72013.1
HG_19195	ScPom_CAA91169.1 ScCry_EPY54061.1 ScOct_EPX74574.1 ScOsm_WBW71114.1
HG_19228	ScPom_CAB09763.1 ScCry_EPY49993.1 ScOct_EPX71839.1 ScOsm_WBW74989.1
HG_19364	ScPom_CAB57850.1 ScCry_EPY51304.1 ScOct_EPX73662.1 ScOsm_WBW74792.1
HG_19090	ScPom_CAA16910.2 ScCry_EPY52500.1 ScOct_EPX72913.1 ScOsm_WBW73191.1
HG_8894	ScPom_CAA22669.1 ScPom_CAC34982.3 ScCry_EPY51037.1 ScCry_EPY51102.1 ScCry_EPY51104.1 ScCry_EPY51590.1 ScCry_EPY52290.1 ScCry_EPY53243.1 ScCry_EPY53896.1 ScOct_EPX70429.1 ScOct_EPX71025.1 ScOsm_WBW71011.1 ScOsm_WBW71560.1 ScOsm_WBW73585.1 ScOsm_WBW73604.1 ScOsm_WBW74077.1
HG_19410	ScPom_CAB77010.1 ScCry_EPY52793.1 ScOct_EPX72628.1 ScOsm_WBW73612.1
HG_19346	ScPom_CAB53080.1 ScCry_EPY49793.1 ScOct_EPX72037.1 ScOsm_WBW75015.1
HG_19105	ScPom_CAA19015.1 ScCry_EPY53874.1 ScOct_EPX74069.1 ScOsm_WBW71857.1
HG_19177	ScPom_CAA22529.1 ScCry_EPY49566.1 ScOct_EPX75075.1 ScOsm_WBW73021.1
HG_19241	ScPom_CAB10158.1 ScCry_EPY52962.1 ScOct_EPX73984.1 ScOsm_WBW73061.1
HG_18689	ScPom_CAA19342.1 ScCry_EPY52090.1 ScOct_EPX72108.1 ScOsm_WBW75079.1
HG_19159	ScPom_CAA21786.1 ScCry_EPY53733.1 ScOct_EPX71075.1 ScOsm_WBW70898.1
HG_19295	ScPom_CAB37429.1 ScCry_EPY51320.1 ScOct_EPX73676.1 ScOsm_WBW74655.1
HG_19328	ScPom_CAB46764.2 ScCry_EPY49430.1 ScOct_EPX74307.1 ScOsm_WBW70618.1
HG_16616	ScPom_CAA22282.1 ScCry_EPY51101.1 ScOct_EPX73460.1 PrLac_ORY87147.1 ScOsm_WBW75066.1
HG_19464	ScPom_CCD31312.1 ScCry_EPY53442.1 ScOct_EPX71301.1 ScOsm_WBW72237.1
HG_19223	ScPom_CAB08167.3 ScCry_EPY50928.1 ScOct_EPX74805.1 ScOsm_WBW71186.1
HG_19992	TaDef_CCG81846.1 PnJir_KTW30473.1 PnCar_KTW26392.1 PrLac_ORY76965.1
HG_19446	ScPom_CAC37429.2 ScCry_EPY52559.1 ScOct_EPX72862.1 ScOsm_WBW73454.1
HG_19277	ScPom_CAB16357.1 ScCry_EPY50809.1 ScOct_EPX74690.1 ScOsm_WBW71960.1
HG_19100	ScPom_CAA18308.1 ScCry_EPY50065.1 ScOct_EPX71764.1 ScOsm_WBW75517.1
HG_19172	ScPom_CAA22335.1 ScCry_EPY53600.1 ScOct_EPX71205.1 ScOsm_WBW71243.1
HG_19205	ScPom_CAA93541.1 ScCry_EPY51795.1 ScOct_EPX70634.1 ScOsm_WBW73181.1
HG_19341	ScPom_CAB52726.1 ScCry_EPY52485.1 ScOct_EPX72930.1 ScOsm_WBW74324.1
HG_19259	ScPom_CAB11491.1 ScCry_EPY51678.1 ScOct_EPX70521.1 ScOsm_WBW74118.1
HG_18717	ScPom_CAA93553.1 ScCry_EPY51801.1 ScOct_EPX70640.1 ScOsm_WBW73175.1
HG_19428	ScPom_CAB93846.2 ScCry_EPY50323.1 ScOct_EPX73188.1 ScOsm_WBW73261.1
HG_19154	ScPom_CAA21175.1 ScCry_EPY53944.1 ScOct_EPX72486.1 ScOsm_WBW71393.1
HG_16611	ScPom_CAA20059.1 ScCry_EPY50506.1 ScOct_EPX71569.1 TaDef_CCG84067.1 ScOsm_WBW72541.1
HG_19290	ScPom_CAB16908.4 ScCry_EPY54109.1 ScOct_EPX74527.1 ScOsm_WBW71854.1
HG_19323	ScPom_CAB44763.1 ScCry_EPY51648.1 ScOct_EPX70491.1 ScOsm_WBW73978.1
HG_19395	ScPom_CAB75414.1 ScCry_EPY53624.1 ScOct_EPX71181.1 ScOsm_WBW72364.1
HG_14715	ScPom_CAB65606.1 ScCry_EPY53420.1 ScOct_EPX71280.1 PnJir_KTW32338.1 PnCar_KTW29816.1 ScOsm_WBW71823.1
HG_19136	ScPom_CAA20651.1 ScCry_EPY52911.1 ScOct_EPX74036.1 ScOsm_WBW74407.1
HG_19272	ScPom_CAB16294.1 ScCry_EPY52985.1 ScOct_EPX73961.1 ScOsm_WBW73838.1
HG_19305	ScPom_CAB38604.1 ScCry_EPY54013.1 ScOct_EPX72416.1 ScOsm_WBW72634.1
HG_19441	ScPom_CAC34984.2 ScCry_EPY54218.1 ScOct_EPX74417.1 ScOsm_WBW72377.1
HG_19377	ScPom_CAB60688.1 ScCry_EPY50576.1 ScOct_EPX70931.1 ScOsm_WBW74962.1
HG_19200	ScPom_CAA92229.2 ScCry_EPY52657.1 ScOct_EPX72765.1 ScOsm_WBW74211.1
HG_13302	ScPom_CAA16853.1 ScCry_EPY52634.1 ScOct_EPX72788.1 ScOct_EPX72789.1 ScOsm_WBW73405.1 ScOsm_WBW73523.1 ScOsm_WBW73882.1
HG_19423	ScPom_CAB90773.1 ScCry_EPY53368.1 ScOct_EPX71418.1 ScOsm_WBW72791.1
HG_19359	ScPom_CAB55855.1 ScCry_EPY53225.1 ScOct_EPX75250.1 ScOsm_WBW70694.1
HG_19118	ScPom_CAA19360.1 ScCry_EPY50096.1 ScOct_EPX71737.1 ScOsm_WBW75596.1
HG_19254	ScPom_CAB11257.2 ScCry_EPY50370.1 ScOct_EPX73144.1 ScOsm_WBW73117.1
HG_14710	ScPom_CAB52729.1 ScCry_EPY50374.1 ScOct_EPX73140.1 TaDef_CCG84020.1 PrLac_ORY80948.1 ScOsm_WBW73386.1
HG_19085	ScPom_CAA15824.1 ScCry_EPY52346.1 ScOct_EPX73067.1 ScOsm_WBW73828.1
HG_19236	ScPom_CAB10132.1 ScCry_EPY50227.1 ScOct_EPX73282.1 ScOsm_WBW73396.1
HG_19405	ScPom_CAB76215.1 ScCry_EPY49779.1 ScOct_EPX72051.1 ScOsm_WBW75313.1
HG_16629	ScPom_CAB11210.1 ScPom_CAB76035.1 ScCry_EPY51687.1 ScOct_EPX70529.1 ScOsm_WBW73185.1
HG_19477	ScPom_CCD31388.1 ScCry_EPY51592.1 ScOct_EPX70431.1 ScOsm_WBW73602.1
HG_19300	ScPom_CAB37606.1 ScCry_EPY49318.1 ScOct_EPX74196.1 ScOsm_WBW70646.1
HG_19372	ScPom_CAB59807.1 ScCry_EPY52944.1 ScOct_EPX74003.1 ScOsm_WBW73310.1
HG_19131	ScPom_CAA20429.1 ScCry_EPY50662.1 ScOct_EPX72335.1 ScOsm_WBW71666.1
HG_19459	ScPom_CBA11505.2 ScCry_EPY51946.1 ScOct_EPX70783.1 ScOsm_WBW73916.1
HG_19218	ScPom_CAA94700.1 ScCry_EPY50420.1 ScOct_EPX73096.1 ScOsm_WBW74445.1
HG_19113	ScPom_CAA19292.1 ScCry_EPY50474.1 ScOct_EPX71599.1 ScOsm_WBW72743.1
HG_19185	ScPom_CAA22777.1 ScCry_EPY51328.1 ScOct_EPX73683.1 ScOsm_WBW74923.1
HG_19354	ScPom_CAB55172.1 ScCry_EPY53185.1 ScOct_EPX75291.1 ScOsm_WBW72868.1
HG_13456	ScPom_CAA17919.1 ScCry_EPY49453.1 ScCry_EPY53598.1 ScOct_EPX71207.1 ScOct_EPX75186.1 ScOsm_WBW71240.1 ScOsm_WBW72149.1
HG_19336	ScPom_CAB52576.1 ScCry_EPY52590.1 ScOct_EPX72833.1 ScOsm_WBW73868.1
HG_16624	ScPom_CAA92303.1 ScCry_EPY49926.1 ScOct_EPX71906.1 ScOsm_WBW72997.1 ScOsm_WBW75360.1
HG_19472	ScPom_CCD31367.1 ScCry_EPY54129.1 ScOct_EPX74506.1 ScOsm_WBW72780.1
HG_19231	ScPom_CAB10085.3 ScCry_EPY53669.1 ScOct_EPX71137.1 ScOsm_WBW72334.1
HG_19167	ScPom_CAA21871.1 ScCry_EPY52113.1 ScOct_EPX72086.1 ScOsm_WBW74641.1
HG_19400	ScPom_CAB76050.1 ScCry_EPY53646.1 ScOct_EPX71159.1 ScOsm_WBW72207.1
HG_19213	ScPom_CAA94623.1 ScCry_EPY54181.1 ScOct_EPX74454.1 ScOsm_WBW72320.1
HG_19149	ScPom_CAA20861.1 ScCry_EPY53860.1 ScOct_EPX74082.1 ScOsm_WBW71456.1
HG_19318	ScPom_CAB41054.1 ScCry_EPY51370.1 ScOct_EPX73723.1 ScOsm_WBW74682.1
HG_19285	ScPom_CAB16712.1 ScCry_EPY50206.1 ScOct_EPX73303.1 ScOsm_WBW74065.1
HG_19454	ScPom_CAD99129.2 ScCry_EPY50342.1 ScOct_EPX73168.1 ScOsm_WBW74473.1
HG_19180	ScPom_CAA22608.1 ScCry_EPY50741.1 ScOct_EPX74622.1 ScOsm_WBW72531.1
HG_19098	ScPom_CAA18283.1 ScCry_EPY49950.1 ScOct_EPX71882.1 ScOsm_WBW75502.1
HG_19267	ScPom_CAB11694.1 ScCry_EPY53313.1 ScOct_EPX71472.1 ScOsm_WBW72836.1
HG_19436	ScPom_CAC21486.1 ScCry_EPY52802.1 ScOct_EPX72620.1 ScOsm_WBW73345.1
HG_19162	ScPom_CAA21795.2 ScCry_EPY53724.1 ScOct_EPX71084.1 ScOsm_WBW71082.1
HG_19331	ScPom_CAB52156.1 ScCry_EPY49850.1 ScOct_EPX71979.1 ScOsm_WBW74653.1
HG_19249	ScPom_CAB11187.1 ScCry_EPY50169.1 ScOct_EPX73338.1 ScOsm_WBW74246.1
HG_18674	ScPom_CAB57932.1 ScCry_EPY49176.1 ScOct_EPX72244.1 ScOsm_WBW71083.1
HG_19385	ScPom_CAB63794.1 ScCry_EPY51729.1 ScOct_EPX70571.1 ScOsm_WBW73384.1
HG_19418	ScPom_CAB88244.1 ScCry_EPY49540.1 ScOct_EPX75100.1 ScOsm_WBW70687.1
HG_19313	ScPom_CAB40018.1 ScCry_EPY49803.1 ScOct_EPX72027.1 ScOsm_WBW75341.1
HG_19280	ScPom_CAB16381.1 ScCry_EPY52727.1 ScOct_EPX72693.1 ScOsm_WBW73475.1
HG_16601	ScPom_CAA16912.1 ScCry_EPY52503.1 ScOct_EPX72910.1 PnJir_KTW31282.1 ScOsm_WBW74201.1
HG_19144	ScPom_CAA20744.1 ScCry_EPY49876.1 ScOct_EPX71955.1 ScOsm_WBW75234.1
HG_19367	ScPom_CAB58375.1 ScCry_EPY49929.1 ScOct_EPX71903.1 ScOsm_WBW75363.1
HG_19126	ScPom_CAA20301.1 ScCry_EPY52897.1 ScOct_EPX74049.1 ScOsm_WBW73553.1
HG_19093	ScPom_CAA17068.1 ScCry_EPY52868.1 ScOct_EPX72555.1 ScOsm_WBW73435.1
HG_19262	ScPom_CAB11667.1 ScCry_EPY51015.1 ScOct_EPX74900.1 ScOsm_WBW71334.1
HG_19198	ScPom_CAA91504.1 ScCry_EPY52496.1 ScOct_EPX72918.1 ScOsm_WBW74459.1
HG_19431	ScPom_CAC19757.3 ScCry_EPY53820.1 ScOct_EPX74121.1 ScOsm_WBW71839.1
HG_12517	ScPom_CAA20755.1 ScCry_EPY49862.1 ScOct_EPX71968.1 TaDef_CCG82610.1 PnJir_KTW32348.1 PnCar_KTW29807.1 PrLac_ORY79047.1 ScOsm_WBW75457.1
HG_19349	ScPom_CAB53735.1 ScCry_EPY51084.1 ScOct_EPX73444.1 ScOsm_WBW75625.1
HG_19108	ScPom_CAA19054.1 ScCry_EPY54264.1 ScOct_EPX74372.1 ScOsm_WBW71853.1
HG_19244	ScPom_CAB11034.1 ScCry_EPY52745.1 ScOct_EPX72675.1 ScOsm_WBW73073.1
HG_19380	ScPom_CAB61453.1 ScCry_EPY49653.1 ScOct_EPX74989.1 ScOsm_WBW70826.1
HG_19413	ScPom_CAB83177.1 ScCry_EPY53800.1 ScOct_EPX71005.1 ScOsm_WBW71842.1
HG_12361	ScPom_CAB59619.1 ScPom_CAB65612.2 ScCry_EPY50783.1 ScCry_EPY53414.1 ScOct_EPX71274.1 ScOct_EPX74664.1 ScOsm_WBW71044.1 ScOsm_WBW72512.1
HG_19226	ScPom_CAB08760.1 ScCry_EPY51000.1 ScOct_EPX74885.1 ScOsm_WBW72830.1
HG_19362	ScPom_CAB57437.1 ScCry_EPY50768.1 ScOct_EPX74649.1 ScOsm_WBW71361.1
HG_19298	ScPom_CAB37602.3 ScCry_EPY49322.1 ScOct_EPX74201.1 ScOsm_WBW70640.1
HG_19467	ScPom_CCD31329.1 ScCry_EPY52759.1 ScOct_EPX72662.1 ScOsm_WBW73251.1
HG_19193	ScPom_CAA90850.3 ScCry_EPY49664.1 ScOct_EPX74977.1 ScOsm_WBW71493.1
HG_19121	ScPom_CAA20098.1 ScCry_EPY53695.1 ScOct_EPX71112.1 ScOsm_WBW72496.1
HG_19208	ScPom_CAA93561.1 ScCry_EPY51809.1 ScOct_EPX70648.1 ScOsm_WBW73670.1
HG_19344	ScPom_CAB52811.1 ScCry_EPY49525.1 ScOct_EPX75115.1 ScOsm_WBW70815.1
HG_19449	ScPom_CAC39325.1 ScCry_EPY49756.1 ScOct_EPX70886.1 ScOsm_WBW73218.1
HG_19103	ScPom_CAA18882.1 ScCry_EPY53503.1 ScOct_EPX71363.1 ScOsm_WBW71545.1
HG_19175	ScPom_CAA22496.2 ScCry_EPY51288.1 ScOct_EPX73646.1 ScOsm_WBW74719.1
HG_16632	ScPom_CAB16562.2 ScCry_EPY52771.1 ScOct_EPX72650.1 PnCar_KTW30726.1 ScOsm_WBW73364.1
HG_19326	ScPom_CAB46669.1 ScCry_EPY51089.1 ScOct_EPX73449.1 ScOsm_WBW75424.1
HG_19398	ScPom_CAB76042.1 ScCry_EPY53654.1 ScOct_EPX71151.1 ScOsm_WBW72200.1
HG_19293	ScPom_CAB36869.1 ScCry_EPY49201.1 ScOct_EPX72266.1 ScOsm_WBW70971.1
HG_16614	ScPom_CAA21893.1 ScCry_EPY51116.1 ScOct_EPX73477.1 PnJir_KTW31089.1 ScOsm_WBW74631.1
HG_19462	ScPom_CBA11518.1 ScCry_EPY49821.1 ScOct_EPX72010.1 ScOsm_WBW75627.1
HG_14718	ScPom_CBA11501.1 ScCry_EPY53380.1 ScOct_EPX71408.1 TaDef_CCG82117.1 PrLac_ORY85437.1 ScOsm_WBW72604.1
HG_16309	ScPom_CAC34990.2 ScCry_EPY49857.1 ScCry_EPY49858.1 ScOct_EPX71972.1 ScOsm_WBW75480.1
HG_19221	ScPom_CAB03602.2 ScCry_EPY52151.1 ScOct_EPX72168.1 ScOsm_WBW71095.1
HG_19157	ScPom_CAA21265.2 ScCry_EPY53844.1 ScOct_EPX74097.1 ScOsm_WBW71415.1
HG_19308	ScPom_CAB39360.1 ScCry_EPY53776.1 ScOct_EPX71030.1 ScOsm_WBW72002.1
HG_19203	ScPom_CAA93115.3 ScCry_EPY49671.1 ScOct_EPX74969.1 ScOsm_WBW71707.1
HG_19139	ScPom_CAA20681.1 ScCry_EPY49982.1 ScOct_EPX71850.1 ScOsm_WBW74698.1
HG_19275	ScPom_CAB16304.1 ScCry_EPY52998.1 ScOct_EPX73949.1 ScOsm_WBW73533.1
HG_19444	ScPom_CAC36933.2 ScCry_EPY53757.1 ScOct_EPX71049.1 ScOsm_WBW70729.1
HG_19170	ScPom_CAA22178.1 ScCry_EPY49339.1 ScOct_EPX74217.1 ScOsm_WBW70955.1
HG_18715	ScPom_CAA22587.1 ScCry_EPY52332.1 ScOct_EPX73081.1 ScOsm_WBW73272.1
HG_19426	ScPom_CAB91172.1 ScCry_EPY49590.1 ScOct_EPX75050.1 ScOsm_WBW72332.1
HG_14713	ScPom_CAB61780.1 ScCry_EPY51412.1 ScOct_EPX73763.1 PnJir_KTW32065.1 PnCar_KTW30665.1 ScOsm_WBW74950.1
HG_19152	ScPom_CAA21164.1 ScCry_EPY53932.1 ScOct_EPX72497.1 ScOsm_WBW71254.1
HG_19088	ScPom_CAA16836.1 ScCry_EPY54113.1 ScOct_EPX74523.1 ScOsm_WBW71807.1
HG_19321	ScPom_CAB41659.1 ScCry_EPY49992.1 ScOct_EPX71840.1 ScOsm_WBW74881.1
HG_19257	ScPom_CAB11279.2 ScCry_EPY53168.1 ScOct_EPX75308.1 ScOsm_WBW70667.1
HG_19393	ScPom_CAB72232.1 ScCry_EPY50718.1 ScOct_EPX74599.1 ScOsm_WBW72367.1
HG_19408	ScPom_CAB76228.2 ScCry_EPY49766.1 ScOct_EPX72064.1 ScOsm_WBW75148.1
HG_19303	ScPom_CAB38163.1 ScCry_EPY49826.1 ScOct_EPX72003.1 ScOsm_WBW75555.1
HG_19239	ScPom_CAB10145.1 ScCry_EPY50241.1 ScOct_EPX73268.1 ScOsm_WBW73963.1
HG_19375	ScPom_CAB60238.1 ScCry_EPY50250.1 ScOct_EPX73259.1 ScOsm_WBW74142.1
HG_19270	ScPom_CAB16253.3 ScCry_EPY53142.1 ScOct_EPX75336.1 ScOsm_WBW72650.1
HG_19134	ScPom_CAA20486.2 ScCry_EPY53957.1 ScOct_EPX72472.1 ScOsm_WBW70656.1
HG_20003	TaDef_CCG84962.1 PnJir_KTW29448.1 PnCar_KTW28177.1 PrLac_ORY83876.1
HG_19188	ScPom_CAA22844.1 ScCry_EPY49738.1 ScOct_EPX70904.1 ScOsm_WBW74551.1
HG_19421	ScPom_CAB89882.1 ScCry_EPY53968.1 ScOct_EPX72461.1 ScOsm_WBW73008.1
HG_19357	ScPom_CAB55769.1 ScCry_EPY51216.1 ScOct_EPX73572.1 ScOsm_WBW74637.1
HG_19083	ScPom_CAA15728.1 ScCry_EPY50870.1 ScOct_EPX74750.1 ScOsm_WBW72480.1
HG_19116	ScPom_CAA19339.2 ScCry_EPY52092.1 ScOct_EPX72106.1 ScOsm_WBW75051.1
HG_19252	ScPom_CAB11212.1 ScCry_EPY51689.1 ScOct_EPX70531.1 ScOsm_WBW73187.1
HG_19339	ScPom_CAB52712.1 ScCry_EPY50337.1 ScOct_EPX73173.1 ScOsm_WBW74504.1
HG_19475	ScPom_CCD31384.1 ScCry_EPY53512.1 ScOct_EPX71368.1 ScOsm_WBW71549.1
HG_19403	ScPom_CAB76212.1 ScCry_EPY49782.1 ScOct_EPX72048.1 ScOsm_WBW74642.1
HG_19234	ScPom_CAB10123.1 ScCry_EPY51458.1 ScOct_EPX73808.1 ScOsm_WBW75281.1
HG_19370	ScPom_CAB59695.1 ScCry_EPY50305.1 ScOct_EPX73204.1 ScOsm_WBW73374.1
HG_19457	ScPom_CBA11502.1 ScCry_EPY52045.1 ScOct_EPX72153.1 ScOsm_WBW71786.1
HG_19183	ScPom_CAA22638.1 ScCry_EPY51152.1 ScOct_EPX73511.1 ScOsm_WBW74936.1
HG_19216	ScPom_CAA94633.1 ScCry_EPY51971.1 ScOct_EPX70807.1 ScOsm_WBW74095.1
HG_16640	ScPom_CAC05723.1 ScCry_EPY52863.1 ScOct_EPX72560.1 PrLac_ORY82145.1 ScOsm_WBW73432.1
HG_19352	ScPom_CAB54825.1 ScCry_EPY50244.1 ScOct_EPX73265.1 ScOsm_WBW73962.1
HG_19288	ScPom_CAB16743.1 ScCry_EPY51707.1 ScOct_EPX70549.1 ScOsm_WBW73797.1
HG_13454	ScPom_CAA17032.1 ScPom_CAA20762.1 ScPom_CAC19750.2 ScCry_EPY52840.1 ScCry_EPY52971.1 ScOct_EPX72583.1 ScOsm_WBW73782.1
HG_19111	ScPom_CAA19137.1 ScCry_EPY50033.1 ScOct_EPX71799.1 ScOsm_WBW74820.1
HG_18728	ScPom_CAB36886.1 ScCry_EPY50708.1 ScOct_EPX72381.1 ScOsm_WBW71829.1
HG_19439	ScPom_CAC22610.1 ScCry_EPY54279.1 ScOct_EPX74358.1 ScOsm_WBW72597.1
HG_19165	ScPom_CAA21811.2 ScCry_EPY53706.1 ScOct_EPX71101.1 ScOsm_WBW72713.1
HG_19334	ScPom_CAB52169.1 ScCry_EPY53264.1 ScOct_EPX71519.1 ScOsm_WBW70779.1
HG_16622	ScPom_CAA90852.1 ScCry_EPY49665.1 ScOct_EPX74975.1 PnJir_KTW26219.1 ScOsm_WBW71495.1
HG_19470	ScPom_CCD31359.1 ScCry_EPY49301.1 ScOct_EPX74179.1 ScOsm_WBW72564.1
HG_16604	ScPom_CAA17826.1 ScCry_EPY49268.1 ScCry_EPY49269.1 ScOct_EPX74146.1 ScOsm_WBW70948.1
HG_19452	ScPom_CAD88196.1 ScCry_EPY53859.1 ScOct_EPX74083.1 ScOsm_WBW71454.1
HG_19388	ScPom_CAB66453.1 ScCry_EPY53789.1 ScOct_EPX71016.1 ScOsm_WBW72215.1
HG_19147	ScPom_CAA20778.2 ScCry_EPY51209.1 ScOct_EPX73564.1 ScOsm_WBW75630.1
HG_19316	ScPom_CAB40280.1 ScCry_EPY51833.1 ScOct_EPX70672.1 ScOsm_WBW73226.1
HG_19211	ScPom_CAA93610.1 ScCry_EPY51860.1 ScOct_EPX70699.1 ScOsm_WBW73804.1
HG_19283	ScPom_CAB16568.1 ScCry_EPY52770.1 ScOct_EPX72651.1 ScOsm_WBW73109.1
HG_19129	ScPom_CAA20325.1 ScCry_EPY51667.1 ScOct_EPX70511.1 ScOsm_WBW74250.1
HG_18690	ScPom_CAB08172.1 ScCry_EPY50934.1 ScOct_EPX74812.1 ScOsm_WBW71017.1
HG_19434	ScPom_CAC21407.2 ScCry_EPY52328.1 ScOct_EPX71645.1 ScOsm_WBW72556.1
HG_19160	ScPom_CAA21787.1 ScCry_EPY53732.1 ScOct_EPX71076.1 ScOsm_WBW70897.1
HG_19096	ScPom_CAA17894.1 ScCry_EPY50489.1 ScOct_EPX71585.1 ScOsm_WBW72930.1
HG_19265	ScPom_CAB11690.2 ScCry_EPY53309.1 ScOct_EPX71476.1 ScOsm_WBW71386.1
HG_18705	ScPom_CAC37365.1 ScCry_EPY49242.1 ScOct_EPX72306.1 ScOsm_WBW72619.1
HG_19416	ScPom_CAB87368.3 ScCry_EPY54312.1 ScOct_EPX74325.1 ScOsm_WBW70876.1
HG_19142	ScPom_CAA20716.1 ScCry_EPY51344.1 ScOct_EPX73698.1 ScOsm_WBW75170.1
HG_19311	ScPom_CAB39907.1 ScCry_EPY50618.1 ScOct_EPX70972.1 ScOsm_WBW75490.1
HG_19247	ScPom_CAB11080.1 ScCry_EPY52760.1 ScOct_EPX72661.1 ScOsm_WBW73250.1
HG_19383	ScPom_CAB63198.2 ScCry_EPY49291.1 ScOct_EPX74169.1 ScOsm_WBW70584.1
HG_14703	ScPom_CAA93611.1 ScCry_EPY51862.1 ScOct_EPX70701.1 PnJir_KTW29997.1 PnCar_KTW28063.1 ScOsm_WBW73131.1
HG_18654	ScPom_CAB59612.2 ScCry_EPY50043.1 ScOct_EPX71791.1 ScOsm_WBW74730.1
HG_19196	ScPom_CAA91236.1 ScCry_EPY51956.1 ScOct_EPX70793.1 ScOsm_WBW74267.1
HG_19229	ScPom_CAB09996.4 ScCry_EPY53345.1 ScOct_EPX71441.1 ScOsm_WBW71800.1
HG_19365	ScPom_CAB57924.1 ScCry_EPY52209.1 ScOct_EPX72226.1 ScOsm_WBW70996.1
HG_19124	ScPom_CAA20113.1 ScCry_EPY54123.1 ScOct_EPX74513.1 ScOsm_WBW71968.1
