HG_19926	SpRei_CBQ72441.1 UsMay_KIS70168.1 KaBra_EST08423.2 MoAph_g1505.t1
HG_19821	SpRei_CBQ69719.1 UsMay_KIS66700.1 KaBra_EST08633.2 MoAph_g2596.t1
HG_19757	SpRei_CBQ68119.1 UsMay_KIS72288.1 AcIng_PWN90026.1 MoAph_g748.t1
HG_19893	SpRei_CBQ71639.1 UsMay_KIS65751.1 KaBra_KAF6767264.1 MoAph_g4170.t1
HG_18772	SpRei_CBQ70160.1 UsMay_KIS66383.1 KaBra_EST07194.1 MoAph_g2841.t1
HG_18700	SpRei_CBQ70442.1 UsMay_KIS71125.1 KaBra_EST06347.1 MoAph_g3094.t1
HG_19908	SpRei_CBQ71999.1 UsMay_KIS70613.1 KaBra_KAF6767135.1 MoAph_g4602.t1
HG_19739	SpRei_CBQ67607.1 UsMay_KIS71776.1 KaBra_KAF6766789.1 MoAph_g234.t1
HG_19875	SpRei_CBQ71067.1 UsMay_KIS69812.1 KaBra_EST05848.2 MoAph_g3377.t1
HG_19803	SpRei_CBQ69203.1 UsMay_KIS67284.1 KaBra_EST09348.2 MoAph_g2029.t1
HG_19770	SpRei_CBQ68418.1 UsMay_KIS68224.1 KaBra_EST08036.2 MoAph_g1274.t1
HG_19921	SpRei_CBQ72286.1 UsMay_KIS70014.1 KaBra_EST08568.1 MoAph_g1346.t1
HG_19752	SpRei_CBQ67933.1 UsMay_KIS72100.1 KaBra_EST06458.1 MoAph_g555.t1
HG_16871	SpRei_CBQ72226.1 UsMay_KIS70839.1 KaBra_EST07930.1 MoAph_g4368.t1 MoAph_g4369.t1
HG_19839	SpRei_CBQ70274.1 UsMay_KIS70960.1 KaBra_EST10182.1 MoAph_g1049.t1
HG_19903	SpRei_CBQ71904.1 UsMay_KIS70519.1 KaBra_EST07653.1 MoAph_g4698.t1
HG_18718	SpRei_CBQ68217.1 UsMay_KIS72388.1 KaBra_EST06720.2 MoAph_g848.t1
HG_19870	SpRei_CBQ70996.1 UsMay_KIS69745.1 KaBra_EST05795.2 MoAph_g3440.t1
HG_16853	SpRei_CBQ71218.1 UsMay_KIS69963.1 KaBra_EST05982.1 MoAph_g5841.t1 MoAph_g5841.t2
HG_19957	SpRei_CBQ73074.1 UsMay_KIS69350.1 KaBra_EST05501.1 MoAph_g5088.t1
HG_19788	SpRei_CBQ68785.1 UsMay_KIS67683.1 KaBra_EST09033.1 MoAph_g1822.t1
HG_13649	SpRei_CBQ71037.1 UsMay_KIS69785.1 KaBra_KAF6767443.1 MaRes_AXA50007.1 MaJap_WFD38259.1 MaSym_SHO75978.1 MoAph_g3406.t1
HG_16835	SpRei_CBQ69501.1 UsMay_KIS66835.1 KaBra_EST08242.2 MoAph_g3610.t1 MoAph_g3611.t1
HG_19939	SpRei_CBQ72755.1 UsMay_KIS69666.1 KaBra_EST04802.1 MoAph_g6499.t1
HG_16889	SpRei_CBQ72967.1 UsMay_KIS69242.1 KaBra_KAF6767502.1 MoAph_g5190.t1 MoAph_g5190.t2
HG_19834	SpRei_CBQ70078.1 UsMay_KIS66302.1 KaBra_EST07249.1 MoAph_g2778.t1
HG_16817	SpRei_CBQ68092.1 UsMay_KIS72261.1 KaBra_EST06605.2 AcIng_PWN91579.1 MoAph_g720.t1
HG_19952	SpRei_CBQ72847.1 UsMay_KIS66213.1 KaBra_KAF6767236.1 MoAph_g6427.t1
HG_19888	SpRei_CBQ71465.1 UsMay_KIS65818.1 KaBra_EST06793.2 MoAph_g3996.t1
HG_19816	SpRei_CBQ69587.1 UsMay_KIS66942.1 KaBra_KAF6767059.1 MoAph_g3703.t1
HG_19783	SpRei_CBQ68663.1 UsMay_KIS67996.1 KaBra_KAF6767673.1 MoAph_g1558.t1
HG_11169	SpRei_CBQ71025.1 SpRei_CBQ71026.1 SpRei_CBQ71027.1 UsMay_KIS69773.1 UsMay_KIS69774.1 UsMay_KIS69775.1 KaBra_KAF6767437.1 KaBra_KAF6767438.1 MoAph_g3376.t1 MoAph_g3412.t1
HG_19934	SpRei_CBQ72661.1 UsMay_KIS69583.1 KaBra_KAF6767598.1 MoAph_g6576.t1
HG_19765	SpRei_CBQ68252.1 UsMay_KIS68055.1 KaBra_KAF6767281.1 MoAph_g1114.t1
HG_19747	SpRei_CBQ67789.1 UsMay_KIS71959.1 KaBra_EST10003.2 MoAph_g415.t1
HG_19916	SpRei_CBQ72198.1 UsMay_KIS70807.1 KaBra_EST07905.2 MoAph_g4400.t1
HG_18698	SpRei_CBQ72900.1 UsMay_KIS69181.1 KaBra_EST05647.1 MoAph_g5244.t1
HG_16866	SpRei_CBQ71787.1 UsMay_KIS70401.1 KaBra_EST07546.2 AcIng_PWN89762.1 MoAph_g4820.t1
HG_19883	SpRei_CBQ71320.1 UsMay_KIS65955.1 KaBra_KAF6767195.1 MoAph_g3880.t1
HG_11848	SpRei_CBQ73631.1 UsMay_KIS68659.1 UsMay_KIS68660.1 KaBra_KAF6767564.1 MoAph_g6039.t1 MoAph_g6039.t2 MoAph_g6039.t3 MoAph_g6040.t1 MoAph_g6041.t1
HG_19729	SpRei_CBQ67372.1 UsMay_KIS71577.1 KaBra_EST09638.1 MoAph_g12.t1
HG_19865	SpRei_CBQ70853.1 UsMay_KIS66062.1 KaBra_EST05675.2 MoAph_g3584.t1
HG_18744	SpRei_CBQ71765.1 UsMay_KIS70379.1 KaBra_EST07527.2 MoAph_g4843.t1
HG_16848	SpRei_CBQ70712.1 UsMay_KIS71402.1 KaBra_EST06120.2 MoAph_g5716.t1 MoAph_g6192.t1
HG_19760	SpRei_CBQ68174.1 UsMay_KIS72341.1 KaBra_EST06680.1 MoAph_g805.t1
HG_12331	SpRei_CBQ69902.1 SpRei_CBQ73381.1 UsMay_KIS66502.1 UsMay_KIS69002.1 KaBra_EST05269.1 KaBra_EST08301.1 MoAph_g5441.t1 MoAph_g935.t1
HG_19742	SpRei_CBQ67688.1 UsMay_KIS71858.1 KaBra_EST09904.1 MoAph_g313.t1
HG_19911	SpRei_CBQ72053.1 UsMay_KIS70668.1 KaBra_KAF6767146.1 MoAph_g4543.t1
HG_19847	SpRei_CBQ70474.1 UsMay_KIS71164.1 KaBra_KAF6767354.1 MoAph_g3120.t1
HG_19983	SpRei_CBQ73969.1 UsMay_KIS68538.1 KaBra_EST09580.2 MoAph_g6214.t1
HG_16861	SpRei_CBQ71605.1 UsMay_KIS65719.1 KaBra_EST06960.1 MoAph_g4208.t1 MoAph_g4208.t2
HG_19965	SpRei_CBQ73479.1 UsMay_KIS69099.1 KaBra_EST05353.1 MoAph_g5568.t1
HG_19829	SpRei_CBQ70013.1 UsMay_KIS66613.1 KaBra_EST08402.2 MoAph_g2917.t1
HG_19860	SpRei_CBQ70699.1 UsMay_KIS71388.1 AcIng_PWN86589.1 MoAph_g5727.t1
HG_12672	SpRei_CBQ69547.1 SpRei_CBQ72215.1 UsMay_KIS66934.1 UsMay_KIS70828.1 KaBra_EST07920.1 KaBra_EST08222.1 MoAph_g3645.t1 MoAph_g4382.t1
HG_14842	SpRei_CBQ68125.1 UsMay_KIS72294.1 KaBra_EST06634.2 MaRes_AXA49946.1 MaSym_SHO76036.1 MoAph_g753.t1
HG_19778	SpRei_CBQ68573.1 UsMay_KIS67902.1 KaBra_EST04547.1 MoAph_g1642.t1
HG_19947	SpRei_CBQ72812.1 UsMay_KIS69711.1 KaBra_KAF6767631.1 MoAph_g6451.t1
HG_14896	SpRei_CBQ72609.1 UsMay_KIS69529.1 KaBra_EST04696.1 MoAph_g6626.t1 MoAph_g6626.t2 MoAph_g6627.t1
HG_19896	SpRei_CBQ71707.1 UsMay_KIS70308.1 KaBra_EST07460.1 MoAph_g4917.t1
HG_19929	SpRei_CBQ72587.1 UsMay_KIS69508.1 AcIng_PWN91873.1 MoAph_g6648.t1
HG_16807	SpRei_CBQ67785.1 UsMay_KIS71963.1 KaBra_KAF6766807.1 MoAph_g419.t1 MoAph_g420.t1
HG_16879	SpRei_CBQ72635.1 UsMay_KIS69556.1 KaBra_KAF6767595.1 MoAph_g6585.t1 MoAph_g6586.t1
HG_19791	SpRei_CBQ68944.1 UsMay_KIS67421.1 KaBra_EST08767.2 MoAph_g2301.t1
HG_19878	SpRei_CBQ71111.1 UsMay_KIS69854.1 KaBra_EST05912.1 MoAph_g3319.t1
HG_18757	SpRei_CBQ69466.1 UsMay_KIS67180.1 KaBra_EST09155.1 MoAph_g2488.t1
HG_19773	SpRei_CBQ68440.1 UsMay_KIS68246.1 KaBra_EST08056.2 MoAph_g1296.t1
HG_19806	SpRei_CBQ69245.1 UsMay_KIS67327.1 KaBra_EST09381.2 MoAph_g2072.t1
HG_16820	SpRei_CBQ68273.1 UsMay_KIS68076.1 KaBra_KAF6767274.1 MoAph_g1131.t1 MoAph_g4305.t1
HG_19755	SpRei_CBQ68082.1 UsMay_KIS72251.1 KaBra_KAF6767387.1 MoAph_g711.t1
HG_19891	SpRei_CBQ71556.1 UsMay_KIS65667.1 KaBra_EST07000.1 MoAph_g4264.t1
HG_16874	SpRei_CBQ72263.1 UsMay_KIS70878.1 KaBra_KAF6767181.1 MoAph_g4330.t1 MoAph_g4330.t2
HG_13616	SpRei_CBQ69250.1 UsMay_KIS67332.1 AcIng_PWN93980.1 MaRes_AXA50610.1 MaJap_WFD41028.1 MaSym_SHO79779.1 MoAph_g2076.t1
HG_19978	SpRei_CBQ73857.1 UsMay_KIS68362.1 KaBra_EST09480.2 MoAph_g6325.t1
HG_19737	SpRei_CBQ67570.1 UsMay_KIS71746.1 KaBra_EST09802.2 MoAph_g195.t1
HG_19873	SpRei_CBQ71034.1 UsMay_KIS69782.1 KaBra_KAF6767442.1 MoAph_g3403.t1
HG_19906	SpRei_CBQ71943.1 UsMay_KIS70557.1 KaBra_EST07686.1 MoAph_g4654.t1
HG_19801	SpRei_CBQ69152.1 UsMay_KIS67221.1 KaBra_EST09287.1 MoAph_g1967.t1
HG_12685	SpRei_CBQ71459.1 UsMay_KIS65812.1 KaBra_EST06787.2 AcIng_PWN87343.1 MaRes_AXA48470.1 MaJap_WFD40343.1 MaSym_SHO78615.1 MoAph_g3990.t1
HG_19855	SpRei_CBQ70586.1 UsMay_KIS71279.1 KaBra_KAF6767339.1 MoAph_g3237.t1
HG_19750	SpRei_CBQ67877.1 UsMay_KIS72045.1 KaBra_EST10078.2 MoAph_g499.t1
HG_13683	SpRei_CBQ73622.1 SpRei_CBQ73625.1 UsMay_KIS68649.1 KaBra_EST05030.2 MoAph_g2777.t1 MoAph_g6044.t1 MoAph_g6045.t1
HG_12667	SpRei_CBQ68768.1 UsMay_KIS67668.1 KaBra_EST09045.2 AcIng_PWN91763.1 MaRes_AXA49038.1 MaSym_SHO77563.1 MoAph_g1803.t1 MoAph_g1803.t2
HG_19837	SpRei_CBQ70152.1 UsMay_KIS66376.1 KaBra_KAF6767227.1 MoAph_g2833.t1
HG_19732	SpRei_CBQ67442.1 UsMay_KIS71621.1 KaBra_EST09696.1 MoAph_g71.t1
HG_19901	SpRei_CBQ71891.1 UsMay_KIS70506.1 KaBra_EST07640.2 MoAph_g4700.t1
HG_19973	SpRei_CBQ73679.1 UsMay_KIS68706.1 KaBra_EST04987.2 MoAph_g5992.t1
HG_19819	SpRei_CBQ69666.1 UsMay_KIS66647.1 KaBra_EST08584.2 MoAph_g2543.t1
HG_19955	SpRei_CBQ72927.1 UsMay_KIS69201.1 KaBra_KAF6767506.1 MoAph_g5226.t1
HG_19850	SpRei_CBQ70519.1 UsMay_KIS71208.1 KaBra_EST06285.2 MoAph_g3169.t1
HG_16833	SpRei_CBQ69347.1 UsMay_KIS67062.1 KaBra_KAF6766899.1 MoAph_g2376.t1 MoAph_g2376.t2
HG_19832	SpRei_CBQ70058.1 UsMay_KIS66284.1 KaBra_KAF6767214.1 MoAph_g2765.t1
HG_19937	SpRei_CBQ72720.1 UsMay_KIS69631.1 KaBra_EST04776.2 MoAph_g6534.t1
HG_16815	SpRei_CBQ68042.1 UsMay_KIS72213.1 UsMay_KIS72214.1 KaBra_KAF6767385.1 MoAph_g667.t1
HG_19814	SpRei_CBQ69495.1 UsMay_KIS66841.1 KaBra_EST08248.1 MoAph_g3601.t1
HG_19886	SpRei_CBQ71372.1 UsMay_KIS66005.1 KaBra_EST07386.2 MoAph_g3831.t1
HG_19919	SpRei_CBQ72237.1 UsMay_KIS70850.1 KaBra_KAF6767177.1 MoAph_g4356.t1
HG_19781	SpRei_CBQ68630.1 UsMay_KIS67961.1 KaBra_KAF6767669.1 MoAph_g1618.t1
HG_12698	SpRei_CBQ73273.1 UsMay_KIS68893.1 KaBra_EST05172.1 AcIng_PWN89567.1 MaRes_AXA48205.1 MaJap_WFD37598.1 MaSym_SHO78412.1 MoAph_g5337.t1
HG_19868	SpRei_CBQ70911.1 UsMay_KIS66127.1 KaBra_EST05726.2 MoAph_g3526.t1
HG_19932	SpRei_CBQ72622.1 UsMay_KIS69543.1 KaBra_KAF6767591.1 MoAph_g6613.t1
HG_19763	SpRei_CBQ68222.1 UsMay_KIS72393.1 KaBra_EST06721.1 MoAph_g850.t1
HG_16882	SpRei_CBQ72745.1 UsMay_KIS69651.1 KaBra_EST04795.1 MoAph_g6509.t1 MoAph_g6509.t2
HG_19986	SpRei_CBQ74021.1 UsMay_KIS68488.1 KaBra_EST09627.1 MoAph_g6163.t1
HG_19745	SpRei_CBQ67733.1 UsMay_KIS71902.1 KaBra_KAF6766804.1 MoAph_g358.t1
HG_19914	SpRei_CBQ72165.1 UsMay_KIS70776.1 KaBra_EST07876.2 MoAph_g4433.t1
HG_19881	SpRei_CBQ71271.1 UsMay_KIS65908.1 KaBra_EST07300.2 MoAph_g3925.t1
HG_18729	SpRei_CBQ70671.1 UsMay_KIS71360.1 KaBra_EST06155.1 MoAph_g3307.t1
HG_12693	SpRei_CBQ72581.1 UsMay_KIS69502.1 KaBra_EST04676.2 AcIng_PWN87105.1 MaRes_AXA48135.1 MaJap_WFD38223.1 MaSym_SHO78327.1 MoAph_g6655.t1
HG_16864	SpRei_CBQ71709.1 UsMay_KIS70326.1 KaBra_EST07477.1 AcIng_PWN93345.1 MoAph_g4898.t1
HG_19968	SpRei_CBQ73550.1 UsMay_KIS68594.1 KaBra_EST05093.2 MoAph_g6116.t1
HG_19863	SpRei_CBQ70787.1 UsMay_KIS71482.1 KaBra_EST06051.2 MoAph_g5641.t1
HG_14845	SpRei_CBQ68218.1 SpRei_CBQ68219.1 UsMay_KIS72389.1 KaBra_KAF6767398.1 MoAph_g849.t1 MoAph_g849.t2
HG_19845	SpRei_CBQ70455.1 UsMay_KIS71142.1 KaBra_KAF6767360.1 MoAph_g3075.t1
HG_19981	SpRei_CBQ73940.1 UsMay_KIS68446.1 KaBra_EST09551.2 MoAph_g6243.t1
HG_19740	SpRei_CBQ67630.1 UsMay_KIS71796.1 KaBra_EST09854.1 MoAph_g254.t1
HG_13601	SpRei_CBQ68360.1 UsMay_KIS68168.1 KaBra_KAF6767075.1 KaBra_KAF6767079.1 MoAph_g1222.t1 MoAph_g4538.t1 MoAph_g4663.t1
HG_19827	SpRei_CBQ70000.1 UsMay_KIS66600.1 KaBra_EST08391.1 MoAph_g2925.t1
HG_19963	SpRei_CBQ73373.1 UsMay_KIS68994.1 KaBra_EST05259.1 MoAph_g5433.t1
HG_19899	SpRei_CBQ71753.1 UsMay_KIS70367.1 KaBra_EST07517.1 MoAph_g4855.t1
HG_19794	SpRei_CBQ69025.1 UsMay_KIS67504.1 KaBra_KAF6766958.1 MoAph_g2222.t1
HG_16841	SpRei_CBQ70121.1 KaBra_KAF6767221.1 AcIng_PWN90796.1 MoAph_g2803.t1 MoAph_g2803.t2
HG_19809	SpRei_CBQ69366.1 UsMay_KIS67081.1 KaBra_EST09221.2 MoAph_g2395.t1
HG_16895	SpRei_CBQ73777.1 UsMay_KIS68804.1 KaBra_EST04895.2 MoAph_g5897.t1 MoAph_g5897.t2
HG_19840	SpRei_CBQ70277.1 UsMay_KIS70963.1 KaBra_EST10179.2 MoAph_g1046.t1
HG_19776	SpRei_CBQ68540.1 UsMay_KIS67868.1 KaBra_EST04519.2 MoAph_g1653.t1
HG_11193	SpRei_CBQ72682.1 SpRei_CBQ72683.1 SpRei_CBQ72684.1 UsMay_KIS69600.1 UsMay_KIS69601.1 KaBra_KAF6767602.1 KaBra_KAF6767603.1 MoAph_g3569.t1 MoAph_g6558.t1 MoAph_g6559.t1
HG_19927	SpRei_CBQ72487.1 UsMay_KIS70214.1 KaBra_KAF6767256.1 MoAph_g4164.t1
HG_19822	SpRei_CBQ69769.1 UsMay_KIS66751.1 KaBra_EST08679.1 MoAph_g2644.t1
HG_19758	SpRei_CBQ68137.1 UsMay_KIS72306.1 KaBra_EST06646.1 MoAph_g767.t1
HG_19894	SpRei_CBQ71658.1 UsMay_KIS70275.1 KaBra_EST07431.1 MoAph_g4957.t1
HG_16805	SpRei_CBQ67381.1 UsMay_KIS71572.1 KaBra_EST09642.1 MoAph_g17.t1 MoAph_g17.t2
HG_19909	SpRei_CBQ72006.1 UsMay_KIS70620.1 KaBra_EST07738.1 MoAph_g4590.t1
HG_19804	SpRei_CBQ69204.1 UsMay_KIS67286.1 KaBra_KAF6766866.1 MoAph_g2031.t1
HG_19940	SpRei_CBQ72774.1 UsMay_KIS69683.1 KaBra_KAF6767620.1 MoAph_g6478.t1
HG_19876	SpRei_CBQ71069.1 UsMay_KIS69814.1 KaBra_KAF6767457.1 MoAph_g3374.t1
HG_16890	SpRei_CBQ73035.1 UsMay_KIS69311.1 KaBra_EST05538.1 AcIng_PWN89870.1 MoAph_g5125.t1
HG_19771	SpRei_CBQ68422.1 UsMay_KIS68228.1 KaBra_EST08040.2 MoAph_g1278.t1
HG_19922	SpRei_CBQ72291.1 UsMay_KIS70022.1 KaBra_EST07265.1 MoAph_g1350.t1
HG_16872	SpRei_CBQ72247.1 UsMay_KIS70861.1 KaBra_EST07949.1 AcIng_PWN94392.1 MoAph_g4346.t1
HG_19753	SpRei_CBQ67976.1 UsMay_KIS72169.1 KaBra_EST06497.2 MoAph_g599.t1
HG_12324	SpRei_CBQ73979.1 UsMay_KIS68528.1 KaBra_EST09590.1 AcIng_PWN91024.1 MaRes_AXA48849.1 MaJap_WFD40455.1 MaSym_SHO78725.1 MoAph_g6204.t1
HG_19904	SpRei_CBQ71910.1 UsMay_KIS70525.1 KaBra_EST07658.1 MoAph_g4692.t1
HG_19976	SpRei_CBQ73772.1 UsMay_KIS68799.1 KaBra_EST04900.2 MoAph_g5902.t1
HG_16854	SpRei_CBQ71250.1 UsMay_KIS66629.1 KaBra_EST09182.2 MoAph_g5868.t1 MoAph_g5868.t2
HG_19735	SpRei_CBQ67525.1 UsMay_KIS71692.1 KaBra_EST09761.1 MoAph_g154.t1
HG_14853	SpRei_CBQ68951.1 UsMay_KIS67428.1 KaBra_KAF6766944.1 KaBra_KAF6766945.1 MoAph_g2295.t1 MoAph_g2295.t2
HG_13668	SpRei_CBQ72459.1 UsMay_KIS70187.1 KaBra_EST07031.2 MaRes_AXA48125.1 MaJap_WFD39435.1 MaSym_SHO76615.1 MoAph_g4139.t1
HG_11836	SpRei_CBQ72164.1 KaBra_EST07264.1 KaBra_EST07875.1 KaBra_EST08906.1 KaBra_KAF6766979.1 KaBra_KAF6766980.1 AcIng_PWN87384.1 AcIng_PWN91297.1 MoAph_g4434.t1
HG_19958	SpRei_CBQ73149.1 UsMay_KIS69423.1 KaBra_EST05436.1 MoAph_g5019.t1
HG_19789	SpRei_CBQ68897.1 UsMay_KIS67750.1 KaBra_EST08970.1 MoAph_g1889.t1
HG_16836	SpRei_CBQ69838.1 UsMay_KIS66821.1 KaBra_KAF6767003.1 MaSym_SHO78909.1 MoAph_g2710.t1
HG_19853	SpRei_CBQ70559.1 KaBra_KAF6767344.1 AcIng_PWN91250.1 MoAph_g3208.t1
HG_16900	SpRei_CBQ73913.1 UsMay_KIS68420.1 KaBra_EST09529.2 MoAph_g6268.t1 MoAph_g6268.t2
HG_13304	SpRei_CBQ71749.1 UsMay_KIS70359.1 KaBra_EST07507.1 AcIng_PWN93792.1 MaJap_WFD37060.1 MaJap_WFD41092.1 MoAph_g4865.t1
HG_19835	SpRei_CBQ70082.1 UsMay_KIS66307.1 KaBra_KAF6767242.1 MoAph_g2779.t1
HG_19971	SpRei_CBQ73642.1 UsMay_KIS68671.1 KaBra_EST05015.1 MoAph_g6028.t1
HG_16818	SpRei_CBQ68206.1 UsMay_KIS72377.1 KaBra_KAF6767395.1 KaBra_KAF6767396.1 MoAph_g838.t1
HG_18681	SpRei_CBQ73103.1 UsMay_KIS69378.1 MaRes_AXA49012.1 MoAph_g5063.t1
HG_19730	SpRei_CBQ67434.1 UsMay_KIS71612.1 KaBra_EST09689.1 MoAph_g63.t1
HG_19784	SpRei_CBQ68665.1 UsMay_KIS67999.1 KaBra_KAF6767674.1 MoAph_g1554.t1
HG_19817	SpRei_CBQ69606.1 UsMay_KIS66960.1 KaBra_EST08148.1 MoAph_g3722.t1
HG_19953	SpRei_CBQ72889.1 UsMay_KIS69171.1 KaBra_EST05653.1 MoAph_g5255.t1
HG_16831	SpRei_CBQ69160.1 UsMay_KIS67238.1 KaBra_EST09302.1 MoAph_g1984.t1 MoAph_g1984.t2
HG_19935	SpRei_CBQ72695.1 UsMay_KIS69621.1 KaBra_EST04760.2 MoAph_g6554.t1
HG_19830	SpRei_CBQ70019.1 UsMay_KIS66616.1 KaBra_EST08405.1 MoAph_g2914.t1
HG_19917	SpRei_CBQ72216.1 UsMay_KIS70829.1 KaBra_KAF6767173.1 MoAph_g4381.t1
HG_16867	SpRei_CBQ72040.1 UsMay_KIS70656.1 KaBra_EST07768.1 MoAph_g4555.t1 MoAph_g4555.t2
HG_19812	SpRei_CBQ69390.1 UsMay_KIS67106.1 KaBra_EST09198.1 MoAph_g2419.t1
HG_19884	SpRei_CBQ71330.1 UsMay_KIS65965.1 KaBra_EST07349.2 MoAph_g3870.t1
HG_13640	SpRei_CBQ70745.1 UsMay_KIS71437.1 KaBra_KAF6767316.1 AcIng_PWN94418.1 MaJap_WFD38806.1 MaSym_SHO76898.1 MoAph_g5683.t1
HG_16849	SpRei_CBQ70767.1 UsMay_KIS71460.1 KaBra_EST06069.2 AcIng_PWN93103.1 MoAph_g5661.t1
HG_19761	SpRei_CBQ68188.1 UsMay_KIS72358.1 KaBra_KAF6767393.1 MoAph_g820.t1
HG_19930	SpRei_CBQ72592.1 UsMay_KIS69513.1 KaBra_EST04682.1 MoAph_g6644.t1
HG_19866	SpRei_CBQ70867.1 UsMay_KIS66082.1 KaBra_KAF6767412.1 MoAph_g3570.t1
HG_16880	SpRei_CBQ72678.1 UsMay_KIS69596.1 KaBra_EST04755.1 AcIng_PWN91123.1 MoAph_g6563.t1
HG_19848	SpRei_CBQ70478.1 UsMay_KIS71168.1 KaBra_EST06324.1 MoAph_g3125.t1
HG_19984	SpRei_CBQ73987.1 UsMay_KIS68519.1 KaBra_EST09599.1 MoAph_g6193.t1
HG_19743	SpRei_CBQ67705.1 UsMay_KIS71875.1 KaBra_EST09922.2 MoAph_g332.t1
HG_16862	SpRei_CBQ71683.1 UsMay_KIS70300.1 KaBra_KAF6767097.1 AcIng_PWN88526.1 MoAph_g4925.t1
HG_19861	SpRei_CBQ70743.1 UsMay_KIS71435.1 KaBra_EST06092.1 MoAph_g5685.t1
HG_19797	SpRei_CBQ69075.1 UsMay_KIS67547.1 KaBra_EST08879.2 MoAph_g2176.t1
HG_19966	SpRei_CBQ73494.1 UsMay_KIS69116.1 KaBra_EST05372.2 MoAph_g5554.t1
HG_16844	SpRei_CBQ70291.1 UsMay_KIS71020.1 KaBra_EST10165.2 AcIng_PWN87485.1 MoAph_g1031.t1
HG_12368	SpRei_CBQ68596.1 SpRei_CBQ70368.1 UsMay_KIS67926.1 UsMay_KIS71052.1 KaBra_EST04568.1 KaBra_EST06421.1 MoAph_g1584.t1 MoAph_g3008.t1
HG_19843	SpRei_CBQ70362.1 UsMay_KIS71046.1 KaBra_EST10108.1 MoAph_g957.t1
HG_19779	SpRei_CBQ68589.1 UsMay_KIS67919.1 KaBra_KAF6767657.1 MoAph_g1627.t1
HG_19948	SpRei_CBQ72813.1 UsMay_KIS69712.1 KaBra_EST04838.2 MoAph_g6450.t1
HG_19897	SpRei_CBQ71736.1 UsMay_KIS70354.1 KaBra_KAF6767105.1 MoAph_g4871.t1
HG_19792	SpRei_CBQ68981.1 UsMay_KIS67461.1 KaBra_EST08803.1 MoAph_g2263.t1
HG_18776	SpRei_CBQ69700.1 UsMay_KIS66681.1 KaBra_EST08614.1 MoAph_g2577.t1
HG_16808	SpRei_CBQ67796.1 UsMay_KIS67013.1 UsMay_KIS71952.1 KaBra_EST09996.1 MoAph_g407.t1
HG_13589	SpRei_CBQ67867.1 UsMay_KIS72034.1 KaBra_EST10068.2 AcIng_PWN87637.1 AcIng_PWN88978.1 AcIng_PWN91143.1 MoAph_g488.t1
HG_19807	SpRei_CBQ69324.1 UsMay_KIS67040.1 KaBra_EST09257.1 MoAph_g2343.t1
HG_19879	SpRei_CBQ71210.1 UsMay_KIS69954.1 KaBra_KAF6767470.1 MoAph_g5849.t1
HG_19774	SpRei_CBQ68482.1 UsMay_KIS67832.1 KaBra_EST04850.1 MoAph_g1723.t1
HG_19943	SpRei_CBQ72793.1 UsMay_KIS69704.1 KaBra_KAF6767628.1 MoAph_g6459.t1
HG_16893	SpRei_CBQ73524.1 UsMay_KIS69482.1 UsMay_KIS69999.1 KaBra_EST05115.2 MoAph_g6143.t1
HG_19820	SpRei_CBQ69693.1 UsMay_KIS66674.1 KaBra_EST08607.1 MoAph_g2571.t1
HG_19756	SpRei_CBQ68088.1 UsMay_KIS72257.1 KaBra_EST06601.1 MoAph_g705.t1
HG_19925	SpRei_CBQ72424.1 UsMay_KIS70152.1 KaBra_EST08436.2 MoAph_g1488.t1
HG_16875	SpRei_CBQ72352.1 UsMay_KIS70081.1 KaBra_EST08122.1 KaBra_EST08506.1 MoAph_g1410.t1
HG_14874	SpRei_CBQ70447.1 UsMay_KIS71133.1 KaBra_EST06352.2 AcIng_PWN93441.1 MoAph_g3089.t1 MoAph_g3089.t2
HG_14907	SpRei_CBQ73290.1 UsMay_KIS68910.1 KaBra_EST05188.2 MoAph_g4167.t1 MoAph_g4167.t2 MoAph_g5351.t1
HG_19979	SpRei_CBQ73879.1 UsMay_KIS68386.1 KaBra_EST09501.1 MoAph_g6301.t1
HG_19802	SpRei_CBQ69189.1 UsMay_KIS67270.1 KaBra_EST09333.1 MoAph_g2016.t1
HG_19738	SpRei_CBQ67581.1 UsMay_KIS71735.1 KaBra_KAF6766787.1 MoAph_g206.t1
HG_19907	SpRei_CBQ71969.1 UsMay_KIS70583.1 AcIng_PWN92710.1 MoAph_g4627.t1
HG_19874	SpRei_CBQ71063.1 UsMay_KIS69808.1 KaBra_KAF6767456.1 MoAph_g3381.t1
HG_16921	KaBra_KAF6767232.1 AcIng_PWN92327.1 MaRes_AXA49902.1 MaJap_WFD37469.1 MaSym_SHO76063.1
HG_16857	SpRei_CBQ71518.1 UsMay_KIS65870.1 KaBra_EST06839.1 MoAph_g4048.t1 MoAph_g4048.t2
HG_19856	SpRei_CBQ70640.1 UsMay_KIS71334.1 KaBra_EST06175.2 MoAph_g3289.t1
HG_19751	SpRei_CBQ67912.1 UsMay_KIS72079.1 KaBra_EST06437.2 MoAph_g532.t1
HG_14838	SpRei_CBQ67913.1 UsMay_KIS72080.1 KaBra_EST06438.1 MoAph_g533.t1 MoAph_g534.t1 MoAph_g534.t2
HG_19920	SpRei_CBQ72276.1 UsMay_KIS66862.1 KaBra_KAF6767302.1 MoAph_g4073.t1
HG_16870	SpRei_CBQ72150.1 UsMay_KIS70763.1 KaBra_KAF6767162.1 MoAph_g4448.t1 MoAph_g4448.t2
HG_19838	SpRei_CBQ70157.1 UsMay_KIS66380.1 KaBra_KAF6767228.1 MoAph_g2838.t1
HG_19974	SpRei_CBQ73701.1 UsMay_KIS68727.1 KaBra_EST04963.2 MoAph_g5969.t1
HG_19733	SpRei_CBQ67460.1 UsMay_KIS67430.1 KaBra_EST09711.1 MoAph_g88.t1
HG_19902	SpRei_CBQ71903.1 UsMay_KIS70518.1 KaBra_EST07652.2 MoAph_g4711.t1
HG_16852	SpRei_CBQ71002.1 UsMay_KIS69751.1 KaBra_EST05801.1 MoAph_g3434.t1 MoAph_g3434.t2
HG_16306	SpRei_CBQ67662.1 UsMay_KIS71832.1 KaBra_EST09880.2 MoAph_g287.t1 MoAph_g287.t2
HG_19956	SpRei_CBQ72988.1 UsMay_KIS69268.1 AcIng_PWN90417.1 MoAph_g5167.t1
HG_19851	SpRei_CBQ70532.1 UsMay_KIS71223.1 KaBra_EST06273.1 MoAph_g3179.t1
HG_19787	SpRei_CBQ68750.1 UsMay_KIS67649.1 KaBra_KAF6766930.1 MoAph_g1782.t1
HG_16834	SpRei_CBQ69437.1 UsMay_KIS67153.1 KaBra_EST09128.1 MoAph_g2467.t1 MoAph_g2468.t1
HG_16888	SpRei_CBQ72851.1 UsMay_KIS66217.1 KaBra_EST04876.1 AcIng_PWN88909.1 MoAph_g6422.t1
HG_19951	SpRei_CBQ72835.1 UsMay_KIS66202.1 KaBra_EST07250.1 MoAph_g6438.t1
HG_19887	SpRei_CBQ71436.1 UsMay_KIS65786.1 KaBra_EST06767.2 MoAph_g3968.t1
HG_19815	SpRei_CBQ69538.1 UsMay_KIS66924.1 KaBra_EST08213.1 MoAph_g3635.t1
HG_19782	SpRei_CBQ68657.1 UsMay_KIS67995.1 KaBra_KAF6767670.1 MoAph_g1559.t1
HG_16355	SpRei_CBQ69134.1 UsMay_KIS67213.1 KaBra_EST09281.1 AcIng_PWN88487.1 MoAph_g1953.t1
HG_13338	SpRei_CBQ73190.1 UsMay_KIS69466.1 KaBra_KAF6767473.1 MaRes_AXA49967.1 MaJap_WFD38487.1 MaSym_SHO77224.1 MoAph_g4983.t1
HG_19933	SpRei_CBQ72637.1 UsMay_KIS69558.1 KaBra_EST04720.1 MoAph_g6588.t1
HG_19869	SpRei_CBQ70981.1 UsMay_KIS69729.1 KaBra_KAF6767433.1 MoAph_g3453.t1
HG_16883	SpRei_CBQ72748.1 UsMay_KIS69658.1 KaBra_EST04798.1 MoAph_g6506.t1 MoAph_g6506.t2
HG_19764	SpRei_CBQ68251.1 UsMay_KIS69431.1 AcIng_PWN91013.1 MoAph_g2520.t1
HG_16811	SpRei_CBQ67953.1 UsMay_KIS72121.1 KaBra_EST06477.1 AcIng_PWN87415.1 MoAph_g576.t1
HG_19987	SpRei_CBQ74023.1 UsMay_KIS68486.1 KaBra_EST09629.2 MoAph_g6161.t1
HG_19915	SpRei_CBQ72170.1 UsMay_KIS70781.1 KaBra_EST07881.1 MoAph_g4428.t1
HG_16865	SpRei_CBQ71724.1 UsMay_KIS70341.1 KaBra_EST07493.2 MoAph_g4884.t1 MoAph_g4884.t2
HG_19810	SpRei_CBQ69371.1 UsMay_KIS67085.1 KaBra_KAF6766896.1 MoAph_g2400.t1
HG_19746	SpRei_CBQ67738.1 UsMay_KIS71907.1 KaBra_EST09951.1 MoAph_g363.t1
HG_19882	SpRei_CBQ71319.1 UsMay_KIS65954.1 KaBra_EST07339.2 MoAph_g3881.t1
HG_12694	SpRei_CBQ72659.1 UsMay_KIS69582.1 KaBra_EST04741.1 AcIng_PWN93479.1 MaRes_AXA49535.1 MaJap_WFD40763.1 MaSym_SHO78841.1 MoAph_g6578.t1
HG_11163	SpRei_CBQ70641.1 SpRei_CBQ70642.1 SpRei_CBQ70643.1 SpRei_CBQ70644.1 UsMay_KIS71335.1 UsMay_KIS71336.1 UsMay_KIS71337.1 KaBra_KAF6767336.1 KaBra_KAF6767337.1 MoAph_g3290.t1
HG_19969	SpRei_CBQ73596.1 UsMay_KIS68626.1 KaBra_EST05051.2 MoAph_g6066.t1
HG_16847	SpRei_CBQ70709.1 UsMay_KIS71398.1 KaBra_EST06122.1 MoAph_g5718.t1 MoAph_g5718.t2
HG_18743	SpRei_CBQ71991.1 UsMay_KIS70605.1 KaBra_EST07726.1 MoAph_g4593.t1
HG_16829	SpRei_CBQ68922.1 UsMay_KIS67400.1 KaBra_EST09186.1 AcIng_PWN91065.1 MoAph_g2333.t1
HG_19910	SpRei_CBQ72049.1 UsMay_KIS70664.1 KaBra_EST07775.2 MoAph_g4547.t1
HG_19846	SpRei_CBQ70469.1 UsMay_KIS71155.1 KaBra_KAF6767356.1 MoAph_g3115.t1
HG_16860	SpRei_CBQ71601.1 UsMay_KIS65715.1 KaBra_EST06964.2 MoAph_g4212.t1 MoAph_g4212.t2
HG_19741	SpRei_CBQ67631.1 UsMay_KIS71797.1 KaBra_KAF6766792.1 MoAph_g255.t1
HG_19964	SpRei_CBQ73467.1 UsMay_KIS69087.1 KaBra_EST05348.1 MoAph_g5585.t1
HG_19795	SpRei_CBQ69026.1 UsMay_KIS67505.1 KaBra_KAF6766959.1 MoAph_g2221.t1
HG_19828	SpRei_CBQ70002.1 UsMay_KIS66602.1 KaBra_KAF6767045.1 MoAph_g2927.t1
HG_16842	SpRei_CBQ70155.1 KaBra_EST07191.2 AcIng_PWN87608.1 AcIng_PWN93646.1 MoAph_g2836.t1
HG_19777	SpRei_CBQ68562.1 UsMay_KIS67891.1 KaBra_KAF6767653.1 MoAph_g1650.t1
HG_19946	SpRei_CBQ72804.1 UsMay_KIS66074.1 KaBra_EST04834.1 MoAph_g6461.t1
HG_16896	SpRei_CBQ73784.1 UsMay_KIS68811.1 KaBra_KAF6767548.1 MoAph_g5890.t1 MoAph_g5890.t2
HG_19841	SpRei_CBQ70281.1 UsMay_KIS70968.1 KaBra_EST10175.1 MoAph_g1041.t1
HG_16824	SpRei_CBQ68585.1 UsMay_KIS67915.1 KaBra_EST04558.2 AcIng_PWN90985.1 MoAph_g1631.t1
HG_19759	SpRei_CBQ68142.1 UsMay_KIS72311.1 KaBra_EST06650.1 MoAph_g772.t1
HG_19928	SpRei_CBQ72497.1 UsMay_KIS70224.1 KaBra_EST07061.2 MoAph_g4115.t1
HG_16806	SpRei_CBQ67412.1 UsMay_KIS71589.1 KaBra_EST09671.1 MoAph_g41.t1 MoAph_g41.t2
HG_16878	SpRei_CBQ72478.1 UsMay_KIS70205.1 KaBra_KAF6767253.1 MoAph_g4153.t1 MoAph_g4153.t2
HG_19790	SpRei_CBQ68938.1 UsMay_KIS67415.1 KaBra_EST08762.1 MoAph_g2307.t1
HG_19895	SpRei_CBQ71681.1 UsMay_KIS70299.1 KaBra_EST07451.1 MoAph_g4930.t1
HG_19941	SpRei_CBQ72780.1 UsMay_KIS69689.1 KaBra_KAF6767621.1 MoAph_g2521.t1
HG_19877	SpRei_CBQ71106.1 UsMay_KIS69824.1 KaBra_EST05858.2 MoAph_g3364.t1
HG_20987	AcIng_PWN89611.1 MaRes_AXA49249.1 MaJap_WFD37744.1 MaSym_SHO78954.1
HG_19805	SpRei_CBQ69242.1 UsMay_KIS67324.1 KaBra_EST09384.1 MoAph_g2069.t1
HG_19772	SpRei_CBQ68434.1 UsMay_KIS68239.1 KaBra_EST08050.2 MoAph_g1290.t1
HG_14890	SpRei_CBQ71892.1 UsMay_KIS70507.1 KaBra_EST07641.2 MaRes_AXA49526.1 MoAph_g4701.t1 MoAph_g4701.t2
HG_12689	SpRei_CBQ72210.1 UsMay_KIS70822.1 KaBra_EST07916.1 AcIng_PWN90405.1 MaRes_AXA48246.1 MaJap_WFD40398.1 MaSym_SHO78673.1 MoAph_g4387.t1
HG_19754	SpRei_CBQ68049.1 UsMay_KIS72221.1 KaBra_EST06567.2 MoAph_g675.t1
HG_19923	SpRei_CBQ72299.1 UsMay_KIS70030.1 KaBra_KAF6767021.1 MoAph_g1357.t1
HG_19859	SpRei_CBQ70659.1 UsMay_KIS71350.1 KaBra_EST06165.1 MoAph_g3300.t1
HG_16873	SpRei_CBQ72251.1 UsMay_KIS70866.1 KaBra_KAF6767182.1 MoAph_g4341.t1 MoAph_g4342.t1
HG_19890	SpRei_CBQ71515.1 UsMay_KIS65867.1 KaBra_KAF6767300.1 MoAph_g4045.t1
HG_19977	SpRei_CBQ73786.1 UsMay_KIS68813.1 KaBra_EST04887.2 MoAph_g5888.t1
HG_19736	SpRei_CBQ67557.1 UsMay_KIS71723.1 KaBra_EST09790.1 MoAph_g182.t1
HG_19905	SpRei_CBQ71931.1 UsMay_KIS70545.1 KaBra_KAF6767130.1 MoAph_g4667.t1
HG_18751	SpRei_CBQ69050.1 UsMay_KIS67525.1 KaBra_EST08859.1 MoAph_g2201.t1
HG_18687	SpRei_CBQ68481.1 UsMay_KIS68287.1 KaBra_EST08096.1 MoAph_g1338.t1
HG_19800	SpRei_CBQ69137.1 UsMay_KIS67216.1 KaBra_KAF6766855.1 MoAph_g1950.t1
HG_19854	SpRei_CBQ70572.1 UsMay_KIS71267.1 KaBra_KAF6767341.1 MoAph_g3223.t1
HG_13682	SpRei_CBQ73597.1 SpRei_CBQ73598.1 UsMay_KIS68627.1 UsMay_KIS68628.1 KaBra_EST05050.1 MoAph_g1863.t1 MoAph_g1864.t1
HG_12666	SpRei_CBQ68723.1 UsMay_KIS67626.1 UsMay_KIS67656.1 KaBra_EST08919.1 KaBra_EST09083.1 KaBra_EST09561.2 MoAph_g1763.t1 MoAph_g4939.t1
HG_16819	SpRei_CBQ68263.1 UsMay_KIS68066.1 KaBra_KAF6767280.1 MoAph_g1124.t1 MoAph_g4313.t1
HG_19731	SpRei_CBQ67438.1 UsMay_KIS71616.1 KaBra_EST09695.1 MoAph_g67.t1
HG_19900	SpRei_CBQ71889.1 UsMay_KIS70504.1 KaBra_KAF6767122.1 MoAph_g4717.t1
HG_19836	SpRei_CBQ70148.1 UsMay_KIS66372.1 KaBra_EST07186.1 MoAph_g2829.t1
HG_19954	SpRei_CBQ72925.1 UsMay_KIS69199.1 KaBra_EST05635.2 MoAph_g5228.t1
HG_19818	SpRei_CBQ69650.1 UsMay_KIS67006.1 KaBra_KAF6767053.1 MoAph_g3755.t1
HG_19785	SpRei_CBQ68739.1 UsMay_KIS67640.1 KaBra_KAF6766935.1 MoAph_g1776.t1
HG_18664	SpRei_CBQ67550.1 UsMay_KIS71716.1 KaBra_EST09782.2 MoAph_g175.t1
HG_14526	SpRei_CBQ71557.1 UsMay_KIS65668.1 KaBra_EST06999.1 MaRes_AXA52014.1 MaSym_SHO76987.1 MoAph_g4263.t1
HG_12661	SpRei_CBQ67403.1 UsMay_KIS71551.1 KaBra_EST09664.1 MaRes_AXA52081.1 MaJap_WFD38840.1 MaSym_SHO76933.1 MoAph_g20.t1 MoAph_g4279.t1
HG_19936	SpRei_CBQ72717.1 UsMay_KIS69628.1 KaBra_KAF6767611.1 MoAph_g6537.t1
HG_19831	SpRei_CBQ70041.1 UsMay_KIS66267.1 KaBra_EST07113.1 MoAph_g2742.t1
HG_16814	SpRei_CBQ68002.1 UsMay_KIS72172.1 KaBra_KAF6767379.1 MoAph_g625.t1 MoAph_g626.t1
HG_19749	SpRei_CBQ67859.1 UsMay_KIS72027.1 KaBra_EST10061.2 MoAph_g480.t1
HG_19918	SpRei_CBQ72224.1 UsMay_KIS70837.1 KaBra_EST07928.2 MoAph_g4371.t1
HG_18764	SpRei_CBQ67819.1 UsMay_KIS71981.1 KaBra_EST10024.1 MoAph_g438.t1
HG_19813	SpRei_CBQ69475.1 UsMay_KIS67189.1 KaBra_EST09161.2 MoAph_g2497.t1
HG_19780	SpRei_CBQ68610.1 UsMay_KIS67940.1 KaBra_EST04581.2 MoAph_g1612.t1
HG_13641	SpRei_CBQ70758.1 UsMay_KIS71450.1 KaBra_EST06079.1 MaRes_AXA51286.1 MaJap_WFD40827.1 MaSym_SHO79591.1 MoAph_g5671.t1
HG_19867	SpRei_CBQ70898.1 UsMay_KIS66115.1 KaBra_EST05714.1 MoAph_g3539.t1
HG_19931	SpRei_CBQ72601.1 UsMay_KIS69522.1 KaBra_EST04690.2 MoAph_g6635.t1
HG_19762	SpRei_CBQ68207.1 UsMay_KIS72378.1 KaBra_KAF6767397.1 MoAph_g839.t1
HG_13318	SpRei_CBQ72517.1 UsMay_KIS70244.1 KaBra_EST07078.1 MaRes_AXA51081.1 MaJap_WFD37366.1 MaSym_SHO76456.1 MoAph_g4099.t1
HG_19849	SpRei_CBQ70503.1 UsMay_KIS71192.1 KaBra_EST06301.1 MoAph_g3149.t1
HG_19744	SpRei_CBQ67718.1 UsMay_KIS71888.1 KaBra_KAF6766802.1 MoAph_g343.t1
HG_19913	SpRei_CBQ72160.1 UsMay_KIS70773.1 KaBra_EST07872.1 MoAph_g4437.t1
HG_19985	SpRei_CBQ74020.1 UsMay_KIS68489.1 KaBra_EST09626.2 MoAph_g6164.t1
HG_16863	SpRei_CBQ71695.1 UsMay_KIS70321.1 KaBra_EST07471.1 MoAph_g4904.t1 MoAph_g4905.t1
HG_13677	SpRei_CBQ73237.1 SpRei_CBQ73238.1 SpRei_CBQ73242.1 UsMay_KIS68863.1 KaBra_KAF6767519.1 MoAph_g5309.t1 MoAph_g5309.t2
HG_19967	SpRei_CBQ73511.1 UsMay_KIS69133.1 KaBra_EST05384.2 MoAph_g5538.t1
HG_19862	SpRei_CBQ70747.1 UsMay_KIS71439.1 KaBra_EST06089.2 MoAph_g5681.t1
HG_19798	SpRei_CBQ69095.1 UsMay_KIS67568.1 KaBra_KAF6766977.1 MoAph_g2156.t1
HG_16845	SpRei_CBQ70552.1 UsMay_KIS71247.1 KaBra_EST06253.2 MoAph_g3201.t1 MoAph_g3202.t1
HG_19844	SpRei_CBQ70384.1 UsMay_KIS71070.1 KaBra_EST06406.1 MoAph_g3024.t1
HG_19980	SpRei_CBQ73925.1 UsMay_KIS68432.1 KaBra_KAF6766842.1 MoAph_g6257.t1
HG_16827	SpRei_CBQ68904.1 UsMay_KIS67743.1 KaBra_EST08983.2 MoAph_g1882.t1 MoAph_g1883.t1
HG_13672	SpRei_CBQ72667.1 UsMay_KIS69670.1 KaBra_EST04744.1 MaRes_AXA52039.1 MaJap_WFD38881.1 MaSym_SHO76983.1 MoAph_g6574.t1
HG_13600	SpRei_CBQ68337.1 UsMay_KIS68149.1 KaBra_EST07974.2 MaRes_AXA48878.1 MaJap_WFD39756.1 MaSym_SHO77842.1 MoAph_g1204.t1
HG_19826	SpRei_CBQ69906.1 UsMay_KIS66505.1 KaBra_KAF6767035.1 MoAph_g938.t1
HG_19962	SpRei_CBQ73269.1 UsMay_KIS68889.1 KaBra_EST05168.2 MoAph_g5333.t1
HG_19898	SpRei_CBQ71744.1 UsMay_KIS70363.1 KaBra_KAF6767106.1 MoAph_g4860.t1
HG_16809	SpRei_CBQ67883.1 UsMay_KIS72051.1 KaBra_EST10085.1 AcIng_PWN92473.1 MoAph_g505.t1
HG_19793	SpRei_CBQ69003.1 UsMay_KIS67483.1 KaBra_EST08821.1 MoAph_g2243.t1
HG_19808	SpRei_CBQ69350.1 UsMay_KIS67065.1 KaBra_EST09236.2 MoAph_g2379.t1
HG_16822	SpRei_CBQ68419.1 UsMay_KIS68225.1 KaBra_EST08037.1 AcIng_PWN89896.1 MoAph_g1275.t1
HG_16894	SpRei_CBQ73652.1 UsMay_KIS68681.1 KaBra_EST05006.2 MoAph_g6009.t1 MoAph_g6010.t1
