HG_19926 	KaBr	MoAp	SpRe	UsMa
HG_19821 	KaBr	MoAp	SpRe	UsMa
HG_19757 	AcIn	MoAp	SpRe	UsMa
HG_19893 	KaBr	MoAp	SpRe	UsMa
HG_18772 	KaBr	MoAp	SpRe	UsMa
HG_18700 	KaBr	MoAp	SpRe	UsMa
HG_19908 	KaBr	MoAp	SpRe	UsMa
HG_19739 	KaBr	MoAp	SpRe	UsMa
HG_19875 	KaBr	MoAp	SpRe	UsMa
HG_19803 	KaBr	MoAp	SpRe	UsMa
HG_19770 	KaBr	MoAp	SpRe	UsMa
HG_19921 	KaBr	MoAp	SpRe	UsMa
HG_19752 	KaBr	MoAp	SpRe	UsMa
HG_16871 	KaBr	MoAp	SpRe	UsMa
HG_19839 	KaBr	MoAp	SpRe	UsMa
HG_19903 	KaBr	MoAp	SpRe	UsMa
HG_18718 	KaBr	MoAp	SpRe	UsMa
HG_19870 	KaBr	MoAp	SpRe	UsMa
HG_16853 	KaBr	MoAp	SpRe	UsMa
HG_19957 	KaBr	MoAp	SpRe	UsMa
HG_19788 	KaBr	MoAp	SpRe	UsMa
HG_13649 	KaBr	MaJa	MaRe	MaSy	MoAp	SpRe	UsMa
HG_16835 	KaBr	MoAp	SpRe	UsMa
HG_19939 	KaBr	MoAp	SpRe	UsMa
HG_16889 	KaBr	MoAp	SpRe	UsMa
HG_19834 	KaBr	MoAp	SpRe	UsMa
HG_16817 	AcIn	KaBr	MoAp	SpRe	UsMa
HG_19952 	KaBr	MoAp	SpRe	UsMa
HG_19888 	KaBr	MoAp	SpRe	UsMa
HG_19816 	KaBr	MoAp	SpRe	UsMa
HG_19783 	KaBr	MoAp	SpRe	UsMa
HG_11169 	KaBr	MoAp	SpRe	UsMa
HG_19934 	KaBr	MoAp	SpRe	UsMa
HG_19765 	KaBr	MoAp	SpRe	UsMa
HG_19747 	KaBr	MoAp	SpRe	UsMa
HG_19916 	KaBr	MoAp	SpRe	UsMa
HG_18698 	KaBr	MoAp	SpRe	UsMa
HG_16866 	AcIn	KaBr	MoAp	SpRe	UsMa
HG_19883 	KaBr	MoAp	SpRe	UsMa
HG_11848 	KaBr	MoAp	SpRe	UsMa
HG_19729 	KaBr	MoAp	SpRe	UsMa
HG_19865 	KaBr	MoAp	SpRe	UsMa
HG_18744 	KaBr	MoAp	SpRe	UsMa
HG_16848 	KaBr	MoAp	SpRe	UsMa
HG_19760 	KaBr	MoAp	SpRe	UsMa
HG_12331 	KaBr	MoAp	SpRe	UsMa
HG_19742 	KaBr	MoAp	SpRe	UsMa
HG_19911 	KaBr	MoAp	SpRe	UsMa
HG_19847 	KaBr	MoAp	SpRe	UsMa
HG_19983 	KaBr	MoAp	SpRe	UsMa
HG_16861 	KaBr	MoAp	SpRe	UsMa
HG_19965 	KaBr	MoAp	SpRe	UsMa
HG_19829 	KaBr	MoAp	SpRe	UsMa
HG_19860 	AcIn	MoAp	SpRe	UsMa
HG_12672 	KaBr	MoAp	SpRe	UsMa
HG_14842 	KaBr	MaRe	MaSy	MoAp	SpRe	UsMa
HG_19778 	KaBr	MoAp	SpRe	UsMa
HG_19947 	KaBr	MoAp	SpRe	UsMa
HG_14896 	KaBr	MoAp	SpRe	UsMa
HG_19896 	KaBr	MoAp	SpRe	UsMa
HG_19929 	AcIn	MoAp	SpRe	UsMa
HG_16807 	KaBr	MoAp	SpRe	UsMa
HG_16879 	KaBr	MoAp	SpRe	UsMa
HG_19791 	KaBr	MoAp	SpRe	UsMa
HG_19878 	KaBr	MoAp	SpRe	UsMa
HG_18757 	KaBr	MoAp	SpRe	UsMa
HG_19773 	KaBr	MoAp	SpRe	UsMa
HG_19806 	KaBr	MoAp	SpRe	UsMa
HG_16820 	KaBr	MoAp	SpRe	UsMa
HG_19755 	KaBr	MoAp	SpRe	UsMa
HG_19891 	KaBr	MoAp	SpRe	UsMa
HG_16874 	KaBr	MoAp	SpRe	UsMa
HG_13616 	AcIn	MaJa	MaRe	MaSy	MoAp	SpRe	UsMa
HG_19978 	KaBr	MoAp	SpRe	UsMa
HG_19737 	KaBr	MoAp	SpRe	UsMa
HG_19873 	KaBr	MoAp	SpRe	UsMa
HG_19906 	KaBr	MoAp	SpRe	UsMa
HG_19801 	KaBr	MoAp	SpRe	UsMa
HG_12685 	AcIn	KaBr	MaJa	MaRe	MaSy	MoAp	SpRe	UsMa
HG_19855 	KaBr	MoAp	SpRe	UsMa
HG_19750 	KaBr	MoAp	SpRe	UsMa
HG_13683 	KaBr	MoAp	SpRe	UsMa
HG_12667 	AcIn	KaBr	MaRe	MaSy	MoAp	SpRe	UsMa
HG_19837 	KaBr	MoAp	SpRe	UsMa
HG_19732 	KaBr	MoAp	SpRe	UsMa
HG_19901 	KaBr	MoAp	SpRe	UsMa
HG_19973 	KaBr	MoAp	SpRe	UsMa
HG_19819 	KaBr	MoAp	SpRe	UsMa
HG_19955 	KaBr	MoAp	SpRe	UsMa
HG_19850 	KaBr	MoAp	SpRe	UsMa
HG_16833 	KaBr	MoAp	SpRe	UsMa
HG_19832 	KaBr	MoAp	SpRe	UsMa
HG_19937 	KaBr	MoAp	SpRe	UsMa
HG_16815 	KaBr	MoAp	SpRe	UsMa
HG_19814 	KaBr	MoAp	SpRe	UsMa
HG_19886 	KaBr	MoAp	SpRe	UsMa
HG_19919 	KaBr	MoAp	SpRe	UsMa
HG_19781 	KaBr	MoAp	SpRe	UsMa
HG_12698 	AcIn	KaBr	MaJa	MaRe	MaSy	MoAp	SpRe	UsMa
HG_19868 	KaBr	MoAp	SpRe	UsMa
HG_19932 	KaBr	MoAp	SpRe	UsMa
HG_19763 	KaBr	MoAp	SpRe	UsMa
HG_16882 	KaBr	MoAp	SpRe	UsMa
HG_19986 	KaBr	MoAp	SpRe	UsMa
HG_19745 	KaBr	MoAp	SpRe	UsMa
HG_19914 	KaBr	MoAp	SpRe	UsMa
HG_19881 	KaBr	MoAp	SpRe	UsMa
HG_18729 	KaBr	MoAp	SpRe	UsMa
HG_12693 	AcIn	KaBr	MaJa	MaRe	MaSy	MoAp	SpRe	UsMa
HG_16864 	AcIn	KaBr	MoAp	SpRe	UsMa
HG_19968 	KaBr	MoAp	SpRe	UsMa
HG_19863 	KaBr	MoAp	SpRe	UsMa
HG_14845 	KaBr	MoAp	SpRe	UsMa
HG_19845 	KaBr	MoAp	SpRe	UsMa
HG_19981 	KaBr	MoAp	SpRe	UsMa
HG_19740 	KaBr	MoAp	SpRe	UsMa
HG_13601 	KaBr	MoAp	SpRe	UsMa
HG_19827 	KaBr	MoAp	SpRe	UsMa
HG_19963 	KaBr	MoAp	SpRe	UsMa
HG_19899 	KaBr	MoAp	SpRe	UsMa
HG_19794 	KaBr	MoAp	SpRe	UsMa
HG_16841 	AcIn	KaBr	MoAp	SpRe
HG_19809 	KaBr	MoAp	SpRe	UsMa
HG_16895 	KaBr	MoAp	SpRe	UsMa
HG_19840 	KaBr	MoAp	SpRe	UsMa
HG_19776 	KaBr	MoAp	SpRe	UsMa
HG_11193 	KaBr	MoAp	SpRe	UsMa
HG_19927 	KaBr	MoAp	SpRe	UsMa
HG_19822 	KaBr	MoAp	SpRe	UsMa
HG_19758 	KaBr	MoAp	SpRe	UsMa
HG_19894 	KaBr	MoAp	SpRe	UsMa
HG_16805 	KaBr	MoAp	SpRe	UsMa
HG_19909 	KaBr	MoAp	SpRe	UsMa
HG_19804 	KaBr	MoAp	SpRe	UsMa
HG_19940 	KaBr	MoAp	SpRe	UsMa
HG_19876 	KaBr	MoAp	SpRe	UsMa
HG_16890 	AcIn	KaBr	MoAp	SpRe	UsMa
HG_19771 	KaBr	MoAp	SpRe	UsMa
HG_19922 	KaBr	MoAp	SpRe	UsMa
HG_16872 	AcIn	KaBr	MoAp	SpRe	UsMa
HG_19753 	KaBr	MoAp	SpRe	UsMa
HG_12324 	AcIn	KaBr	MaJa	MaRe	MaSy	MoAp	SpRe	UsMa
HG_19904 	KaBr	MoAp	SpRe	UsMa
HG_19976 	KaBr	MoAp	SpRe	UsMa
HG_16854 	KaBr	MoAp	SpRe	UsMa
HG_19735 	KaBr	MoAp	SpRe	UsMa
HG_14853 	KaBr	MoAp	SpRe	UsMa
HG_13668 	KaBr	MaJa	MaRe	MaSy	MoAp	SpRe	UsMa
HG_11836 	AcIn	KaBr	MoAp	SpRe
HG_19958 	KaBr	MoAp	SpRe	UsMa
HG_19789 	KaBr	MoAp	SpRe	UsMa
HG_16836 	KaBr	MaSy	MoAp	SpRe	UsMa
HG_19853 	AcIn	KaBr	MoAp	SpRe
HG_16900 	KaBr	MoAp	SpRe	UsMa
HG_13304 	AcIn	KaBr	MaJa	MoAp	SpRe	UsMa
HG_19835 	KaBr	MoAp	SpRe	UsMa
HG_19971 	KaBr	MoAp	SpRe	UsMa
HG_16818 	KaBr	MoAp	SpRe	UsMa
HG_18681 	MaRe	MoAp	SpRe	UsMa
HG_19730 	KaBr	MoAp	SpRe	UsMa
HG_19784 	KaBr	MoAp	SpRe	UsMa
HG_19817 	KaBr	MoAp	SpRe	UsMa
HG_19953 	KaBr	MoAp	SpRe	UsMa
HG_16831 	KaBr	MoAp	SpRe	UsMa
HG_19935 	KaBr	MoAp	SpRe	UsMa
HG_19830 	KaBr	MoAp	SpRe	UsMa
HG_19917 	KaBr	MoAp	SpRe	UsMa
HG_16867 	KaBr	MoAp	SpRe	UsMa
HG_19812 	KaBr	MoAp	SpRe	UsMa
HG_19884 	KaBr	MoAp	SpRe	UsMa
HG_13640 	AcIn	KaBr	MaJa	MaSy	MoAp	SpRe	UsMa
HG_16849 	AcIn	KaBr	MoAp	SpRe	UsMa
HG_19761 	KaBr	MoAp	SpRe	UsMa
HG_19930 	KaBr	MoAp	SpRe	UsMa
HG_19866 	KaBr	MoAp	SpRe	UsMa
HG_16880 	AcIn	KaBr	MoAp	SpRe	UsMa
HG_19848 	KaBr	MoAp	SpRe	UsMa
HG_19984 	KaBr	MoAp	SpRe	UsMa
HG_19743 	KaBr	MoAp	SpRe	UsMa
HG_16862 	AcIn	KaBr	MoAp	SpRe	UsMa
HG_19861 	KaBr	MoAp	SpRe	UsMa
HG_19797 	KaBr	MoAp	SpRe	UsMa
HG_19966 	KaBr	MoAp	SpRe	UsMa
HG_16844 	AcIn	KaBr	MoAp	SpRe	UsMa
HG_12368 	KaBr	MoAp	SpRe	UsMa
HG_19843 	KaBr	MoAp	SpRe	UsMa
HG_19779 	KaBr	MoAp	SpRe	UsMa
HG_19948 	KaBr	MoAp	SpRe	UsMa
HG_19897 	KaBr	MoAp	SpRe	UsMa
HG_19792 	KaBr	MoAp	SpRe	UsMa
HG_18776 	KaBr	MoAp	SpRe	UsMa
HG_16808 	KaBr	MoAp	SpRe	UsMa
HG_13589 	AcIn	KaBr	MoAp	SpRe	UsMa
HG_19807 	KaBr	MoAp	SpRe	UsMa
HG_19879 	KaBr	MoAp	SpRe	UsMa
HG_19774 	KaBr	MoAp	SpRe	UsMa
HG_19943 	KaBr	MoAp	SpRe	UsMa
HG_16893 	KaBr	MoAp	SpRe	UsMa
HG_19820 	KaBr	MoAp	SpRe	UsMa
HG_19756 	KaBr	MoAp	SpRe	UsMa
HG_19925 	KaBr	MoAp	SpRe	UsMa
HG_16875 	KaBr	MoAp	SpRe	UsMa
HG_14874 	AcIn	KaBr	MoAp	SpRe	UsMa
HG_14907 	KaBr	MoAp	SpRe	UsMa
HG_19979 	KaBr	MoAp	SpRe	UsMa
HG_19802 	KaBr	MoAp	SpRe	UsMa
HG_19738 	KaBr	MoAp	SpRe	UsMa
HG_19907 	AcIn	MoAp	SpRe	UsMa
HG_19874 	KaBr	MoAp	SpRe	UsMa
HG_16921 	AcIn	KaBr	MaJa	MaRe	MaSy
HG_16857 	KaBr	MoAp	SpRe	UsMa
HG_19856 	KaBr	MoAp	SpRe	UsMa
HG_19751 	KaBr	MoAp	SpRe	UsMa
HG_14838 	KaBr	MoAp	SpRe	UsMa
HG_19920 	KaBr	MoAp	SpRe	UsMa
HG_16870 	KaBr	MoAp	SpRe	UsMa
HG_19838 	KaBr	MoAp	SpRe	UsMa
HG_19974 	KaBr	MoAp	SpRe	UsMa
HG_19733 	KaBr	MoAp	SpRe	UsMa
HG_19902 	KaBr	MoAp	SpRe	UsMa
HG_16852 	KaBr	MoAp	SpRe	UsMa
HG_16306 	KaBr	MoAp	SpRe	UsMa
HG_19956 	AcIn	MoAp	SpRe	UsMa
HG_19851 	KaBr	MoAp	SpRe	UsMa
HG_19787 	KaBr	MoAp	SpRe	UsMa
HG_16834 	KaBr	MoAp	SpRe	UsMa
HG_16888 	AcIn	KaBr	MoAp	SpRe	UsMa
HG_19951 	KaBr	MoAp	SpRe	UsMa
HG_19887 	KaBr	MoAp	SpRe	UsMa
HG_19815 	KaBr	MoAp	SpRe	UsMa
HG_19782 	KaBr	MoAp	SpRe	UsMa
HG_16355 	AcIn	KaBr	MoAp	SpRe	UsMa
HG_13338 	KaBr	MaJa	MaRe	MaSy	MoAp	SpRe	UsMa
HG_19933 	KaBr	MoAp	SpRe	UsMa
HG_19869 	KaBr	MoAp	SpRe	UsMa
HG_16883 	KaBr	MoAp	SpRe	UsMa
HG_19764 	AcIn	MoAp	SpRe	UsMa
HG_16811 	AcIn	KaBr	MoAp	SpRe	UsMa
HG_19987 	KaBr	MoAp	SpRe	UsMa
HG_19915 	KaBr	MoAp	SpRe	UsMa
HG_16865 	KaBr	MoAp	SpRe	UsMa
HG_19810 	KaBr	MoAp	SpRe	UsMa
HG_19746 	KaBr	MoAp	SpRe	UsMa
HG_19882 	KaBr	MoAp	SpRe	UsMa
HG_12694 	AcIn	KaBr	MaJa	MaRe	MaSy	MoAp	SpRe	UsMa
HG_11163 	KaBr	MoAp	SpRe	UsMa
HG_19969 	KaBr	MoAp	SpRe	UsMa
HG_16847 	KaBr	MoAp	SpRe	UsMa
HG_18743 	KaBr	MoAp	SpRe	UsMa
HG_16829 	AcIn	KaBr	MoAp	SpRe	UsMa
HG_19910 	KaBr	MoAp	SpRe	UsMa
HG_19846 	KaBr	MoAp	SpRe	UsMa
HG_16860 	KaBr	MoAp	SpRe	UsMa
HG_19741 	KaBr	MoAp	SpRe	UsMa
HG_19964 	KaBr	MoAp	SpRe	UsMa
HG_19795 	KaBr	MoAp	SpRe	UsMa
HG_19828 	KaBr	MoAp	SpRe	UsMa
HG_16842 	AcIn	KaBr	MoAp	SpRe
HG_19777 	KaBr	MoAp	SpRe	UsMa
HG_19946 	KaBr	MoAp	SpRe	UsMa
HG_16896 	KaBr	MoAp	SpRe	UsMa
HG_19841 	KaBr	MoAp	SpRe	UsMa
HG_16824 	AcIn	KaBr	MoAp	SpRe	UsMa
HG_19759 	KaBr	MoAp	SpRe	UsMa
HG_19928 	KaBr	MoAp	SpRe	UsMa
HG_16806 	KaBr	MoAp	SpRe	UsMa
HG_16878 	KaBr	MoAp	SpRe	UsMa
HG_19790 	KaBr	MoAp	SpRe	UsMa
HG_19895 	KaBr	MoAp	SpRe	UsMa
HG_19941 	KaBr	MoAp	SpRe	UsMa
HG_19877 	KaBr	MoAp	SpRe	UsMa
HG_20987 	AcIn	MaJa	MaRe	MaSy
HG_19805 	KaBr	MoAp	SpRe	UsMa
HG_19772 	KaBr	MoAp	SpRe	UsMa
HG_14890 	KaBr	MaRe	MoAp	SpRe	UsMa
HG_12689 	AcIn	KaBr	MaJa	MaRe	MaSy	MoAp	SpRe	UsMa
HG_19754 	KaBr	MoAp	SpRe	UsMa
HG_19923 	KaBr	MoAp	SpRe	UsMa
HG_19859 	KaBr	MoAp	SpRe	UsMa
HG_16873 	KaBr	MoAp	SpRe	UsMa
HG_19890 	KaBr	MoAp	SpRe	UsMa
HG_19977 	KaBr	MoAp	SpRe	UsMa
HG_19736 	KaBr	MoAp	SpRe	UsMa
HG_19905 	KaBr	MoAp	SpRe	UsMa
HG_18751 	KaBr	MoAp	SpRe	UsMa
HG_18687 	KaBr	MoAp	SpRe	UsMa
HG_19800 	KaBr	MoAp	SpRe	UsMa
HG_19854 	KaBr	MoAp	SpRe	UsMa
HG_13682 	KaBr	MoAp	SpRe	UsMa
HG_12666 	KaBr	MoAp	SpRe	UsMa
HG_16819 	KaBr	MoAp	SpRe	UsMa
HG_19731 	KaBr	MoAp	SpRe	UsMa
HG_19900 	KaBr	MoAp	SpRe	UsMa
HG_19836 	KaBr	MoAp	SpRe	UsMa
HG_19954 	KaBr	MoAp	SpRe	UsMa
HG_19818 	KaBr	MoAp	SpRe	UsMa
HG_19785 	KaBr	MoAp	SpRe	UsMa
HG_18664 	KaBr	MoAp	SpRe	UsMa
HG_14526 	KaBr	MaRe	MaSy	MoAp	SpRe	UsMa
HG_12661 	KaBr	MaJa	MaRe	MaSy	MoAp	SpRe	UsMa
HG_19936 	KaBr	MoAp	SpRe	UsMa
HG_19831 	KaBr	MoAp	SpRe	UsMa
HG_16814 	KaBr	MoAp	SpRe	UsMa
HG_19749 	KaBr	MoAp	SpRe	UsMa
HG_19918 	KaBr	MoAp	SpRe	UsMa
HG_18764 	KaBr	MoAp	SpRe	UsMa
HG_19813 	KaBr	MoAp	SpRe	UsMa
HG_19780 	KaBr	MoAp	SpRe	UsMa
HG_13641 	KaBr	MaJa	MaRe	MaSy	MoAp	SpRe	UsMa
HG_19867 	KaBr	MoAp	SpRe	UsMa
HG_19931 	KaBr	MoAp	SpRe	UsMa
HG_19762 	KaBr	MoAp	SpRe	UsMa
HG_13318 	KaBr	MaJa	MaRe	MaSy	MoAp	SpRe	UsMa
HG_19849 	KaBr	MoAp	SpRe	UsMa
HG_19744 	KaBr	MoAp	SpRe	UsMa
HG_19913 	KaBr	MoAp	SpRe	UsMa
HG_19985 	KaBr	MoAp	SpRe	UsMa
HG_16863 	KaBr	MoAp	SpRe	UsMa
HG_13677 	KaBr	MoAp	SpRe	UsMa
HG_19967 	KaBr	MoAp	SpRe	UsMa
HG_19862 	KaBr	MoAp	SpRe	UsMa
HG_19798 	KaBr	MoAp	SpRe	UsMa
HG_16845 	KaBr	MoAp	SpRe	UsMa
HG_19844 	KaBr	MoAp	SpRe	UsMa
HG_19980 	KaBr	MoAp	SpRe	UsMa
HG_16827 	KaBr	MoAp	SpRe	UsMa
HG_13672 	KaBr	MaJa	MaRe	MaSy	MoAp	SpRe	UsMa
HG_13600 	KaBr	MaJa	MaRe	MaSy	MoAp	SpRe	UsMa
HG_19826 	KaBr	MoAp	SpRe	UsMa
HG_19962 	KaBr	MoAp	SpRe	UsMa
HG_19898 	KaBr	MoAp	SpRe	UsMa
HG_16809 	AcIn	KaBr	MoAp	SpRe	UsMa
HG_19793 	KaBr	MoAp	SpRe	UsMa
HG_19808 	KaBr	MoAp	SpRe	UsMa
HG_16822 	AcIn	KaBr	MoAp	SpRe	UsMa
HG_16894 	KaBr	MoAp	SpRe	UsMa
